Traceback (most recent call last):
  File "/Users/zhou/autoresearch/IntegerFactoring/experiments/F04_psc_coefficient_hard/validate_prs_convention.sage.py", line 104, in <module>
    main()
    ~~~~^^
  File "/Users/zhou/autoresearch/IntegerFactoring/experiments/F04_psc_coefficient_hard/validate_prs_convention.sage.py", line 100, in main
    json.dump(output, handle, indent=_sage_const_2 )
    ~~~~~~~~~^^^^^^^^^^^^^^^^^^^^^^^^^^^^^^^^^^^^^^^
  File "/var/tmp/sage-10.9-current/local/lib/python3.14/json/__init__.py", line 181, in dump
    for chunk in iterable:
                 ^^^^^^^^
  File "/var/tmp/sage-10.9-current/local/lib/python3.14/json/encoder.py", line 444, in _iterencode
    yield from _iterencode_dict(o, _current_indent_level)
  File "/var/tmp/sage-10.9-current/local/lib/python3.14/json/encoder.py", line 413, in _iterencode_dict
    yield from chunks
  File "/var/tmp/sage-10.9-current/local/lib/python3.14/json/encoder.py", line 451, in _iterencode
    newobj = _default(o)
  File "/var/tmp/sage-10.9-current/local/lib/python3.14/json/encoder.py", line 182, in default
    raise TypeError(f'Object of type {o.__class__.__name__} '
                    f'is not JSON serializable')
TypeError: Object of type Integer is not JSON serializable
when serializing dict item 'field_characteristic'
