{
  "limit": 4000,
  "max_root_ratio_p": 0.1553398058252427,
  "max_root_ratio_q": 0.10218978102189781,
  "max_xor_probability": 0.22578130536460916,
  "min_xor_probability": 0.0010075846403807584,
  "pair_count": 1300,
  "run_id": "F221-D01",
  "source_sha256": "acd30bd29121536fbaf0e9f0837c3c36349a495f11d8faab3c617ec04e6c5f72",
  "top_40": [
    {
      "common_predecessor": 34,
      "gap": 34,
      "p": 103,
      "q": 137,
      "roots_mod_p": 16,
      "roots_mod_q": 14,
      "window": [
        1.25,
        1.35
      ],
      "xor_denominator": 14111,
      "xor_numerator": 3186,
      "xor_probability": 0.22578130536460916
    },
    {
      "common_predecessor": 2,
      "gap": 30,
      "p": 107,
      "q": 137,
      "roots_mod_p": 8,
      "roots_mod_q": 8,
      "window": [
        1.25,
        1.35
      ],
      "xor_denominator": 14659,
      "xor_numerator": 1824,
      "xor_probability": 0.12442867862746436
    },
    {
      "common_predecessor": 2,
      "gap": 10,
      "p": 163,
      "q": 173,
      "roots_mod_p": 4,
      "roots_mod_q": 14,
      "window": [
        1.0,
        1.08
      ],
      "xor_denominator": 28199,
      "xor_numerator": 2862,
      "xor_probability": 0.10149296074328877
    },
    {
      "common_predecessor": 6,
      "gap": 54,
      "p": 103,
      "q": 157,
      "roots_mod_p": 4,
      "roots_mod_q": 10,
      "window": [
        1.5,
        1.65
      ],
      "xor_denominator": 16171,
      "xor_numerator": 1578,
      "xor_probability": 0.09758209139818193
    },
    {
      "common_predecessor": 2,
      "gap": 38,
      "p": 113,
      "q": 151,
      "roots_mod_p": 8,
      "roots_mod_q": 4,
      "window": [
        1.25,
        1.35
      ],
      "xor_denominator": 17063,
      "xor_numerator": 1596,
      "xor_probability": 0.09353572056496513
    },
    {
      "common_predecessor": 2,
      "gap": 10,
      "p": 127,
      "q": 137,
      "roots_mod_p": 4,
      "roots_mod_q": 8,
      "window": [
        1.0,
        1.08
      ],
      "xor_denominator": 17399,
      "xor_numerator": 1500,
      "xor_probability": 0.0862118512558193
    },
    {
      "common_predecessor": 6,
      "gap": 6,
      "p": 157,
      "q": 163,
      "roots_mod_p": 4,
      "roots_mod_q": 10,
      "window": [
        1.0,
        1.08
      ],
      "xor_denominator": 25591,
      "xor_numerator": 2142,
      "xor_probability": 0.08370130123871673
    },
    {
      "common_predecessor": 2,
      "gap": 110,
      "p": 197,
      "q": 307,
      "roots_mod_p": 14,
      "roots_mod_q": 4,
      "window": [
        1.5,
        1.65
      ],
      "xor_denominator": 60479,
      "xor_numerator": 4974,
      "xor_probability": 0.08224342333702607
    },
    {
      "common_predecessor": 10,
      "gap": 50,
      "p": 191,
      "q": 241,
      "roots_mod_p": 8,
      "roots_mod_q": 10,
      "window": [
        1.25,
        1.35
      ],
      "xor_denominator": 46031,
      "xor_numerator": 3678,
      "xor_probability": 0.07990267428472117
    },
    {
      "common_predecessor": 2,
      "gap": 62,
      "p": 101,
      "q": 163,
      "roots_mod_p": 2,
      "roots_mod_q": 10,
      "window": [
        1.5,
        1.65
      ],
      "xor_denominator": 16463,
      "xor_numerator": 1296,
      "xor_probability": 0.07872198262771063
    },
    {
      "common_predecessor": 2,
      "gap": 58,
      "p": 223,
      "q": 281,
      "roots_mod_p": 16,
      "roots_mod_q": 2,
      "window": [
        1.25,
        1.35
      ],
      "xor_denominator": 62663,
      "xor_numerator": 4878,
      "xor_probability": 0.07784498029140002
    },
    {
      "common_predecessor": 2,
      "gap": 74,
      "p": 137,
      "q": 211,
      "roots_mod_p": 8,
      "roots_mod_q": 4,
      "window": [
        1.5,
        1.65
      ],
      "xor_denominator": 28907,
      "xor_numerator": 2172,
      "xor_probability": 0.0751375099456879
    },
    {
      "common_predecessor": 6,
      "gap": 6,
      "p": 103,
      "q": 109,
      "roots_mod_p": 4,
      "roots_mod_q": 4,
      "window": [
        1.0,
        1.08
      ],
      "xor_denominator": 11227,
      "xor_numerator": 816,
      "xor_probability": 0.07268192749621448
    },
    {
      "common_predecessor": 2,
      "gap": 6,
      "p": 131,
      "q": 137,
      "roots_mod_p": 2,
      "roots_mod_q": 8,
      "window": [
        1.0,
        1.08
      ],
      "xor_denominator": 17947,
      "xor_numerator": 1290,
      "xor_probability": 0.07187830835237087
    },
    {
      "common_predecessor": 6,
      "gap": 90,
      "p": 139,
      "q": 229,
      "roots_mod_p": 4,
      "roots_mod_q": 10,
      "window": [
        1.5,
        1.65
      ],
      "xor_denominator": 31831,
      "xor_numerator": 2226,
      "xor_probability": 0.06993182746379316
    },
    {
      "common_predecessor": 6,
      "gap": 78,
      "p": 151,
      "q": 229,
      "roots_mod_p": 4,
      "roots_mod_q": 10,
      "window": [
        1.5,
        1.65
      ],
      "xor_denominator": 34579,
      "xor_numerator": 2346,
      "xor_probability": 0.06784464559414674
    },
    {
      "common_predecessor": 6,
      "gap": 30,
      "p": 109,
      "q": 139,
      "roots_mod_p": 4,
      "roots_mod_q": 4,
      "window": [
        1.25,
        1.35
      ],
      "xor_denominator": 15151,
      "xor_numerator": 960,
      "xor_probability": 0.06336215431324665
    },
    {
      "common_predecessor": 2,
      "gap": 42,
      "p": 137,
      "q": 179,
      "roots_mod_p": 2,
      "roots_mod_q": 8,
      "window": [
        1.25,
        1.35
      ],
      "xor_denominator": 24523,
      "xor_numerator": 1422,
      "xor_probability": 0.05798638013293643
    },
    {
      "common_predecessor": 2,
      "gap": 82,
      "p": 157,
      "q": 239,
      "roots_mod_p": 4,
      "roots_mod_q": 8,
      "window": [
        1.5,
        1.65
      ],
      "xor_denominator": 37523,
      "xor_numerator": 2148,
      "xor_probability": 0.0572448898009221
    },
    {
      "common_predecessor": 2,
      "gap": 2,
      "p": 101,
      "q": 103,
      "roots_mod_p": 2,
      "roots_mod_q": 4,
      "window": [
        1.0,
        1.08
      ],
      "xor_denominator": 10403,
      "xor_numerator": 594,
      "xor_probability": 0.05709891377487263
    },
    {
      "common_predecessor": 6,
      "gap": 102,
      "p": 181,
      "q": 283,
      "roots_mod_p": 4,
      "roots_mod_q": 10,
      "window": [
        1.5,
        1.65
      ],
      "xor_denominator": 51223,
      "xor_numerator": 2862,
      "xor_probability": 0.05587333814887843
    },
    {
      "common_predecessor": 6,
      "gap": 78,
      "p": 229,
      "q": 307,
      "roots_mod_p": 10,
      "roots_mod_q": 4,
      "window": [
        1.25,
        1.35
      ],
      "xor_denominator": 70303,
      "xor_numerator": 3906,
      "xor_probability": 0.05555950670668393
    },
    {
      "common_predecessor": 2,
      "gap": 6,
      "p": 173,
      "q": 179,
      "roots_mod_p": 2,
      "roots_mod_q": 8,
      "window": [
        1.0,
        1.08
      ],
      "xor_denominator": 30967,
      "xor_numerator": 1710,
      "xor_probability": 0.05522007298091517
    },
    {
      "common_predecessor": 2,
      "gap": 90,
      "p": 167,
      "q": 257,
      "roots_mod_p": 8,
      "roots_mod_q": 2,
      "window": [
        1.5,
        1.65
      ],
      "xor_denominator": 42919,
      "xor_numerator": 2358,
      "xor_probability": 0.05494070225308138
    },
    {
      "common_predecessor": 2,
      "gap": 58,
      "p": 211,
      "q": 269,
      "roots_mod_p": 10,
      "roots_mod_q": 2,
      "window": [
        1.25,
        1.35
      ],
      "xor_denominator": 56759,
      "xor_numerator": 3072,
      "xor_probability": 0.05412357511584066
    },
    {
      "common_predecessor": 2,
      "gap": 2,
      "p": 107,
      "q": 109,
      "roots_mod_p": 2,
      "roots_mod_q": 4,
      "window": [
        1.0,
        1.08
      ],
      "xor_denominator": 11663,
      "xor_numerator": 630,
      "xor_probability": 0.05401697676412587
    },
    {
      "common_predecessor": 6,
      "gap": 66,
      "p": 127,
      "q": 193,
      "roots_mod_p": 4,
      "roots_mod_q": 4,
      "window": [
        1.5,
        1.65
      ],
      "xor_denominator": 24511,
      "xor_numerator": 1248,
      "xor_probability": 0.0509159153033332
    },
    {
      "common_predecessor": 6,
      "gap": 6,
      "p": 151,
      "q": 157,
      "roots_mod_p": 4,
      "roots_mod_q": 4,
      "window": [
        1.0,
        1.08
      ],
      "xor_denominator": 23707,
      "xor_numerator": 1200,
      "xor_probability": 0.050617960939806805
    },
    {
      "common_predecessor": 2,
      "gap": 26,
      "p": 101,
      "q": 127,
      "roots_mod_p": 2,
      "roots_mod_q": 4,
      "window": [
        1.25,
        1.35
      ],
      "xor_denominator": 12827,
      "xor_numerator": 642,
      "xor_probability": 0.05005067435877446
    },
    {
      "common_predecessor": 6,
      "gap": 6,
      "p": 271,
      "q": 277,
      "roots_mod_p": 4,
      "roots_mod_q": 10,
      "window": [
        1.0,
        1.08
      ],
      "xor_denominator": 75067,
      "xor_numerator": 3738,
      "xor_probability": 0.049795516005701576
    },
    {
      "common_predecessor": 6,
      "gap": 42,
      "p": 139,
      "q": 181,
      "roots_mod_p": 4,
      "roots_mod_q": 4,
      "window": [
        1.25,
        1.35
      ],
      "xor_denominator": 25159,
      "xor_numerator": 1248,
      "xor_probability": 0.04960451528280138
    },
    {
      "common_predecessor": 2,
      "gap": 58,
      "p": 109,
      "q": 167,
      "roots_mod_p": 4,
      "roots_mod_q": 2,
      "window": [
        1.5,
        1.65
      ],
      "xor_denominator": 18203,
      "xor_numerator": 870,
      "xor_probability": 0.047794319617645444
    },
    {
      "common_predecessor": 2,
      "gap": 74,
      "p": 233,
      "q": 307,
      "roots_mod_p": 8,
      "roots_mod_q": 4,
      "window": [
        1.25,
        1.35
      ],
      "xor_denominator": 71531,
      "xor_numerator": 3324,
      "xor_probability": 0.04646936293355328
    },
    {
      "common_predecessor": 6,
      "gap": 42,
      "p": 151,
      "q": 193,
      "roots_mod_p": 4,
      "roots_mod_q": 4,
      "window": [
        1.25,
        1.35
      ],
      "xor_denominator": 29143,
      "xor_numerator": 1344,
      "xor_probability": 0.04611742099303435
    },
    {
      "common_predecessor": 6,
      "gap": 42,
      "p": 157,
      "q": 199,
      "roots_mod_p": 4,
      "roots_mod_q": 4,
      "window": [
        1.25,
        1.35
      ],
      "xor_denominator": 31243,
      "xor_numerator": 1392,
      "xor_probability": 0.044553980091540504
    },
    {
      "common_predecessor": 2,
      "gap": 2,
      "p": 137,
      "q": 139,
      "roots_mod_p": 2,
      "roots_mod_q": 4,
      "window": [
        1.0,
        1.08
      ],
      "xor_denominator": 19043,
      "xor_numerator": 810,
      "xor_probability": 0.04253531481384236
    },
    {
      "common_predecessor": 2,
      "gap": 10,
      "p": 283,
      "q": 293,
      "roots_mod_p": 10,
      "roots_mod_q": 2,
      "window": [
        1.0,
        1.08
      ],
      "xor_denominator": 82919,
      "xor_numerator": 3456,
      "xor_probability": 0.04167922912722054
    },
    {
      "common_predecessor": 2,
      "gap": 6,
      "p": 233,
      "q": 239,
      "roots_mod_p": 2,
      "roots_mod_q": 8,
      "window": [
        1.0,
        1.08
      ],
      "xor_denominator": 55687,
      "xor_numerator": 2310,
      "xor_probability": 0.04148185393359312
    },
    {
      "common_predecessor": 2,
      "gap": 10,
      "p": 139,
      "q": 149,
      "roots_mod_p": 4,
      "roots_mod_q": 2,
      "window": [
        1.0,
        1.08
      ],
      "xor_denominator": 20711,
      "xor_numerator": 858,
      "xor_probability": 0.04142726087586307
    },
    {
      "common_predecessor": 2,
      "gap": 90,
      "p": 173,
      "q": 263,
      "roots_mod_p": 2,
      "roots_mod_q": 8,
      "window": [
        1.5,
        1.65
      ],
      "xor_denominator": 45499,
      "xor_numerator": 1878,
      "xor_probability": 0.04127563243148201
    }
  ]
}
