{
  "seed": 28502,
  "rows": [
    {
      "p": 5,
      "q": 7,
      "dimension": 2,
      "ord_q_p": 6,
      "ord_p_q": 4,
      "separable_samples": 6,
      "rank_histogram": {
        "2,2": 6
      }
    },
    {
      "p": 5,
      "q": 7,
      "dimension": 3,
      "ord_q_p": 6,
      "ord_p_q": 4,
      "separable_samples": 5,
      "rank_histogram": {
        "6,6": 5
      }
    },
    {
      "p": 5,
      "q": 7,
      "dimension": 4,
      "ord_q_p": 6,
      "ord_p_q": 4,
      "separable_samples": 3,
      "rank_histogram": {
        "12,12": 3
      }
    },
    {
      "p": 5,
      "q": 11,
      "dimension": 2,
      "ord_q_p": 5,
      "ord_p_q": 1,
      "separable_samples": 5,
      "rank_histogram": {
        "2,2": 4,
        "2,0": 1
      }
    },
    {
      "p": 5,
      "q": 11,
      "dimension": 3,
      "ord_q_p": 5,
      "ord_p_q": 1,
      "separable_samples": 7,
      "rank_histogram": {
        "6,6": 7
      }
    },
    {
      "p": 5,
      "q": 11,
      "dimension": 4,
      "ord_q_p": 5,
      "ord_p_q": 1,
      "separable_samples": 8,
      "rank_histogram": {
        "12,12": 6,
        "12,10": 2
      }
    },
    {
      "p": 5,
      "q": 13,
      "dimension": 2,
      "ord_q_p": 4,
      "ord_p_q": 4,
      "separable_samples": 5,
      "rank_histogram": {
        "2,2": 5
      }
    },
    {
      "p": 5,
      "q": 13,
      "dimension": 3,
      "ord_q_p": 4,
      "ord_p_q": 4,
      "separable_samples": 7,
      "rank_histogram": {
        "6,6": 7
      }
    },
    {
      "p": 5,
      "q": 13,
      "dimension": 4,
      "ord_q_p": 4,
      "ord_p_q": 4,
      "separable_samples": 7,
      "rank_histogram": {
        "12,12": 7
      }
    },
    {
      "p": 7,
      "q": 11,
      "dimension": 2,
      "ord_q_p": 10,
      "ord_p_q": 3,
      "separable_samples": 5,
      "rank_histogram": {
        "2,2": 5
      }
    },
    {
      "p": 7,
      "q": 11,
      "dimension": 3,
      "ord_q_p": 10,
      "ord_p_q": 3,
      "separable_samples": 8,
      "rank_histogram": {
        "6,6": 8
      }
    },
    {
      "p": 7,
      "q": 11,
      "dimension": 4,
      "ord_q_p": 10,
      "ord_p_q": 3,
      "separable_samples": 6,
      "rank_histogram": {
        "12,12": 6
      }
    },
    {
      "p": 7,
      "q": 13,
      "dimension": 2,
      "ord_q_p": 12,
      "ord_p_q": 2,
      "separable_samples": 6,
      "rank_histogram": {
        "2,2": 6
      }
    },
    {
      "p": 7,
      "q": 13,
      "dimension": 3,
      "ord_q_p": 12,
      "ord_p_q": 2,
      "separable_samples": 5,
      "rank_histogram": {
        "6,6": 3,
        "6,4": 2
      }
    },
    {
      "p": 7,
      "q": 13,
      "dimension": 4,
      "ord_q_p": 12,
      "ord_p_q": 2,
      "separable_samples": 8,
      "rank_histogram": {
        "12,12": 6,
        "12,10": 2
      }
    },
    {
      "p": 11,
      "q": 17,
      "dimension": 2,
      "ord_q_p": 16,
      "ord_p_q": 10,
      "separable_samples": 7,
      "rank_histogram": {
        "2,2": 7
      }
    },
    {
      "p": 11,
      "q": 17,
      "dimension": 3,
      "ord_q_p": 16,
      "ord_p_q": 10,
      "separable_samples": 7,
      "rank_histogram": {
        "6,6": 7
      }
    },
    {
      "p": 11,
      "q": 17,
      "dimension": 4,
      "ord_q_p": 16,
      "ord_p_q": 10,
      "separable_samples": 7,
      "rank_histogram": {
        "12,12": 7
      }
    }
  ],
  "elapsed_seconds": 0.15460470899415668,
  "peak_rss_platform_units": 17383424,
  "status": "All general-d rank-law assertions passed; finite checks only."
}
