{
  "experiment": "F285_finite_algebra_operator_search",
  "seed": 285,
  "local_exhaustive_counts": [
    {
      "p": 3,
      "q": 5,
      "local": [
        {
          "prime": 3,
          "separable_polynomials": 6,
          "zero_operators": 0,
          "predicted_zero_operators": 0
        },
        {
          "prime": 5,
          "separable_polynomials": 20,
          "zero_operators": 4,
          "predicted_zero_operators": 4
        }
      ]
    },
    {
      "p": 3,
      "q": 7,
      "local": [
        {
          "prime": 3,
          "separable_polynomials": 6,
          "zero_operators": 0,
          "predicted_zero_operators": 0
        },
        {
          "prime": 7,
          "separable_polynomials": 42,
          "zero_operators": 6,
          "predicted_zero_operators": 6
        }
      ]
    },
    {
      "p": 5,
      "q": 7,
      "local": [
        {
          "prime": 5,
          "separable_polynomials": 20,
          "zero_operators": 0,
          "predicted_zero_operators": 0
        },
        {
          "prime": 7,
          "separable_polynomials": 42,
          "zero_operators": 0,
          "predicted_zero_operators": 0
        }
      ]
    },
    {
      "p": 5,
      "q": 11,
      "local": [
        {
          "prime": 5,
          "separable_polynomials": 20,
          "zero_operators": 0,
          "predicted_zero_operators": 0
        },
        {
          "prime": 11,
          "separable_polynomials": 110,
          "zero_operators": 20,
          "predicted_zero_operators": 20
        }
      ]
    },
    {
      "p": 7,
      "q": 13,
      "local": [
        {
          "prime": 7,
          "separable_polynomials": 42,
          "zero_operators": 0,
          "predicted_zero_operators": 0
        },
        {
          "prime": 13,
          "separable_polynomials": 156,
          "zero_operators": 36,
          "predicted_zero_operators": 36
        }
      ]
    },
    {
      "p": 7,
      "q": 17,
      "local": [
        {
          "prime": 7,
          "separable_polynomials": 42,
          "zero_operators": 0,
          "predicted_zero_operators": 0
        },
        {
          "prime": 17,
          "separable_polynomials": 272,
          "zero_operators": 0,
          "predicted_zero_operators": 0
        }
      ]
    },
    {
      "p": 11,
      "q": 19,
      "local": [
        {
          "prime": 11,
          "separable_polynomials": 110,
          "zero_operators": 0,
          "predicted_zero_operators": 0
        },
        {
          "prime": 19,
          "separable_polynomials": 342,
          "zero_operators": 0,
          "predicted_zero_operators": 0
        }
      ]
    },
    {
      "p": 11,
      "q": 23,
      "local": [
        {
          "prime": 11,
          "separable_polynomials": 110,
          "zero_operators": 0,
          "predicted_zero_operators": 0
        },
        {
          "prime": 23,
          "separable_polynomials": 506,
          "zero_operators": 110,
          "predicted_zero_operators": 110
        }
      ]
    },
    {
      "p": 13,
      "q": 29,
      "local": [
        {
          "prime": 13,
          "separable_polynomials": 156,
          "zero_operators": 0,
          "predicted_zero_operators": 0
        },
        {
          "prime": 29,
          "separable_polynomials": 812,
          "zero_operators": 0,
          "predicted_zero_operators": 0
        }
      ]
    }
  ],
  "matrix_operator_identities_checked": 210,
  "repeated_root_operator_checks": 112,
  "elapsed_seconds": 0.06459416699362919,
  "peak_rss_platform_units": 17219584,
  "status": "All exact finite checks passed; no asymptotic theorem inferred from computation."
}
