Traceback (most recent call last):
  File "/Users/zhou/autoresearch/IntegerFactoring/experiments/F04_reconstruct/reconstruct_f04.sage.py", line 339, in <module>
    main()
    ~~~~^^
  File "/Users/zhou/autoresearch/IntegerFactoring/experiments/F04_reconstruct/reconstruct_f04.sage.py", line 302, in main
    local_mod_p = exhaust_local_family(P, P, Q, EXPECTED_A, output_dir)
  File "/Users/zhou/autoresearch/IntegerFactoring/experiments/F04_reconstruct/reconstruct_f04.sage.py", line 200, in exhaust_local_family
    encoded_row = (json.dumps(row, sort_keys=True) + "\n").encode()
                   ~~~~~~~~~~^^^^^^^^^^^^^^^^^^^^^
  File "/var/tmp/sage-10.9-current/local/lib/python3.14/json/__init__.py", line 242, in dumps
    **kw).encode(obj)
          ~~~~~~^^^^^
  File "/var/tmp/sage-10.9-current/local/lib/python3.14/json/encoder.py", line 202, in encode
    chunks = self.iterencode(o, _one_shot=True)
  File "/var/tmp/sage-10.9-current/local/lib/python3.14/json/encoder.py", line 263, in iterencode
    return _iterencode(o, 0)
  File "/var/tmp/sage-10.9-current/local/lib/python3.14/json/encoder.py", line 182, in default
    raise TypeError(f'Object of type {o.__class__.__name__} '
                    f'is not JSON serializable')
TypeError: Object of type Integer is not JSON serializable
when serializing dict item 'product_mod_prime'
