repository=/Users/zhou/autoresearch/IntegerFactoring
statement=/Users/zhou/autoresearch/IntegerFactoring/experiments/F165_recursive_section_feedback/V2_BLIND_STATEMENT.md
statement_sha256=1681967c7ac14b44361d58284716250e73a7f8bda15203f3bc2d6a4971139cdd
source=/Users/zhou/autoresearch/IntegerFactoring/experiments/F165_recursive_section_feedback/f165_r02_v2_blind_reconstruct.py
source_sha256=d6b0dc314c3ab4108218acc709b7a04a0b1e040a6213497a41b6356c9a09d6c1
timeout_seconds=600
output=/Users/zhou/autoresearch/IntegerFactoring/experiments/F165_recursive_section_feedback/f165_r03_v2_blind_output.json
command=/opt/homebrew/opt/python@3.14/bin/python3.14 /Users/zhou/autoresearch/IntegerFactoring/experiments/F165_recursive_section_feedback/f165_r02_v2_blind_reconstruct.py --output /Users/zhou/autoresearch/IntegerFactoring/experiments/F165_recursive_section_feedback/f165_r03_v2_blind_output.json
estimated_peak_memory_mib=256
process_audit=performed_externally_by_root_before_registration
preflight_command=vm_stat
Mach Virtual Memory Statistics: (page size of 16384 bytes)
Pages free:                                    65022.
Pages active:                                 365500.
Pages inactive:                               360913.
Pages speculative:                              4858.
Pages throttled:                                   0.
Pages wired down:                             120425.
Pages purgeable:                               12167.
"Translation faults":                      498178882.
Pages copy-on-write:                         9477590.
Pages zero filled:                         177757731.
Pages reactivated:                          77647219.
Pages purged:                                3323922.
File-backed pages:                            330700.
Anonymous pages:                              400571.
Pages stored in compressor:                   298690.
Pages occupied by compressor:                  97368.
Decompressions:                            148646755.
Compressions:                              155901035.
Pageins:                                    10658692.
Pageouts:                                      38177.
Swapins:                                     5603683.
Swapouts:                                    6440489.

{"N": 100160063, "event": "input_complete", "index": 0, "success_stage": "base"}
{"N": 100440259, "event": "input_complete", "index": 1, "success_stage": null}
{"N": 100460273, "event": "input_complete", "index": 2, "success_stage": null}
{"N": 100680427, "event": "input_complete", "index": 3, "success_stage": null}
{"N": 100740469, "event": "input_complete", "index": 4, "success_stage": null}
{"N": 100760483, "event": "input_complete", "index": 5, "success_stage": null}
{"N": 100860553, "event": "input_complete", "index": 6, "success_stage": null}
{"N": 100980637, "event": "input_complete", "index": 7, "success_stage": null}
{"N": 101000651, "event": "input_complete", "index": 8, "success_stage": null}
{"N": 101060693, "event": "input_complete", "index": 9, "success_stage": null}
{"N": 101100721, "event": "input_complete", "index": 10, "success_stage": null}
{"N": 101180777, "event": "input_complete", "index": 11, "success_stage": null}
{"N": 101400931, "event": "input_complete", "index": 12, "success_stage": null}
{"N": 101460973, "event": "input_complete", "index": 13, "success_stage": null}
{"N": 101480987, "event": "input_complete", "index": 14, "success_stage": null}
{"N": 101581057, "event": "input_complete", "index": 15, "success_stage": null}
{"N": 101661113, "event": "input_complete", "index": 16, "success_stage": null}
{"N": 101701141, "event": "input_complete", "index": 17, "success_stage": null}
{"N": 101761183, "event": "input_complete", "index": 18, "success_stage": null}
{"N": 101841239, "event": "input_complete", "index": 19, "success_stage": null}
{"N": 101881267, "event": "input_complete", "index": 20, "success_stage": null}
{"N": 102001351, "event": "input_complete", "index": 21, "success_stage": null}
{"N": 102181477, "event": "input_complete", "index": 22, "success_stage": null}
{"N": 102301561, "event": "input_complete", "index": 23, "success_stage": null}
{"N": 102501701, "event": "input_complete", "index": 24, "success_stage": null}
{"N": 102541729, "event": "input_complete", "index": 25, "success_stage": null}
{"N": 102601771, "event": "input_complete", "index": 26, "success_stage": null}
{"N": 102661813, "event": "input_complete", "index": 27, "success_stage": null}
{"N": 102741869, "event": "input_complete", "index": 28, "success_stage": null}
{"N": 102781897, "event": "input_complete", "index": 29, "success_stage": null}
{"N": 102801911, "event": "input_complete", "index": 30, "success_stage": null}
{"N": 102962023, "event": "input_complete", "index": 31, "success_stage": null}
{"N": 103082107, "event": "input_complete", "index": 32, "success_stage": null}
{"N": 103102121, "event": "input_complete", "index": 33, "success_stage": null}
{"N": 103202191, "event": "input_complete", "index": 34, "success_stage": null}
{"N": 103282247, "event": "input_complete", "index": 35, "success_stage": null}
{"N": 103382317, "event": "input_complete", "index": 36, "success_stage": null}
{"N": 103402331, "event": "input_complete", "index": 37, "success_stage": null}
{"N": 103442359, "event": "input_complete", "index": 38, "success_stage": null}
{"N": 103502401, "event": "input_complete", "index": 39, "success_stage": null}
{"N": 103642499, "event": "input_complete", "index": 40, "success_stage": null}
{"N": 103762583, "event": "input_complete", "index": 41, "success_stage": null}
{"N": 103982737, "event": "input_complete", "index": 42, "success_stage": null}
{"N": 104062793, "event": "input_complete", "index": 43, "success_stage": null}
{"N": 104342989, "event": "input_complete", "index": 44, "success_stage": null}
{"N": 104363003, "event": "input_complete", "index": 45, "success_stage": null}
{"N": 104403031, "event": "input_complete", "index": 46, "success_stage": null}
{"N": 104603171, "event": "input_complete", "index": 47, "success_stage": null}
{"N": 104643199, "event": "input_complete", "index": 48, "success_stage": null}
{"N": 104663213, "event": "input_complete", "index": 49, "success_stage": null}
{"N": 104703241, "event": "input_complete", "index": 50, "success_stage": null}
{"N": 104843339, "event": "input_complete", "index": 51, "success_stage": null}
{"N": 104943409, "event": "input_complete", "index": 52, "success_stage": null}
{"N": 105063493, "event": "input_complete", "index": 53, "success_stage": null}
{"N": 105083507, "event": "input_complete", "index": 54, "success_stage": null}
{"N": 105203591, "event": "input_complete", "index": 55, "success_stage": null}
{"N": 105363703, "event": "input_complete", "index": 56, "success_stage": null}
{"N": 105383717, "event": "input_complete", "index": 57, "success_stage": null}
{"N": 105663913, "event": "input_complete", "index": 58, "success_stage": null}
{"N": 105743969, "event": "input_complete", "index": 59, "success_stage": null}
{"N": 105964123, "event": "input_complete", "index": 60, "success_stage": null}
{"N": 106044179, "event": "input_complete", "index": 61, "success_stage": null}
{"N": 106084207, "event": "input_complete", "index": 62, "success_stage": null}
{"N": 106144249, "event": "input_complete", "index": 63, "success_stage": null}
{"aggregate_sequence_hashes": {"block": "1e931b3a58c5020bc817da44356d5141541e8baaca6bfe5d4251cd49c5c03427", "candidate": "1331e6f74a4887ba52c42968ff7deaead8e52d75969163330e7bdafb4686efc4", "exact_value": "4225cb659d03c7da94b72d595730b69db68c7ffb8c835255613580a9382cd2a1", "selected_column": "fececa62404d4478eb6c2729548d281a7ac4430c5afced825fa0a5e3ab37ce32"}, "event": "replay_complete", "final_verdict": "FAIL", "first_mismatch": {"actual": 4942, "check": "level_1.attempted_subsets", "expected": 5020}, "replay_status": "FAIL"}
return_code=1
