experiment_id=F165-R05
repository=/Users/zhou/autoresearch/IntegerFactoring
source=/Users/zhou/autoresearch/IntegerFactoring/experiments/F165_recursive_section_feedback/f165_r05_sequence_compare.py
source_sha256=2dcb4e871b890c16c575f2c0168295c757e40187b514a0d1c223a7034f85e397
input_sha256={'search.py': '2a7852f8438003f0db1dd49b7721d02ae2c1cfcea8b114f1e58cc69b74f04427', 'OUTPUT.json': '94ca36ee995819d384e260d50213105b58c3b91377b3a8e51ba155fa7b218dcc', 'RESULT.md': '04ff14f6f0664073565c36370308c610569518f84fbd005b8ad3f835edd717d3', 'MANIFEST.md': 'df609f058087c0632e48f2d88192c8abca9d59032d8ad008ca1d74e9dbf8c50c', 'V2_BLIND_STATEMENT.md': '1681967c7ac14b44361d58284716250e73a7f8bda15203f3bc2d6a4971139cdd', 'f165_r04_v2_blind_reconstruct.py': 'a3b1a94440d3e6e580bccc6efe189a73a86adc366c4e617acc06a5a56377b42f', 'f165_r04_v2_blind_output.json': 'f29dddd1893c81cde798425cacc40da0c619b1260a9763793973bb016881a56d', 'f165_r04_v2_blind_run.log': 'da45648fe4dc2aaa8299564d2c85b47be3369e79d6c9d74e40aebed2944f8a9c', 'F165_R04_BLIND_RECONSTRUCTION.md': 'dfcf023c8d9a011e758bdb36183b3351083ffc78bb98197f08b196ef18a5c321', 'F165_R04_V2_FIXED_DEPTH_PROOF_DRAFT.md': '39a36e862162d405d15943f59995010c1471e6af8baef6e2b7b9d7f984a9b380', 'BLIND_PRELAUNCH_FAILED.md': '5acd76f4dface996e91d8a650ab5d507ea965a97a82015e5cda9a787a3a92374', 'F165_R02_FAILURE.md': '9fe1950843427f04311df0be2cefd878b197b2e8ecf335b66014782d733d9efc', 'F165_R02_PROOF_HASH_PROVENANCE.md': '8cad01061c02a2443f5622364d885729a779eae03f02338af5de491d3ab3588e', 'BLIND_RECONSTRUCTION_FAILED.md': 'dfb9cfeb7b13f7d97a8ab981f6a655dee48d5a3e53bdecc0355bbaf0beb17217'}
timeout_seconds=600
output=/Users/zhou/autoresearch/IntegerFactoring/experiments/F165_recursive_section_feedback/f165_r05_sequence_compare_output.json
command=/opt/homebrew/opt/python@3.14/bin/python3.14 /Users/zhou/autoresearch/IntegerFactoring/experiments/F165_recursive_section_feedback/f165_r05_sequence_compare.py --output /Users/zhou/autoresearch/IntegerFactoring/experiments/F165_recursive_section_feedback/f165_r05_sequence_compare_output.json
estimated_peak_memory_mib=256
process_and_memory_audit=performed_externally_by_root_before_authorization
preflight_command=vm_stat
Mach Virtual Memory Statistics: (page size of 16384 bytes)
Pages free:                                    66236.
Pages active:                                 367772.
Pages inactive:                               365276.
Pages speculative:                              1561.
Pages throttled:                                   0.
Pages wired down:                             116245.
Pages purgeable:                               11667.
"Translation faults":                      508341643.
Pages copy-on-write:                         9856804.
Pages zero filled:                         182466033.
Pages reactivated:                          77649205.
Pages purged:                                3334335.
File-backed pages:                            330107.
Anonymous pages:                              404502.
Pages stored in compressor:                   297812.
Pages occupied by compressor:                  96995.
Decompressions:                            148647601.
Compressions:                              155901035.
Pageins:                                    10670958.
Pageouts:                                      38189.
Swapins:                                     5603686.
Swapouts:                                    6440489.

{"event": "comparison_complete", "first_mismatch": {"actual": 14, "category": "decoder_summary", "expected": 15, "path": "instances[0].N=100160063.level_1.columns"}, "mismatch_total": 384, "status": "FAIL"}
return_code=1
