experiment_id=F165-R06
repository=/Users/zhou/autoresearch/IntegerFactoring
frozen_sha256={'search.py': '2a7852f8438003f0db1dd49b7721d02ae2c1cfcea8b114f1e58cc69b74f04427', 'OUTPUT.json': '94ca36ee995819d384e260d50213105b58c3b91377b3a8e51ba155fa7b218dcc', 'RESULT.md': '04ff14f6f0664073565c36370308c610569518f84fbd005b8ad3f835edd717d3', 'MANIFEST.md': 'df609f058087c0632e48f2d88192c8abca9d59032d8ad008ca1d74e9dbf8c50c', 'V2_BLIND_STATEMENT.md': '1681967c7ac14b44361d58284716250e73a7f8bda15203f3bc2d6a4971139cdd', 'f165_r04_v2_blind_reconstruct.py': 'a3b1a94440d3e6e580bccc6efe189a73a86adc366c4e617acc06a5a56377b42f', 'f165_r04_v2_blind_timeout_runner.py': '0c539e36369d308c71d96b09cd4aac60fcc908cf801d7044631306c75f6d301b', 'f165_r04_v2_blind_output.json': 'f29dddd1893c81cde798425cacc40da0c619b1260a9763793973bb016881a56d', 'f165_r04_v2_blind_run.log': 'da45648fe4dc2aaa8299564d2c85b47be3369e79d6c9d74e40aebed2944f8a9c', 'F165_R04_BLIND_RECONSTRUCTION.md': 'dfcf023c8d9a011e758bdb36183b3351083ffc78bb98197f08b196ef18a5c321', 'F165_R04_V2_FIXED_DEPTH_PROOF_DRAFT.md': '39a36e862162d405d15943f59995010c1471e6af8baef6e2b7b9d7f984a9b380', 'f165_r05_sequence_compare.py': '2dcb4e871b890c16c575f2c0168295c757e40187b514a0d1c223a7034f85e397', 'f165_r05_sequence_compare_timeout_runner.py': '477fb932338c873cdb60f1ffd5fab576bd75592e8db260d343f0ad1a3ca5c1a4', 'F165_R05_SEQUENCE_COMPARISON_PREREGISTRATION_DRAFT.md': '92d0a3e49df9967598c8c512a1edbff3ed8720b91bd8cd1b0e502948eb058bfd', 'f165_r05_sequence_compare_output.json': '9b61f73aa8b860ae6741b868edc1acaf309ce57f75e895c8a71dc3b637fba080', 'f165_r05_sequence_compare_run.log': 'efa73913905e03c2b89c330eee8aa6103c8c5d64506f21c1a57b4645b28211b1', 'F165_R05_SEQUENCE_COMPARISON_FAILURE.md': 'ef36a2c90a556d6d917ac9087c066487ca51fd3161a7b6b1bdf67d4431d0cc97', 'f165_r06_v2_reconstruct.py': '252123931d35856febfd93c07c8e22072564bf6310d75093d5eb169a07f09838', 'f165_r06_sequence_compare.py': 'fa2742f2562f2288f7c93114fb4f02d1a6691ab920c46b62fbae23dfd4285c7b', 'F165_R06_EXPECTED_OUTPUTS.json': 'f4b066fbb1580a67846538c2381e9b7a377ad00225b9116fa3aaffa709eb1c68', 'F165_R06_SOURCE_PROVENANCE.md': '14e0f62f90205f5a26f9215cdc175b3bf5b365e81c3ba45721069b403d0d0589', 'BLIND_PRELAUNCH_FAILED.md': '5acd76f4dface996e91d8a650ab5d507ea965a97a82015e5cda9a787a3a92374', 'F165_R02_FAILURE.md': '9fe1950843427f04311df0be2cefd878b197b2e8ecf335b66014782d733d9efc', 'F165_R02_PROOF_HASH_PROVENANCE.md': '8cad01061c02a2443f5622364d885729a779eae03f02338af5de491d3ab3588e', 'BLIND_RECONSTRUCTION_FAILED.md': 'dfb9cfeb7b13f7d97a8ab981f6a655dee48d5a3e53bdecc0355bbaf0beb17217'}
timeout_seconds_total=600
reconstruction_output=/Users/zhou/autoresearch/IntegerFactoring/experiments/F165_recursive_section_feedback/f165_r06_v2_reconstruct_output.json
comparison_output=/Users/zhou/autoresearch/IntegerFactoring/experiments/F165_recursive_section_feedback/f165_r06_sequence_compare_output.json
estimated_peak_memory_mib=256
process_and_memory_audit=performed_externally_by_root_before_authorization
preflight_command=vm_stat
Mach Virtual Memory Statistics: (page size of 16384 bytes)
Pages free:                                    52555.
Pages active:                                 373780.
Pages inactive:                               368342.
Pages speculative:                              4320.
Pages throttled:                                   0.
Pages wired down:                             118189.
Pages purgeable:                                9060.
"Translation faults":                      514608239.
Pages copy-on-write:                        10094550.
Pages zero filled:                         185261916.
Pages reactivated:                          77650380.
Pages purged:                                3346324.
File-backed pages:                            324019.
Anonymous pages:                              422423.
Pages stored in compressor:                   296446.
Pages occupied by compressor:                  96506.
Decompressions:                            148648913.
Compressions:                              155901035.
Pageins:                                    10687112.
Pageouts:                                      38325.
Swapins:                                     5603686.
Swapouts:                                    6440489.

stage_begin=reconstruction
command=/opt/homebrew/opt/python@3.14/bin/python3.14 /Users/zhou/autoresearch/IntegerFactoring/experiments/F165_recursive_section_feedback/f165_r06_v2_reconstruct.py --output /Users/zhou/autoresearch/IntegerFactoring/experiments/F165_recursive_section_feedback/f165_r06_v2_reconstruct_output.json
{"N": 100160063, "event": "input_complete", "index": 0, "success_stage": "base"}
{"N": 100440259, "event": "input_complete", "index": 1, "success_stage": null}
{"N": 100460273, "event": "input_complete", "index": 2, "success_stage": null}
{"N": 100680427, "event": "input_complete", "index": 3, "success_stage": null}
{"N": 100740469, "event": "input_complete", "index": 4, "success_stage": null}
{"N": 100760483, "event": "input_complete", "index": 5, "success_stage": null}
{"N": 100860553, "event": "input_complete", "index": 6, "success_stage": null}
{"N": 100980637, "event": "input_complete", "index": 7, "success_stage": null}
{"N": 101000651, "event": "input_complete", "index": 8, "success_stage": null}
{"N": 101060693, "event": "input_complete", "index": 9, "success_stage": null}
{"N": 101100721, "event": "input_complete", "index": 10, "success_stage": null}
{"N": 101180777, "event": "input_complete", "index": 11, "success_stage": null}
{"N": 101400931, "event": "input_complete", "index": 12, "success_stage": null}
{"N": 101460973, "event": "input_complete", "index": 13, "success_stage": null}
{"N": 101480987, "event": "input_complete", "index": 14, "success_stage": null}
{"N": 101581057, "event": "input_complete", "index": 15, "success_stage": null}
{"N": 101661113, "event": "input_complete", "index": 16, "success_stage": null}
{"N": 101701141, "event": "input_complete", "index": 17, "success_stage": null}
{"N": 101761183, "event": "input_complete", "index": 18, "success_stage": null}
{"N": 101841239, "event": "input_complete", "index": 19, "success_stage": null}
{"N": 101881267, "event": "input_complete", "index": 20, "success_stage": null}
{"N": 102001351, "event": "input_complete", "index": 21, "success_stage": null}
{"N": 102181477, "event": "input_complete", "index": 22, "success_stage": null}
{"N": 102301561, "event": "input_complete", "index": 23, "success_stage": null}
{"N": 102501701, "event": "input_complete", "index": 24, "success_stage": null}
{"N": 102541729, "event": "input_complete", "index": 25, "success_stage": null}
{"N": 102601771, "event": "input_complete", "index": 26, "success_stage": null}
{"N": 102661813, "event": "input_complete", "index": 27, "success_stage": null}
{"N": 102741869, "event": "input_complete", "index": 28, "success_stage": null}
{"N": 102781897, "event": "input_complete", "index": 29, "success_stage": null}
{"N": 102801911, "event": "input_complete", "index": 30, "success_stage": null}
{"N": 102962023, "event": "input_complete", "index": 31, "success_stage": null}
{"N": 103082107, "event": "input_complete", "index": 32, "success_stage": null}
{"N": 103102121, "event": "input_complete", "index": 33, "success_stage": null}
{"N": 103202191, "event": "input_complete", "index": 34, "success_stage": null}
{"N": 103282247, "event": "input_complete", "index": 35, "success_stage": null}
{"N": 103382317, "event": "input_complete", "index": 36, "success_stage": null}
{"N": 103402331, "event": "input_complete", "index": 37, "success_stage": null}
{"N": 103442359, "event": "input_complete", "index": 38, "success_stage": null}
{"N": 103502401, "event": "input_complete", "index": 39, "success_stage": null}
{"N": 103642499, "event": "input_complete", "index": 40, "success_stage": null}
{"N": 103762583, "event": "input_complete", "index": 41, "success_stage": null}
{"N": 103982737, "event": "input_complete", "index": 42, "success_stage": null}
{"N": 104062793, "event": "input_complete", "index": 43, "success_stage": null}
{"N": 104342989, "event": "input_complete", "index": 44, "success_stage": null}
{"N": 104363003, "event": "input_complete", "index": 45, "success_stage": null}
{"N": 104403031, "event": "input_complete", "index": 46, "success_stage": null}
{"N": 104603171, "event": "input_complete", "index": 47, "success_stage": null}
{"N": 104643199, "event": "input_complete", "index": 48, "success_stage": null}
{"N": 104663213, "event": "input_complete", "index": 49, "success_stage": null}
{"N": 104703241, "event": "input_complete", "index": 50, "success_stage": null}
{"N": 104843339, "event": "input_complete", "index": 51, "success_stage": null}
{"N": 104943409, "event": "input_complete", "index": 52, "success_stage": null}
{"N": 105063493, "event": "input_complete", "index": 53, "success_stage": null}
{"N": 105083507, "event": "input_complete", "index": 54, "success_stage": null}
{"N": 105203591, "event": "input_complete", "index": 55, "success_stage": null}
{"N": 105363703, "event": "input_complete", "index": 56, "success_stage": null}
{"N": 105383717, "event": "input_complete", "index": 57, "success_stage": null}
{"N": 105663913, "event": "input_complete", "index": 58, "success_stage": null}
{"N": 105743969, "event": "input_complete", "index": 59, "success_stage": null}
{"N": 105964123, "event": "input_complete", "index": 60, "success_stage": null}
{"N": 106044179, "event": "input_complete", "index": 61, "success_stage": null}
{"N": 106084207, "event": "input_complete", "index": 62, "success_stage": null}
{"N": 106144249, "event": "input_complete", "index": 63, "success_stage": null}
{"aggregate_sequence_hashes": {"block": "bda32c2be9c39b5616c168c250ca6a3596f4be6ecda20cee2015c785a17ea1df", "candidate": "96972dcb941ca98ed1fd45bda9e75cb5b5b79e27317d6b2f3767d60ba7b60f88", "exact_value": "b17a5884e2017f2f47d2e3b268a1220d0aab6c6be2f69df7a2160373cefbd08c", "selected_column": "23eaa0350432570c030c5648e6bc85401d3402a054482450686df61cf0d632df"}, "event": "replay_complete", "final_verdict": "PENDING_REGISTERED_SEQUENCE_HASH_COMPARISON_AND_PROOF_AUDIT", "first_mismatch": null, "replay_status": "STATED_FINITE_CLAIMS_MATCH"}
stage_return_code=reconstruction:0
stage_begin=comparison
command=/opt/homebrew/opt/python@3.14/bin/python3.14 /Users/zhou/autoresearch/IntegerFactoring/experiments/F165_recursive_section_feedback/f165_r06_sequence_compare.py --output /Users/zhou/autoresearch/IntegerFactoring/experiments/F165_recursive_section_feedback/f165_r06_sequence_compare_output.json
{"event": "comparison_complete", "first_mismatch": null, "mismatch_total": 0, "status": "PASS"}
stage_return_code=comparison:0
workflow_status=PASS
