repository=/Users/zhou/autoresearch/IntegerFactoring
statement=/Users/zhou/autoresearch/IntegerFactoring/experiments/F165_recursive_section_feedback/V2_BLIND_STATEMENT.md
statement_sha256=1681967c7ac14b44361d58284716250e73a7f8bda15203f3bc2d6a4971139cdd
source=/Users/zhou/autoresearch/IntegerFactoring/experiments/F165_recursive_section_feedback/f165_r02_v2_blind_reconstruct.py
source_sha256=d6b0dc314c3ab4108218acc709b7a04a0b1e040a6213497a41b6356c9a09d6c1
timeout_seconds=600
output=/Users/zhou/autoresearch/IntegerFactoring/experiments/F165_recursive_section_feedback/f165_r02_v2_blind_output.json
command=/opt/homebrew/opt/python@3.14/bin/python3.14 /Users/zhou/autoresearch/IntegerFactoring/experiments/F165_recursive_section_feedback/f165_r02_v2_blind_reconstruct.py --output /Users/zhou/autoresearch/IntegerFactoring/experiments/F165_recursive_section_feedback/f165_r02_v2_blind_output.json
estimated_peak_memory_mib=256
preflight_command=vm_stat
Mach Virtual Memory Statistics: (page size of 16384 bytes)
Pages free:                                    66098.
Pages active:                                 363619.
Pages inactive:                               361010.
Pages speculative:                              1717.
Pages throttled:                                   0.
Pages wired down:                             119951.
Pages purgeable:                               13581.
"Translation faults":                      493258854.
Pages copy-on-write:                         9290199.
Pages zero filled:                         175619723.
Pages reactivated:                          77646320.
Pages purged:                                3321366.
File-backed pages:                            327328.
Anonymous pages:                              399018.
Pages stored in compressor:                   306206.
Pages occupied by compressor:                 101291.
Decompressions:                            148642677.
Compressions:                              155901035.
Pageins:                                    10652936.
Pageouts:                                      38177.
Swapins:                                     5603683.
Swapouts:                                    6440489.
preflight_command=ps -axo pid=,rss=,comm= -r
