repository=/Users/zhou/autoresearch/IntegerFactoring
statement=/Users/zhou/autoresearch/IntegerFactoring/experiments/F165_recursive_section_feedback/V2_BLIND_STATEMENT.md
statement_sha256=1681967c7ac14b44361d58284716250e73a7f8bda15203f3bc2d6a4971139cdd
source=/Users/zhou/autoresearch/IntegerFactoring/experiments/F165_recursive_section_feedback/f165_r04_v2_blind_reconstruct.py
source_sha256=a3b1a94440d3e6e580bccc6efe189a73a86adc366c4e617acc06a5a56377b42f
timeout_seconds=600
output=/Users/zhou/autoresearch/IntegerFactoring/experiments/F165_recursive_section_feedback/f165_r04_v2_blind_output.json
command=/opt/homebrew/opt/python@3.14/bin/python3.14 /Users/zhou/autoresearch/IntegerFactoring/experiments/F165_recursive_section_feedback/f165_r04_v2_blind_reconstruct.py --output /Users/zhou/autoresearch/IntegerFactoring/experiments/F165_recursive_section_feedback/f165_r04_v2_blind_output.json
estimated_peak_memory_mib=256
process_audit=performed_externally_by_root_before_registration
preflight_command=vm_stat
Mach Virtual Memory Statistics: (page size of 16384 bytes)
Pages free:                                    56437.
Pages active:                                 370392.
Pages inactive:                               361355.
Pages speculative:                              7646.
Pages throttled:                                   0.
Pages wired down:                             121049.
Pages purgeable:                                9150.
"Translation faults":                      502010970.
Pages copy-on-write:                         9625114.
Pages zero filled:                         179471329.
Pages reactivated:                          77647911.
Pages purged:                                3328598.
File-backed pages:                            334042.
Anonymous pages:                              405351.
Pages stored in compressor:                   298323.
Pages occupied by compressor:                  97172.
Decompressions:                            148647109.
Compressions:                              155901035.
Pageins:                                    10663090.
Pageouts:                                      38177.
Swapins:                                     5603686.
Swapouts:                                    6440489.

{"N": 100160063, "event": "input_complete", "index": 0, "success_stage": "base"}
{"N": 100440259, "event": "input_complete", "index": 1, "success_stage": null}
{"N": 100460273, "event": "input_complete", "index": 2, "success_stage": null}
{"N": 100680427, "event": "input_complete", "index": 3, "success_stage": null}
{"N": 100740469, "event": "input_complete", "index": 4, "success_stage": null}
{"N": 100760483, "event": "input_complete", "index": 5, "success_stage": null}
{"N": 100860553, "event": "input_complete", "index": 6, "success_stage": null}
{"N": 100980637, "event": "input_complete", "index": 7, "success_stage": null}
{"N": 101000651, "event": "input_complete", "index": 8, "success_stage": null}
{"N": 101060693, "event": "input_complete", "index": 9, "success_stage": null}
{"N": 101100721, "event": "input_complete", "index": 10, "success_stage": null}
{"N": 101180777, "event": "input_complete", "index": 11, "success_stage": null}
{"N": 101400931, "event": "input_complete", "index": 12, "success_stage": null}
{"N": 101460973, "event": "input_complete", "index": 13, "success_stage": null}
{"N": 101480987, "event": "input_complete", "index": 14, "success_stage": null}
{"N": 101581057, "event": "input_complete", "index": 15, "success_stage": null}
{"N": 101661113, "event": "input_complete", "index": 16, "success_stage": null}
{"N": 101701141, "event": "input_complete", "index": 17, "success_stage": null}
{"N": 101761183, "event": "input_complete", "index": 18, "success_stage": null}
{"N": 101841239, "event": "input_complete", "index": 19, "success_stage": null}
{"N": 101881267, "event": "input_complete", "index": 20, "success_stage": null}
{"N": 102001351, "event": "input_complete", "index": 21, "success_stage": null}
{"N": 102181477, "event": "input_complete", "index": 22, "success_stage": null}
{"N": 102301561, "event": "input_complete", "index": 23, "success_stage": null}
{"N": 102501701, "event": "input_complete", "index": 24, "success_stage": null}
{"N": 102541729, "event": "input_complete", "index": 25, "success_stage": null}
{"N": 102601771, "event": "input_complete", "index": 26, "success_stage": null}
{"N": 102661813, "event": "input_complete", "index": 27, "success_stage": null}
{"N": 102741869, "event": "input_complete", "index": 28, "success_stage": null}
{"N": 102781897, "event": "input_complete", "index": 29, "success_stage": null}
{"N": 102801911, "event": "input_complete", "index": 30, "success_stage": null}
{"N": 102962023, "event": "input_complete", "index": 31, "success_stage": null}
{"N": 103082107, "event": "input_complete", "index": 32, "success_stage": null}
{"N": 103102121, "event": "input_complete", "index": 33, "success_stage": null}
{"N": 103202191, "event": "input_complete", "index": 34, "success_stage": null}
{"N": 103282247, "event": "input_complete", "index": 35, "success_stage": null}
{"N": 103382317, "event": "input_complete", "index": 36, "success_stage": null}
{"N": 103402331, "event": "input_complete", "index": 37, "success_stage": null}
{"N": 103442359, "event": "input_complete", "index": 38, "success_stage": null}
{"N": 103502401, "event": "input_complete", "index": 39, "success_stage": null}
{"N": 103642499, "event": "input_complete", "index": 40, "success_stage": null}
{"N": 103762583, "event": "input_complete", "index": 41, "success_stage": null}
{"N": 103982737, "event": "input_complete", "index": 42, "success_stage": null}
{"N": 104062793, "event": "input_complete", "index": 43, "success_stage": null}
{"N": 104342989, "event": "input_complete", "index": 44, "success_stage": null}
{"N": 104363003, "event": "input_complete", "index": 45, "success_stage": null}
{"N": 104403031, "event": "input_complete", "index": 46, "success_stage": null}
{"N": 104603171, "event": "input_complete", "index": 47, "success_stage": null}
{"N": 104643199, "event": "input_complete", "index": 48, "success_stage": null}
{"N": 104663213, "event": "input_complete", "index": 49, "success_stage": null}
{"N": 104703241, "event": "input_complete", "index": 50, "success_stage": null}
{"N": 104843339, "event": "input_complete", "index": 51, "success_stage": null}
{"N": 104943409, "event": "input_complete", "index": 52, "success_stage": null}
{"N": 105063493, "event": "input_complete", "index": 53, "success_stage": null}
{"N": 105083507, "event": "input_complete", "index": 54, "success_stage": null}
{"N": 105203591, "event": "input_complete", "index": 55, "success_stage": null}
{"N": 105363703, "event": "input_complete", "index": 56, "success_stage": null}
{"N": 105383717, "event": "input_complete", "index": 57, "success_stage": null}
{"N": 105663913, "event": "input_complete", "index": 58, "success_stage": null}
{"N": 105743969, "event": "input_complete", "index": 59, "success_stage": null}
{"N": 105964123, "event": "input_complete", "index": 60, "success_stage": null}
{"N": 106044179, "event": "input_complete", "index": 61, "success_stage": null}
{"N": 106084207, "event": "input_complete", "index": 62, "success_stage": null}
{"N": 106144249, "event": "input_complete", "index": 63, "success_stage": null}
{"aggregate_sequence_hashes": {"block": "bda32c2be9c39b5616c168c250ca6a3596f4be6ecda20cee2015c785a17ea1df", "candidate": "96972dcb941ca98ed1fd45bda9e75cb5b5b79e27317d6b2f3767d60ba7b60f88", "exact_value": "b17a5884e2017f2f47d2e3b268a1220d0aab6c6be2f69df7a2160373cefbd08c", "selected_column": "23eaa0350432570c030c5648e6bc85401d3402a054482450686df61cf0d632df"}, "event": "replay_complete", "final_verdict": "PENDING_REGISTERED_SEQUENCE_HASH_COMPARISON_AND_PROOF_AUDIT", "first_mismatch": null, "replay_status": "STATED_FINITE_CLAIMS_MATCH"}
return_code=0
