  Semantic Scholar unavailable: <urlopen error [Errno 8] nodename nor servname provided, or not known>
  Crossref miss 10.1215/ijm/1255631807: <urlopen error [Errno 8] nodename nor servname provided, or not known>
miss arxiv:2210.14095
miss doi:10.1215/ijm/1255631807
  pdf fail 2210.14095.pdf: <urlopen error [Errno 8] nodename nor servname provided, or not known>

fetching PDFs (sequential with 2s sleep to avoid arXiv rate limits)...
  FAIL arxiv:2210.14095
ok  arxiv:2210.14095                               | ? 2022 | abs=yes oa=no
ok  doi:10.1215/ijm/1255631807                   | Illinois Journal of Mathematics 1962 | abs=no oa=yes

fetching PDFs (sequential with 2s sleep to avoid arXiv rate limits)...
  ok arxiv:2210.14095
  miss doi:10.1215/ijm/1255631807 (miss)
arxiv:  8
doi:    3
github: 0
web:    0
stub:   0
(--only-missing: skipped already-rendered papers)
        4.03 real        12.44 user         0.28 sys
time: sysctl kern.clockrate: Operation not permitted
INDEX.md written: /Users/zhou/autoresearch/IntegerFactoring/.knowledge/INDEX.md
0 FAIL, 0 WARN
