named_timeout=F118_58BIT_FULL_SOURCE_NULL_HARD_TIMEOUT
hard_timeout_seconds=1200
registration_sha256=4918e7d9b48e9310145ad466ab330e51e9ce36891b5bdc7904e769df399cd055
started_utc=2026-08-08T05:20:53.338723+00:00
command=["/usr/local/bin/sage", "-python", "/Users/zhou/autoresearch/IntegerFactoring/experiments/F118_58bit_full_source_null_search/scan_full_source.py", "--spec", "/Users/zhou/autoresearch/IntegerFactoring/experiments/F118_58bit_full_source_null_search/CORPUS_SPEC.json", "--output", "/Users/zhou/autoresearch/IntegerFactoring/experiments/F118_58bit_full_source_null_search/ATTEMPT_20260808T052053Z.json"]
Traceback (most recent call last):
  File "/Users/zhou/autoresearch/IntegerFactoring/experiments/F118_58bit_full_source_null_search/scan_full_source.py", line 18, in <module>
    from sage.all import ZZ
  File "/var/tmp/sage-10.9-current/local/lib/python3.14/site-packages/sage/all.py", line 335, in <module>
    sage.misc.lazy_import.save_cache_file()
    ~~~~~~~~~~~~~~~~~~~~~~~~~~~~~~~~~~~~~^^
  File "sage/misc/lazy_import.pyx", line 1162, in sage.misc.lazy_import.save_cache_file
    with atomic_write(cache_file, binary=True) as f:
  File "/var/tmp/sage-10.9-current/local/lib/python3.14/site-packages/sage/misc/temporary_file.py", line 346, in __enter__
    fd, name = tempfile.mkstemp(dir=self.tmpdir)
               ~~~~~~~~~~~~~~~~^^^^^^^^^^^^^^^^^
  File "/var/tmp/sage-10.9-current/local/lib/python3.14/tempfile.py", line 358, in mkstemp
    return _mkstemp_inner(dir, prefix, suffix, flags, output_type)
  File "/var/tmp/sage-10.9-current/local/lib/python3.14/tempfile.py", line 257, in _mkstemp_inner
    fd = _os.open(file, flags, 0o600)
PermissionError: [Errno 1] Operation not permitted: '/Users/zhou/.sage/cache/tmp6pys5c03'
returncode=1
elapsed_seconds=2.023601
status=FAILED result_status=NO_OUTPUT
