{"event": "start", "run_id": "F205-D01", "python": "3.12.3 | packaged by Anaconda, Inc. | (main, May  6 2024, 19:46:43) [GCC 11.2.0]", "sympy": "1.14.0", "numpy": "2.4.6", "arguments": {"output": "/root/IntegerFactoring_F205/F205-D01/output/F205-D01.json", "rows": "/root/IntegerFactoring_F205/F205-D01/output/F205-D01.rows.jsonl.gz", "train_count": 5000, "holdout_count": 2500, "small_p_limit": 1000}}
{"event": "progress", "cohort": "train", "completed": 250, "total": 5000, "elapsed_seconds": 1.526}
{"event": "progress", "cohort": "train", "completed": 500, "total": 5000, "elapsed_seconds": 3.072}
{"event": "progress", "cohort": "train", "completed": 750, "total": 5000, "elapsed_seconds": 4.679}
{"event": "progress", "cohort": "train", "completed": 1000, "total": 5000, "elapsed_seconds": 6.161}
{"event": "progress", "cohort": "train", "completed": 1250, "total": 5000, "elapsed_seconds": 7.783}
{"event": "progress", "cohort": "train", "completed": 1500, "total": 5000, "elapsed_seconds": 9.266}
{"event": "progress", "cohort": "train", "completed": 1750, "total": 5000, "elapsed_seconds": 10.868}
{"event": "progress", "cohort": "train", "completed": 2000, "total": 5000, "elapsed_seconds": 12.375}
{"event": "progress", "cohort": "train", "completed": 2250, "total": 5000, "elapsed_seconds": 13.952}
{"event": "progress", "cohort": "train", "completed": 2500, "total": 5000, "elapsed_seconds": 15.47}
{"event": "progress", "cohort": "train", "completed": 2750, "total": 5000, "elapsed_seconds": 17.012}
{"event": "progress", "cohort": "train", "completed": 3000, "total": 5000, "elapsed_seconds": 18.579}
{"event": "progress", "cohort": "train", "completed": 3250, "total": 5000, "elapsed_seconds": 20.123}
{"event": "progress", "cohort": "train", "completed": 3500, "total": 5000, "elapsed_seconds": 21.684}
{"event": "progress", "cohort": "train", "completed": 3750, "total": 5000, "elapsed_seconds": 23.223}
{"event": "progress", "cohort": "train", "completed": 4000, "total": 5000, "elapsed_seconds": 24.778}
{"event": "progress", "cohort": "train", "completed": 4250, "total": 5000, "elapsed_seconds": 26.232}
{"event": "progress", "cohort": "train", "completed": 4500, "total": 5000, "elapsed_seconds": 27.866}
{"event": "progress", "cohort": "train", "completed": 4750, "total": 5000, "elapsed_seconds": 29.343}
{"event": "progress", "cohort": "train", "completed": 5000, "total": 5000, "elapsed_seconds": 30.944}
{"event": "progress", "cohort": "holdout", "completed": 250, "total": 2500, "elapsed_seconds": 2.851}
{"event": "progress", "cohort": "holdout", "completed": 500, "total": 2500, "elapsed_seconds": 5.695}
{"event": "progress", "cohort": "holdout", "completed": 750, "total": 2500, "elapsed_seconds": 8.569}
{"event": "progress", "cohort": "holdout", "completed": 1000, "total": 2500, "elapsed_seconds": 11.387}
{"event": "progress", "cohort": "holdout", "completed": 1250, "total": 2500, "elapsed_seconds": 14.43}
{"event": "progress", "cohort": "holdout", "completed": 1500, "total": 2500, "elapsed_seconds": 17.297}
{"event": "progress", "cohort": "holdout", "completed": 1750, "total": 2500, "elapsed_seconds": 20.164}
{"event": "progress", "cohort": "holdout", "completed": 2000, "total": 2500, "elapsed_seconds": 23.021}
{"event": "progress", "cohort": "holdout", "completed": 2250, "total": 2500, "elapsed_seconds": 25.871}
{"event": "progress", "cohort": "holdout", "completed": 2500, "total": 2500, "elapsed_seconds": 28.764}
{"event": "progress", "cohort": "small_exhaustive", "completed": 250, "total": 5570, "elapsed_seconds": 0.688}
{"event": "progress", "cohort": "small_exhaustive", "completed": 500, "total": 5570, "elapsed_seconds": 1.42}
{"event": "progress", "cohort": "small_exhaustive", "completed": 750, "total": 5570, "elapsed_seconds": 2.209}
{"event": "progress", "cohort": "small_exhaustive", "completed": 1000, "total": 5570, "elapsed_seconds": 2.952}
{"event": "progress", "cohort": "small_exhaustive", "completed": 1250, "total": 5570, "elapsed_seconds": 3.725}
{"event": "progress", "cohort": "small_exhaustive", "completed": 1500, "total": 5570, "elapsed_seconds": 4.514}
{"event": "progress", "cohort": "small_exhaustive", "completed": 1750, "total": 5570, "elapsed_seconds": 5.393}
{"event": "progress", "cohort": "small_exhaustive", "completed": 2000, "total": 5570, "elapsed_seconds": 6.182}
{"event": "progress", "cohort": "small_exhaustive", "completed": 2250, "total": 5570, "elapsed_seconds": 6.996}
{"event": "progress", "cohort": "small_exhaustive", "completed": 2500, "total": 5570, "elapsed_seconds": 7.877}
{"event": "progress", "cohort": "small_exhaustive", "completed": 2750, "total": 5570, "elapsed_seconds": 8.717}
{"event": "progress", "cohort": "small_exhaustive", "completed": 3000, "total": 5570, "elapsed_seconds": 9.501}
{"event": "progress", "cohort": "small_exhaustive", "completed": 3250, "total": 5570, "elapsed_seconds": 10.415}
{"event": "progress", "cohort": "small_exhaustive", "completed": 3500, "total": 5570, "elapsed_seconds": 11.304}
{"event": "progress", "cohort": "small_exhaustive", "completed": 3750, "total": 5570, "elapsed_seconds": 12.155}
{"event": "progress", "cohort": "small_exhaustive", "completed": 4000, "total": 5570, "elapsed_seconds": 13.039}
{"event": "progress", "cohort": "small_exhaustive", "completed": 4250, "total": 5570, "elapsed_seconds": 13.998}
{"event": "progress", "cohort": "small_exhaustive", "completed": 4500, "total": 5570, "elapsed_seconds": 14.899}
{"event": "progress", "cohort": "small_exhaustive", "completed": 4750, "total": 5570, "elapsed_seconds": 15.762}
{"event": "progress", "cohort": "small_exhaustive", "completed": 5000, "total": 5570, "elapsed_seconds": 16.684}
{"event": "progress", "cohort": "small_exhaustive", "completed": 5250, "total": 5570, "elapsed_seconds": 17.557}
{"event": "progress", "cohort": "small_exhaustive", "completed": 5500, "total": 5570, "elapsed_seconds": 18.401}
{"event": "complete", "output": "/root/IntegerFactoring_F205/F205-D01/output/F205-D01.json", "rows": "/root/IntegerFactoring_F205/F205-D01/output/F205-D01.rows.jsonl.gz", "elapsed_seconds": 146.672, "selected_holdout_accuracy": 0.4946808510638298, "selected_holdout_errors": 1235}
