{"DOT_SAGE": "/private/tmp/f284_cyclotomic_binomial_search_sage", "command": ["/opt/homebrew/bin/python3", "experiments/F318_half_box_precision/pilot.py"], "event": "run_start", "run_id": "f318-half-box", "started_utc": "2026-09-07T03:58:09.656430+00:00", "timeout_seconds": 30}
{
  "floor_checks": 300,
  "product_checks": 10,
  "count_checks": 1173,
  "large": [
    {
      "k": 32,
      "graph_modulus": 8589934592,
      "N": 71582788267,
      "count_mod8": 4,
      "seconds": 0.00011145800817757845,
      "H_mod8": 4,
      "B_mod4": 0,
      "J_mod8": 0,
      "T_mod4": 0,
      "cubic_parity": 0,
      "product_degree": 17,
      "product_integer_bits": 955
    },
    {
      "k": 64,
      "graph_modulus": 36893488147419103232,
      "N": 307445734561825860267,
      "count_mod8": 4,
      "seconds": 0.0006297499930951744,
      "H_mod8": 4,
      "B_mod4": 0,
      "J_mod8": 0,
      "T_mod4": 0,
      "cubic_parity": 0,
      "product_degree": 33,
      "product_integer_bits": 3937
    },
    {
      "k": 128,
      "graph_modulus": 680564733841876926926749214863536422912,
      "N": 5671372782015641057722910123862803524267,
      "count_mod8": 4,
      "seconds": 0.017362415994284675,
      "H_mod8": 4,
      "B_mod4": 0,
      "J_mod8": 0,
      "T_mod4": 0,
      "cubic_parity": 0,
      "product_degree": 65,
      "product_integer_bits": 16013
    },
    {
      "k": 256,
      "graph_modulus": 231584178474632390847141970017375815706539969331281128078915168015826259279872,
      "N": 1929868153955269923726183083478131797554499744427342733990959733465218827332267,
      "count_mod8": 4,
      "seconds": 0.5850446659896988,
      "H_mod8": 4,
      "B_mod4": 0,
      "J_mod8": 0,
      "T_mod4": 0,
      "cubic_parity": 0,
      "product_degree": 129,
      "product_integer_bits": 64680
    }
  ],
  "seconds": 0.7970410840061959,
  "peak_rss_bytes": 20758528
}
{"disposition": "completed", "duration_seconds": 0.8363173340039793, "event": "run_end", "exit_code": 0, "finished_utc": "2026-09-07T03:58:10.492794+00:00", "run_id": "f318-half-box", "timed_out": false}
