command=["/opt/homebrew/opt/python@3.14/bin/python3.14", "/Users/zhou/autoresearch/IntegerFactoring/experiments/F109_recursive_feedback_rescue/test_recursive_rescue.py"]
timeout_seconds=600
returncode=0
stdout:
{
  "all_causal_pair_members_are_initial_seeds": true,
  "all_isolated_final_pairs_factor": false,
  "all_recursive_runs_factor": true,
  "cases": [
    {
      "N": 3241632473,
      "causal_pair_members_are_initial_seeds": true,
      "elapsed_seconds": 18.814284417007002,
      "isolated_final_pair": {
        "attempted": 2081,
        "bound": 1024,
        "dependencies": 284,
        "global_dependencies": 284,
        "n": 32,
        "pair": [
          2,
          13
        ],
        "repeated": 4,
        "retained": 2077,
        "status": "null"
      },
      "p": 41011,
      "q": 79043,
      "recursive": {
        "causal_pair": [
          2,
          13
        ],
        "dependencies": 2969,
        "factor": 79043,
        "factor_dependency_size": 378,
        "factor_method": "retained_parity_dependency",
        "relations": 16160,
        "round": 3,
        "round_summaries": [
          {
            "active": 31,
            "new_dependencies": 2454,
            "new_relations": 14320,
            "round": 1
          },
          {
            "active": 32,
            "new_dependencies": 0,
            "new_relations": 0,
            "round": 2
          }
        ],
        "status": "feedback_factor"
      },
      "stable": true,
      "trial_hard": true
    },
    {
      "N": 12809029193,
      "causal_pair_members_are_initial_seeds": true,
      "elapsed_seconds": 40.22450145900075,
      "isolated_final_pair": {
        "attempted": 2347,
        "bound": 1156,
        "dependencies": 210,
        "global_dependencies": 210,
        "n": 34,
        "pair": [
          3,
          5
        ],
        "repeated": 4,
        "retained": 2343,
        "status": "null"
      },
      "p": 80107,
      "q": 159899,
      "recursive": {
        "causal_pair": [
          3,
          5
        ],
        "dependencies": 5498,
        "factor": 80107,
        "factor_dependency_size": 580,
        "factor_method": "retained_parity_dependency",
        "relations": 26446,
        "round": 3,
        "round_summaries": [
          {
            "active": 33,
            "new_dependencies": 4485,
            "new_relations": 20787,
            "round": 1
          },
          {
            "active": 34,
            "new_dependencies": 0,
            "new_relations": 0,
            "round": 2
          }
        ],
        "status": "feedback_factor"
      },
      "stable": true,
      "trial_hard": true
    },
    {
      "N": 12828426053,
      "causal_pair_members_are_initial_seeds": true,
      "elapsed_seconds": 48.684343457993236,
      "isolated_final_pair": {
        "attempted": 2347,
        "bound": 1156,
        "dependencies": 356,
        "global_dependencies": 356,
        "n": 34,
        "pair": [
          2,
          7
        ],
        "repeated": 5,
        "retained": 2342,
        "status": "null"
      },
      "p": 80363,
      "q": 159631,
      "recursive": {
        "causal_pair": [
          2,
          7
        ],
        "dependencies": 5466,
        "factor": 159631,
        "factor_dependency_size": 418,
        "factor_method": "retained_parity_dependency",
        "relations": 26639,
        "round": 3,
        "round_summaries": [
          {
            "active": 33,
            "new_dependencies": 5068,
            "new_relations": 23097,
            "round": 1
          },
          {
            "active": 34,
            "new_dependencies": 0,
            "new_relations": 0,
            "round": 2
          }
        ],
        "status": "feedback_factor"
      },
      "stable": true,
      "trial_hard": true
    },
    {
      "N": 12854972153,
      "causal_pair_members_are_initial_seeds": true,
      "elapsed_seconds": 39.58801866599242,
      "isolated_final_pair": {
        "attempted": 2347,
        "bound": 1156,
        "dependencies": 366,
        "global_dependencies": 366,
        "n": 34,
        "pair": [
          2,
          7
        ],
        "repeated": 5,
        "retained": 2342,
        "status": "null"
      },
      "p": 80687,
      "q": 159319,
      "recursive": {
        "causal_pair": [
          2,
          7
        ],
        "dependencies": 4656,
        "factor": 80687,
        "factor_dependency_size": 523,
        "factor_method": "retained_parity_dependency",
        "relations": 23519,
        "round": 3,
        "round_summaries": [
          {
            "active": 33,
            "new_dependencies": 4236,
            "new_relations": 20786,
            "round": 1
          },
          {
            "active": 34,
            "new_dependencies": 0,
            "new_relations": 0,
            "round": 2
          }
        ],
        "status": "feedback_factor"
      },
      "stable": true,
      "trial_hard": true
    },
    {
      "N": 12859936021,
      "causal_pair_members_are_initial_seeds": true,
      "elapsed_seconds": 22.9052678750013,
      "isolated_final_pair": {
        "attempted": 2347,
        "bound": 1156,
        "dependencies": 312,
        "global_dependencies": 312,
        "n": 34,
        "pair": [
          2,
          13
        ],
        "repeated": 4,
        "retained": 2343,
        "status": "null"
      },
      "p": 80779,
      "q": 159199,
      "recursive": {
        "causal_pair": [
          2,
          13
        ],
        "dependencies": 7052,
        "factor": 80779,
        "factor_dependency_size": 634,
        "factor_method": "retained_parity_dependency",
        "relations": 24826,
        "round": 2,
        "round_summaries": [
          {
            "active": 33,
            "new_dependencies": 6865,
            "new_relations": 23670,
            "round": 1
          }
        ],
        "status": "feedback_factor"
      },
      "stable": true,
      "trial_hard": true
    },
    {
      "N": 12862140737,
      "causal_pair_members_are_initial_seeds": true,
      "elapsed_seconds": 31.66837379199569,
      "isolated_final_pair": {
        "attempted": 2347,
        "bound": 1156,
        "dependencies": 333,
        "global_dependencies": 333,
        "n": 34,
        "pair": [
          2,
          5
        ],
        "repeated": 5,
        "retained": 2342,
        "status": "null"
      },
      "p": 80803,
      "q": 159179,
      "recursive": {
        "causal_pair": [
          2,
          5
        ],
        "dependencies": 3735,
        "factor": 159179,
        "factor_dependency_size": 509,
        "factor_method": "retained_parity_dependency",
        "relations": 20980,
        "round": 3,
        "round_summaries": [
          {
            "active": 33,
            "new_dependencies": 3463,
            "new_relations": 18473,
            "round": 1
          },
          {
            "active": 34,
            "new_dependencies": 0,
            "new_relations": 0,
            "round": 2
          }
        ],
        "status": "feedback_factor"
      },
      "stable": true,
      "trial_hard": true
    },
    {
      "N": 204816942773,
      "causal_pair_members_are_initial_seeds": true,
      "elapsed_seconds": 127.11440325000149,
      "isolated_final_pair": {
        "attempted": 127,
        "bound": 1444,
        "dependencies": 42,
        "global_dependencies": 42,
        "n": 38,
        "pair": [
          2,
          13
        ],
        "repeated": 4,
        "result": {
          "c": 68137094950,
          "channel": "direct_minus",
          "factor": 639839,
          "provenance": {
            "exponent": 44,
            "kind": "fixed_pair_trajectory",
            "orientation": "u_times_v_power",
            "u": 2,
            "v": 13
          },
          "w": 54674882390
        },
        "retained": 122,
        "status": "factor"
      },
      "p": 320107,
      "q": 639839,
      "recursive": {
        "causal_pair": [
          2,
          13
        ],
        "dependencies": 8360,
        "factor": 639839,
        "factor_dependency_size": 0,
        "factor_method": "direct_endpoint_minus",
        "relations": 52078,
        "round": 4,
        "round_summaries": [
          {
            "active": 37,
            "new_dependencies": 5302,
            "new_relations": 23085,
            "round": 1
          },
          {
            "active": 38,
            "new_dependencies": 0,
            "new_relations": 0,
            "round": 2
          },
          {
            "active": 38,
            "new_dependencies": 1875,
            "new_relations": 14433,
            "round": 3
          }
        ],
        "status": "feedback_factor"
      },
      "stable": true,
      "trial_hard": true
    }
  ],
  "elapsed_seconds": 328.9993519159907,
  "pinned_source": {
    "path": "experiments/F98_multiseed_presentation_closure_kill/search_factor_assisted.py",
    "sha256": "cbf50afc19a387ee58dffa9b0cca9a4ac2e732265c1b841cb535907cce364479"
  },
  "role": "factor-assisted bounded comparison; N-only replay required for promotion",
  "status": "PASS"
}

stderr:
