{
  "counts": {
    "point": 5416,
    "cocycle": 124,
    "shifted": 124,
    "square_precision": 62
  },
  "large": [
    {
      "k": 32,
      "A": 1431655765,
      "N": 954437177,
      "T_mod4": 2,
      "states": 57,
      "seconds": 0.0002786249970085919
    },
    {
      "k": 64,
      "A": 6148914691236517205,
      "N": 10248191152060862009,
      "T_mod4": 2,
      "states": 57,
      "seconds": 0.0007441659981850535
    },
    {
      "k": 128,
      "A": 113427455640312821154458202477256070485,
      "N": 75618303760208547436305468318170713657,
      "T_mod4": 2,
      "states": 57,
      "seconds": 0.016561457989155315
    }
  ],
  "seconds": 0.038123624995932914,
  "peak_rss_bytes": 18415616
}
