3 zero_order 1 half_word_sum 1
4 zero_order 1 half_word_sum 2
5 zero_order 2 half_word_sum 0
6 zero_order 2 half_word_sum 0
7 zero_order 2 half_word_sum 0
8 zero_order 2 half_word_sum 0
9 zero_order 1 half_word_sum -8
10 zero_order 1 half_word_sum 24
11 zero_order 1 half_word_sum -20
12 zero_order 1 half_word_sum -24
13 zero_order 1 half_word_sum 44
14 zero_order 1 half_word_sum -28
15 zero_order 1 half_word_sum -4
16 zero_order 1 half_word_sum -76
17 zero_order 1 half_word_sum 192
18 zero_order 1 half_word_sum 116
19 zero_order 1 half_word_sum -376
20 zero_order 1 half_word_sum -400
21 zero_order 1 half_word_sum 764
22 zero_order 1 half_word_sum 1012
23 zero_order 1 half_word_sum -128
24 zero_order 1 half_word_sum -368
