manifests/run_002.plan.json: OK
scripts/finalize_manifest.sh: OK
scripts/prepare_run_002.sh: OK
scripts/run_002.sh: OK
parameters.json: OK
manifests/run_001.plan.json: OK
src/verify_finite.py: OK
src/audit_finite.py: OK
scripts/prepare_run.sh: OK
scripts/run_all.sh: OK
outputs/finite_certificate.json: OK
FAILURE_DISPOSITIONS.md: OK
RESULT.md: OK
RUN_MANIFEST.md: OK
logs/run_001_combined.log: OK
logs/run_001_prepare.log: OK
logs/run_002_prepare.log: OK
manifests/run_001.inputs.sha256: OK
manifests/run_001.plan.json: OK
manifests/run_001.primary_outputs.sha256: OK
manifests/run_002.inputs.sha256: OK
manifests/run_002.plan.json: OK
outputs/audit.json: OK
outputs/finite_certificate.json: OK
parameters.json: OK
scripts/finalize_manifest.sh: OK
scripts/prepare_run.sh: OK
scripts/prepare_run_002.sh: OK
scripts/run_002.sh: OK
scripts/run_all.sh: OK
src/audit_finite.py: OK
src/verify_finite.py: OK
