exact parameter audit complete
characteristic=100000007 shift=100/2942 zeros=0
characteristic=100000007 shift=200/2942 zeros=0
characteristic=100000007 shift=300/2942 zeros=0
characteristic=100000007 shift=400/2942 zeros=0
characteristic=100000007 shift=500/2942 zeros=0
characteristic=100000007 shift=600/2942 zeros=0
characteristic=100000007 shift=700/2942 zeros=0
characteristic=100000007 shift=800/2942 zeros=0
characteristic=100000007 shift=900/2942 zeros=0
characteristic=100000007 shift=1000/2942 zeros=0
characteristic=100000007 shift=1100/2942 zeros=0
characteristic=100000007 shift=1200/2942 zeros=0
characteristic=100000007 shift=1300/2942 zeros=0
characteristic=100000007 shift=1400/2942 zeros=0
characteristic=100000007 shift=1500/2942 zeros=0
characteristic=100000007 shift=1600/2942 zeros=0
characteristic=100000007 shift=1700/2942 zeros=0
characteristic=100000007 shift=1800/2942 zeros=0
characteristic=100000007 shift=1900/2942 zeros=0
characteristic=100000007 shift=2000/2942 zeros=0
characteristic=100000007 shift=2100/2942 zeros=0
characteristic=100000007 shift=2200/2942 zeros=0
characteristic=100000007 shift=2300/2942 zeros=0
characteristic=100000007 shift=2400/2942 zeros=0
characteristic=100000007 shift=2500/2942 zeros=0
characteristic=100000007 shift=2600/2942 zeros=0
characteristic=100000007 shift=2700/2942 zeros=0
characteristic=100000007 shift=2800/2942 zeros=0
characteristic=100000007 shift=2900/2942 zeros=0
characteristic=100000007 shift=2942/2942 zeros=0
characteristic=199999991 shift=100/2942 zeros=0
characteristic=199999991 shift=200/2942 zeros=0
characteristic=199999991 shift=300/2942 zeros=0
characteristic=199999991 shift=400/2942 zeros=0
characteristic=199999991 shift=500/2942 zeros=0
characteristic=199999991 shift=600/2942 zeros=0
characteristic=199999991 shift=700/2942 zeros=0
characteristic=199999991 shift=800/2942 zeros=0
characteristic=199999991 shift=900/2942 zeros=0
characteristic=199999991 shift=1000/2942 zeros=0
characteristic=199999991 shift=1100/2942 zeros=0
characteristic=199999991 shift=1200/2942 zeros=0
characteristic=199999991 shift=1300/2942 zeros=0
characteristic=199999991 shift=1400/2942 zeros=0
characteristic=199999991 shift=1500/2942 zeros=0
characteristic=199999991 shift=1600/2942 zeros=0
characteristic=199999991 shift=1700/2942 zeros=0
characteristic=199999991 shift=1800/2942 zeros=0
characteristic=199999991 shift=1900/2942 zeros=0
characteristic=199999991 shift=2000/2942 zeros=0
characteristic=199999991 shift=2100/2942 zeros=0
characteristic=199999991 shift=2200/2942 zeros=0
characteristic=199999991 shift=2300/2942 zeros=0
characteristic=199999991 shift=2400/2942 zeros=0
characteristic=199999991 shift=2500/2942 zeros=0
characteristic=199999991 shift=2600/2942 zeros=0
characteristic=199999991 shift=2700/2942 zeros=0
characteristic=199999991 shift=2800/2942 zeros=0
characteristic=199999991 shift=2900/2942 zeros=0
characteristic=199999991 shift=2942/2942 zeros=0
Traceback (most recent call last):
  File "/Users/zhou/autoresearch/IntegerFactoring/experiments/F04_audit/verify_f04_counterexample.sage.py", line 329, in <module>
    main()
    ~~~~^^
  File "/Users/zhou/autoresearch/IntegerFactoring/experiments/F04_audit/verify_f04_counterexample.sage.py", line 321, in main
    json.dump(output, handle, indent=_sage_const_2 )
    ~~~~~~~~~^^^^^^^^^^^^^^^^^^^^^^^^^^^^^^^^^^^^^^^
  File "/var/tmp/sage-10.9-current/local/lib/python3.14/json/__init__.py", line 181, in dump
    for chunk in iterable:
                 ^^^^^^^^
  File "/var/tmp/sage-10.9-current/local/lib/python3.14/json/encoder.py", line 444, in _iterencode
    yield from _iterencode_dict(o, _current_indent_level)
  File "/var/tmp/sage-10.9-current/local/lib/python3.14/json/encoder.py", line 413, in _iterencode_dict
    yield from chunks
  File "/var/tmp/sage-10.9-current/local/lib/python3.14/json/encoder.py", line 451, in _iterencode
    newobj = _default(o)
  File "/var/tmp/sage-10.9-current/local/lib/python3.14/json/encoder.py", line 182, in default
    raise TypeError(f'Object of type {o.__class__.__name__} '
                    f'is not JSON serializable')
TypeError: Object of type Integer is not JSON serializable
when serializing dict item 'N'
