mkdir: /Users/zhou/.sage//R: Operation not permitted
/Applications/SageMath-10-9.app/Contents/Frameworks/Sage.framework/Versions/10.9/local/bin/sage-env: line 466: /Users/zhou/.sage//R/Makevars.user: No such file or directory
Traceback (most recent call last):
  File "/Users/zhou/autoresearch/IntegerFactoring/experiments/F04_joint_matroid_reconstruct/src/benchmark_global_row.sage.py", line 6, in <module>
    from sage.all_cmdline import *   # import sage library
    ^^^^^^^^^^^^^^^^^^^^^^^^^^^^^^
  File "/var/tmp/sage-10.9-current/local/lib/python3.14/site-packages/sage/all_cmdline.py", line 17, in <module>
    from sage.all import *
  File "/var/tmp/sage-10.9-current/local/lib/python3.14/site-packages/sage/all.py", line 335, in <module>
    sage.misc.lazy_import.save_cache_file()
    ~~~~~~~~~~~~~~~~~~~~~~~~~~~~~~~~~~~~~^^
  File "sage/misc/lazy_import.pyx", line 1162, in sage.misc.lazy_import.save_cache_file
    with atomic_write(cache_file, binary=True) as f:
  File "/var/tmp/sage-10.9-current/local/lib/python3.14/site-packages/sage/misc/temporary_file.py", line 346, in __enter__
    fd, name = tempfile.mkstemp(dir=self.tmpdir)
               ~~~~~~~~~~~~~~~~^^^^^^^^^^^^^^^^^
  File "/var/tmp/sage-10.9-current/local/lib/python3.14/tempfile.py", line 358, in mkstemp
    return _mkstemp_inner(dir, prefix, suffix, flags, output_type)
  File "/var/tmp/sage-10.9-current/local/lib/python3.14/tempfile.py", line 257, in _mkstemp_inner
    fd = _os.open(file, flags, 0o600)
PermissionError: [Errno 1] Operation not permitted: '/Users/zhou/.sage/cache/tmprnca7tjp'
