{
  "cases": 35,
  "exact_point_checks": 10160,
  "runtime_seconds": 0.010938541003270075,
  "peak_rss_bytes": 17350656,
  "self_rows": [
    {
      "s": 3,
      "L": 8,
      "N": 159,
      "label": "h2_h2",
      "f": [
        1,
        0,
        2,
        1
      ],
      "g": [
        1,
        0,
        2,
        1
      ],
      "composite": [
        1,
        0,
        4,
        1
      ],
      "binomial_terms_modL": [
        4,
        4,
        4,
        1,
        1
      ],
      "Bcomposite": 6,
      "Bf": 4,
      "Bg": 4,
      "crosscarry_modL": 4,
      "crosscarry_v2": 2,
      "triple_xyz_modL2": 16,
      "pair_skew_exact": -16,
      "omission_changes_answer": true
    },
    {
      "s": 4,
      "L": 16,
      "N": 259,
      "label": "h2_h2",
      "f": [
        1,
        0,
        2,
        1
      ],
      "g": [
        1,
        0,
        2,
        1
      ],
      "composite": [
        1,
        0,
        4,
        1
      ],
      "binomial_terms_modL": [
        12,
        12,
        0,
        1,
        1
      ],
      "Bcomposite": 10,
      "Bf": 12,
      "Bg": 12,
      "crosscarry_modL": 0,
      "crosscarry_v2": 4,
      "triple_xyz_modL2": 64,
      "pair_skew_exact": 352,
      "omission_changes_answer": false
    },
    {
      "s": 5,
      "L": 32,
      "N": 827,
      "label": "h2_h2",
      "f": [
        1,
        0,
        2,
        1
      ],
      "g": [
        1,
        0,
        2,
        1
      ],
      "composite": [
        1,
        0,
        4,
        1
      ],
      "binomial_terms_modL": [
        4,
        4,
        20,
        17,
        17
      ],
      "Bcomposite": 30,
      "Bf": 20,
      "Bg": 20,
      "crosscarry_modL": 20,
      "crosscarry_v2": 2,
      "triple_xyz_modL2": 256,
      "pair_skew_exact": -1856,
      "omission_changes_answer": true
    },
    {
      "s": 6,
      "L": 64,
      "N": 1661,
      "label": "h2_h2",
      "f": [
        1,
        0,
        2,
        1
      ],
      "g": [
        1,
        0,
        2,
        1
      ],
      "composite": [
        1,
        0,
        4,
        1
      ],
      "binomial_terms_modL": [
        12,
        12,
        46,
        17,
        17
      ],
      "Bcomposite": 40,
      "Bf": 60,
      "Bg": 60,
      "crosscarry_modL": 46,
      "crosscarry_v2": 1,
      "triple_xyz_modL2": 1024,
      "pair_skew_exact": 18816,
      "omission_changes_answer": true
    },
    {
      "s": 7,
      "L": 128,
      "N": 2213,
      "label": "h2_h2",
      "f": [
        1,
        0,
        2,
        1
      ],
      "g": [
        1,
        0,
        2,
        1
      ],
      "composite": [
        1,
        0,
        4,
        1
      ],
      "binomial_terms_modL": [
        16,
        16,
        32,
        81,
        81
      ],
      "Bcomposite": 98,
      "Bf": 80,
      "Bg": 80,
      "crosscarry_modL": 32,
      "crosscarry_v2": 5,
      "triple_xyz_modL2": 4096,
      "pair_skew_exact": -36096,
      "omission_changes_answer": true
    },
    {
      "s": 8,
      "L": 256,
      "N": 6227,
      "label": "h2_h2",
      "f": [
        1,
        0,
        2,
        1
      ],
      "g": [
        1,
        0,
        2,
        1
      ],
      "composite": [
        1,
        0,
        4,
        1
      ],
      "binomial_terms_modL": [
        52,
        52,
        154,
        209,
        209
      ],
      "Bcomposite": 164,
      "Bf": 196,
      "Bg": 196,
      "crosscarry_modL": 154,
      "crosscarry_v2": 1,
      "triple_xyz_modL2": 16384,
      "pair_skew_exact": 288256,
      "omission_changes_answer": true
    },
    {
      "s": 9,
      "L": 512,
      "N": 13265,
      "label": "h2_h2",
      "f": [
        1,
        0,
        2,
        1
      ],
      "g": [
        1,
        0,
        2,
        1
      ],
      "composite": [
        1,
        0,
        4,
        1
      ],
      "binomial_terms_modL": [
        40,
        40,
        356,
        209,
        209
      ],
      "Bcomposite": 342,
      "Bf": 328,
      "Bg": 328,
      "crosscarry_modL": 356,
      "crosscarry_v2": 2,
      "triple_xyz_modL2": 65536,
      "pair_skew_exact": -1651712,
      "omission_changes_answer": true
    }
  ]
}
