TOTAL 34463 SMALL n^1:152 n^2:1927 n^3:20372 n^4:34463
BY_N 8:1/1 11:2/2 12:4/3 13:2/2 14:4/3 15:12/4 16:12/4 17:16/5 18:50/6 19:60/6 20:91/7 21:155/8 22:200/8 23:297/9 24:441/9 25:584/10 26:788/10 27:1165/11 28:1609/11 29:2642/12 30:3599/12 31:5161/13 32:7650/13 33:11184/14 34:15077/14 35:22186/15 36:31072/15 37:44937/16 38:61277/16 39:89005/17 40:124765/17 41:177590/18 42:250535/18 43:357769/19 44:502870/19 45:522514/19
RECORDS
11 19 N=209 n=8 B=16 H=13 K=1 same=0 c=1 ratio=0.0625
157 181 N=28417 n=15 B=128 H=222 K=1 same=1 c=12 ratio=0.09375
353 673 N=237569 n=18 B=512 H=464 K=1 same=0 c=50 ratio=0.0976562
373 733 N=273409 n=19 B=512 H=534 K=1 same=0 c=60 ratio=0.117188
1301 1597 N=2077697 n=21 B=1024 H=2029 K=1 same=1 c=155 ratio=0.151367
21397 24509 N=524419073 n=29 B=16384 H=32008 K=1 same=1 c=2486 ratio=0.151733
22247 23767 N=528744449 n=29 B=16384 H=32272 K=1 same=1 c=2642 ratio=0.161255
89381 95917 N=8573157377 n=33 B=65536 H=130816 K=1 same=1 c=11054 ratio=0.168671
91367 93911 N=8580366337 n=33 B=65536 H=130926 K=1 same=1 c=11184 ratio=0.170654
367721 373721 N=137425059841 n=37 B=262144 H=524235 K=1 same=1 c=44937 ratio=0.171421
TOP10
367721 373721 N=137425059841 n=37 B=262144 H=524235 K=1 same=1 c=44937 ratio=0.171421
91367 93911 N=8580366337 n=33 B=65536 H=130926 K=1 same=1 c=11184 ratio=0.170654
2897501 3034613 N=8792794202113 n=43 B=2097152 H=4192731 K=1 same=1 c=357769 ratio=0.170598
726779 754739 N=548528455681 n=39 B=524288 H=1046235 K=1 same=1 c=89005 ratio=0.169764
1467397 1493197 N=2191112798209 n=41 B=1048576 H=2089608 K=1 same=1 c=177590 ratio=0.169363
2872351 3057631 N=8782589460481 n=43 B=2097152 H=4187865 K=1 same=1 c=355035 ratio=0.169294
178909 191861 N=34325659649 n=35 B=131072 H=261884 K=1 same=1 c=22186 ratio=0.169266
2946331 2972947 N=8759285907457 n=43 B=2097152 H=4176753 K=1 same=1 c=354627 ratio=0.169099
355913 386041 N=137397010433 n=37 B=262144 H=524128 K=1 same=1 c=44318 ratio=0.16906
717259 764899 N=548630691841 n=39 B=524288 H=1046430 K=1 same=1 c=88560 ratio=0.168915
