MAX 27483 SMALL n^1:2002 n^2:21076 n^3:34463 n^4:34463
BY_N 8:0 11:0 12:0 13:0 14:1 15:2 16:1 17:1 18:2 19:4 20:5 21:10 22:13 23:20 24:20 25:28 26:50 27:54 28:120 29:120 30:208 31:193 32:394 33:375 34:903 35:866 36:1429 37:1651 38:3688 39:3226 40:7236 41:6794 42:13005 43:13982 44:27483 45:24586
RECORDS
p=101 q=109 N=11009 n=14 B=128 best=1 u=13 cs=[4,16,21,8,2,4,2,8,5,6,16,12,1,2]
p=151 q=167 N=25217 n=15 B=128 best=2 u=6 cs=[7,18,5,8,6,2,4,24,12,2,2,8,3,18,15]
p=631 q=839 N=529409 n=20 B=1024 best=3 u=11 cs=[71,86,71,132,8,26,85,32,174,32,3,68,4,180,72,16,35,24,129,128]
p=653 q=1093 N=713729 n=20 B=1024 best=4 u=11 cs=[25,38,18,124,65,72,224,48,105,126,4,68,37,4,5,16,24,104,33,88]
p=757 q=1373 N=1039361 n=20 B=1024 best=5 u=3 cs=[91,156,5,16,92,20,69,24,24,164,34,12,172,82,10,80,91,42,22,40]
p=827 q=1523 N=1259521 n=21 B=1024 best=10 u=2 cs=[96,10,200,12,17,12,146,48,106,10,43,48,171,56,36,16,79,108,91,40,10]
p=1693 q=1973 N=3340289 n=22 B=2048 best=13 u=1 cs=[13,52,108,92,50,18,112,232,297,200,77,72,247,426,369,192,41,84,183,256,170,74]
p=2281 q=3929 N=8962049 n=24 B=4096 best=18 u=9 cs=[74,38,165,152,180,342,119,608,18,720,231,636,461,358,562,128,587,26,387,104,180,106,49,32]
p=2473 q=2713 N=6709249 n=23 B=2048 best=20 u=3 cs=[138,298,20,104,29,26,253,280,21,38,248,104,137,88,30,128,464,84,20,152,133,128,218]
p=3863 q=6311 N=24379393 n=25 B=4096 best=26 u=17 cs=[107,38,264,152,345,342,350,608,266,720,79,636,32,358,67,128,26,26,91,104,284,106,553,32,831]
p=5227 q=6211 N=32464897 n=25 B=4096 best=28 u=4 cs=[547,60,317,28,652,138,106,112,701,160,49,252,483,126,148,448,278,36,191,640,129,110,178,600,36]
p=5333 q=9341 N=49815553 n=26 B=8192 best=32 u=20 cs=[401,694,162,1424,624,122,66,208,303,1616,603,488,670,34,200,832,211,1098,1013,32,147,226,50,1128,1112,214]
p=5563 q=10099 N=56180737 n=26 B=8192 best=34 u=25 cs=[612,1366,92,160,531,242,748,488,87,562,1691,252,37,1046,750,304,159,348,338,1180,238,60,1106,1008,34,148]
p=6679 q=7591 N=50700289 n=26 B=8192 best=50 u=11 cs=[111,444,804,628,230,390,1167,1616,940,334,50,212,152,92,189,64,283,852,1584,1172,457,200,635,848,520,150]
p=9467 q=17971 N=170131457 n=28 B=16384 best=56 u=19 cs=[670,494,1269,1976,880,3204,236,1392,421,114,382,176,2074,522,2469,1808,1025,1684,56,456,75,618,1082,704,3077,184,2514,844]
p=9743 q=18671 N=181911553 n=28 B=16384 best=61 u=7 cs=[927,866,1482,2740,132,1150,61,464,1478,346,3491,724,818,244,123,1856,668,2364,1702,364,549,96,1113,1560,1070,2802,212,524]
p=10039 q=16007 N=160694273 n=28 B=16384 best=120 u=5 cs=[146,170,183,680,120,732,763,296,1647,480,1078,1596,169,2226,1080,1184,2669,198,2565,1920,1050,3884,716,2160,2215,454,2831,912]
p=18143 q=29983 N=543981569 n=30 B=32768 best=130 u=9 cs=[1243,598,2832,2392,3225,5172,1649,4504,130,2278,193,232,680,1546,2749,1664,6014,520,6059,724,2628,772,393,376,646,2720,489,6184,864,5748]
p=19861 q=38333 N=761331713 n=30 B=32768 best=151 u=5 cs=[2192,2362,2920,4460,151,226,1502,1776,7030,604,1438,340,821,6008,1359,2800,1124,168,3596,1588,3860,2890,183,1128,1230,3284,4958,232,1038,570]
p=26083 q=34763 N=906723329 n=30 B=32768 best=171 u=15 cs=[407,1628,2322,1468,200,2682,5978,5872,2428,514,2642,3956,2377,696,171,224,537,1030,636,572,2594,5430,4037,1568,1570,4158,5739,2784,643,684]
p=27011 q=27947 N=754876417 n=30 B=32768 best=208 u=6 cs=[847,3388,6840,4008,1053,208,225,2352,4448,3754,843,832,813,900,2472,2192,217,1872,2267,916,912,1046,514,3328,4137,2474,232,316,830,3670]
p=36529 q=64081 N=2340814849 n=32 B=65536 best=216 u=9 cs=[644,334,1431,1336,1550,3006,1001,5344,216,6200,2101,5436,4654,4004,7875,1904,11764,864,11324,4300,9009,8404,5775,11552,1904,13634,1299,9748,3834,6092,5701,3104]
p=37589 q=71293 N=2679832577 n=32 B=65536 best=257 u=23 cs=[2455,1694,4824,6776,3805,13680,377,8016,2224,2106,683,416,4246,450,8256,4704,8065,8896,2219,7508,456,1686,257,1664,4358,1626,11847,1800,10874,4944,3983,4384]
p=37871 q=64271 N=2434007041 n=32 B=65536 best=394 u=2 cs=[534,394,1011,1576,700,3546,399,3816,2286,2800,4961,996,8021,1596,6300,4976,3791,9144,494,11200,3591,7986,8464,3984,14125,800,12478,5428,6979,9268,2268,12320]
p=70111 q=125471 N=8796897281 n=34 B=131072 best=544 u=24 cs=[2605,782,6642,3128,9115,7038,10024,12512,9369,19550,7150,26748,2694,25732,1109,18304,3348,11246,4023,5752,3134,1822,681,544,3336,1346,8917,584,15295,1742,17788,5632,18717,11086]
p=76883 q=128987 N=9916907521 n=34 B=131072 best=638 u=29 cs=[862,722,1503,2888,700,6012,1547,5128,5238,2800,10373,972,10153,6188,6300,12848,1003,16578,5738,11200,13923,4378,23552,3888,17500,13598,9153,24752,638,25200,11873,14784,22219,3406]
p=98947 q=154667 N=15303835649 n=34 B=131072 best=687 u=33 cs=[5783,23132,15959,720,2953,4940,9694,2264,10249,11812,790,1236,8304,27124,12714,1232,1316,12966,18907,5140,4232,2038,6675,4944,8340,15602,6997,728,3113,18520,22109,4928,687,5264]
p=101111 q=153287 N=15499001857 n=34 B=131072 best=757 u=13 cs=[5078,20312,20246,3616,2858,824,9771,7992,3562,11432,8633,1140,757,9782,25722,12944,1775,762,9905,21880,11539,1026,3435,4312,8872,3028,9543,13348,4128,1580,2868,17472,24360,7100]
p=118457 q=120713 N=14299299841 n=34 B=131072 best=903 u=13 cs=[997,3988,8973,15952,24925,26262,19107,11088,5063,1032,1005,1048,903,4848,10787,15952,16384,14822,11193,4128,943,4020,5103,4192,1287,3578,7044,8516,7994,5478,968,4928,9045,11168]
p=147709 q=253013 N=37372297217 n=36 B=262144 best=904 u=29 cs=[3986,2318,8481,9272,8340,20862,3563,35960,5850,33360,19899,26124,38584,14252,56578,1792,45022,13922,26079,21416,11772,24274,2101,20504,2934,8656,3333,1444,904,1132,9777,928,15893,7624,16010,18956]
p=163127 q=247943 N=40446197761 n=36 B=262144 best=1312 u=18 cs=[5364,6946,5673,27784,7910,22692,35385,2472,51057,26766,16411,42872,6950,18244,16419,1520,8731,1312,1356,9748,2449,15578,20146,5136,41146,19198,24067,53684,5187,32582,24434,6080,25866,6530,6001,5248]
p=166207 q=255679 N=42495639553 n=36 B=262144 best=1424 u=30 cs=[2366,3466,1899,11996,5500,7596,19831,3736,17091,22000,1826,30384,20371,11186,47475,14944,24344,48006,5719,41300,39761,6158,47345,23184,15004,45594,10405,20052,28882,1424,21302,15968,3759,18754,6852,5144]
p=207257 q=268969 N=55745708033 n=36 B=262144 best=1429 u=1 cs=[1429,5716,7614,4436,1600,10494,22246,17744,7101,6400,22759,39924,24674,6566,14400,38224,51119,28404,2831,23564,47162,44092,19385,2464,21455,37588,27006,9764,4620,16146,24814,13120,3343,3576,7637,7604]
p=257689 q=427433 N=110144782337 n=37 B=262144 best=1449 u=3 cs=[1646,2326,1449,8516,3400,5796,12901,1576,13041,13600,3146,23184,11401,10766,30600,6304,21284,28026,1691,34700,22554,12584,51014,14184,26375,45604,2916,43064,36859,10816,56270,21152,22173,48468,7272,30632,32065]
p=267727 q=446767 N=119611588609 n=37 B=262144 best=1651 u=1 cs=[1651,4562,1890,4084,13360,7560,2737,16336,17010,2390,15532,30240,11297,10948,36495,23984,2584,32454,40451,9560,24633,60698,25484,12464,48167,36418,1736,29644,42515,12156,14901,38656,18796,3938,23370,21656,3245]
p=278879 q=547487 N=152682627073 n=38 B=524288 best=2175 u=23 cs=[10859,2962,28134,11848,39485,26658,44912,47392,44415,74050,37994,94188,18940,89152,3739,74912,5538,45398,8891,21808,6320,4142,2175,7600,16594,13418,36937,13312,63204,7282,95395,4672,107769,22152,90579,31820,60674,35564]
p=304867 q=511691 N=155997700097 n=38 B=524288 best=3348 u=12 cs=[5272,4106,9657,16424,5830,36954,6209,35080,26460,23320,54923,3348,72163,24836,52470,61232,24565,105840,11552,93280,54870,51228,87775,9832,96895,23352,55220,48324,21757,65084,3494,47552,20533,22022,29360,4704,28224,4402]
p=353443 q=421643 N=149026766849 n=38 B=524288 best=3688 u=31 cs=[33448,71498,4850,34504,4101,4106,54583,89400,8391,5722,33458,16424,56327,59488,3720,14848,79229,33564,28110,21364,9163,27206,128948,28328,8105,22358,30258,31352,76055,14880,3688,59392,59565,14276,31374,6780,7269,88214]
p=580577 q=1091617 N=633767723009 n=40 B=1048576 best=4336 u=25 cs=[19210,9242,43767,36968,49840,83178,37429,147872,6534,199360,42845,183780,96761,110814,122992,50784,130739,9238,110795,13824,53934,18402,15557,4496,4336,27894,5745,77804,11330,94528,46889,92768,100932,72524,173459,33796,245359,18414,170111,55296]
p=613013 q=1024189 N=627841171457 n=40 B=1048576 best=4500 u=12 cs=[10130,8254,18009,33016,9380,72036,15757,63032,57402,37520,115555,4500,126815,63028,84420,138064,25517,209358,49894,150080,141813,70908,217571,14248,168815,82896,84034,135036,15761,146298,36004,78400,71261,27010,90010,7872,54006,26246,19499,28112]
p=613759 q=1073791 N=659048890369 n=40 B=1048576 best=7236 u=12 cs=[10456,8606,18459,34424,9250,73836,17171,64024,60804,37000,121649,7236,128089,68684,83250,147344,21199,210654,58064,148000,151488,60656,216743,21208,153415,85860,72154,133300,8105,128598,38732,65152,68357,18918,80770,10104,39650,21914,11231,16512]
p=1114697 q=2002937 N=2232667865089 n=42 B=2097152 best=7482 u=22 cs=[44137,11882,114588,47528,161275,106938,184198,190112,183357,297050,158752,365700,78620,343476,18511,292224,17834,173546,30415,78632,19232,7482,15715,39904,74426,63526,156901,63384,263140,39478,393143,8192,465033,71336,355561,108380,236184,121660,140571,111176,68722,76928]
p=1139989 q=1950269 N=2223285207041 n=42 B=2097152 best=9879 u=11 cs=[67039,25610,162702,102440,207145,230490,200368,321544,83488,273880,9879,159560,12510,15898,16321,76544,96372,117766,227643,107768,410134,39516,405917,30872,214256,50040,73815,17988,15406,65284,53407,199776,40188,385488,24251,432372,96643,243932,112590,106712,77317,20712]
p=1287061 q=2133949 N=2746522533889 n=42 B=2097152 best=10361 u=13 cs=[14214,16738,17535,66952,12620,70140,76251,26568,157815,50480,100826,161004,10361,210154,113580,106272,270997,31086,237253,201920,86478,403304,97773,239112,315500,41444,426816,189700,208236,408774,24173,332000,223106,113008,388563,72508,215119,224548,43020,282160,95603,123478]
p=1385621 q=2524861 N=3498500423681 n=42 B=2097152 best=11085 u=15 cs=[145115,274958,14533,137968,12566,16750,336296,220760,18474,32522,136747,67000,300318,75888,11085,236512,227428,73896,117019,35484,74144,474002,127394,31528,99780,113356,166266,303508,28831,44340,325988,141952,111089,64058,36232,153708,425038,56198,22412,141936,67795,227598]
p=1504543 q=2508511 N=3774162665473 n=42 B=2097152 best=13005 u=25 cs=[116241,357754,131417,58864,16663,112982,17176,235456,224778,14062,35828,290076,308134,23378,28896,138976,137645,85034,211348,56248,16461,143312,511528,133744,13005,72728,229990,90652,127277,115584,40626,24672,322452,272234,31010,22268,246008,249348,15082,97864,36667,65844]
p=1960067 q=2598443 N=5093122375681 n=43 B=2097152 best=13982 u=30 cs=[32768,131072,116343,24052,133775,357138,313558,87768,130637,283506,218378,59496,33850,61660,16943,16880,14833,112082,232596,141360,15412,237720,518369,237984,18524,135400,223788,109284,14883,13982,22689,67520,36862,59332,221062,292428,136711,84542,304650,354440,133925,21054,110497]
p=2302217 q=3849529 N=8862451105793 n=44 B=4194304 best=15189 u=11 cs=[155531,67426,365454,269704,440525,606834,280953,561704,65456,365000,15189,23560,39018,199582,228077,287872,551988,241310,788332,33108,543486,60756,172273,19768,64088,156072,165597,466764,132254,912308,29618,675040,136701,290608,108932,41028,53689,73700,351162,53576,769376,101400,776216,243024]
p=2350993 q=4112753 N=9669053513729 n=44 B=4194304 best=15877 u=41 cs=[35840,19742,77907,78968,80490,177678,43589,315872,32796,321960,148665,267900,304018,174356,498855,41328,653191,131184,542488,343180,392301,594660,202630,885624,26525,884488,267087,583636,466646,322268,626721,100384,747312,82016,511600,224932,306875,328364,141634,392312,15877,352386,70396,204304]
p=2416487 q=4115543 N=9945156157441 n=44 B=4194304 best=18165 u=7 cs=[33384,23986,64173,95944,46990,215874,18165,246312,131292,187960,292391,81636,501462,72660,422910,274928,275417,525168,79952,751840,163485,563178,454894,326544,794275,41938,918796,262132,557929,520252,245034,730400,19889,623854,236840,352128,405819,128374,526826,47408,365242,175218,182657,255056]
p=2461457 q=4276721 N=10526964842497 n=44 B=4194304 best=27080 u=5 cs=[34050,28634,59199,114536,27080,236796,62307,201192,208962,108320,412885,41820,397345,249228,243720,513904,32827,647658,235334,433280,560763,161634,943460,167280,677000,529860,304924,815020,34019,678882,315694,343424,540101,65234,602469,155688,327764,319342,110327,425728,49842,257944,152743,101260]
p=2644573 q=4278773 N=11315527548929 n=44 B=4194304 best=27483 u=3 cs=[31210,44098,27483,161484,64440,109932,244559,29816,247347,257760,59774,439728,215995,204330,579960,119264,403852,531054,32433,658340,427182,239096,967794,268344,493814,786054,45763,632108,497144,140356,715436,263200,271509,578560,84222,347696,351757,39790,368917,179920,108836,311434,63049,122916]
TOP10
p=2644573 q=4278773 N=11315527548929 n=44 B=4194304 best=27483 u=3 cs=[31210,44098,27483,161484,64440,109932,244559,29816,247347,257760,59774,439728,215995,204330,579960,119264,403852,531054,32433,658340,427182,239096,967794,268344,493814,786054,45763,632108,497144,140356,715436,263200,271509,578560,84222,347696,351757,39790,368917,179920,108836,311434,63049,122916]
p=2461457 q=4276721 N=10526964842497 n=44 B=4194304 best=27080 u=5 cs=[34050,28634,59199,114536,27080,236796,62307,201192,208962,108320,412885,41820,397345,249228,243720,513904,32827,647658,235334,433280,560763,161634,943460,167280,677000,529860,304924,815020,34019,678882,315694,343424,540101,65234,602469,155688,327764,319342,110327,425728,49842,257944,152743,101260]
p=2643343 q=4270447 N=11288256184321 n=44 B=4194304 best=24975 u=3 cs=[28156,39662,24975,145924,57530,99900,219359,25448,224775,230120,56584,399600,190931,188566,517770,101792,370498,471474,37297,602380,375228,226336,867077,229032,465325,763724,32886,729604,549054,178276,849294,293728,340809,686408,88352,453392,438189,67074,516025,239920,172550,467590,91601,228076]
p=3391697 q=6068273 N=20581743329281 n=45 B=4194304 best=24586 u=9 cs=[358596,170830,608060,209412,42407,198372,181586,837648,24586,169628,37547,449188,392168,343398,162144,38464,429431,78666,747024,46564,29661,150188,464686,473488,153830,39782,44241,735584,81503,439038,42620,153856,337923,395296,459823,39356,157674,25076,824714,186256,206146,36418,202957,600752,172125]
p=2645827 q=4105579 N=10862651768833 n=44 B=4194304 best=23906 u=38 cs=[32756,46426,28629,169196,68350,114516,258181,33016,257661,273400,59576,458064,231361,209426,615150,132064,416534,566406,24491,680900,460404,238304,1002524,288144,453814,757194,57535,576612,476032,115816,642152,252128,231909,527220,85482,290744,310021,23906,292321,150080,76036,231214,47397,70908]
p=3554893 q=4008581 N=14250076536833 n=44 B=4194304 best=23074 u=26 cs=[28313,113252,254817,289884,220790,95070,87276,326248,621846,883160,660033,335396,32364,214042,403822,536976,423509,217884,68885,23488,59235,38356,38176,89768,84734,23074,95212,270124,501662,587560,428493,212800,59519,379990,633830,831044,545225,275540,62481,93952,193759,236940,179024,63372]
p=2599907 q=4125131 N=10724956962817 n=44 B=4194304 best=22728 u=8 cs=[26295,33166,29136,132664,34355,116544,164178,22728,262224,137420,138083,363900,52390,311710,309195,90912,543609,196218,292486,549680,24969,552332,408756,204552,858875,209560,492345,690004,47908,838410,442480,325408,870889,139008,540283,537092,106192,696886,261567,293120,562994,44314,421776,315416]
p=3104533 q=3340349 N=10370223702017 n=44 B=4194304 best=22574 u=5 cs=[221876,820406,360010,30584,22574,409942,323235,122336,237896,60646,142657,219084,559534,227482,23247,169776,806551,454442,34995,59300,527357,570628,32069,112344,186995,301224,31664,345156,186594,92988,71182,639136,502380,54080,49532,488736,756998,139980,33286,237200,506285,164712,177272,75504]
p=3660359 q=5615479 N=20554669096961 n=45 B=4194304 best=22352 u=8 cs=[180919,344214,26436,731472,466258,32698,169816,22352,30261,444712,458090,130792,585947,234114,31310,65104,165101,121044,769027,425184,158277,379900,62492,30600,360546,247328,272349,890300,224689,125240,111590,48608,153032,660404,269033,346476,562951,84716,31681,172520,99186,335986,855119,152644,281790]
p=3541823 q=3630271 N=12857777324033 n=44 B=4194304 best=21887 u=7 cs=[87743,350972,789687,732136,305309,53968,21887,77744,352861,642562,580506,215872,23581,87548,23971,310976,426486,352542,82661,144904,196983,73576,164530,254184,168352,92966,310001,350192,205362,47890,125656,27936,245270,518872,547175,266340,24976,40902,68706,353800,771517,688506,283544,54068]
