THRESH n^1 MIN 0.000164609 BY_N 8:0.0234375 11:0.0135237 12:0.015625 13:0.013655 14:0.0120262 15:0.0106667 16:0.012207 17:0.00915937 18:0.00737311 19:0.00845604 20:0.008875 21:0.00734262 22:0.00619835 23:0.00616421 24:0.00607639 25:0.005376 26:0.00449477 27:0.00391201 28:0.00428207 29:0.00373119 30:0.00351852 31:0.00325602 32:0.00314331 33:0.00286613 34:0.00241706 35:0.00242566 36:0.00175754 37:0.00153989 38:0.00111168 39:0.00112949 40:0.000609375 41:0.000565865 42:0.000296944 43:0.00030186 44:0.000176089 45:0.000164609
RECORDS
11 19 N=209 n=8 B=16 hits=12/512 fraction=0.0234375
29 53 N=1537 n=11 B=32 hits=18/1331 fraction=0.0135237
101 109 N=11009 n=14 B=128 hits=33/2744 fraction=0.0120262
139 163 N=22657 n=15 B=128 hits=36/3375 fraction=0.0106667
211 347 N=73217 n=17 B=256 hits=45/4913 fraction=0.00915937
421 557 N=234497 n=18 B=512 hits=43/5832 fraction=0.00737311
887 1607 N=1425409 n=21 B=1024 hits=68/9261 fraction=0.00734262
1427 2203 N=3143681 n=22 B=2048 hits=66/10648 fraction=0.00619835
2531 3019 N=7641089 n=23 B=2048 hits=75/12167 fraction=0.00616421
3037 5237 N=15904769 n=24 B=4096 hits=84/13824 fraction=0.00607639
3463 6199 N=21467137 n=25 B=4096 hits=89/15625 fraction=0.005696
3863 6311 N=24379393 n=25 B=4096 hits=88/15625 fraction=0.005632
4231 5431 N=22978561 n=25 B=4096 hits=85/15625 fraction=0.00544
4813 6661 N=32059393 n=25 B=4096 hits=84/15625 fraction=0.005376
5101 8677 N=44261377 n=26 B=8192 hits=93/17576 fraction=0.00529131
5197 9349 N=48586753 n=26 B=8192 hits=89/17576 fraction=0.00506372
5519 10607 N=58540033 n=26 B=8192 hits=79/17576 fraction=0.00449477
6577 12113 N=79667201 n=27 B=8192 hits=88/19683 fraction=0.00447086
8011 12899 N=103333889 n=27 B=8192 hits=77/19683 fraction=0.00391201
19037 23029 N=438403073 n=29 B=16384 hits=91/24389 fraction=0.00373119
21817 35081 N=765362177 n=30 B=32768 hits=100/27000 fraction=0.0037037
22859 26723 N=610861057 n=30 B=32768 hits=96/27000 fraction=0.00355556
24169 37337 N=902397953 n=30 B=32768 hits=95/27000 fraction=0.00351852
28537 51913 N=1481441281 n=31 B=32768 hits=104/29791 fraction=0.00349099
29723 50707 N=1507164161 n=31 B=32768 hits=103/29791 fraction=0.00345742
30703 38671 N=1187315713 n=31 B=32768 hits=97/29791 fraction=0.00325602
47149 87973 N=4147838977 n=32 B=65536 hits=103/32768 fraction=0.00314331
56009 89977 N=5039521793 n=33 B=65536 hits=111/35937 fraction=0.00308874
64453 117517 N=7574323201 n=33 B=65536 hits=110/35937 fraction=0.00306091
66343 81047 N=5376901121 n=33 B=65536 hits=109/35937 fraction=0.00303309
70379 132547 N=9328525313 n=34 B=131072 hits=116/39304 fraction=0.00295135
71843 88843 N=6382747649 n=33 B=65536 hits=103/35937 fraction=0.00286613
79627 154787 N=12325224449 n=34 B=131072 hits=106/39304 fraction=0.00269693
94009 184073 N=17304518657 n=35 B=131072 hits=111/42875 fraction=0.00258892
119417 128969 N=15401091073 n=34 B=131072 hits=101/39304 fraction=0.00256971
125197 134597 N=16851140609 n=34 B=131072 hits=95/39304 fraction=0.00241706
135581 261301 N=35427450881 n=36 B=262144 hits=105/46656 fraction=0.00225051
135979 267139 N=36325294081 n=36 B=262144 hits=101/46656 fraction=0.00216478
140411 268979 N=37767610369 n=36 B=262144 hits=96/46656 fraction=0.00205761
142871 256423 N=36635410433 n=36 B=262144 hits=92/46656 fraction=0.00197188
151597 294821 N=44693979137 n=36 B=262144 hits=89/46656 fraction=0.00190758
176849 321073 N=56781438977 n=36 B=262144 hits=83/46656 fraction=0.00177898
186191 253871 N=47268495361 n=36 B=262144 hits=82/46656 fraction=0.00175754
189473 368609 N=69841453057 n=37 B=262144 hits=89/50653 fraction=0.00175705
249811 417883 N=104391770113 n=37 B=262144 hits=78/50653 fraction=0.00153989
262543 523631 N=137475653633 n=38 B=524288 hits=81/54872 fraction=0.00147616
267587 532331 N=142444855297 n=38 B=524288 hits=66/54872 fraction=0.0012028
294169 495401 N=145731616769 n=38 B=524288 hits=62/54872 fraction=0.0011299
315067 542323 N=170868080641 n=38 B=524288 hits=61/54872 fraction=0.00111168
533893 1051469 N=561371938817 n=40 B=1048576 hits=58/64000 fraction=0.00090625
559067 1055827 N=590278033409 n=40 B=1048576 hits=49/64000 fraction=0.000765625
604589 954917 N=577332314113 n=40 B=1048576 hits=48/64000 fraction=0.00075
607417 1147273 N=696873123841 n=40 B=1048576 hits=45/64000 fraction=0.000703125
624791 1210151 N=756091453441 n=40 B=1048576 hits=43/64000 fraction=0.000671875
747953 1130321 N=845426982913 n=40 B=1048576 hits=39/64000 fraction=0.000609375
897499 1368659 N=1228370083841 n=41 B=1048576 hits=41/68921 fraction=0.000594884
1006781 1212053 N=1220271931393 n=41 B=1048576 hits=39/68921 fraction=0.000565865
1061623 2109127 N=2239097733121 n=42 B=2097152 hits=36/74088 fraction=0.000485909
1098191 2008367 N=2205570564097 n=42 B=2097152 hits=33/74088 fraction=0.000445416
1117609 2221721 N=2483015385089 n=42 B=2097152 hits=32/74088 fraction=0.000431919
1119611 2195891 N=2458543718401 n=42 B=2097152 hits=29/74088 fraction=0.000391426
1281773 1769189 N=2267698692097 n=42 B=2097152 hits=28/74088 fraction=0.000377929
1338749 2438101 N=3264005275649 n=42 B=2097152 hits=24/74088 fraction=0.000323939
1524247 1578407 N=2405882134529 n=42 B=2097152 hits=22/74088 fraction=0.000296944
2117903 4226543 N=8951408099329 n=44 B=4194304 hits=22/85184 fraction=0.000258264
2225771 4326979 N=9630864375809 n=44 B=4194304 hits=21/85184 fraction=0.000246525
2249609 4330169 N=9741187153921 n=44 B=4194304 hits=17/85184 fraction=0.000199568
2314843 4558291 N=10551728013313 n=44 B=4194304 hits=15/85184 fraction=0.000176089
3104683 5808899 N=18034789974017 n=45 B=4194304 hits=16/91125 fraction=0.000175583
3877259 7484963 N=29021140156417 n=45 B=4194304 hits=15/91125 fraction=0.000164609
THRESH n^2 MIN 0.0108002 BY_N 8:0.0625 11:0.0458302 12:0.0555556 13:0.0473373 14:0.058309 15:0.0497778 16:0.060791 17:0.0557704 18:0.0694444 19:0.0619624 20:0.07925 21:0.0709427 22:0.0873403 23:0.0821073 24:0.100767 25:0.094656 26:0.106623 27:0.0984098 28:0.106915 29:0.0942228 30:0.105704 31:0.103454 32:0.100525 33:0.101205 34:0.0839864 35:0.0789738 36:0.0674511 37:0.0574497 38:0.0455241 39:0.043932 40:0.028875 41:0.0275533 42:0.0180056 43:0.0183757 44:0.0108002 45:0.0117092
RECORDS
11 19 N=209 n=8 B=16 hits=32/512 fraction=0.0625
29 53 N=1537 n=11 B=32 hits=61/1331 fraction=0.0458302
375593 725273 N=272407461889 n=38 B=524288 hits=2498/54872 fraction=0.0455241
533893 1051469 N=561371938817 n=40 B=1048576 hits=2161/64000 fraction=0.0337656
542093 1017157 N=551393689601 n=40 B=1048576 hits=2126/64000 fraction=0.0332187
568987 1083283 N=616373944321 n=40 B=1048576 hits=2094/64000 fraction=0.0327187
637723 1189651 N=758667804673 n=40 B=1048576 hits=1848/64000 fraction=0.028875
897499 1368659 N=1228370083841 n=41 B=1048576 hits=1921/68921 fraction=0.0278725
903323 1629587 N=1472043417601 n=41 B=1048576 hits=1899/68921 fraction=0.0275533
1053691 2096947 N=2209534181377 n=42 B=2097152 hits=1604/74088 fraction=0.0216499
1054931 2096987 N=2212176592897 n=42 B=2097152 hits=1509/74088 fraction=0.0203677
1107031 2115431 N=2341847695361 n=42 B=2097152 hits=1376/74088 fraction=0.0185725
1281773 1769189 N=2267698692097 n=42 B=2097152 hits=1374/74088 fraction=0.0185455
1452853 2166557 N=3147688837121 n=42 B=2097152 hits=1334/74088 fraction=0.0180056
2109617 4200529 N=8861507387393 n=44 B=4194304 hits=1072/85184 fraction=0.0125845
2231011 4295371 N=9583019950081 n=44 B=4194304 hits=1063/85184 fraction=0.0124789
2352247 3749191 N=8819023282177 n=44 B=4194304 hits=1032/85184 fraction=0.012115
2598601 3625849 N=9422134837249 n=44 B=4194304 hits=1011/85184 fraction=0.0118684
2656391 4832567 N=12837187485697 n=44 B=4194304 hits=920/85184 fraction=0.0108002
THRESH n^3 MIN 0.154771 BY_N 8:0.175781 11:0.154771 12:0.19213 13:0.170687 14:0.215743 15:0.19437 16:0.25 17:0.227967 18:0.295782 19:0.27278 20:0.357 21:0.332469 22:0.437923 23:0.408235 24:0.543547 25:0.511488 26:0.675523 27:0.642991 28:0.862108 29:0.815286 30:0.99763 31:0.994361 32:1 33:1 34:0.997507 35:0.9993 36:0.938679 37:0.962747 38:0.644445 39:0.803351 40:0.25 41:0.597423 42:0.364243 43:0.357402 44:0.269745 45:0.266239
RECORDS
11 19 N=209 n=8 B=16 hits=90/512 fraction=0.175781
29 53 N=1537 n=11 B=32 hits=206/1331 fraction=0.154771
LOW10
3877259 7484963 N=29021140156417 n=45 B=4194304 hits=15/91125 fraction=0.000164609
3898463 6938527 N=27049590784001 n=45 B=4194304 hits=16/91125 fraction=0.000175583
3277691 6120371 N=20060684943361 n=45 B=4194304 hits=16/91125 fraction=0.000175583
3390641 5835857 N=19787296014337 n=45 B=4194304 hits=16/91125 fraction=0.000175583
3104683 5808899 N=18034789974017 n=45 B=4194304 hits=16/91125 fraction=0.000175583
2486041 4848937 N=12054656188417 n=44 B=4194304 hits=15/85184 fraction=0.000176089
2314843 4558291 N=10551728013313 n=44 B=4194304 hits=15/85184 fraction=0.000176089
2744129 3322049 N=9116131000321 n=44 B=4194304 hits=15/85184 fraction=0.000176089
3969871 7644079 N=30346007543809 n=45 B=4194304 hits=17/91125 fraction=0.000186557
3911767 6830951 N=26721088700417 n=45 B=4194304 hits=17/91125 fraction=0.000186557
