{
  "cases": 12,
  "runtime_seconds": 0.06568450000486337,
  "peak_rss_bytes": 17858560,
  "taylor": [
    [
      32,
      "rational_far",
      13,
      338
    ],
    [
      32,
      "rational_very_far",
      3,
      18
    ],
    [
      32,
      "cached_near",
      null,
      null
    ],
    [
      32,
      "cached_far",
      null,
      null
    ],
    [
      32,
      "rational_far",
      13,
      338
    ],
    [
      32,
      "rational_very_far",
      3,
      18
    ],
    [
      32,
      "cached_near",
      null,
      null
    ],
    [
      32,
      "cached_far",
      null,
      null
    ],
    [
      64,
      "rational_far",
      16,
      512
    ],
    [
      64,
      "rational_very_far",
      3,
      18
    ],
    [
      128,
      "rational_far",
      18,
      648
    ],
    [
      128,
      "rational_very_far",
      3,
      18
    ]
  ]
}
