preflight cpu_count=32 load_one=57.74 memory_available_kib=385787972 disk_available_kib=22583356
python=3.12.3 | packaged by Anaconda, Inc. | (main, May  6 2024, 19:46:43) [GCC 11.2.0]
sympy=1.14.0
   PID   PPID %CPU %MEM   RSS     ELAPSED COMMAND
  2487    975  2.0  0.0 10768       00:01 sshd
   960      1  1.9  0.0 17644    05:34:25 supervisord
     1      0  0.0  0.0  3332    05:34:27 bash
   975    960  0.0  0.0  9464    05:34:24 sshd
   978    960  0.0  0.0 99580    05:34:24 jupyter-lab
   979    960  0.0  0.0 17716    05:34:24 proxy
   980    960  0.0  0.0 85116    05:34:24 autopanel
   981    960  0.0  0.0 79792    05:34:24 tensorboard
   984    960  0.0  0.0 17564    05:34:24 proxy
  1066    981  0.0  0.0  8408    05:34:23 server
  2498   2487  0.0  0.0  3292       00:01 bash
  2500   2498  0.0  0.0   260       00:01 bash
  2502   2500  0.0  0.0  1096       00:01 tee
  2512   2498  0.0  0.0  1588       00:00 ps
{"arguments": {"holdout_count": 1000, "output": "/root/IntegerFactoring_F210/F210-D01/output/F210-D01.json", "rows": "/root/IntegerFactoring_F210/F210-D01/output/F210-D01.rows.jsonl.gz", "small_p_limit": 500, "train_count": 2000}, "event": "start", "pair_hashes": {"holdout": "3f78983e876a78f00f0f48c0abe126f75971a3cfd6996cba0cf50baaf65f4715", "small_exhaustive": "d1329f7c4efe1337b4cf923cb960520ff71bb828fce963d9aa427ebe72c6f05e", "train": "c31c98809eaa286536a67ae03e0bef13c84844e099c06346bb161f647df4c39d"}, "python": "3.12.3 | packaged by Anaconda, Inc. | (main, May  6 2024, 19:46:43) [GCC 11.2.0]", "run_id": "F210-D01", "source_sha256": "32d0b4f8ad5141433e7f6d547242620df421f53702ade39d27587ba2079e5648", "sympy": "1.14.0"}
{"event": "progress", "split": "train", "pairs_completed": 100, "pairs_total": 2000, "stage_rows": 565, "elapsed_seconds": 1.476}
{"event": "progress", "split": "train", "pairs_completed": 200, "pairs_total": 2000, "stage_rows": 1133, "elapsed_seconds": 3.107}
{"event": "progress", "split": "train", "pairs_completed": 300, "pairs_total": 2000, "stage_rows": 1704, "elapsed_seconds": 4.842}
{"event": "progress", "split": "train", "pairs_completed": 400, "pairs_total": 2000, "stage_rows": 2278, "elapsed_seconds": 6.466}
{"event": "progress", "split": "train", "pairs_completed": 500, "pairs_total": 2000, "stage_rows": 2846, "elapsed_seconds": 8.307}
{"event": "progress", "split": "train", "pairs_completed": 600, "pairs_total": 2000, "stage_rows": 3416, "elapsed_seconds": 9.926}
{"event": "progress", "split": "train", "pairs_completed": 700, "pairs_total": 2000, "stage_rows": 3981, "elapsed_seconds": 11.517}
{"event": "progress", "split": "train", "pairs_completed": 800, "pairs_total": 2000, "stage_rows": 4550, "elapsed_seconds": 13.442}
{"event": "progress", "split": "train", "pairs_completed": 900, "pairs_total": 2000, "stage_rows": 5115, "elapsed_seconds": 15.073}
{"event": "progress", "split": "train", "pairs_completed": 1000, "pairs_total": 2000, "stage_rows": 5675, "elapsed_seconds": 17.06}
{"event": "progress", "split": "train", "pairs_completed": 1100, "pairs_total": 2000, "stage_rows": 6240, "elapsed_seconds": 18.631}
{"event": "progress", "split": "train", "pairs_completed": 1200, "pairs_total": 2000, "stage_rows": 6816, "elapsed_seconds": 20.258}
{"event": "progress", "split": "train", "pairs_completed": 1300, "pairs_total": 2000, "stage_rows": 7375, "elapsed_seconds": 22.317}
{"event": "progress", "split": "train", "pairs_completed": 1400, "pairs_total": 2000, "stage_rows": 7944, "elapsed_seconds": 23.893}
{"event": "progress", "split": "train", "pairs_completed": 1500, "pairs_total": 2000, "stage_rows": 8518, "elapsed_seconds": 25.498}
{"event": "progress", "split": "train", "pairs_completed": 1600, "pairs_total": 2000, "stage_rows": 9083, "elapsed_seconds": 27.036}
{"event": "progress", "split": "train", "pairs_completed": 1700, "pairs_total": 2000, "stage_rows": 9657, "elapsed_seconds": 29.283}
{"event": "progress", "split": "train", "pairs_completed": 1800, "pairs_total": 2000, "stage_rows": 10231, "elapsed_seconds": 30.697}
{"event": "progress", "split": "train", "pairs_completed": 1900, "pairs_total": 2000, "stage_rows": 10792, "elapsed_seconds": 32.211}
{"event": "progress", "split": "train", "pairs_completed": 2000, "pairs_total": 2000, "stage_rows": 11357, "elapsed_seconds": 33.783}
{"event": "progress", "split": "holdout", "pairs_completed": 100, "pairs_total": 1000, "stage_rows": 863, "elapsed_seconds": 5.075}
{"event": "progress", "split": "holdout", "pairs_completed": 200, "pairs_total": 1000, "stage_rows": 1729, "elapsed_seconds": 9.389}
{"event": "progress", "split": "holdout", "pairs_completed": 300, "pairs_total": 1000, "stage_rows": 2598, "elapsed_seconds": 13.753}
{"event": "progress", "split": "holdout", "pairs_completed": 400, "pairs_total": 1000, "stage_rows": 3468, "elapsed_seconds": 19.195}
{"event": "progress", "split": "holdout", "pairs_completed": 500, "pairs_total": 1000, "stage_rows": 4335, "elapsed_seconds": 23.53}
{"event": "progress", "split": "holdout", "pairs_completed": 600, "pairs_total": 1000, "stage_rows": 5206, "elapsed_seconds": 27.862}
{"event": "progress", "split": "holdout", "pairs_completed": 700, "pairs_total": 1000, "stage_rows": 6075, "elapsed_seconds": 32.184}
{"event": "progress", "split": "holdout", "pairs_completed": 800, "pairs_total": 1000, "stage_rows": 6941, "elapsed_seconds": 36.484}
{"event": "progress", "split": "holdout", "pairs_completed": 900, "pairs_total": 1000, "stage_rows": 7811, "elapsed_seconds": 42.131}
{"event": "progress", "split": "holdout", "pairs_completed": 1000, "pairs_total": 1000, "stage_rows": 8670, "elapsed_seconds": 46.394}
{"event": "progress", "split": "small_exhaustive", "pairs_completed": 100, "pairs_total": 1732, "stage_rows": 150, "elapsed_seconds": 0.215}
{"event": "progress", "split": "small_exhaustive", "pairs_completed": 200, "pairs_total": 1732, "stage_rows": 350, "elapsed_seconds": 0.497}
{"event": "progress", "split": "small_exhaustive", "pairs_completed": 300, "pairs_total": 1732, "stage_rows": 550, "elapsed_seconds": 0.785}
{"event": "progress", "split": "small_exhaustive", "pairs_completed": 400, "pairs_total": 1732, "stage_rows": 770, "elapsed_seconds": 1.106}
{"event": "progress", "split": "small_exhaustive", "pairs_completed": 500, "pairs_total": 1732, "stage_rows": 1043, "elapsed_seconds": 1.492}
{"event": "progress", "split": "small_exhaustive", "pairs_completed": 600, "pairs_total": 1732, "stage_rows": 1339, "elapsed_seconds": 1.911}
{"event": "progress", "split": "small_exhaustive", "pairs_completed": 700, "pairs_total": 1732, "stage_rows": 1639, "elapsed_seconds": 2.34}
{"event": "progress", "split": "small_exhaustive", "pairs_completed": 800, "pairs_total": 1732, "stage_rows": 1939, "elapsed_seconds": 2.779}
{"event": "progress", "split": "small_exhaustive", "pairs_completed": 900, "pairs_total": 1732, "stage_rows": 2239, "elapsed_seconds": 3.291}
{"event": "progress", "split": "small_exhaustive", "pairs_completed": 1000, "pairs_total": 1732, "stage_rows": 2539, "elapsed_seconds": 3.773}
{"event": "progress", "split": "small_exhaustive", "pairs_completed": 1100, "pairs_total": 1732, "stage_rows": 2839, "elapsed_seconds": 4.222}
{"event": "progress", "split": "small_exhaustive", "pairs_completed": 1200, "pairs_total": 1732, "stage_rows": 3139, "elapsed_seconds": 4.663}
{"event": "progress", "split": "small_exhaustive", "pairs_completed": 1300, "pairs_total": 1732, "stage_rows": 3439, "elapsed_seconds": 5.118}
{"event": "progress", "split": "small_exhaustive", "pairs_completed": 1400, "pairs_total": 1732, "stage_rows": 3739, "elapsed_seconds": 5.612}
{"event": "progress", "split": "small_exhaustive", "pairs_completed": 1500, "pairs_total": 1732, "stage_rows": 4039, "elapsed_seconds": 7.77}
{"event": "progress", "split": "small_exhaustive", "pairs_completed": 1600, "pairs_total": 1732, "stage_rows": 4339, "elapsed_seconds": 8.22}
{"event": "progress", "split": "small_exhaustive", "pairs_completed": 1700, "pairs_total": 1732, "stage_rows": 4639, "elapsed_seconds": 8.689}
{"action_verdicts": {"early_unsafe": "fixed_action_null", "late_safe": "fixed_action_null"}, "elapsed_seconds": 108.76, "event": "complete", "output": "/root/IntegerFactoring_F210/F210-D01/output/F210-D01.json", "rows": "/root/IntegerFactoring_F210/F210-D01/output/F210-D01.rows.jsonl.gz", "selector_verdicts": {"early_unsafe": "fixed_menu_null", "late_safe": "fixed_menu_null"}}
