Traceback (most recent call last):
  File "/Users/zhou/autoresearch/IntegerFactoring/experiments/F43_inverse_quotient_descent_kill/scripts/F43_D01_scan.sage.py", line 264, in <module>
    json.dump(payload, handle, indent=_sage_const_2 , sort_keys=True)
    ~~~~~~~~~^^^^^^^^^^^^^^^^^^^^^^^^^^^^^^^^^^^^^^^^^^^^^^^^^^^^^^^^
  File "/var/tmp/sage-10.9-current/local/lib/python3.14/json/__init__.py", line 181, in dump
    for chunk in iterable:
                 ^^^^^^^^
  File "/var/tmp/sage-10.9-current/local/lib/python3.14/json/encoder.py", line 444, in _iterencode
    yield from _iterencode_dict(o, _current_indent_level)
  File "/var/tmp/sage-10.9-current/local/lib/python3.14/json/encoder.py", line 413, in _iterencode_dict
    yield from chunks
  File "/var/tmp/sage-10.9-current/local/lib/python3.14/json/encoder.py", line 326, in _iterencode_list
    yield from chunks
  File "/var/tmp/sage-10.9-current/local/lib/python3.14/json/encoder.py", line 413, in _iterencode_dict
    yield from chunks
  File "/var/tmp/sage-10.9-current/local/lib/python3.14/json/encoder.py", line 326, in _iterencode_list
    yield from chunks
  File "/var/tmp/sage-10.9-current/local/lib/python3.14/json/encoder.py", line 413, in _iterencode_dict
    yield from chunks
  File "/var/tmp/sage-10.9-current/local/lib/python3.14/json/encoder.py", line 326, in _iterencode_list
    yield from chunks
  File "/var/tmp/sage-10.9-current/local/lib/python3.14/json/encoder.py", line 451, in _iterencode
    newobj = _default(o)
  File "/var/tmp/sage-10.9-current/local/lib/python3.14/json/encoder.py", line 182, in default
    raise TypeError(f'Object of type {o.__class__.__name__} '
                    f'is not JSON serializable')
TypeError: Object of type Integer is not JSON serializable
when serializing list item 0
when serializing dict item 'carry_sequence'
when serializing list item 0
when serializing dict item 'carry_transcript_collision_groups'
when serializing list item 0
when serializing dict item 'records'
