{
  "route": "route:F31",
  "experiment": "F314_integer_valued_representation",
  "cases": [
    {
      "L": 2,
      "A": 1,
      "B": 1,
      "C": 2,
      "n": 1
    },
    {
      "L": 2,
      "A": 1,
      "B": 1,
      "C": 2,
      "n": 4
    },
    {
      "L": 2,
      "A": 3,
      "B": 5,
      "C": 2,
      "n": 7
    },
    {
      "L": 4,
      "A": 1,
      "B": 1,
      "C": 2,
      "n": 1
    },
    {
      "L": 4,
      "A": 1,
      "B": 1,
      "C": 2,
      "n": 4
    },
    {
      "L": 4,
      "A": 3,
      "B": 5,
      "C": 2,
      "n": 7
    },
    {
      "L": 8,
      "A": 1,
      "B": 1,
      "C": 2,
      "n": 1
    },
    {
      "L": 8,
      "A": 1,
      "B": 1,
      "C": 2,
      "n": 4
    },
    {
      "L": 8,
      "A": 3,
      "B": 5,
      "C": 2,
      "n": 7
    },
    {
      "L": 16,
      "A": 1,
      "B": 1,
      "C": 2,
      "n": 1
    },
    {
      "L": 16,
      "A": 1,
      "B": 1,
      "C": 2,
      "n": 4
    },
    {
      "L": 16,
      "A": 3,
      "B": 5,
      "C": 2,
      "n": 7
    }
  ],
  "checks": 21447,
  "first_mod8_failure": {
    "L": 8,
    "A": 3,
    "B": 5,
    "C": 2,
    "n": 7,
    "h": 2,
    "k": 1,
    "trace": "-231510796/258748144635",
    "count": 0,
    "R": [
      [
        "-7176/5",
        "175812/5",
        "351624/5",
        "-43953",
        "27048",
        "-58604/5",
        "15288/5",
        "-1794/5"
      ],
      [
        "901170/7",
        "1201560",
        "-1081404",
        "1060200",
        "-750975",
        "348840",
        "-94860",
        "80104/7"
      ],
      [
        "31953064/9",
        "27958931/9",
        "-13157144/3",
        "43013740/9",
        "-31953064/9",
        "5083442/3",
        "-4220216/9",
        "515372/9"
      ],
      [
        "30518332",
        "-32865896",
        "53407081",
        "-61036664",
        "46440940",
        "-22487192",
        "6283186",
        "-772616"
      ],
      [
        "154874016",
        "-301143920",
        "524573280",
        "-615976200",
        "475490400",
        "-232311024",
        "65308320",
        "-8066355"
      ],
      [
        "25850015261/45",
        "-62939167592/45",
        "38094759332/15",
        "-27313223672/9",
        "21288247862/9",
        "-17440974152/15",
        "14771437292/45",
        "-1830089576/45"
      ],
      [
        "1726838880",
        "-4748806920",
        "8864439584",
        "-10723112400",
        "8415607200",
        "-4155206055",
        "1176695520",
        "-146117136"
      ],
      [
        "4462121664",
        "-13251149184",
        "25228149408",
        "-30794924160",
        "24293773504",
        "-12035447424",
        "3416311899",
        "-424963968"
      ]
    ],
    "inverse": [
      [
        "88/155248886781",
        "-1078/155248886781",
        "4312/51749628927",
        "10780/155248886781",
        "-4312/155248886781",
        "539/51749628927",
        "-392/155248886781",
        "44/155248886781"
      ],
      [
        "118404/86249381545",
        "552552/86249381545",
        "-621621/86249381545",
        "127512/17249876309",
        "-92092/17249876309",
        "216216/86249381545",
        "-59202/86249381545",
        "7176/86249381545"
      ],
      [
        "15620280/120749134163",
        "-4686084/17249876309",
        "8269560/17249876309",
        "-9762675/17249876309",
        "7558200/17249876309",
        "-3699540/17249876309",
        "1041352/17249876309",
        "-901170/120749134163"
      ],
      [
        "283583443/155248886781",
        "-934157224/155248886781",
        "610795108/51749628927",
        "-2268667544/155248886781",
        "1804621910/155248886781",
        "-299635336/51749628927",
        "256139884/155248886781",
        "-31953064/155248886781"
      ],
      [
        "211280760/17249876309",
        "-801106215/17249876309",
        "1647989928/17249876309",
        "-2089842300/17249876309",
        "1686539400/17249876309",
        "-848230110/17249876309",
        "243374040/17249876309",
        "-30518332/17249876309"
      ],
      [
        "937848208/17249876309",
        "-3811899168/17249876309",
        "8056968696/17249876309",
        "-10365690720/17249876309",
        "8440633872/17249876309",
        "-4271164128/17249876309",
        "1230925773/17249876309",
        "-154874016/17249876309"
      ],
      [
        "143860954496/776244433905",
        "-609516149312/776244433905",
        "437011578752/258748144635",
        "-340611965792/155248886781",
        "279055586432/155248886781",
        "-236342996672/258748144635",
        "204970032512/776244433905",
        "-25850015261/776244433905"
      ],
      [
        "9065904120/17249876309",
        "-39487049056/17249876309",
        "85979864880/17249876309",
        "-112463114400/17249876309",
        "92547771225/17249876309",
        "-47174793120/17249876309",
        "13668593904/17249876309",
        "-1726838880/17249876309"
      ]
    ]
  },
  "seconds": 0.07386829200549982,
  "peak_rss_bytes": 17481728
}
