{"DOT_SAGE": "/private/tmp/f04_psc_reconstruct_sage", "command": ["sage", "experiments/F04_psc_reconstruct/global_discovery.sage", "experiments/F04_psc_reconstruct/output/R01_global.json"], "event": "run_start", "run_id": "R01_global", "started_utc": "2026-08-05T17:29:35.946918+00:00", "timeout_seconds": 900}
{"N": 79403, "a": 1, "coefficient_separator_count": 246, "event": "h_computed", "first_coefficient_separator": {"coefficient_mod_N": 36585, "degree": 0, "gcd_with_N": 271}, "h_sha256": "fd2b1d8732adcafab280739be650ec71de18685f5ee80d62fea45e63399e629a", "n": 268, "r": 269}
{"determinant_exact_bits": 4763, "determinant_mod_N": 22075, "dimension": 537, "elapsed_seconds": 2.489304082999297, "event": "determinant", "gcd_with_N": 1, "j": 0}
{"determinant_exact_bits": 4744, "determinant_mod_N": 30120, "dimension": 535, "elapsed_seconds": 1.772251292000874, "event": "determinant", "gcd_with_N": 1, "j": 1}
{"determinant_exact_bits": 4722, "determinant_mod_N": 58980, "dimension": 533, "elapsed_seconds": 1.7670302080005058, "event": "determinant", "gcd_with_N": 1, "j": 2}
{"determinant_exact_bits": 4704, "determinant_mod_N": 77046, "dimension": 531, "elapsed_seconds": 1.7557052920019487, "event": "determinant", "gcd_with_N": 1, "j": 3}
{"determinant_exact_bits": 4684, "determinant_mod_N": 5456, "dimension": 529, "elapsed_seconds": 1.699634665998019, "event": "determinant", "gcd_with_N": 1, "j": 4}
{"determinant_exact_bits": 4672, "determinant_mod_N": 71657, "dimension": 527, "elapsed_seconds": 1.7095593330013799, "event": "determinant", "gcd_with_N": 1, "j": 5}
{"determinant_exact_bits": 4655, "determinant_mod_N": 32603, "dimension": 525, "elapsed_seconds": 1.6806661660011741, "event": "determinant", "gcd_with_N": 1, "j": 6}
{"determinant_exact_bits": 4635, "determinant_mod_N": 28709, "dimension": 523, "elapsed_seconds": 1.6682887079987267, "event": "determinant", "gcd_with_N": 1, "j": 7}
{"determinant_exact_bits": 4616, "determinant_mod_N": 48572, "dimension": 521, "elapsed_seconds": 1.6192529170002672, "event": "determinant", "gcd_with_N": 1, "j": 8}
{"determinant_exact_bits": 4598, "determinant_mod_N": 55028, "dimension": 519, "elapsed_seconds": 1.6317109579977114, "event": "determinant", "gcd_with_N": 1, "j": 9}
{"determinant_exact_bits": 4579, "determinant_mod_N": 32071, "dimension": 517, "elapsed_seconds": 1.5896883329987759, "event": "determinant", "gcd_with_N": 1, "j": 10}
{"determinant_exact_bits": 4563, "determinant_mod_N": 45850, "dimension": 515, "elapsed_seconds": 1.5938009999990754, "event": "determinant", "gcd_with_N": 1, "j": 11}
{"determinant_exact_bits": 4547, "determinant_mod_N": 53341, "dimension": 513, "elapsed_seconds": 1.6429196249991946, "event": "determinant", "gcd_with_N": 1, "j": 12}
{"determinant_exact_bits": 4529, "determinant_mod_N": 29870, "dimension": 511, "elapsed_seconds": 1.5646746660022472, "event": "determinant", "gcd_with_N": 1, "j": 13}
{"determinant_exact_bits": 4506, "determinant_mod_N": 57765, "dimension": 509, "elapsed_seconds": 1.5003165410016663, "event": "determinant", "gcd_with_N": 1, "j": 14}
{"determinant_exact_bits": 4489, "determinant_mod_N": 9125, "dimension": 507, "elapsed_seconds": 1.4724247919984919, "event": "determinant", "gcd_with_N": 1, "j": 15}
{"determinant_exact_bits": 4473, "determinant_mod_N": 44450, "dimension": 505, "elapsed_seconds": 1.4361883329984266, "event": "determinant", "gcd_with_N": 1, "j": 16}
{"determinant_exact_bits": 4455, "determinant_mod_N": 42165, "dimension": 503, "elapsed_seconds": 1.4373648340006184, "event": "determinant", "gcd_with_N": 1, "j": 17}
{"determinant_exact_bits": 4436, "determinant_mod_N": 40522, "dimension": 501, "elapsed_seconds": 1.4225663329998497, "event": "determinant", "gcd_with_N": 1, "j": 18}
{"determinant_exact_bits": 4414, "determinant_mod_N": 33381, "dimension": 499, "elapsed_seconds": 1.38887162500032, "event": "determinant", "gcd_with_N": 1, "j": 19}
{"determinant_exact_bits": 4391, "determinant_mod_N": 25808, "dimension": 497, "elapsed_seconds": 1.3491777500021271, "event": "determinant", "gcd_with_N": 1, "j": 20}
{"determinant_exact_bits": 4377, "determinant_mod_N": 60857, "dimension": 495, "elapsed_seconds": 1.3444697500017355, "event": "determinant", "gcd_with_N": 1, "j": 21}
{"determinant_exact_bits": 4359, "determinant_mod_N": 1240, "dimension": 493, "elapsed_seconds": 1.3169641669992416, "event": "determinant", "gcd_with_N": 1, "j": 22}
{"determinant_exact_bits": 4340, "determinant_mod_N": 55710, "dimension": 491, "elapsed_seconds": 1.302697832998092, "event": "determinant", "gcd_with_N": 1, "j": 23}
{"determinant_exact_bits": 4323, "determinant_mod_N": 66887, "dimension": 489, "elapsed_seconds": 1.269368499997654, "event": "determinant", "gcd_with_N": 1, "j": 24}
{"determinant_exact_bits": 4306, "determinant_mod_N": 52379, "dimension": 487, "elapsed_seconds": 1.3258072079988779, "event": "determinant", "gcd_with_N": 1, "j": 25}
{"determinant_exact_bits": 4287, "determinant_mod_N": 61554, "dimension": 485, "elapsed_seconds": 1.2351650419986981, "event": "determinant", "gcd_with_N": 1, "j": 26}
{"determinant_exact_bits": 4268, "determinant_mod_N": 19658, "dimension": 483, "elapsed_seconds": 1.2467287090003083, "event": "determinant", "gcd_with_N": 1, "j": 27}
{"determinant_exact_bits": 4253, "determinant_mod_N": 16968, "dimension": 481, "elapsed_seconds": 1.221353334000014, "event": "determinant", "gcd_with_N": 1, "j": 28}
{"determinant_exact_bits": 4234, "determinant_mod_N": 48631, "dimension": 479, "elapsed_seconds": 1.212999958999717, "event": "determinant", "gcd_with_N": 1, "j": 29}
{"determinant_exact_bits": 4216, "determinant_mod_N": 76670, "dimension": 477, "elapsed_seconds": 1.172521084001346, "event": "determinant", "gcd_with_N": 1, "j": 30}
{"determinant_exact_bits": 4196, "determinant_mod_N": 9001, "dimension": 475, "elapsed_seconds": 1.1688733330011019, "event": "determinant", "gcd_with_N": 1, "j": 31}
{"determinant_exact_bits": 4182, "determinant_mod_N": 67307, "dimension": 473, "elapsed_seconds": 1.1150761669996427, "event": "determinant", "gcd_with_N": 1, "j": 32}
{"determinant_exact_bits": 4163, "determinant_mod_N": 11143, "dimension": 471, "elapsed_seconds": 1.1216101659993, "event": "determinant", "gcd_with_N": 1, "j": 33}
{"determinant_exact_bits": 4145, "determinant_mod_N": 34131, "dimension": 469, "elapsed_seconds": 1.0967281670018565, "event": "determinant", "gcd_with_N": 1, "j": 34}
{"determinant_exact_bits": 4126, "determinant_mod_N": 74389, "dimension": 467, "elapsed_seconds": 1.1559063329987112, "event": "determinant", "gcd_with_N": 1, "j": 35}
{"determinant_exact_bits": 4108, "determinant_mod_N": 35549, "dimension": 465, "elapsed_seconds": 1.0532598340032564, "event": "determinant", "gcd_with_N": 1, "j": 36}
{"determinant_exact_bits": 4091, "determinant_mod_N": 20790, "dimension": 463, "elapsed_seconds": 1.0639188749992172, "event": "determinant", "gcd_with_N": 1, "j": 37}
{"determinant_exact_bits": 4073, "determinant_mod_N": 15621, "dimension": 461, "elapsed_seconds": 1.0235334579992923, "event": "determinant", "gcd_with_N": 1, "j": 38}
{"determinant_exact_bits": 4054, "determinant_mod_N": 1627, "dimension": 459, "elapsed_seconds": 1.024334124998859, "event": "determinant", "gcd_with_N": 1, "j": 39}
{"determinant_exact_bits": 4035, "determinant_mod_N": 63972, "dimension": 457, "elapsed_seconds": 0.9910680829998455, "event": "determinant", "gcd_with_N": 1, "j": 40}
{"determinant_exact_bits": 4018, "determinant_mod_N": 32056, "dimension": 455, "elapsed_seconds": 0.9936174169997685, "event": "determinant", "gcd_with_N": 1, "j": 41}
{"determinant_exact_bits": 4003, "determinant_mod_N": 61166, "dimension": 453, "elapsed_seconds": 0.968420375000278, "event": "determinant", "gcd_with_N": 1, "j": 42}
{"determinant_exact_bits": 3981, "determinant_mod_N": 19013, "dimension": 451, "elapsed_seconds": 1.0355127090006135, "event": "determinant", "gcd_with_N": 1, "j": 43}
{"determinant_exact_bits": 3957, "determinant_mod_N": 27963, "dimension": 449, "elapsed_seconds": 0.9414917919966683, "event": "determinant", "gcd_with_N": 1, "j": 44}
{"determinant_exact_bits": 3941, "determinant_mod_N": 55813, "dimension": 447, "elapsed_seconds": 0.9337884160013346, "event": "determinant", "gcd_with_N": 1, "j": 45}
{"determinant_exact_bits": 3923, "determinant_mod_N": 48359, "dimension": 445, "elapsed_seconds": 0.9720837500026391, "event": "determinant", "gcd_with_N": 1, "j": 46}
{"determinant_exact_bits": 3907, "determinant_mod_N": 30352, "dimension": 443, "elapsed_seconds": 0.9108631670023897, "event": "determinant", "gcd_with_N": 271, "j": 47}
{"determinant_discovery": {"determinant_mod_N": 30352, "gcd_with_N": 271, "j": 47}, "elapsed_seconds": 64.65001095799744, "event": "global_result", "output": "experiments/F04_psc_reconstruct/output/R01_global.json"}
{"disposition": "completed", "duration_seconds": 66.4035767910027, "event": "run_end", "exit_code": 0, "finished_utc": "2026-08-05T17:30:42.350355+00:00", "run_id": "R01_global", "timed_out": false}
