source_sha256=41c8ddee5d51d85349af2b61e239f81f9c6e12fb13d1eca92f0440f5d5eece50
f98_source_sha256=5fded40920ca52827662ba536f14a49ec9e302b934f6d0967e66be2b18c9ba4b
stable=1 N=200049937 status=trajectory_direct_factor completed=0
stable=2 N=199929853 status=trajectory_direct_factor completed=0
stable=3 N=200469001 status=trajectory_direct_factor completed=0
stable=4 N=200569181 status=trajectory_direct_factor completed=0
stable=5 N=200948353 status=trajectory_direct_factor completed=0
stable=6 N=200706889 status=trajectory_direct_factor completed=0
stable=7 N=200967521 status=trajectory_direct_factor completed=0
stable=8 N=200866481 status=trajectory_direct_factor completed=0
stable=9 N=200844233 status=trajectory_direct_factor completed=0
stable=10 N=200763601 status=trajectory_direct_factor completed=0
stable=11 N=201083357 status=trajectory_direct_factor completed=0
stable=12 N=201002629 status=trajectory_direct_factor completed=0
stable=13 N=201161981 status=trajectory_direct_factor completed=0
stable=14 N=200958773 status=trajectory_direct_factor completed=0
stable=15 N=200716301 status=trajectory_direct_factor completed=0
stable=16 N=200875237 status=trajectory_direct_factor completed=0
stable=17 N=201251513 status=trajectory_direct_factor completed=0
stable=18 N=201170449 status=trajectory_direct_factor completed=0
stable=19 N=201431513 status=trajectory_direct_factor completed=0
stable=20 N=201188177 status=trajectory_direct_factor completed=0
stable=21 N=201410401 status=trajectory_direct_factor completed=0
stable=22 N=201329273 status=trajectory_direct_factor completed=0
stable=23 N=201426293 status=trajectory_direct_factor completed=0
stable=24 N=201182669 status=trajectory_direct_factor completed=0
stable=25 N=201585037 status=trajectory_direct_factor completed=0
stable=26 N=201420497 status=trajectory_direct_factor completed=0
stable=27 N=201356369 status=trajectory_direct_factor completed=0
stable=28 N=201270529 status=trajectory_direct_factor completed=0
stable=29 N=201750049 status=trajectory_direct_factor completed=0
stable=30 N=201799993 status=trajectory_direct_factor completed=0
stable=31 N=201759149 status=trajectory_direct_factor completed=0
stable=32 N=202037149 status=trajectory_direct_factor completed=0
stable=33 N=201996257 status=trajectory_direct_factor completed=0
stable=34 N=201914473 status=trajectory_direct_factor completed=0
stable=35 N=202309493 status=trajectory_direct_factor completed=0
stable=36 N=202186577 status=trajectory_direct_factor completed=0
stable=37 N=202388497 status=trajectory_direct_factor completed=0
stable=38 N=202265533 status=trajectory_direct_factor completed=0
stable=39 N=202142569 status=trajectory_direct_factor completed=0
stable=40 N=202158401 status=trajectory_direct_factor completed=0
stable=41 N=202502401 status=trajectory_direct_factor completed=0
stable=42 N=202379293 status=trajectory_direct_factor completed=0
stable=43 N=202537109 status=round_complete completed=1
stable=44 N=202249633 status=trajectory_direct_factor completed=1
stable=45 N=202328429 status=round_complete completed=2
stable=46 N=202662433 status=trajectory_direct_factor completed=2
stable=47 N=202835161 status=trajectory_direct_factor completed=2
stable=48 N=202227617 status=trajectory_direct_factor completed=2
stable=49 N=202518593 status=trajectory_direct_factor completed=2
stable=50 N=202311973 status=trajectory_direct_factor completed=2
stable=51 N=202546969 status=trajectory_direct_factor completed=2
stable=52 N=202422853 status=trajectory_direct_factor completed=2
stable=53 N=202298737 status=trajectory_direct_factor completed=2
stable=54 N=203237569 status=trajectory_direct_factor completed=2
stable=55 N=203071313 status=round_complete completed=3
stable=56 N=203227657 status=trajectory_direct_factor completed=3
stable=57 N=203774861 status=trajectory_direct_factor completed=3
stable=58 N=203649737 status=trajectory_direct_factor completed=3
stable=59 N=203399489 status=trajectory_direct_factor completed=3
stable=60 N=203793089 status=trajectory_direct_factor completed=3
stable=61 N=203375929 status=trajectory_direct_factor completed=3
stable=62 N=203843953 status=trajectory_direct_factor completed=3
stable=63 N=203850629 status=trajectory_direct_factor completed=3
stable=64 N=203725073 status=trajectory_direct_factor completed=3
stable=65 N=203976713 status=trajectory_direct_factor completed=3
stable=66 N=204192377 status=trajectory_direct_factor completed=3
stable=67 N=204108481 status=trajectory_direct_factor completed=3
stable=68 N=204342037 status=trajectory_direct_factor completed=3
stable=69 N=204174053 status=trajectory_direct_factor completed=3
stable=70 N=204585737 status=trajectory_direct_factor completed=3
stable=71 N=205129693 status=trajectory_direct_factor completed=3
stable=72 N=205087457 status=trajectory_direct_factor completed=3
stable=73 N=205285109 status=trajectory_direct_factor completed=3
stable=74 N=205242841 status=trajectory_direct_factor completed=3
stable=75 N=205648969 status=trajectory_direct_factor completed=3
stable=76 N=205804337 status=trajectory_direct_factor completed=3
stable=77 N=205839617 status=trajectory_direct_factor completed=3
stable=78 N=205807621 status=trajectory_direct_factor completed=3
stable=79 N=205680337 status=trajectory_direct_factor completed=3
stable=80 N=205637909 status=trajectory_direct_factor completed=3
stable=81 N=205690553 status=trajectory_direct_factor completed=3
stable=82 N=206068157 status=trajectory_direct_factor completed=3
stable=83 N=205940633 status=trajectory_direct_factor completed=3
stable=84 N=206103197 status=trajectory_direct_factor completed=3
stable=85 N=206018149 status=trajectory_direct_factor completed=3
stable=86 N=206173181 status=trajectory_direct_factor completed=3
stable=87 N=206405729 status=trajectory_direct_factor completed=3
stable=88 N=205766669 status=trajectory_direct_factor completed=3
stable=89 N=205998497 status=trajectory_direct_factor completed=3
stable=90 N=206075773 status=trajectory_direct_factor completed=3
stable=91 N=205983497 status=trajectory_direct_factor completed=3
stable=92 N=206283149 status=trajectory_direct_factor completed=3
stable=93 N=206600041 status=trajectory_direct_factor completed=3
stable=94 N=206514257 status=trajectory_direct_factor completed=3
stable=95 N=206470721 status=trajectory_direct_factor completed=3
stable=96 N=206521709 status=trajectory_direct_factor completed=3
stable=97 N=206392841 status=trajectory_direct_factor completed=3
stable=98 N=207007849 status=trajectory_direct_factor completed=3
stable=99 N=206921681 status=trajectory_direct_factor completed=3
stable=100 N=207135353 status=trajectory_direct_factor completed=3
stable=101 N=206943809 status=trajectory_direct_factor completed=3
stable=102 N=207416393 status=trajectory_direct_factor completed=3
stable=103 N=207157217 status=trajectory_direct_factor completed=3
stable=104 N=206941237 status=trajectory_direct_factor completed=3
stable=105 N=207771073 status=trajectory_direct_factor completed=3
stable=106 N=207554453 status=trajectory_direct_factor completed=3
stable=107 N=207864497 status=trajectory_direct_factor completed=3
stable=108 N=207604409 status=trajectory_direct_factor completed=3
stable=109 N=207861061 status=trajectory_direct_factor completed=3
stable=110 N=207600733 status=trajectory_direct_factor completed=3
stable=111 N=207910921 status=trajectory_direct_factor completed=3
stable=112 N=207737273 status=trajectory_direct_factor completed=3
stable=113 N=207830401 status=trajectory_direct_factor completed=3
stable=114 N=207265733 status=trajectory_direct_factor completed=3
stable=115 N=207418429 status=trajectory_direct_factor completed=3
stable=116 N=207331493 status=trajectory_direct_factor completed=3
stable=117 N=207723821 status=trajectory_direct_factor completed=3
stable=118 N=207636757 status=trajectory_direct_factor completed=3
stable=119 N=207773009 status=trajectory_direct_factor completed=3
stable=120 N=207789389 status=trajectory_direct_factor completed=3
stable=121 N=207713053 status=trajectory_direct_factor completed=3
stable=122 N=207674633 status=trajectory_direct_factor completed=3
stable=123 N=208180109 status=trajectory_direct_factor completed=3
stable=124 N=208325441 status=trajectory_direct_factor completed=3
stable=125 N=208190729 status=trajectory_direct_factor completed=3
stable=126 N=208370441 status=trajectory_direct_factor completed=3
stable=127 N=208150861 status=trajectory_direct_factor completed=3
stable=128 N=208522273 status=trajectory_direct_factor completed=3
stable=129 N=208302533 status=trajectory_direct_factor completed=3
stable=130 N=208170689 status=trajectory_direct_factor completed=3
stable=131 N=208605877 status=trajectory_direct_factor completed=3
stable=132 N=208473841 status=trajectory_direct_factor completed=3
stable=133 N=208165757 status=trajectory_direct_factor completed=3
stable=134 N=208928569 status=trajectory_direct_factor completed=3
stable=135 N=208619813 status=trajectory_direct_factor completed=3
stable=136 N=208909817 status=trajectory_direct_factor completed=3
stable=137 N=209136749 status=trajectory_direct_factor completed=3
stable=138 N=209004041 status=trajectory_direct_factor completed=3
stable=139 N=208860961 status=trajectory_direct_factor completed=3
stable=140 N=209230829 status=round_complete completed=4
stable=141 N=208566569 status=trajectory_direct_factor completed=4
stable=142 N=209014297 status=trajectory_direct_factor completed=4
stable=143 N=208792637 status=round_complete completed=5
stable=144 N=208393649 status=round_complete completed=6
stable=145 N=209089733 status=trajectory_direct_factor completed=6
stable=146 N=208867993 status=trajectory_direct_factor completed=6
stable=147 N=208468861 status=trajectory_direct_factor completed=6
stable=148 N=208515121 status=trajectory_direct_factor completed=6
stable=149 N=208966249 status=trajectory_direct_factor completed=6
stable=150 N=208699441 status=trajectory_direct_factor completed=6
stable=151 N=208892653 status=trajectory_direct_factor completed=6
stable=152 N=209118097 status=trajectory_direct_factor completed=6
stable=153 N=209300177 status=trajectory_direct_factor completed=6
stable=154 N=209032601 status=trajectory_direct_factor completed=6
stable=155 N=209153137 status=trajectory_direct_factor completed=6
stable=156 N=209019229 status=trajectory_direct_factor completed=6
stable=157 N=209378053 status=trajectory_direct_factor completed=6
stable=158 N=209244001 status=trajectory_direct_factor completed=6
stable=159 N=209109949 status=trajectory_direct_factor completed=6
stable=160 N=208946273 status=trajectory_direct_factor completed=6
stable=161 N=209155201 status=trajectory_direct_factor completed=6
stable=162 N=209395097 status=trajectory_direct_factor completed=6
stable=163 N=209694313 status=trajectory_direct_factor completed=6
stable=164 N=210068149 status=trajectory_direct_factor completed=6
stable=165 N=209933281 status=trajectory_direct_factor completed=6
stable=166 N=209843369 status=trajectory_direct_factor completed=6
stable=167 N=210007997 status=trajectory_direct_factor completed=6
stable=168 N=209918053 status=trajectory_direct_factor completed=6
stable=169 N=209571569 status=trajectory_direct_factor completed=6
stable=170 N=209871257 status=trajectory_direct_factor completed=6
stable=171 N=209869441 status=trajectory_direct_factor completed=6
stable=172 N=209642773 status=trajectory_direct_factor completed=6
stable=173 N=209597657 status=trajectory_direct_factor completed=6
stable=174 N=209791469 status=trajectory_direct_factor completed=6
stable=175 N=209969317 status=trajectory_direct_factor completed=6
stable=176 N=209472161 status=trajectory_direct_factor completed=6
stable=177 N=209694629 status=trajectory_direct_factor completed=6
stable=178 N=209676241 status=trajectory_direct_factor completed=6
stable=179 N=210027553 status=trajectory_direct_factor completed=6
stable=180 N=210322949 status=trajectory_direct_factor completed=6
stable=181 N=210231757 status=trajectory_direct_factor completed=6
stable=182 N=210453073 status=trajectory_direct_factor completed=6
stable=183 N=210407429 status=trajectory_direct_factor completed=6
stable=184 N=210765773 status=trajectory_direct_factor completed=6
stable=185 N=210674389 status=trajectory_direct_factor completed=6
stable=186 N=210628697 status=trajectory_direct_factor completed=6
stable=187 N=210997477 status=trajectory_direct_factor completed=6
stable=188 N=210860161 status=trajectory_direct_factor completed=6
stable=189 N=210933869 status=trajectory_direct_factor completed=6
stable=190 N=210825509 status=trajectory_direct_factor completed=6
stable=191 N=211046057 status=trajectory_direct_factor completed=6
stable=192 N=210954193 status=trajectory_direct_factor completed=6
stable=193 N=211101161 status=trajectory_direct_factor completed=6
stable=194 N=211055197 status=trajectory_direct_factor completed=6
stable=195 N=211070897 status=trajectory_direct_factor completed=6
stable=196 N=212023069 status=trajectory_direct_factor completed=6
stable=197 N=211976753 status=trajectory_direct_factor completed=6
stable=198 N=211891469 status=trajectory_direct_factor completed=6
stable=199 N=211865593 status=trajectory_direct_factor completed=6
stable=200 N=212304049 status=trajectory_direct_factor completed=6
stable=201 N=212118113 status=trajectory_direct_factor completed=6
stable=202 N=212383681 status=trajectory_direct_factor completed=6
stable=203 N=212542081 status=trajectory_direct_factor completed=6
stable=204 N=213190877 status=trajectory_direct_factor completed=6
stable=205 N=213050489 status=trajectory_direct_factor completed=6
stable=206 N=212910101 status=trajectory_direct_factor completed=6
stable=207 N=213026777 status=trajectory_direct_factor completed=6
stable=208 N=213274081 status=trajectory_direct_factor completed=6
stable=209 N=213180329 status=trajectory_direct_factor completed=6
stable=210 N=213398621 status=trajectory_direct_factor completed=6
stable=211 N=213053249 status=trajectory_direct_factor completed=6
stable=212 N=213706397 status=trajectory_direct_factor completed=6
stable=213 N=213565049 status=trajectory_direct_factor completed=6
stable=214 N=213778969 status=trajectory_direct_factor completed=6
stable=215 N=213637573 status=trajectory_direct_factor completed=6
stable=216 N=213590441 status=trajectory_direct_factor completed=6
stable=217 N=213769937 status=trajectory_direct_factor completed=6
stable=218 N=214025489 status=trajectory_direct_factor completed=6
stable=219 N=213931033 status=trajectory_direct_factor completed=6
stable=220 N=213688217 status=trajectory_direct_factor completed=6
stable=221 N=213656029 status=trajectory_direct_factor completed=6
stable=222 N=213800501 status=trajectory_direct_factor completed=6
stable=223 N=213658433 status=trajectory_direct_factor completed=6
stable=224 N=214233917 status=trajectory_direct_factor completed=6
stable=225 N=214091561 status=trajectory_direct_factor completed=6
stable=226 N=214163749 status=trajectory_direct_factor completed=6
stable=227 N=214116281 status=trajectory_direct_factor completed=6
stable=228 N=214524689 status=trajectory_direct_factor completed=6
stable=229 N=214477141 status=trajectory_direct_factor completed=6
stable=230 N=214633777 status=trajectory_direct_factor completed=6
stable=231 N=214099261 status=trajectory_direct_factor completed=6
stable=232 N=214516817 status=trajectory_direct_factor completed=6
stable=233 N=214231001 status=trajectory_direct_factor completed=6
stable=234 N=214135729 status=trajectory_direct_factor completed=6
stable=235 N=214459001 status=trajectory_direct_factor completed=6
stable=236 N=214530949 status=trajectory_direct_factor completed=6
stable=237 N=214340117 status=trajectory_direct_factor completed=6
stable=238 N=214567273 status=trajectory_direct_factor completed=6
stable=239 N=214555769 status=trajectory_direct_factor completed=6
stable=240 N=214412501 status=trajectory_direct_factor completed=6
stable=241 N=214424537 status=trajectory_direct_factor completed=6
stable=242 N=214532501 status=initial_decoder_factor completed=6
stable=243 N=214341157 status=trajectory_direct_factor completed=6
stable=244 N=214412581 status=trajectory_direct_factor completed=6
stable=245 N=214567729 status=trajectory_direct_factor completed=6
stable=246 N=214699157 status=trajectory_direct_factor completed=6
stable=247 N=214603261 status=trajectory_direct_factor completed=6
stable=248 N=215057377 status=trajectory_direct_factor completed=6
stable=249 N=214961321 status=trajectory_direct_factor completed=6
stable=250 N=214817237 status=trajectory_direct_factor completed=6
stable=251 N=215032933 status=trajectory_direct_factor completed=6
stable=252 N=214888801 status=trajectory_direct_factor completed=6
stable=253 N=215305121 status=trajectory_direct_factor completed=6
stable=254 N=215334569 status=trajectory_direct_factor completed=6
stable=255 N=215189717 status=trajectory_direct_factor completed=6
stable=256 N=215264689 status=trajectory_direct_factor completed=6
stable=257 N=215589349 status=trajectory_direct_factor completed=6
stable=258 N=215395637 status=trajectory_direct_factor completed=6
stable=259 N=215298781 status=trajectory_direct_factor completed=6
stable=260 N=215407001 status=trajectory_direct_factor completed=6
stable=261 N=215512177 status=trajectory_direct_factor completed=6
stable=262 N=215075893 status=trajectory_direct_factor completed=6
stable=263 N=215501821 status=trajectory_direct_factor completed=6
stable=264 N=215632601 status=trajectory_direct_factor completed=6
stable=265 N=215370241 status=trajectory_direct_factor completed=6
stable=266 N=215078329 status=trajectory_direct_factor completed=6
stable=267 N=216078521 status=trajectory_direct_factor completed=6
stable=268 N=215785649 status=trajectory_direct_factor completed=6
stable=269 N=215927113 status=trajectory_direct_factor completed=6
stable=270 N=215916593 status=trajectory_direct_factor completed=6
stable=271 N=216128501 status=trajectory_direct_factor completed=6
stable=272 N=215736853 status=trajectory_direct_factor completed=6
stable=273 N=215899373 status=trajectory_direct_factor completed=6
stable=274 N=216110849 status=trajectory_direct_factor completed=6
stable=275 N=215816537 status=trajectory_direct_factor completed=6
stable=276 N=215897593 status=trajectory_direct_factor completed=6
stable=277 N=215701289 status=trajectory_direct_factor completed=6
stable=278 N=216038369 status=trajectory_direct_factor completed=6
stable=279 N=216165473 status=trajectory_direct_factor completed=6
stable=280 N=216280973 status=trajectory_direct_factor completed=6
stable=281 N=216133097 status=trajectory_direct_factor completed=6
stable=282 N=216483877 status=trajectory_direct_factor completed=6
stable=283 N=216237017 status=trajectory_direct_factor completed=6
stable=284 N=216554033 status=trajectory_direct_factor completed=6
stable=285 N=216307093 status=trajectory_direct_factor completed=6
stable=286 N=216638857 status=trajectory_direct_factor completed=6
stable=287 N=216560369 status=trajectory_direct_factor completed=6
stable=288 N=216521089 status=trajectory_direct_factor completed=6
stable=289 N=216422057 status=trajectory_direct_factor completed=6
stable=290 N=216730981 status=trajectory_direct_factor completed=6
stable=291 N=216631853 status=trajectory_direct_factor completed=6
