command=["/usr/local/bin/sage", "-python", "/Users/zhou/autoresearch/IntegerFactoring/experiments/F116_independent_54bit_all_pairs_stress/replay_first_case_sage.py", "--output", "/Users/zhou/autoresearch/IntegerFactoring/experiments/F116_independent_54bit_all_pairs_stress/SINGLE_CASE_ATTEMPT_20260808T035917Z.json"]
timeout_seconds=300
elapsed_seconds=2.019685
timed_out=false
returncode=1
stdout:

stderr:
Traceback (most recent call last):
  File "/Users/zhou/autoresearch/IntegerFactoring/experiments/F116_independent_54bit_all_pairs_stress/replay_first_case_sage.py", line 14, in <module>
    from sage.all import ZZ
  File "/var/tmp/sage-10.9-current/local/lib/python3.14/site-packages/sage/all.py", line 335, in <module>
    sage.misc.lazy_import.save_cache_file()
    ~~~~~~~~~~~~~~~~~~~~~~~~~~~~~~~~~~~~~^^
  File "sage/misc/lazy_import.pyx", line 1162, in sage.misc.lazy_import.save_cache_file
    with atomic_write(cache_file, binary=True) as f:
  File "/var/tmp/sage-10.9-current/local/lib/python3.14/site-packages/sage/misc/temporary_file.py", line 346, in __enter__
    fd, name = tempfile.mkstemp(dir=self.tmpdir)
               ~~~~~~~~~~~~~~~~^^^^^^^^^^^^^^^^^
  File "/var/tmp/sage-10.9-current/local/lib/python3.14/tempfile.py", line 358, in mkstemp
    return _mkstemp_inner(dir, prefix, suffix, flags, output_type)
  File "/var/tmp/sage-10.9-current/local/lib/python3.14/tempfile.py", line 257, in _mkstemp_inner
    fd = _os.open(file, flags, 0o600)
PermissionError: [Errno 1] Operation not permitted: '/Users/zhou/.sage/cache/tmpiuoromzh'

