ordinal=4
command=["/usr/local/bin/sage", "-python", "/Users/zhou/autoresearch/IntegerFactoring/experiments/F116_independent_54bit_all_pairs_stress/stress_sparse_dag_registered_case.py", "--ordinal", "4", "--p", "80000069", "--q", "159999941", "--output", "/Users/zhou/autoresearch/IntegerFactoring/experiments/F116_independent_54bit_all_pairs_stress/SPARSE_DAG_CASE_04_ATTEMPT_20260808T045242185000Z.json"]
timeout_seconds=600
elapsed_seconds=2.466500
timed_out=false
returncode=1
stdout:

stderr:
Traceback (most recent call last):
  File "/Users/zhou/autoresearch/IntegerFactoring/experiments/F116_independent_54bit_all_pairs_stress/stress_sparse_dag_registered_case.py", line 58, in <module>
    main()
    ~~~~^^
  File "/Users/zhou/autoresearch/IntegerFactoring/experiments/F116_independent_54bit_all_pairs_stress/stress_sparse_dag_registered_case.py", line 32, in main
    spec.loader.exec_module(candidate)
    ~~~~~~~~~~~~~~~~~~~~~~~^^^^^^^^^^^
  File "<frozen importlib._bootstrap_external>", line 759, in exec_module
  File "<frozen importlib._bootstrap>", line 491, in _call_with_frames_removed
  File "/Users/zhou/autoresearch/IntegerFactoring/experiments/F116_independent_54bit_all_pairs_stress/stress_sparse_dag_first_case.py", line 17, in <module>
    from sage.all import ZZ
  File "/var/tmp/sage-10.9-current/local/lib/python3.14/site-packages/sage/all.py", line 335, in <module>
    sage.misc.lazy_import.save_cache_file()
    ~~~~~~~~~~~~~~~~~~~~~~~~~~~~~~~~~~~~~^^
  File "sage/misc/lazy_import.pyx", line 1162, in sage.misc.lazy_import.save_cache_file
    with atomic_write(cache_file, binary=True) as f:
  File "/var/tmp/sage-10.9-current/local/lib/python3.14/site-packages/sage/misc/temporary_file.py", line 346, in __enter__
    fd, name = tempfile.mkstemp(dir=self.tmpdir)
               ~~~~~~~~~~~~~~~~^^^^^^^^^^^^^^^^^
  File "/var/tmp/sage-10.9-current/local/lib/python3.14/tempfile.py", line 358, in mkstemp
    return _mkstemp_inner(dir, prefix, suffix, flags, output_type)
  File "/var/tmp/sage-10.9-current/local/lib/python3.14/tempfile.py", line 257, in _mkstemp_inner
    fd = _os.open(file, flags, 0o600)
PermissionError: [Errno 1] Operation not permitted: '/Users/zhou/.sage/cache/tmpdfmp0q0p'


ordinal=6
command=["/usr/local/bin/sage", "-python", "/Users/zhou/autoresearch/IntegerFactoring/experiments/F116_independent_54bit_all_pairs_stress/stress_sparse_dag_registered_case.py", "--ordinal", "6", "--p", "80000087", "--q", "159999907", "--output", "/Users/zhou/autoresearch/IntegerFactoring/experiments/F116_independent_54bit_all_pairs_stress/SPARSE_DAG_CASE_06_ATTEMPT_20260808T045244652199Z.json"]
timeout_seconds=600
elapsed_seconds=1.786170
timed_out=false
returncode=1
stdout:

stderr:
Traceback (most recent call last):
  File "/Users/zhou/autoresearch/IntegerFactoring/experiments/F116_independent_54bit_all_pairs_stress/stress_sparse_dag_registered_case.py", line 58, in <module>
    main()
    ~~~~^^
  File "/Users/zhou/autoresearch/IntegerFactoring/experiments/F116_independent_54bit_all_pairs_stress/stress_sparse_dag_registered_case.py", line 32, in main
    spec.loader.exec_module(candidate)
    ~~~~~~~~~~~~~~~~~~~~~~~^^^^^^^^^^^
  File "<frozen importlib._bootstrap_external>", line 759, in exec_module
  File "<frozen importlib._bootstrap>", line 491, in _call_with_frames_removed
  File "/Users/zhou/autoresearch/IntegerFactoring/experiments/F116_independent_54bit_all_pairs_stress/stress_sparse_dag_first_case.py", line 17, in <module>
    from sage.all import ZZ
  File "/var/tmp/sage-10.9-current/local/lib/python3.14/site-packages/sage/all.py", line 335, in <module>
    sage.misc.lazy_import.save_cache_file()
    ~~~~~~~~~~~~~~~~~~~~~~~~~~~~~~~~~~~~~^^
  File "sage/misc/lazy_import.pyx", line 1162, in sage.misc.lazy_import.save_cache_file
    with atomic_write(cache_file, binary=True) as f:
  File "/var/tmp/sage-10.9-current/local/lib/python3.14/site-packages/sage/misc/temporary_file.py", line 346, in __enter__
    fd, name = tempfile.mkstemp(dir=self.tmpdir)
               ~~~~~~~~~~~~~~~~^^^^^^^^^^^^^^^^^
  File "/var/tmp/sage-10.9-current/local/lib/python3.14/tempfile.py", line 358, in mkstemp
    return _mkstemp_inner(dir, prefix, suffix, flags, output_type)
  File "/var/tmp/sage-10.9-current/local/lib/python3.14/tempfile.py", line 257, in _mkstemp_inner
    fd = _os.open(file, flags, 0o600)
PermissionError: [Errno 1] Operation not permitted: '/Users/zhou/.sage/cache/tmp3nb9if2c'


ordinal=7
command=["/usr/local/bin/sage", "-python", "/Users/zhou/autoresearch/IntegerFactoring/experiments/F116_independent_54bit_all_pairs_stress/stress_sparse_dag_registered_case.py", "--ordinal", "7", "--p", "80000111", "--q", "159999899", "--output", "/Users/zhou/autoresearch/IntegerFactoring/experiments/F116_independent_54bit_all_pairs_stress/SPARSE_DAG_CASE_07_ATTEMPT_20260808T045246438861Z.json"]
timeout_seconds=600
elapsed_seconds=1.769103
timed_out=false
returncode=1
stdout:

stderr:
Traceback (most recent call last):
  File "/Users/zhou/autoresearch/IntegerFactoring/experiments/F116_independent_54bit_all_pairs_stress/stress_sparse_dag_registered_case.py", line 58, in <module>
    main()
    ~~~~^^
  File "/Users/zhou/autoresearch/IntegerFactoring/experiments/F116_independent_54bit_all_pairs_stress/stress_sparse_dag_registered_case.py", line 32, in main
    spec.loader.exec_module(candidate)
    ~~~~~~~~~~~~~~~~~~~~~~~^^^^^^^^^^^
  File "<frozen importlib._bootstrap_external>", line 759, in exec_module
  File "<frozen importlib._bootstrap>", line 491, in _call_with_frames_removed
  File "/Users/zhou/autoresearch/IntegerFactoring/experiments/F116_independent_54bit_all_pairs_stress/stress_sparse_dag_first_case.py", line 17, in <module>
    from sage.all import ZZ
  File "/var/tmp/sage-10.9-current/local/lib/python3.14/site-packages/sage/all.py", line 335, in <module>
    sage.misc.lazy_import.save_cache_file()
    ~~~~~~~~~~~~~~~~~~~~~~~~~~~~~~~~~~~~~^^
  File "sage/misc/lazy_import.pyx", line 1162, in sage.misc.lazy_import.save_cache_file
    with atomic_write(cache_file, binary=True) as f:
  File "/var/tmp/sage-10.9-current/local/lib/python3.14/site-packages/sage/misc/temporary_file.py", line 346, in __enter__
    fd, name = tempfile.mkstemp(dir=self.tmpdir)
               ~~~~~~~~~~~~~~~~^^^^^^^^^^^^^^^^^
  File "/var/tmp/sage-10.9-current/local/lib/python3.14/tempfile.py", line 358, in mkstemp
    return _mkstemp_inner(dir, prefix, suffix, flags, output_type)
  File "/var/tmp/sage-10.9-current/local/lib/python3.14/tempfile.py", line 257, in _mkstemp_inner
    fd = _os.open(file, flags, 0o600)
PermissionError: [Errno 1] Operation not permitted: '/Users/zhou/.sage/cache/tmp9ma2j78v'


ordinal=9
command=["/usr/local/bin/sage", "-python", "/Users/zhou/autoresearch/IntegerFactoring/experiments/F116_independent_54bit_all_pairs_stress/stress_sparse_dag_registered_case.py", "--ordinal", "9", "--p", "80000153", "--q", "159999881", "--output", "/Users/zhou/autoresearch/IntegerFactoring/experiments/F116_independent_54bit_all_pairs_stress/SPARSE_DAG_CASE_09_ATTEMPT_20260808T045248208445Z.json"]
timeout_seconds=600
elapsed_seconds=1.790809
timed_out=false
returncode=1
stdout:

stderr:
Traceback (most recent call last):
  File "/Users/zhou/autoresearch/IntegerFactoring/experiments/F116_independent_54bit_all_pairs_stress/stress_sparse_dag_registered_case.py", line 58, in <module>
    main()
    ~~~~^^
  File "/Users/zhou/autoresearch/IntegerFactoring/experiments/F116_independent_54bit_all_pairs_stress/stress_sparse_dag_registered_case.py", line 32, in main
    spec.loader.exec_module(candidate)
    ~~~~~~~~~~~~~~~~~~~~~~~^^^^^^^^^^^
  File "<frozen importlib._bootstrap_external>", line 759, in exec_module
  File "<frozen importlib._bootstrap>", line 491, in _call_with_frames_removed
  File "/Users/zhou/autoresearch/IntegerFactoring/experiments/F116_independent_54bit_all_pairs_stress/stress_sparse_dag_first_case.py", line 17, in <module>
    from sage.all import ZZ
  File "/var/tmp/sage-10.9-current/local/lib/python3.14/site-packages/sage/all.py", line 335, in <module>
    sage.misc.lazy_import.save_cache_file()
    ~~~~~~~~~~~~~~~~~~~~~~~~~~~~~~~~~~~~~^^
  File "sage/misc/lazy_import.pyx", line 1162, in sage.misc.lazy_import.save_cache_file
    with atomic_write(cache_file, binary=True) as f:
  File "/var/tmp/sage-10.9-current/local/lib/python3.14/site-packages/sage/misc/temporary_file.py", line 346, in __enter__
    fd, name = tempfile.mkstemp(dir=self.tmpdir)
               ~~~~~~~~~~~~~~~~^^^^^^^^^^^^^^^^^
  File "/var/tmp/sage-10.9-current/local/lib/python3.14/tempfile.py", line 358, in mkstemp
    return _mkstemp_inner(dir, prefix, suffix, flags, output_type)
  File "/var/tmp/sage-10.9-current/local/lib/python3.14/tempfile.py", line 257, in _mkstemp_inner
    fd = _os.open(file, flags, 0o600)
PermissionError: [Errno 1] Operation not permitted: '/Users/zhou/.sage/cache/tmpq_3f2vx8'


ordinal=13
command=["/usr/local/bin/sage", "-python", "/Users/zhou/autoresearch/IntegerFactoring/experiments/F116_independent_54bit_all_pairs_stress/stress_sparse_dag_registered_case.py", "--ordinal", "13", "--p", "80000273", "--q", "159999761", "--output", "/Users/zhou/autoresearch/IntegerFactoring/experiments/F116_independent_54bit_all_pairs_stress/SPARSE_DAG_CASE_13_ATTEMPT_20260808T045249999722Z.json"]
timeout_seconds=600
elapsed_seconds=1.780223
timed_out=false
returncode=1
stdout:

stderr:
Traceback (most recent call last):
  File "/Users/zhou/autoresearch/IntegerFactoring/experiments/F116_independent_54bit_all_pairs_stress/stress_sparse_dag_registered_case.py", line 58, in <module>
    main()
    ~~~~^^
  File "/Users/zhou/autoresearch/IntegerFactoring/experiments/F116_independent_54bit_all_pairs_stress/stress_sparse_dag_registered_case.py", line 32, in main
    spec.loader.exec_module(candidate)
    ~~~~~~~~~~~~~~~~~~~~~~~^^^^^^^^^^^
  File "<frozen importlib._bootstrap_external>", line 759, in exec_module
  File "<frozen importlib._bootstrap>", line 491, in _call_with_frames_removed
  File "/Users/zhou/autoresearch/IntegerFactoring/experiments/F116_independent_54bit_all_pairs_stress/stress_sparse_dag_first_case.py", line 17, in <module>
    from sage.all import ZZ
  File "/var/tmp/sage-10.9-current/local/lib/python3.14/site-packages/sage/all.py", line 335, in <module>
    sage.misc.lazy_import.save_cache_file()
    ~~~~~~~~~~~~~~~~~~~~~~~~~~~~~~~~~~~~~^^
  File "sage/misc/lazy_import.pyx", line 1162, in sage.misc.lazy_import.save_cache_file
    with atomic_write(cache_file, binary=True) as f:
  File "/var/tmp/sage-10.9-current/local/lib/python3.14/site-packages/sage/misc/temporary_file.py", line 346, in __enter__
    fd, name = tempfile.mkstemp(dir=self.tmpdir)
               ~~~~~~~~~~~~~~~~^^^^^^^^^^^^^^^^^
  File "/var/tmp/sage-10.9-current/local/lib/python3.14/tempfile.py", line 358, in mkstemp
    return _mkstemp_inner(dir, prefix, suffix, flags, output_type)
  File "/var/tmp/sage-10.9-current/local/lib/python3.14/tempfile.py", line 257, in _mkstemp_inner
    fd = _os.open(file, flags, 0o600)
PermissionError: [Errno 1] Operation not permitted: '/Users/zhou/.sage/cache/tmp_yb4foz2'

