ordinal=4
command=["/usr/local/bin/sage", "-python", "/Users/zhou/autoresearch/IntegerFactoring/experiments/F116_independent_54bit_all_pairs_stress/stress_sparse_dag_registered_case.py", "--ordinal", "4", "--p", "80000069", "--q", "159999941", "--output", "/Users/zhou/autoresearch/IntegerFactoring/experiments/F116_independent_54bit_all_pairs_stress/SPARSE_DAG_CASE_04_ATTEMPT_20260808T045334762483Z.json"]
timeout_seconds=600
elapsed_seconds=31.130055
timed_out=false
returncode=0
stdout:
{"status": "PASS", "elapsed_seconds": 27.429174584001885}

stderr:


ordinal=6
command=["/usr/local/bin/sage", "-python", "/Users/zhou/autoresearch/IntegerFactoring/experiments/F116_independent_54bit_all_pairs_stress/stress_sparse_dag_registered_case.py", "--ordinal", "6", "--p", "80000087", "--q", "159999907", "--output", "/Users/zhou/autoresearch/IntegerFactoring/experiments/F116_independent_54bit_all_pairs_stress/SPARSE_DAG_CASE_06_ATTEMPT_20260808T045405894003Z.json"]
timeout_seconds=600
elapsed_seconds=31.013200
timed_out=false
returncode=0
stdout:
{"status": "PASS", "elapsed_seconds": 27.228984375004075}

stderr:


ordinal=7
command=["/usr/local/bin/sage", "-python", "/Users/zhou/autoresearch/IntegerFactoring/experiments/F116_independent_54bit_all_pairs_stress/stress_sparse_dag_registered_case.py", "--ordinal", "7", "--p", "80000111", "--q", "159999899", "--output", "/Users/zhou/autoresearch/IntegerFactoring/experiments/F116_independent_54bit_all_pairs_stress/SPARSE_DAG_CASE_07_ATTEMPT_20260808T045436908827Z.json"]
timeout_seconds=600
elapsed_seconds=30.248240
timed_out=false
returncode=0
stdout:
{"status": "PASS", "elapsed_seconds": 26.491888165997807}

stderr:


ordinal=9
command=["/usr/local/bin/sage", "-python", "/Users/zhou/autoresearch/IntegerFactoring/experiments/F116_independent_54bit_all_pairs_stress/stress_sparse_dag_registered_case.py", "--ordinal", "9", "--p", "80000153", "--q", "159999881", "--output", "/Users/zhou/autoresearch/IntegerFactoring/experiments/F116_independent_54bit_all_pairs_stress/SPARSE_DAG_CASE_09_ATTEMPT_20260808T045507158496Z.json"]
timeout_seconds=600
elapsed_seconds=30.689683
timed_out=false
returncode=0
stdout:
{"status": "PASS", "elapsed_seconds": 26.915415916009806}

stderr:


ordinal=13
command=["/usr/local/bin/sage", "-python", "/Users/zhou/autoresearch/IntegerFactoring/experiments/F116_independent_54bit_all_pairs_stress/stress_sparse_dag_registered_case.py", "--ordinal", "13", "--p", "80000273", "--q", "159999761", "--output", "/Users/zhou/autoresearch/IntegerFactoring/experiments/F116_independent_54bit_all_pairs_stress/SPARSE_DAG_CASE_13_ATTEMPT_20260808T045537849605Z.json"]
timeout_seconds=600
elapsed_seconds=30.837732
timed_out=false
returncode=0
stdout:
{"status": "PASS", "elapsed_seconds": 27.08052887499798}

stderr:

