named_timeout=F111_COMPLETE_INTERACTION_HARD_TIMEOUT_V1
hard_timeout_seconds=7200
working_directory=/Users/zhou/autoresearch/IntegerFactoring/experiments/F111_factor_free_cross_layer_certificate
started_utc=2026-08-08T04:03:28.684189+00:00
command=/opt/homebrew/opt/python@3.14/bin/python3.14 -B /Users/zhou/autoresearch/IntegerFactoring/experiments/F111_factor_free_cross_layer_certificate/RECONSTRUCT_INTERACTION_decoder_v1.py --input /Users/zhou/autoresearch/IntegerFactoring/experiments/F111_factor_free_cross_layer_certificate/RECONSTRUCT_INTERACTION_INPUT.json --output /Users/zhou/autoresearch/IntegerFactoring/experiments/F111_factor_free_cross_layer_certificate/RECONSTRUCT_INTERACTION_OUTPUT.json
internal exact-arithmetic self-checks passed
verified gcd(t, N)=1 for every 2 <= t <= 1024
seed basis blocks=23 frozen pairs=31
frozen layer records=14351 attempts=63550 duplicates=49230
exact stop=15383 appended records=1032 appended attempts=3432 duplicates=2400
normalization frozen=11885 appended=837 union=12569 shared=153 appended_new=684
union exact-value basis: logical_scans=50000143 batch_queries=1692817 pops=52174 basis=2211 stack=10880
union exact-value basis: logical_scans=100001552 batch_queries=3509314 pops=75728 basis=3053 stack=10161
union exact-value basis: logical_scans=150003627 batch_queries=5355336 pops=94210 basis=3687 stack=9641
union exact-value basis: logical_scans=200000401 batch_queries=7228320 pops=109795 basis=4261 stack=9170
union exact-value basis: logical_scans=250004527 batch_queries=9116885 pops=123541 basis=4755 stack=8759
union exact-value basis: logical_scans=300001156 batch_queries=11015054 pops=135995 basis=5204 stack=8382
union exact-value basis: logical_scans=350004882 batch_queries=12933611 pops=147540 basis=5585 stack=8050
union exact-value basis: logical_scans=400001912 batch_queries=14872111 pops=158307 basis=5967 stack=7722
union exact-value basis: logical_scans=450002277 batch_queries=16825499 pops=168395 basis=6328 stack=7419
union exact-value basis: logical_scans=500004306 batch_queries=18795466 pops=177943 basis=6667 stack=7118
union exact-value basis: logical_scans=550006836 batch_queries=20777457 pops=187046 basis=6967 stack=6864
union exact-value basis: logical_scans=600003902 batch_queries=22765682 pops=195761 basis=7251 stack=6612
union exact-value basis: logical_scans=650002656 batch_queries=24764473 pops=204181 basis=7520 stack=6362
union exact-value basis: logical_scans=700001813 batch_queries=26771670 pops=212311 basis=7772 stack=6135
union exact-value basis: logical_scans=750001688 batch_queries=28792157 pops=220175 basis=8032 stack=5898
union exact-value basis: logical_scans=800004624 batch_queries=30824107 pops=227788 basis=8295 stack=5667
union exact-value basis: logical_scans=850004076 batch_queries=32867401 pops=235182 basis=8543 stack=5434
union exact-value basis: logical_scans=900005803 batch_queries=34919570 pops=242344 basis=8775 stack=5224
union exact-value basis: logical_scans=950001731 batch_queries=36980185 pops=249331 basis=8997 stack=5016
union exact-value basis: logical_scans=1000004915 batch_queries=39047581 pops=256147 basis=9212 stack=4813
union exact-value basis: logical_scans=1050008065 batch_queries=41120330 pops=262801 basis=9444 stack=4610
union exact-value basis: logical_scans=1100001129 batch_queries=43194984 pops=269302 basis=9655 stack=4418
union exact-value basis: logical_scans=1150009775 batch_queries=45273311 pops=275659 basis=9867 stack=4223
union exact-value basis: logical_scans=1200005915 batch_queries=47355199 pops=281897 basis=10048 stack=4043
union exact-value basis: logical_scans=1250008041 batch_queries=49442839 pops=288016 basis=10234 stack=3857
union exact-value basis: logical_scans=1300008009 batch_queries=51536390 pops=294036 basis=10433 stack=3673
union exact-value basis: logical_scans=1350000168 batch_queries=53635744 pops=299953 basis=10598 stack=3506
union exact-value basis: logical_scans=1400005988 batch_queries=55741750 pops=305766 basis=10757 stack=3352
union exact-value basis: logical_scans=1450005591 batch_queries=57853351 pops=311501 basis=10913 stack=3191
union exact-value basis: logical_scans=1500004938 batch_queries=59969055 pops=317143 basis=11089 stack=3023
union exact-value basis: logical_scans=1550008171 batch_queries=62088712 pops=322710 basis=11250 stack=2855
union exact-value basis: logical_scans=1600008929 batch_queries=64213442 pops=328205 basis=11408 stack=2688
union exact-value basis: logical_scans=1650010559 batch_queries=66343770 pops=333626 basis=11572 stack=2520
union exact-value basis: logical_scans=1700008407 batch_queries=68479574 pops=338975 basis=11721 stack=2361
union exact-value basis: logical_scans=1750004195 batch_queries=70619399 pops=344245 basis=11885 stack=2203
union exact-value basis: logical_scans=1800011372 batch_queries=72763773 pops=349441 basis=12034 stack=2052
union exact-value basis: logical_scans=1850009898 batch_queries=74911143 pops=354548 basis=12204 stack=1890
union exact-value basis: logical_scans=1900007286 batch_queries=77061390 pops=359622 basis=12348 stack=1742
union exact-value basis: logical_scans=1950007350 batch_queries=79215410 pops=364630 basis=12471 stack=1612
union exact-value basis: logical_scans=2000000298 batch_queries=81376537 pops=369602 basis=12594 stack=1469
union exact-value basis: logical_scans=2050006222 batch_queries=83543895 pops=374520 basis=12723 stack=1325
union exact-value basis: logical_scans=2100001843 batch_queries=85716952 pops=379386 basis=12862 stack=1166
union exact-value basis: logical_scans=2150002937 batch_queries=87894932 pops=384203 basis=12982 stack=1024
union exact-value basis: logical_scans=2200003132 batch_queries=90078836 pops=388963 basis=13119 stack=871
union exact-value basis: logical_scans=2250001692 batch_queries=92265294 pops=393682 basis=13247 stack=734
union exact-value basis: logical_scans=2300004162 batch_queries=94456961 pops=398370 basis=13355 stack=600
union exact-value basis: logical_scans=2350001122 batch_queries=96652573 pops=403024 basis=13456 stack=471
union exact-value basis: logical_scans=2400008996 batch_queries=98852901 pops=407624 basis=13587 stack=328
union exact-value basis: logical_scans=2450002592 batch_queries=101057778 pops=412192 basis=13707 stack=192
union exact-value basis: logical_scans=2500000860 batch_queries=103268416 pops=416730 basis=13817 stack=59
union exact basis blocks=13864 public rows=13864
frozen_standalone_and_union_owned: columns=11885 rows=13288 rank=11878 kernel=7 normalized_root_rank=0
appended_standalone: columns=837 rows=1143 rank=837 kernel=0 normalized_root_rank=0
globally_new_appended_coordinates: columns=684 rows=978 rank=684 kernel=0 normalized_root_rank=0
global_union: columns=12569 rows=13864 rank=12551 kernel=18 normalized_root_rank=1
wrote /Users/zhou/autoresearch/IntegerFactoring/experiments/F111_factor_free_cross_layer_certificate/RECONSTRUCT_INTERACTION_OUTPUT.json
exit_code=0
elapsed_seconds=53.322489
status=PASS
