command=["/opt/homebrew/opt/python@3.14/bin/python3.14", "/Users/zhou/autoresearch/IntegerFactoring/experiments/F111_factor_free_cross_layer_certificate/replay_public_certificate.py"]
timeout_seconds=120
returncode=0
stdout:
{
  "N": 3241632473,
  "bound": 1024,
  "candidate_residues_attempted": 67013,
  "dependency_provenance_kind_counts": {
    "frozen_seed_basis_pair": 327,
    "nonadaptive_seed_pair": 36
  },
  "dependency_support": 363,
  "direct_gcd_screens": 30766,
  "duplicate_residues": 51630,
  "elapsed_seconds": 0.05514075000246521,
  "forbidden_operations_used": [],
  "frozen_pair_count": 31,
  "frozen_pairs": [
    [
      2,
      3
    ],
    [
      2,
      3
    ],
    [
      2,
      5
    ],
    [
      2,
      5
    ],
    [
      2,
      3
    ],
    [
      2,
      5
    ],
    [
      2,
      3
    ],
    [
      2,
      3
    ],
    [
      2,
      5
    ],
    [
      2,
      11
    ],
    [
      2,
      3
    ],
    [
      13,
      2992276129
    ],
    [
      2,
      5
    ],
    [
      2,
      3
    ],
    [
      2,
      3
    ],
    [
      5,
      17
    ],
    [
      2,
      3
    ],
    [
      2,
      3
    ],
    [
      2,
      5
    ],
    [
      3,
      7
    ],
    [
      2,
      11
    ],
    [
      2,
      3
    ],
    [
      2,
      3
    ],
    [
      2,
      3
    ],
    [
      2,
      3
    ],
    [
      2,
      3
    ],
    [
      2,
      5
    ],
    [
      2,
      3
    ],
    [
      2,
      3
    ],
    [
      2,
      31
    ],
    [
      2,
      5
    ]
  ],
  "frozen_relation_count": 14351,
  "gcd_root_minus_one_N": 79043,
  "gcd_root_plus_one_N": 41011,
  "initial_basis_blocks": 23,
  "initial_basis_stats": {
    "gcd_calls": 6234,
    "identical_merges": 114,
    "overlap_splits": 72,
    "perfect_power_splits": 19
  },
  "initial_endpoint_count": 62,
  "input_hashes": {
    "CERTIFICATE.json": "735a8535eb8cd4e8bc5e1c0fbc71d78b3acd79b3e6efa1f865d9084dea67cf6b",
    "experiments/F98_multiseed_presentation_closure_kill/public_factorization_free_replay.py": "5fded40920ca52827662ba536f14a49ec9e302b934f6d0967e66be2b18c9ba4b"
  },
  "n": 32,
  "proper_direct_gcds": 0,
  "role": "factor-free verification of one explicit public dependency certificate",
  "root_mod_N": 1058780986,
  "selected_exact_product_bit_length": 21620,
  "selected_exact_product_is_square": true,
  "source_stop_relation_count": 15383,
  "status": "PASS",
  "trial_screen_null": true
}

stderr:
