audit_factored=1000/9414
audit_factored=2000/9414
audit_factored=3000/9414
audit_factored=4000/9414
audit_factored=5000/9414
audit_factored=6000/9414
audit_factored=7000/9414
audit_factored=8000/9414
audit_factored=9000/9414
Traceback (most recent call last):
  File "/Users/zhou/autoresearch/IntegerFactoring/experiments/F102_f98_full_parity_core/audit_verify_full_core.sage.py", line 336, in <module>
    args.output.write_text(json.dumps(result, indent=_sage_const_2 , sort_keys=True, default=int) + "\n")
                           ~~~~~~~~~~^^^^^^^^^^^^^^^^^^^^^^^^^^^^^^^^^^^^^^^^^^^^^^^^^^^^^^^^^^^^
  File "/var/tmp/sage-10.9-current/local/lib/python3.14/json/__init__.py", line 242, in dumps
    **kw).encode(obj)
          ~~~~~~^^^^^
  File "/var/tmp/sage-10.9-current/local/lib/python3.14/json/encoder.py", line 202, in encode
    chunks = self.iterencode(o, _one_shot=True)
  File "/var/tmp/sage-10.9-current/local/lib/python3.14/json/encoder.py", line 263, in iterencode
    return _iterencode(o, 0)
TypeError: keys must be str, int, float, bool or None, not sage.rings.integer.Integer
when serializing dict item 'core_row_degree_histogram'
when serializing dict item 'full'
real 4.19
user 3.36
sys 0.38
