command=["/opt/homebrew/opt/python@3.14/bin/python3.14", "/Users/zhou/autoresearch/IntegerFactoring/experiments/F114_all_seed_pairs_n50_rescue/test_all_seed_pairs_n50.py", "--workers", "4", "--checkpoint", "/Users/zhou/autoresearch/IntegerFactoring/experiments/F114_all_seed_pairs_n50_rescue/OUTPUT_ATTEMPT.json"]
timeout_seconds=1800
returncode=1
stdout:

stderr:
concurrent.futures.process._RemoteTraceback: 
"""
ModuleNotFoundError: No module named 'f114_pinned_f113'

During handling of the above exception, another exception occurred:

Traceback (most recent call last):
  File "/opt/homebrew/Cellar/python@3.14/3.14.5/Frameworks/Python.framework/Versions/3.14/lib/python3.14/multiprocessing/queues.py", line 262, in _feed
    obj = _ForkingPickler.dumps(obj)
  File "/opt/homebrew/Cellar/python@3.14/3.14.5/Frameworks/Python.framework/Versions/3.14/lib/python3.14/multiprocessing/reduction.py", line 51, in dumps
    cls(buf, protocol).dump(obj)
    ~~~~~~~~~~~~~~~~~~~~~~~^^^^^
_pickle.PicklingError: Can't pickle <function compact_case at 0x108045a60>: No module named 'f114_pinned_f113'
when serializing dict item 'fn'
when serializing concurrent.futures.process._CallItem state
when serializing concurrent.futures.process._CallItem object
"""

The above exception was the direct cause of the following exception:

Traceback (most recent call last):
  File "/Users/zhou/autoresearch/IntegerFactoring/experiments/F114_all_seed_pairs_n50_rescue/test_all_seed_pairs_n50.py", line 96, in <module>
    main()
    ~~~~^^
  File "/Users/zhou/autoresearch/IntegerFactoring/experiments/F114_all_seed_pairs_n50_rescue/test_all_seed_pairs_n50.py", line 69, in main
    completed.append(future.result())
                     ~~~~~~~~~~~~~^^
  File "/opt/homebrew/Cellar/python@3.14/3.14.5/Frameworks/Python.framework/Versions/3.14/lib/python3.14/concurrent/futures/_base.py", line 443, in result
    return self.__get_result()
           ~~~~~~~~~~~~~~~~~^^
  File "/opt/homebrew/Cellar/python@3.14/3.14.5/Frameworks/Python.framework/Versions/3.14/lib/python3.14/concurrent/futures/_base.py", line 395, in __get_result
    raise self._exception
  File "/opt/homebrew/Cellar/python@3.14/3.14.5/Frameworks/Python.framework/Versions/3.14/lib/python3.14/multiprocessing/queues.py", line 262, in _feed
    obj = _ForkingPickler.dumps(obj)
  File "/opt/homebrew/Cellar/python@3.14/3.14.5/Frameworks/Python.framework/Versions/3.14/lib/python3.14/multiprocessing/reduction.py", line 51, in dumps
    cls(buf, protocol).dump(obj)
    ~~~~~~~~~~~~~~~~~~~~~~~^^^^^
_pickle.PicklingError: Can't pickle <function compact_case at 0x108045a60>: No module named 'f114_pinned_f113'
when serializing dict item 'fn'
when serializing concurrent.futures.process._CallItem state
when serializing concurrent.futures.process._CallItem object
