command=['/opt/homebrew/bin/python3', '/Users/zhou/autoresearch/IntegerFactoring/experiments/F106_f98_carry_origin_diagnosis/analyze_carry_origin.py']
timeout_seconds=30
elapsed_seconds=0.029928
exit_code=0
stdout:
{
  "N": 202537109,
  "carry_chain_selected_pairs": 51,
  "carry_chain_state_counts": {
    "c_chain=0,w_chain=1": 23,
    "c_chain=1,w_chain=0": 28
  },
  "carry_state_counts": {
    "c_zero=0,w_zero=0": 1,
    "c_zero=0,w_zero=1": 14,
    "c_zero=1,w_zero=0": 16
  },
  "category_stats": {
    "all": {
      "components": [
        166
      ],
      "nullity": 1,
      "rank": 165,
      "rows": 230
    },
    "carry_connected": {
      "components": [
        5,
        5,
        4,
        4,
        4,
        4,
        3,
        3,
        3,
        3,
        2,
        2,
        2,
        2,
        2,
        2,
        2,
        2,
        2,
        2,
        2,
        2,
        2,
        2,
        2,
        2,
        2,
        2,
        2,
        1,
        1,
        1,
        1,
        1,
        1,
        1,
        1,
        1,
        1,
        1,
        1,
        1,
        1,
        1,
        1,
        1,
        1,
        1,
        1,
        1,
        1,
        1,
        1,
        1,
        1,
        1,
        1,
        1,
        1,
        1,
        1,
        1,
        1,
        1,
        1,
        1,
        1,
        1,
        1,
        1,
        1,
        1,
        1,
        1,
        1,
        1,
        1,
        1,
        1,
        1,
        1,
        1,
        1,
        1,
        1,
        1,
        1,
        1,
        1,
        1,
        1,
        1,
        1,
        1,
        1,
        1,
        1,
        1,
        1,
        1,
        1,
        1,
        1,
        1,
        1,
        1,
        1,
        1,
        1,
        1,
        1,
        1,
        1,
        1,
        1,
        1,
        1,
        1,
        1
      ],
      "nullity": 119,
      "rank": 47,
      "rows": 50
    },
    "cross_trajectory": {
      "components": [
        166
      ],
      "nullity": 3,
      "rank": 163,
      "rows": 175
    },
    "has_carry_edge": {
      "components": [
        163,
        2,
        1
      ],
      "nullity": 95,
      "rank": 71,
      "rows": 74
    },
    "large_above_n_squared": {
      "components": [
        51,
        32,
        17,
        10,
        7,
        7,
        4,
        3,
        3,
        3,
        3,
        3,
        2,
        2,
        2,
        2,
        2,
        2,
        1,
        1,
        1,
        1,
        1,
        1,
        1,
        1,
        1,
        1,
        1
      ],
      "nullity": 34,
      "rank": 132,
      "rows": 135
    },
    "large_cross_trajectory": {
      "components": [
        25,
        10,
        9,
        9,
        9,
        8,
        7,
        4,
        4,
        3,
        3,
        2,
        2,
        2,
        2,
        2,
        2,
        2,
        2,
        2,
        1,
        1,
        1,
        1,
        1,
        1,
        1,
        1,
        1,
        1,
        1,
        1,
        1,
        1,
        1,
        1,
        1,
        1,
        1,
        1,
        1,
        1,
        1,
        1,
        1,
        1,
        1,
        1,
        1,
        1,
        1,
        1,
        1,
        1,
        1,
        1,
        1,
        1,
        1,
        1,
        1,
        1,
        1,
        1,
        1,
        1,
        1,
        1,
        1,
        1,
        1,
        1,
        1,
        1,
        1,
        1,
        1
      ],
      "nullity": 82,
      "rank": 84,
      "rows": 84
    },
    "no_carry_edge": {
      "components": [
        148,
        1,
        1,
        1,
        1,
        1,
        1,
        1,
        1,
        1,
        1,
        1,
        1,
        1,
        1,
        1,
        1,
        1,
        1
      ],
      "nullity": 21,
      "rank": 145,
      "rows": 156
    },
    "one_trajectory": {
      "components": [
        7,
        5,
        4,
        4,
        4,
        4,
        3,
        3,
        3,
        3,
        3,
        2,
        2,
        2,
        2,
        2,
        2,
        2,
        2,
        2,
        2,
        2,
        2,
        2,
        2,
        2,
        2,
        2,
        2,
        2,
        2,
        1,
        1,
        1,
        1,
        1,
        1,
        1,
        1,
        1,
        1,
        1,
        1,
        1,
        1,
        1,
        1,
        1,
        1,
        1,
        1,
        1,
        1,
        1,
        1,
        1,
        1,
        1,
        1,
        1,
        1,
        1,
        1,
        1,
        1,
        1,
        1,
        1,
        1,
        1,
        1,
        1,
        1,
        1,
        1,
        1,
        1,
        1,
        1,
        1,
        1,
        1,
        1,
        1,
        1,
        1,
        1,
        1,
        1,
        1,
        1,
        1,
        1,
        1,
        1,
        1,
        1,
        1,
        1,
        1,
        1,
        1,
        1,
        1,
        1,
        1,
        1,
        1,
        1,
        1,
        1,
        1,
        1,
        1
      ],
      "nullity": 114,
      "rank": 52,
      "rows": 55
    },
    "small_at_most_n_squared": {
      "components": [
        166
      ],
      "nullity": 71,
      "rank": 95,
      "rows": 95
    }
  },
  "columns": 166,
  "consecutive_selected_pairs": 31,
  "degree_two_rows": 167,
  "degree_two_with_carry_edge": 50,
  "full_nullity": 1,
  "full_rank": 165,
  "input_hashes": {
    "experiments/F100_f98_dependency_structure/OUTPUT.json": "9bcf6217f412f837fab8e3d0b832e01c80fbd5afa1d173156ec93df95bd94076",
    "experiments/F98_multiseed_presentation_closure_kill/PUBLIC_REPLAY_OUTPUT.json": "ee17d7e3ba088f382c0a1c3adec6d1e328ab7a4a814df8d1f6273e41d19c24ab"
  },
  "largest_no_carry_prime": 2814499,
  "largest_prime": 39390563,
  "n": 28,
  "prime_rows": 230,
  "public_bound": 784,
  "role": "factor-assisted finite diagnosis",
  "row_class_counts": {
    "large|carry|local": 48,
    "large|noncarry|cross": 84,
    "large|noncarry|local": 3,
    "small|carry|cross": 24,
    "small|carry|local": 2,
    "small|noncarry|cross": 67,
    "small|noncarry|local": 2
  },
  "status": "complete",
  "two_zero_carry_selected_pairs": 0
}

stderr:

