{
  "experiment": "F219-D01",
  "verdict": "spreading_lead",
  "identity_checks": 432480,
  "fixed_residue_intersection": [],
  "summaries": [
    {
      "t": 4,
      "input_count": 212,
      "sample_count": 8,
      "h_image_size_min": 3,
      "h_image_size_min_at": [
        4331,
        61,
        71
      ],
      "h_image_size_max": 8,
      "h_image_size_max_at": [
        77,
        7,
        11
      ],
      "g_image_size_min": 3,
      "g_image_size_min_at": [
        4331,
        61,
        71
      ],
      "g_image_size_max": 8,
      "g_image_size_max_at": [
        247,
        13,
        19
      ],
      "h_zero_count_min": 0,
      "h_zero_count_min_at": [
        77,
        7,
        11
      ],
      "h_zero_count_max": 3,
      "h_zero_count_max_at": [
        35,
        5,
        7
      ],
      "g_zero_count_min": 0,
      "g_zero_count_min_at": [
        77,
        7,
        11
      ],
      "g_zero_count_max": 3,
      "g_zero_count_max_at": [
        35,
        5,
        7
      ],
      "h_max_fibre_min": 1,
      "h_max_fibre_min_at": [
        77,
        7,
        11
      ],
      "h_max_fibre_max": 5,
      "h_max_fibre_max_at": [
        4307,
        59,
        73
      ],
      "g_max_fibre_min": 1,
      "g_max_fibre_min_at": [
        247,
        13,
        19
      ],
      "g_max_fibre_max": 4,
      "g_max_fibre_max_at": [
        4331,
        61,
        71
      ]
    },
    {
      "t": 5,
      "input_count": 212,
      "sample_count": 16,
      "h_image_size_min": 7,
      "h_image_size_min_at": [
        1147,
        31,
        37
      ],
      "h_image_size_max": 16,
      "h_image_size_max_at": [
        989,
        23,
        43
      ],
      "g_image_size_min": 8,
      "g_image_size_min_at": [
        247,
        13,
        19
      ],
      "g_image_size_max": 16,
      "g_image_size_max_at": [
        989,
        23,
        43
      ],
      "h_zero_count_min": 0,
      "h_zero_count_min_at": [
        77,
        7,
        11
      ],
      "h_zero_count_max": 3,
      "h_zero_count_max_at": [
        35,
        5,
        7
      ],
      "g_zero_count_min": 0,
      "g_zero_count_min_at": [
        77,
        7,
        11
      ],
      "g_zero_count_max": 3,
      "g_zero_count_max_at": [
        35,
        5,
        7
      ],
      "h_max_fibre_min": 1,
      "h_max_fibre_min_at": [
        989,
        23,
        43
      ],
      "h_max_fibre_max": 5,
      "h_max_fibre_max_at": [
        91,
        7,
        13
      ],
      "g_max_fibre_min": 1,
      "g_max_fibre_min_at": [
        989,
        23,
        43
      ],
      "g_max_fibre_max": 5,
      "g_max_fibre_max_at": [
        4331,
        61,
        71
      ]
    },
    {
      "t": 6,
      "input_count": 212,
      "sample_count": 32,
      "h_image_size_min": 12,
      "h_image_size_min_at": [
        247,
        13,
        19
      ],
      "h_image_size_max": 32,
      "h_image_size_max_at": [
        4087,
        61,
        67
      ],
      "g_image_size_min": 12,
      "g_image_size_min_at": [
        247,
        13,
        19
      ],
      "g_image_size_max": 32,
      "g_image_size_max_at": [
        4087,
        61,
        67
      ],
      "h_zero_count_min": 0,
      "h_zero_count_min_at": [
        77,
        7,
        11
      ],
      "h_zero_count_max": 6,
      "h_zero_count_max_at": [
        7303,
        67,
        109
      ],
      "g_zero_count_min": 0,
      "g_zero_count_min_at": [
        77,
        7,
        11
      ],
      "g_zero_count_max": 6,
      "g_zero_count_max_at": [
        7303,
        67,
        109
      ],
      "h_max_fibre_min": 1,
      "h_max_fibre_min_at": [
        4087,
        61,
        67
      ],
      "h_max_fibre_max": 6,
      "h_max_fibre_max_at": [
        91,
        7,
        13
      ],
      "g_max_fibre_min": 1,
      "g_max_fibre_min_at": [
        4087,
        61,
        67
      ],
      "g_max_fibre_max": 6,
      "g_max_fibre_max_at": [
        4331,
        61,
        71
      ]
    },
    {
      "t": 7,
      "input_count": 212,
      "sample_count": 64,
      "h_image_size_min": 16,
      "h_image_size_min_at": [
        247,
        13,
        19
      ],
      "h_image_size_max": 64,
      "h_image_size_max_at": [
        16199,
        97,
        167
      ],
      "g_image_size_min": 16,
      "g_image_size_min_at": [
        247,
        13,
        19
      ],
      "g_image_size_max": 64,
      "g_image_size_max_at": [
        16199,
        97,
        167
      ],
      "h_zero_count_min": 0,
      "h_zero_count_min_at": [
        77,
        7,
        11
      ],
      "h_zero_count_max": 6,
      "h_zero_count_max_at": [
        323,
        17,
        19
      ],
      "g_zero_count_min": 0,
      "g_zero_count_min_at": [
        77,
        7,
        11
      ],
      "g_zero_count_max": 6,
      "g_zero_count_max_at": [
        323,
        17,
        19
      ],
      "h_max_fibre_min": 1,
      "h_max_fibre_min_at": [
        16199,
        97,
        167
      ],
      "h_max_fibre_max": 9,
      "h_max_fibre_max_at": [
        35,
        5,
        7
      ],
      "g_max_fibre_min": 1,
      "g_max_fibre_min_at": [
        16199,
        97,
        167
      ],
      "g_max_fibre_max": 8,
      "g_max_fibre_max_at": [
        35,
        5,
        7
      ]
    },
    {
      "t": 8,
      "input_count": 212,
      "sample_count": 128,
      "h_image_size_min": 28,
      "h_image_size_min_at": [
        247,
        13,
        19
      ],
      "h_image_size_max": 106,
      "h_image_size_max_at": [
        77,
        7,
        11
      ],
      "g_image_size_min": 28,
      "g_image_size_min_at": [
        247,
        13,
        19
      ],
      "g_image_size_max": 112,
      "g_image_size_max_at": [
        4189,
        59,
        71
      ],
      "h_zero_count_min": 0,
      "h_zero_count_min_at": [
        77,
        7,
        11
      ],
      "h_zero_count_max": 8,
      "h_zero_count_max_at": [
        35,
        5,
        7
      ],
      "g_zero_count_min": 0,
      "g_zero_count_min_at": [
        77,
        7,
        11
      ],
      "g_zero_count_max": 8,
      "g_zero_count_max_at": [
        35,
        5,
        7
      ],
      "h_max_fibre_min": 2,
      "h_max_fibre_min_at": [
        16199,
        97,
        167
      ],
      "h_max_fibre_max": 9,
      "h_max_fibre_max_at": [
        35,
        5,
        7
      ],
      "g_max_fibre_min": 2,
      "g_max_fibre_min_at": [
        4189,
        59,
        71
      ],
      "g_max_fibre_max": 10,
      "g_max_fibre_max_at": [
        91,
        7,
        13
      ]
    },
    {
      "t": 9,
      "input_count": 212,
      "sample_count": 256,
      "h_image_size_min": 48,
      "h_image_size_min_at": [
        247,
        13,
        19
      ],
      "h_image_size_max": 207,
      "h_image_size_max_at": [
        77,
        7,
        11
      ],
      "g_image_size_min": 48,
      "g_image_size_min_at": [
        247,
        13,
        19
      ],
      "g_image_size_max": 219,
      "g_image_size_max_at": [
        4189,
        59,
        71
      ],
      "h_zero_count_min": 0,
      "h_zero_count_min_at": [
        77,
        7,
        11
      ],
      "h_zero_count_max": 9,
      "h_zero_count_max_at": [
        143,
        11,
        13
      ],
      "g_zero_count_min": 0,
      "g_zero_count_min_at": [
        77,
        7,
        11
      ],
      "g_zero_count_max": 9,
      "g_zero_count_max_at": [
        143,
        11,
        13
      ],
      "h_max_fibre_min": 3,
      "h_max_fibre_min_at": [
        77,
        7,
        11
      ],
      "h_max_fibre_max": 17,
      "h_max_fibre_max_at": [
        35,
        5,
        7
      ],
      "g_max_fibre_min": 3,
      "g_max_fibre_min_at": [
        77,
        7,
        11
      ],
      "g_max_fibre_max": 16,
      "g_max_fibre_max_at": [
        35,
        5,
        7
      ]
    },
    {
      "t": 10,
      "input_count": 212,
      "sample_count": 512,
      "h_image_size_min": 92,
      "h_image_size_min_at": [
        247,
        13,
        19
      ],
      "h_image_size_max": 425,
      "h_image_size_max_at": [
        77,
        7,
        11
      ],
      "g_image_size_min": 92,
      "g_image_size_min_at": [
        247,
        13,
        19
      ],
      "g_image_size_max": 420,
      "g_image_size_max_at": [
        77,
        7,
        11
      ],
      "h_zero_count_min": 0,
      "h_zero_count_min_at": [
        77,
        7,
        11
      ],
      "h_zero_count_max": 17,
      "h_zero_count_max_at": [
        35,
        5,
        7
      ],
      "g_zero_count_min": 0,
      "g_zero_count_min_at": [
        77,
        7,
        11
      ],
      "g_zero_count_max": 17,
      "g_zero_count_max_at": [
        35,
        5,
        7
      ],
      "h_max_fibre_min": 3,
      "h_max_fibre_min_at": [
        77,
        7,
        11
      ],
      "h_max_fibre_max": 17,
      "h_max_fibre_max_at": [
        35,
        5,
        7
      ],
      "g_max_fibre_min": 3,
      "g_max_fibre_min_at": [
        77,
        7,
        11
      ],
      "g_max_fibre_max": 17,
      "g_max_fibre_max_at": [
        35,
        5,
        7
      ]
    },
    {
      "t": 11,
      "input_count": 212,
      "sample_count": 1024,
      "h_image_size_min": 176,
      "h_image_size_min_at": [
        247,
        13,
        19
      ],
      "h_image_size_max": 840,
      "h_image_size_max_at": [
        77,
        7,
        11
      ],
      "g_image_size_min": 176,
      "g_image_size_min_at": [
        247,
        13,
        19
      ],
      "g_image_size_max": 838,
      "g_image_size_max_at": [
        77,
        7,
        11
      ],
      "h_zero_count_min": 0,
      "h_zero_count_min_at": [
        77,
        7,
        11
      ],
      "h_zero_count_max": 17,
      "h_zero_count_max_at": [
        35,
        5,
        7
      ],
      "g_zero_count_min": 0,
      "g_zero_count_min_at": [
        77,
        7,
        11
      ],
      "g_zero_count_max": 17,
      "g_zero_count_max_at": [
        35,
        5,
        7
      ],
      "h_max_fibre_min": 3,
      "h_max_fibre_min_at": [
        77,
        7,
        11
      ],
      "h_max_fibre_max": 32,
      "h_max_fibre_max_at": [
        35,
        5,
        7
      ],
      "g_max_fibre_min": 3,
      "g_max_fibre_min_at": [
        77,
        7,
        11
      ],
      "g_max_fibre_max": 33,
      "g_max_fibre_max_at": [
        35,
        5,
        7
      ]
    }
  ]
}
