{"F_calls": 128, "event": "attempt_complete", "factor_success": false, "modulus_id": "b20_i0", "policy": "path", "proposals": 64, "rounds": 16, "status": "round_cap_censor", "trial_index": 0}
{"F_calls": 128, "event": "attempt_complete", "factor_success": false, "modulus_id": "b20_i0", "policy": "uniform", "proposals": 64, "rounds": 16, "status": "round_cap_censor", "trial_index": 0}
{"F_calls": 128, "event": "attempt_complete", "factor_success": false, "modulus_id": "b20_i0", "policy": "last", "proposals": 16, "rounds": 16, "status": "round_cap_censor", "trial_index": 0}
{"F_calls": 72, "event": "attempt_complete", "factor_success": false, "modulus_id": "b20_i0", "policy": "path", "proposals": 33, "rounds": 9, "status": "pulled_back_root_decode_failure", "trial_index": 1}
{"F_calls": 71, "event": "attempt_complete", "factor_success": true, "modulus_id": "b20_i0", "policy": "uniform", "proposals": 32, "rounds": 9, "status": "factor_from_controller", "trial_index": 1}
{"F_calls": 128, "event": "attempt_complete", "factor_success": false, "modulus_id": "b20_i0", "policy": "last", "proposals": 16, "rounds": 16, "status": "round_cap_censor", "trial_index": 1}
{"F_calls": 128, "event": "attempt_complete", "factor_success": false, "modulus_id": "b20_i0", "policy": "path", "proposals": 64, "rounds": 16, "status": "round_cap_censor", "trial_index": 2}
{"F_calls": 128, "event": "attempt_complete", "factor_success": false, "modulus_id": "b20_i0", "policy": "uniform", "proposals": 64, "rounds": 16, "status": "round_cap_censor", "trial_index": 2}
{"F_calls": 128, "event": "attempt_complete", "factor_success": false, "modulus_id": "b20_i0", "policy": "last", "proposals": 16, "rounds": 16, "status": "round_cap_censor", "trial_index": 2}
{"F_calls": 128, "event": "attempt_complete", "factor_success": false, "modulus_id": "b20_i0", "policy": "path", "proposals": 64, "rounds": 16, "status": "round_cap_censor", "trial_index": 3}
{"F_calls": 128, "event": "attempt_complete", "factor_success": false, "modulus_id": "b20_i0", "policy": "uniform", "proposals": 64, "rounds": 16, "status": "round_cap_censor", "trial_index": 3}
{"F_calls": 128, "event": "attempt_complete", "factor_success": false, "modulus_id": "b20_i0", "policy": "last", "proposals": 16, "rounds": 16, "status": "round_cap_censor", "trial_index": 3}
{"F_calls": 120, "event": "attempt_complete", "factor_success": true, "modulus_id": "b20_i0", "policy": "path", "proposals": 57, "rounds": 15, "status": "factor_from_pulled_back_root", "trial_index": 4}
{"F_calls": 128, "event": "attempt_complete", "factor_success": false, "modulus_id": "b20_i0", "policy": "uniform", "proposals": 64, "rounds": 16, "status": "round_cap_censor", "trial_index": 4}
{"F_calls": 128, "event": "attempt_complete", "factor_success": false, "modulus_id": "b20_i0", "policy": "last", "proposals": 16, "rounds": 16, "status": "round_cap_censor", "trial_index": 4}
{"F_calls": 128, "event": "attempt_complete", "factor_success": false, "modulus_id": "b20_i0", "policy": "path", "proposals": 64, "rounds": 16, "status": "round_cap_censor", "trial_index": 5}
{"F_calls": 128, "event": "attempt_complete", "factor_success": false, "modulus_id": "b20_i0", "policy": "uniform", "proposals": 64, "rounds": 16, "status": "round_cap_censor", "trial_index": 5}
{"F_calls": 72, "event": "attempt_complete", "factor_success": true, "modulus_id": "b20_i0", "policy": "last", "proposals": 8, "rounds": 9, "status": "factor_from_controller", "trial_index": 5}
{"F_calls": 45, "event": "attempt_complete", "factor_success": true, "modulus_id": "b20_i0", "policy": "path", "proposals": 20, "rounds": 6, "status": "factor_from_controller", "trial_index": 6}
{"F_calls": 128, "event": "attempt_complete", "factor_success": false, "modulus_id": "b20_i0", "policy": "uniform", "proposals": 64, "rounds": 16, "status": "round_cap_censor", "trial_index": 6}
{"F_calls": 128, "event": "attempt_complete", "factor_success": false, "modulus_id": "b20_i0", "policy": "last", "proposals": 16, "rounds": 16, "status": "round_cap_censor", "trial_index": 6}
{"F_calls": 128, "event": "attempt_complete", "factor_success": false, "modulus_id": "b20_i0", "policy": "path", "proposals": 64, "rounds": 16, "status": "round_cap_censor", "trial_index": 7}
{"F_calls": 8, "event": "attempt_complete", "factor_success": true, "modulus_id": "b20_i0", "policy": "uniform", "proposals": 4, "rounds": 1, "status": "factor_from_pulled_back_root", "trial_index": 7}
{"F_calls": 80, "event": "attempt_complete", "factor_success": true, "modulus_id": "b20_i0", "policy": "last", "proposals": 10, "rounds": 10, "status": "factor_from_pulled_back_root", "trial_index": 7}
{"F_calls": 128, "event": "attempt_complete", "factor_success": false, "modulus_id": "b20_i0", "policy": "path", "proposals": 64, "rounds": 16, "status": "round_cap_censor", "trial_index": 8}
{"F_calls": 120, "event": "attempt_complete", "factor_success": true, "modulus_id": "b20_i0", "policy": "uniform", "proposals": 59, "rounds": 15, "status": "factor_from_pulled_back_root", "trial_index": 8}
{"F_calls": 60, "event": "attempt_complete", "factor_success": true, "modulus_id": "b20_i0", "policy": "last", "proposals": 7, "rounds": 8, "status": "factor_from_controller", "trial_index": 8}
{"F_calls": 128, "event": "attempt_complete", "factor_success": false, "modulus_id": "b20_i0", "policy": "path", "proposals": 64, "rounds": 16, "status": "round_cap_censor", "trial_index": 9}
{"F_calls": 128, "event": "attempt_complete", "factor_success": false, "modulus_id": "b20_i0", "policy": "uniform", "proposals": 64, "rounds": 16, "status": "round_cap_censor", "trial_index": 9}
{"F_calls": 85, "event": "attempt_complete", "factor_success": true, "modulus_id": "b20_i0", "policy": "last", "proposals": 10, "rounds": 11, "status": "factor_from_controller", "trial_index": 9}
{"F_calls": 128, "event": "attempt_complete", "factor_success": false, "modulus_id": "b20_i0", "policy": "path", "proposals": 64, "rounds": 16, "status": "round_cap_censor", "trial_index": 10}
{"F_calls": 128, "event": "attempt_complete", "factor_success": false, "modulus_id": "b20_i0", "policy": "uniform", "proposals": 64, "rounds": 16, "status": "round_cap_censor", "trial_index": 10}
{"F_calls": 128, "event": "attempt_complete", "factor_success": false, "modulus_id": "b20_i0", "policy": "last", "proposals": 16, "rounds": 16, "status": "round_cap_censor", "trial_index": 10}
{"F_calls": 128, "event": "attempt_complete", "factor_success": false, "modulus_id": "b20_i0", "policy": "path", "proposals": 64, "rounds": 16, "status": "round_cap_censor", "trial_index": 11}
{"F_calls": 128, "event": "attempt_complete", "factor_success": false, "modulus_id": "b20_i0", "policy": "uniform", "proposals": 64, "rounds": 16, "status": "round_cap_censor", "trial_index": 11}
{"F_calls": 119, "event": "attempt_complete", "factor_success": true, "modulus_id": "b20_i0", "policy": "last", "proposals": 14, "rounds": 15, "status": "factor_from_controller", "trial_index": 11}
{"F_calls": 117, "event": "attempt_complete", "factor_success": true, "modulus_id": "b20_i0", "policy": "path", "proposals": 56, "rounds": 15, "status": "factor_from_controller", "trial_index": 12}
{"F_calls": 84, "event": "attempt_complete", "factor_success": true, "modulus_id": "b20_i0", "policy": "uniform", "proposals": 40, "rounds": 11, "status": "factor_from_controller", "trial_index": 12}
{"F_calls": 128, "event": "attempt_complete", "factor_success": false, "modulus_id": "b20_i0", "policy": "last", "proposals": 16, "rounds": 16, "status": "round_cap_censor", "trial_index": 12}
{"F_calls": 128, "event": "attempt_complete", "factor_success": false, "modulus_id": "b20_i0", "policy": "path", "proposals": 64, "rounds": 16, "status": "round_cap_censor", "trial_index": 13}
{"F_calls": 12, "event": "attempt_complete", "factor_success": true, "modulus_id": "b20_i0", "policy": "uniform", "proposals": 4, "rounds": 2, "status": "factor_from_controller", "trial_index": 13}
{"F_calls": 128, "event": "attempt_complete", "factor_success": false, "modulus_id": "b20_i0", "policy": "last", "proposals": 16, "rounds": 16, "status": "round_cap_censor", "trial_index": 13}
{"F_calls": 128, "event": "attempt_complete", "factor_success": false, "modulus_id": "b20_i0", "policy": "path", "proposals": 64, "rounds": 16, "status": "round_cap_censor", "trial_index": 14}
{"F_calls": 128, "event": "attempt_complete", "factor_success": false, "modulus_id": "b20_i0", "policy": "uniform", "proposals": 64, "rounds": 16, "status": "round_cap_censor", "trial_index": 14}
{"F_calls": 128, "event": "attempt_complete", "factor_success": false, "modulus_id": "b20_i0", "policy": "last", "proposals": 16, "rounds": 16, "status": "round_cap_censor", "trial_index": 14}
{"F_calls": 16, "event": "attempt_complete", "factor_success": false, "modulus_id": "b20_i0", "policy": "path", "proposals": 6, "rounds": 2, "status": "pulled_back_root_decode_failure", "trial_index": 15}
{"F_calls": 128, "event": "attempt_complete", "factor_success": false, "modulus_id": "b20_i0", "policy": "uniform", "proposals": 64, "rounds": 16, "status": "round_cap_censor", "trial_index": 15}
{"F_calls": 128, "event": "attempt_complete", "factor_success": false, "modulus_id": "b20_i0", "policy": "last", "proposals": 16, "rounds": 16, "status": "round_cap_censor", "trial_index": 15}
{"F_calls": 120, "event": "attempt_complete", "factor_success": true, "modulus_id": "b20_i0", "policy": "path", "proposals": 58, "rounds": 15, "status": "factor_from_pulled_back_root", "trial_index": 16}
{"F_calls": 128, "event": "attempt_complete", "factor_success": false, "modulus_id": "b20_i0", "policy": "uniform", "proposals": 64, "rounds": 16, "status": "round_cap_censor", "trial_index": 16}
{"F_calls": 128, "event": "attempt_complete", "factor_success": false, "modulus_id": "b20_i0", "policy": "last", "proposals": 16, "rounds": 16, "status": "round_cap_censor", "trial_index": 16}
{"F_calls": 24, "event": "attempt_complete", "factor_success": true, "modulus_id": "b20_i0", "policy": "path", "proposals": 12, "rounds": 3, "status": "factor_from_pulled_back_root", "trial_index": 17}
{"F_calls": 128, "event": "attempt_complete", "factor_success": false, "modulus_id": "b20_i0", "policy": "uniform", "proposals": 64, "rounds": 16, "status": "round_cap_censor", "trial_index": 17}
{"F_calls": 128, "event": "attempt_complete", "factor_success": false, "modulus_id": "b20_i0", "policy": "last", "proposals": 16, "rounds": 16, "status": "round_cap_censor", "trial_index": 17}
{"F_calls": 128, "event": "attempt_complete", "factor_success": false, "modulus_id": "b20_i0", "policy": "path", "proposals": 64, "rounds": 16, "status": "round_cap_censor", "trial_index": 18}
{"F_calls": 128, "event": "attempt_complete", "factor_success": false, "modulus_id": "b20_i0", "policy": "uniform", "proposals": 64, "rounds": 16, "status": "round_cap_censor", "trial_index": 18}
{"F_calls": 128, "event": "attempt_complete", "factor_success": false, "modulus_id": "b20_i0", "policy": "last", "proposals": 16, "rounds": 16, "status": "round_cap_censor", "trial_index": 18}
{"F_calls": 28, "event": "attempt_complete", "factor_success": true, "modulus_id": "b20_i0", "policy": "path", "proposals": 12, "rounds": 4, "status": "factor_from_controller", "trial_index": 19}
{"F_calls": 56, "event": "attempt_complete", "factor_success": true, "modulus_id": "b20_i0", "policy": "uniform", "proposals": 27, "rounds": 7, "status": "factor_from_pulled_back_root", "trial_index": 19}
{"F_calls": 128, "event": "attempt_complete", "factor_success": false, "modulus_id": "b20_i0", "policy": "last", "proposals": 16, "rounds": 16, "status": "round_cap_censor", "trial_index": 19}
{"F_calls": 80, "event": "attempt_complete", "factor_success": true, "modulus_id": "b20_i0", "policy": "path", "proposals": 36, "rounds": 10, "status": "factor_from_controller", "trial_index": 20}
{"F_calls": 128, "event": "attempt_complete", "factor_success": false, "modulus_id": "b20_i0", "policy": "uniform", "proposals": 64, "rounds": 16, "status": "round_cap_censor", "trial_index": 20}
{"F_calls": 128, "event": "attempt_complete", "factor_success": false, "modulus_id": "b20_i0", "policy": "last", "proposals": 16, "rounds": 16, "status": "round_cap_censor", "trial_index": 20}
{"F_calls": 128, "event": "attempt_complete", "factor_success": false, "modulus_id": "b20_i0", "policy": "path", "proposals": 64, "rounds": 16, "status": "round_cap_censor", "trial_index": 21}
{"F_calls": 128, "event": "attempt_complete", "factor_success": false, "modulus_id": "b20_i0", "policy": "uniform", "proposals": 64, "rounds": 16, "status": "round_cap_censor", "trial_index": 21}
{"F_calls": 16, "event": "attempt_complete", "factor_success": true, "modulus_id": "b20_i0", "policy": "last", "proposals": 2, "rounds": 2, "status": "factor_from_pulled_back_root", "trial_index": 21}
{"F_calls": 63, "event": "attempt_complete", "factor_success": true, "modulus_id": "b20_i0", "policy": "path", "proposals": 28, "rounds": 8, "status": "factor_from_controller", "trial_index": 22}
{"F_calls": 56, "event": "attempt_complete", "factor_success": false, "modulus_id": "b20_i0", "policy": "uniform", "proposals": 25, "rounds": 7, "status": "pulled_back_root_decode_failure", "trial_index": 22}
{"F_calls": 52, "event": "attempt_complete", "factor_success": true, "modulus_id": "b20_i0", "policy": "last", "proposals": 6, "rounds": 7, "status": "factor_from_controller", "trial_index": 22}
{"F_calls": 128, "event": "attempt_complete", "factor_success": false, "modulus_id": "b20_i0", "policy": "path", "proposals": 64, "rounds": 16, "status": "round_cap_censor", "trial_index": 23}
{"F_calls": 48, "event": "attempt_complete", "factor_success": true, "modulus_id": "b20_i0", "policy": "uniform", "proposals": 20, "rounds": 6, "status": "factor_from_controller", "trial_index": 23}
{"F_calls": 128, "event": "attempt_complete", "factor_success": false, "modulus_id": "b20_i0", "policy": "last", "proposals": 16, "rounds": 16, "status": "round_cap_censor", "trial_index": 23}
{"F_calls": 30, "event": "attempt_complete", "factor_success": true, "modulus_id": "b20_i0", "policy": "path", "proposals": 12, "rounds": 4, "status": "factor_from_controller", "trial_index": 24}
{"F_calls": 80, "event": "attempt_complete", "factor_success": true, "modulus_id": "b20_i0", "policy": "uniform", "proposals": 37, "rounds": 10, "status": "factor_from_pulled_back_root", "trial_index": 24}
{"F_calls": 112, "event": "attempt_complete", "factor_success": true, "modulus_id": "b20_i0", "policy": "last", "proposals": 13, "rounds": 14, "status": "factor_from_controller", "trial_index": 24}
{"F_calls": 128, "event": "attempt_complete", "factor_success": false, "modulus_id": "b20_i0", "policy": "path", "proposals": 64, "rounds": 16, "status": "round_cap_censor", "trial_index": 25}
{"F_calls": 128, "event": "attempt_complete", "factor_success": false, "modulus_id": "b20_i0", "policy": "uniform", "proposals": 64, "rounds": 16, "status": "round_cap_censor", "trial_index": 25}
{"F_calls": 128, "event": "attempt_complete", "factor_success": false, "modulus_id": "b20_i0", "policy": "last", "proposals": 16, "rounds": 16, "status": "round_cap_censor", "trial_index": 25}
{"F_calls": 128, "event": "attempt_complete", "factor_success": false, "modulus_id": "b20_i0", "policy": "path", "proposals": 64, "rounds": 16, "status": "round_cap_censor", "trial_index": 26}
{"F_calls": 19, "event": "attempt_complete", "factor_success": true, "modulus_id": "b20_i0", "policy": "uniform", "proposals": 8, "rounds": 3, "status": "factor_from_controller", "trial_index": 26}
{"F_calls": 128, "event": "attempt_complete", "factor_success": false, "modulus_id": "b20_i0", "policy": "last", "proposals": 16, "rounds": 16, "status": "round_cap_censor", "trial_index": 26}
{"F_calls": 128, "event": "attempt_complete", "factor_success": false, "modulus_id": "b20_i0", "policy": "path", "proposals": 64, "rounds": 16, "status": "round_cap_censor", "trial_index": 27}
{"F_calls": 128, "event": "attempt_complete", "factor_success": false, "modulus_id": "b20_i0", "policy": "uniform", "proposals": 64, "rounds": 16, "status": "round_cap_censor", "trial_index": 27}
{"F_calls": 128, "event": "attempt_complete", "factor_success": false, "modulus_id": "b20_i0", "policy": "last", "proposals": 16, "rounds": 16, "status": "round_cap_censor", "trial_index": 27}
{"F_calls": 40, "event": "attempt_complete", "factor_success": true, "modulus_id": "b20_i0", "policy": "path", "proposals": 17, "rounds": 5, "status": "factor_from_pulled_back_root", "trial_index": 28}
{"F_calls": 72, "event": "attempt_complete", "factor_success": true, "modulus_id": "b20_i0", "policy": "uniform", "proposals": 36, "rounds": 9, "status": "factor_from_controller", "trial_index": 28}
{"F_calls": 128, "event": "attempt_complete", "factor_success": false, "modulus_id": "b20_i0", "policy": "last", "proposals": 16, "rounds": 16, "status": "round_cap_censor", "trial_index": 28}
{"F_calls": 128, "event": "attempt_complete", "factor_success": false, "modulus_id": "b20_i0", "policy": "path", "proposals": 64, "rounds": 16, "status": "round_cap_censor", "trial_index": 29}
{"F_calls": 32, "event": "attempt_complete", "factor_success": true, "modulus_id": "b20_i0", "policy": "uniform", "proposals": 13, "rounds": 4, "status": "factor_from_pulled_back_root", "trial_index": 29}
{"F_calls": 128, "event": "attempt_complete", "factor_success": false, "modulus_id": "b20_i0", "policy": "last", "proposals": 16, "rounds": 16, "status": "round_cap_censor", "trial_index": 29}
{"F_calls": 128, "event": "attempt_complete", "factor_success": false, "modulus_id": "b20_i0", "policy": "path", "proposals": 64, "rounds": 16, "status": "round_cap_censor", "trial_index": 30}
{"F_calls": 56, "event": "attempt_complete", "factor_success": true, "modulus_id": "b20_i0", "policy": "uniform", "proposals": 24, "rounds": 7, "status": "factor_from_controller", "trial_index": 30}
{"F_calls": 59, "event": "attempt_complete", "factor_success": true, "modulus_id": "b20_i0", "policy": "last", "proposals": 7, "rounds": 8, "status": "factor_from_controller", "trial_index": 30}
{"F_calls": 128, "event": "attempt_complete", "factor_success": false, "modulus_id": "b20_i0", "policy": "path", "proposals": 64, "rounds": 16, "status": "round_cap_censor", "trial_index": 31}
{"F_calls": 128, "event": "attempt_complete", "factor_success": false, "modulus_id": "b20_i0", "policy": "uniform", "proposals": 64, "rounds": 16, "status": "round_cap_censor", "trial_index": 31}
{"F_calls": 128, "event": "attempt_complete", "factor_success": false, "modulus_id": "b20_i0", "policy": "last", "proposals": 16, "rounds": 16, "status": "round_cap_censor", "trial_index": 31}
{"event": "passed", "experiment": "F331_square_input_feedback", "family": "route:F31", "hard_timeout_seconds": 30, "input_hashes": {"DESIGN.md": "f7f1bc9d24188a325e4cd9ccde70ba3fc39b58bbf50c755ee674c589b0d7c8a7", "F326_direct_gauss_pairing.py": "7829cc45822021c64c42842a2c938b15c52df85e30ae694efcdd4171c5012f73", "F328_capped_rabin_paths.py": "2388f049fcd69d9cd7fd95dbaeb5b0871d14a9865c44b248258545beb272d86b", "F328_moduli.json": "acf09b285c57c39cfcb93d3cd77addce909498e224955fd0ec9d2e4d86ee0428"}, "internal_timeout_seconds": 28, "memory_limit_bytes": 536870912, "mode": "batch", "modulus_scope": "b20_i0", "output": "experiments/F331_square_input_feedback/batch_b20_i0_output.json", "peak_rss_bytes": 36814848, "source_sha256": "4c74e3070fed9d27d03a3fa9dd5de75e0b95997e51317733cc6b658901bda4ab", "status": "passed", "trial_scope_inclusive": [0, 31], "walltime_seconds": 0.3343297090032138}
