{"F_calls": 84, "event": "attempt_complete", "factor_success": true, "modulus_id": "b28_i0", "policy": "path", "proposals": 40, "rounds": 11, "status": "factor_from_controller", "trial_index": 0}
{"F_calls": 128, "event": "attempt_complete", "factor_success": false, "modulus_id": "b28_i0", "policy": "uniform", "proposals": 64, "rounds": 16, "status": "round_cap_censor", "trial_index": 0}
{"F_calls": 128, "event": "attempt_complete", "factor_success": false, "modulus_id": "b28_i0", "policy": "last", "proposals": 16, "rounds": 16, "status": "round_cap_censor", "trial_index": 0}
{"F_calls": 128, "event": "attempt_complete", "factor_success": false, "modulus_id": "b28_i0", "policy": "path", "proposals": 64, "rounds": 16, "status": "round_cap_censor", "trial_index": 1}
{"F_calls": 128, "event": "attempt_complete", "factor_success": false, "modulus_id": "b28_i0", "policy": "uniform", "proposals": 64, "rounds": 16, "status": "round_cap_censor", "trial_index": 1}
{"F_calls": 128, "event": "attempt_complete", "factor_success": false, "modulus_id": "b28_i0", "policy": "last", "proposals": 16, "rounds": 16, "status": "round_cap_censor", "trial_index": 1}
{"F_calls": 128, "event": "attempt_complete", "factor_success": false, "modulus_id": "b28_i0", "policy": "path", "proposals": 64, "rounds": 16, "status": "round_cap_censor", "trial_index": 2}
{"F_calls": 128, "event": "attempt_complete", "factor_success": false, "modulus_id": "b28_i0", "policy": "uniform", "proposals": 64, "rounds": 16, "status": "round_cap_censor", "trial_index": 2}
{"F_calls": 128, "event": "attempt_complete", "factor_success": false, "modulus_id": "b28_i0", "policy": "last", "proposals": 16, "rounds": 16, "status": "round_cap_censor", "trial_index": 2}
{"F_calls": 128, "event": "attempt_complete", "factor_success": false, "modulus_id": "b28_i0", "policy": "path", "proposals": 64, "rounds": 16, "status": "round_cap_censor", "trial_index": 3}
{"F_calls": 128, "event": "attempt_complete", "factor_success": false, "modulus_id": "b28_i0", "policy": "uniform", "proposals": 64, "rounds": 16, "status": "round_cap_censor", "trial_index": 3}
{"F_calls": 128, "event": "attempt_complete", "factor_success": false, "modulus_id": "b28_i0", "policy": "last", "proposals": 16, "rounds": 16, "status": "round_cap_censor", "trial_index": 3}
{"F_calls": 128, "event": "attempt_complete", "factor_success": false, "modulus_id": "b28_i0", "policy": "path", "proposals": 64, "rounds": 16, "status": "round_cap_censor", "trial_index": 4}
{"F_calls": 128, "event": "attempt_complete", "factor_success": false, "modulus_id": "b28_i0", "policy": "uniform", "proposals": 64, "rounds": 16, "status": "round_cap_censor", "trial_index": 4}
{"F_calls": 128, "event": "attempt_complete", "factor_success": false, "modulus_id": "b28_i0", "policy": "last", "proposals": 16, "rounds": 16, "status": "round_cap_censor", "trial_index": 4}
{"F_calls": 128, "event": "attempt_complete", "factor_success": false, "modulus_id": "b28_i0", "policy": "path", "proposals": 64, "rounds": 16, "status": "round_cap_censor", "trial_index": 5}
{"F_calls": 128, "event": "attempt_complete", "factor_success": false, "modulus_id": "b28_i0", "policy": "uniform", "proposals": 64, "rounds": 16, "status": "round_cap_censor", "trial_index": 5}
{"F_calls": 128, "event": "attempt_complete", "factor_success": false, "modulus_id": "b28_i0", "policy": "last", "proposals": 16, "rounds": 16, "status": "round_cap_censor", "trial_index": 5}
{"F_calls": 128, "event": "attempt_complete", "factor_success": false, "modulus_id": "b28_i0", "policy": "path", "proposals": 64, "rounds": 16, "status": "round_cap_censor", "trial_index": 6}
{"F_calls": 128, "event": "attempt_complete", "factor_success": false, "modulus_id": "b28_i0", "policy": "uniform", "proposals": 64, "rounds": 16, "status": "round_cap_censor", "trial_index": 6}
{"F_calls": 128, "event": "attempt_complete", "factor_success": false, "modulus_id": "b28_i0", "policy": "last", "proposals": 16, "rounds": 16, "status": "round_cap_censor", "trial_index": 6}
{"F_calls": 128, "event": "attempt_complete", "factor_success": false, "modulus_id": "b28_i0", "policy": "path", "proposals": 64, "rounds": 16, "status": "round_cap_censor", "trial_index": 7}
{"F_calls": 128, "event": "attempt_complete", "factor_success": false, "modulus_id": "b28_i0", "policy": "uniform", "proposals": 64, "rounds": 16, "status": "round_cap_censor", "trial_index": 7}
{"F_calls": 128, "event": "attempt_complete", "factor_success": false, "modulus_id": "b28_i0", "policy": "last", "proposals": 16, "rounds": 16, "status": "round_cap_censor", "trial_index": 7}
{"F_calls": 128, "event": "attempt_complete", "factor_success": false, "modulus_id": "b28_i0", "policy": "path", "proposals": 64, "rounds": 16, "status": "round_cap_censor", "trial_index": 8}
{"F_calls": 128, "event": "attempt_complete", "factor_success": false, "modulus_id": "b28_i0", "policy": "uniform", "proposals": 64, "rounds": 16, "status": "round_cap_censor", "trial_index": 8}
{"F_calls": 128, "event": "attempt_complete", "factor_success": false, "modulus_id": "b28_i0", "policy": "last", "proposals": 16, "rounds": 16, "status": "round_cap_censor", "trial_index": 8}
{"F_calls": 128, "event": "attempt_complete", "factor_success": false, "modulus_id": "b28_i0", "policy": "path", "proposals": 64, "rounds": 16, "status": "round_cap_censor", "trial_index": 9}
{"F_calls": 128, "event": "attempt_complete", "factor_success": false, "modulus_id": "b28_i0", "policy": "uniform", "proposals": 64, "rounds": 16, "status": "round_cap_censor", "trial_index": 9}
{"F_calls": 128, "event": "attempt_complete", "factor_success": false, "modulus_id": "b28_i0", "policy": "last", "proposals": 16, "rounds": 16, "status": "round_cap_censor", "trial_index": 9}
{"F_calls": 128, "event": "attempt_complete", "factor_success": false, "modulus_id": "b28_i0", "policy": "path", "proposals": 64, "rounds": 16, "status": "round_cap_censor", "trial_index": 10}
{"F_calls": 128, "event": "attempt_complete", "factor_success": false, "modulus_id": "b28_i0", "policy": "uniform", "proposals": 64, "rounds": 16, "status": "round_cap_censor", "trial_index": 10}
{"F_calls": 28, "event": "attempt_complete", "factor_success": true, "modulus_id": "b28_i0", "policy": "last", "proposals": 3, "rounds": 4, "status": "factor_from_controller", "trial_index": 10}
{"F_calls": 128, "event": "attempt_complete", "factor_success": false, "modulus_id": "b28_i0", "policy": "path", "proposals": 64, "rounds": 16, "status": "round_cap_censor", "trial_index": 11}
{"F_calls": 128, "event": "attempt_complete", "factor_success": false, "modulus_id": "b28_i0", "policy": "uniform", "proposals": 64, "rounds": 16, "status": "round_cap_censor", "trial_index": 11}
{"F_calls": 128, "event": "attempt_complete", "factor_success": false, "modulus_id": "b28_i0", "policy": "last", "proposals": 16, "rounds": 16, "status": "round_cap_censor", "trial_index": 11}
{"F_calls": 128, "event": "attempt_complete", "factor_success": false, "modulus_id": "b28_i0", "policy": "path", "proposals": 64, "rounds": 16, "status": "round_cap_censor", "trial_index": 12}
{"F_calls": 128, "event": "attempt_complete", "factor_success": false, "modulus_id": "b28_i0", "policy": "uniform", "proposals": 64, "rounds": 16, "status": "round_cap_censor", "trial_index": 12}
{"F_calls": 128, "event": "attempt_complete", "factor_success": false, "modulus_id": "b28_i0", "policy": "last", "proposals": 16, "rounds": 16, "status": "round_cap_censor", "trial_index": 12}
{"F_calls": 96, "event": "attempt_complete", "factor_success": false, "modulus_id": "b28_i0", "policy": "path", "proposals": 48, "rounds": 12, "status": "pulled_back_root_decode_failure", "trial_index": 13}
{"F_calls": 128, "event": "attempt_complete", "factor_success": false, "modulus_id": "b28_i0", "policy": "uniform", "proposals": 64, "rounds": 16, "status": "round_cap_censor", "trial_index": 13}
{"F_calls": 128, "event": "attempt_complete", "factor_success": false, "modulus_id": "b28_i0", "policy": "last", "proposals": 16, "rounds": 16, "status": "round_cap_censor", "trial_index": 13}
{"F_calls": 128, "event": "attempt_complete", "factor_success": false, "modulus_id": "b28_i0", "policy": "path", "proposals": 64, "rounds": 16, "status": "round_cap_censor", "trial_index": 14}
{"F_calls": 128, "event": "attempt_complete", "factor_success": false, "modulus_id": "b28_i0", "policy": "uniform", "proposals": 64, "rounds": 16, "status": "round_cap_censor", "trial_index": 14}
{"F_calls": 128, "event": "attempt_complete", "factor_success": false, "modulus_id": "b28_i0", "policy": "last", "proposals": 16, "rounds": 16, "status": "round_cap_censor", "trial_index": 14}
{"F_calls": 128, "event": "attempt_complete", "factor_success": false, "modulus_id": "b28_i0", "policy": "path", "proposals": 64, "rounds": 16, "status": "round_cap_censor", "trial_index": 15}
{"F_calls": 8, "event": "attempt_complete", "factor_success": true, "modulus_id": "b28_i0", "policy": "uniform", "proposals": 3, "rounds": 1, "status": "factor_from_pulled_back_root", "trial_index": 15}
{"F_calls": 128, "event": "attempt_complete", "factor_success": false, "modulus_id": "b28_i0", "policy": "last", "proposals": 16, "rounds": 16, "status": "round_cap_censor", "trial_index": 15}
{"F_calls": 128, "event": "attempt_complete", "factor_success": false, "modulus_id": "b28_i0", "policy": "path", "proposals": 64, "rounds": 16, "status": "round_cap_censor", "trial_index": 16}
{"F_calls": 128, "event": "attempt_complete", "factor_success": false, "modulus_id": "b28_i0", "policy": "uniform", "proposals": 64, "rounds": 16, "status": "round_cap_censor", "trial_index": 16}
{"F_calls": 128, "event": "attempt_complete", "factor_success": false, "modulus_id": "b28_i0", "policy": "last", "proposals": 16, "rounds": 16, "status": "round_cap_censor", "trial_index": 16}
{"F_calls": 128, "event": "attempt_complete", "factor_success": false, "modulus_id": "b28_i0", "policy": "path", "proposals": 64, "rounds": 16, "status": "round_cap_censor", "trial_index": 17}
{"F_calls": 128, "event": "attempt_complete", "factor_success": false, "modulus_id": "b28_i0", "policy": "uniform", "proposals": 64, "rounds": 16, "status": "round_cap_censor", "trial_index": 17}
{"F_calls": 23, "event": "attempt_complete", "factor_success": true, "modulus_id": "b28_i0", "policy": "last", "proposals": 2, "rounds": 3, "status": "factor_from_controller", "trial_index": 17}
{"F_calls": 128, "event": "attempt_complete", "factor_success": false, "modulus_id": "b28_i0", "policy": "path", "proposals": 64, "rounds": 16, "status": "round_cap_censor", "trial_index": 18}
{"F_calls": 128, "event": "attempt_complete", "factor_success": false, "modulus_id": "b28_i0", "policy": "uniform", "proposals": 64, "rounds": 16, "status": "round_cap_censor", "trial_index": 18}
{"F_calls": 128, "event": "attempt_complete", "factor_success": false, "modulus_id": "b28_i0", "policy": "last", "proposals": 16, "rounds": 16, "status": "round_cap_censor", "trial_index": 18}
{"F_calls": 128, "event": "attempt_complete", "factor_success": false, "modulus_id": "b28_i0", "policy": "path", "proposals": 64, "rounds": 16, "status": "round_cap_censor", "trial_index": 19}
{"F_calls": 20, "event": "attempt_complete", "factor_success": true, "modulus_id": "b28_i0", "policy": "uniform", "proposals": 8, "rounds": 3, "status": "factor_from_controller", "trial_index": 19}
{"F_calls": 128, "event": "attempt_complete", "factor_success": false, "modulus_id": "b28_i0", "policy": "last", "proposals": 16, "rounds": 16, "status": "round_cap_censor", "trial_index": 19}
{"F_calls": 128, "event": "attempt_complete", "factor_success": false, "modulus_id": "b28_i0", "policy": "path", "proposals": 64, "rounds": 16, "status": "round_cap_censor", "trial_index": 20}
{"F_calls": 128, "event": "attempt_complete", "factor_success": false, "modulus_id": "b28_i0", "policy": "uniform", "proposals": 64, "rounds": 16, "status": "round_cap_censor", "trial_index": 20}
{"F_calls": 128, "event": "attempt_complete", "factor_success": false, "modulus_id": "b28_i0", "policy": "last", "proposals": 16, "rounds": 16, "status": "round_cap_censor", "trial_index": 20}
{"F_calls": 128, "event": "attempt_complete", "factor_success": false, "modulus_id": "b28_i0", "policy": "path", "proposals": 64, "rounds": 16, "status": "round_cap_censor", "trial_index": 21}
{"F_calls": 128, "event": "attempt_complete", "factor_success": false, "modulus_id": "b28_i0", "policy": "uniform", "proposals": 64, "rounds": 16, "status": "round_cap_censor", "trial_index": 21}
{"F_calls": 128, "event": "attempt_complete", "factor_success": false, "modulus_id": "b28_i0", "policy": "last", "proposals": 16, "rounds": 16, "status": "round_cap_censor", "trial_index": 21}
{"F_calls": 128, "event": "attempt_complete", "factor_success": false, "modulus_id": "b28_i0", "policy": "path", "proposals": 64, "rounds": 16, "status": "round_cap_censor", "trial_index": 22}
{"F_calls": 128, "event": "attempt_complete", "factor_success": false, "modulus_id": "b28_i0", "policy": "uniform", "proposals": 64, "rounds": 16, "status": "round_cap_censor", "trial_index": 22}
{"F_calls": 128, "event": "attempt_complete", "factor_success": false, "modulus_id": "b28_i0", "policy": "last", "proposals": 16, "rounds": 16, "status": "round_cap_censor", "trial_index": 22}
{"F_calls": 128, "event": "attempt_complete", "factor_success": false, "modulus_id": "b28_i0", "policy": "path", "proposals": 64, "rounds": 16, "status": "round_cap_censor", "trial_index": 23}
{"F_calls": 128, "event": "attempt_complete", "factor_success": false, "modulus_id": "b28_i0", "policy": "uniform", "proposals": 64, "rounds": 16, "status": "round_cap_censor", "trial_index": 23}
{"F_calls": 128, "event": "attempt_complete", "factor_success": false, "modulus_id": "b28_i0", "policy": "last", "proposals": 16, "rounds": 16, "status": "round_cap_censor", "trial_index": 23}
{"F_calls": 128, "event": "attempt_complete", "factor_success": false, "modulus_id": "b28_i0", "policy": "path", "proposals": 64, "rounds": 16, "status": "round_cap_censor", "trial_index": 24}
{"F_calls": 128, "event": "attempt_complete", "factor_success": false, "modulus_id": "b28_i0", "policy": "uniform", "proposals": 64, "rounds": 16, "status": "round_cap_censor", "trial_index": 24}
{"F_calls": 128, "event": "attempt_complete", "factor_success": false, "modulus_id": "b28_i0", "policy": "last", "proposals": 16, "rounds": 16, "status": "round_cap_censor", "trial_index": 24}
{"F_calls": 128, "event": "attempt_complete", "factor_success": false, "modulus_id": "b28_i0", "policy": "path", "proposals": 64, "rounds": 16, "status": "round_cap_censor", "trial_index": 25}
{"F_calls": 128, "event": "attempt_complete", "factor_success": false, "modulus_id": "b28_i0", "policy": "uniform", "proposals": 64, "rounds": 16, "status": "round_cap_censor", "trial_index": 25}
{"F_calls": 128, "event": "attempt_complete", "factor_success": false, "modulus_id": "b28_i0", "policy": "last", "proposals": 16, "rounds": 16, "status": "round_cap_censor", "trial_index": 25}
{"F_calls": 128, "event": "attempt_complete", "factor_success": false, "modulus_id": "b28_i0", "policy": "path", "proposals": 64, "rounds": 16, "status": "round_cap_censor", "trial_index": 26}
{"F_calls": 128, "event": "attempt_complete", "factor_success": false, "modulus_id": "b28_i0", "policy": "uniform", "proposals": 64, "rounds": 16, "status": "round_cap_censor", "trial_index": 26}
{"F_calls": 128, "event": "attempt_complete", "factor_success": false, "modulus_id": "b28_i0", "policy": "last", "proposals": 16, "rounds": 16, "status": "round_cap_censor", "trial_index": 26}
{"F_calls": 128, "event": "attempt_complete", "factor_success": false, "modulus_id": "b28_i0", "policy": "path", "proposals": 64, "rounds": 16, "status": "round_cap_censor", "trial_index": 27}
{"F_calls": 128, "event": "attempt_complete", "factor_success": false, "modulus_id": "b28_i0", "policy": "uniform", "proposals": 64, "rounds": 16, "status": "round_cap_censor", "trial_index": 27}
{"F_calls": 128, "event": "attempt_complete", "factor_success": false, "modulus_id": "b28_i0", "policy": "last", "proposals": 16, "rounds": 16, "status": "round_cap_censor", "trial_index": 27}
{"F_calls": 128, "event": "attempt_complete", "factor_success": false, "modulus_id": "b28_i0", "policy": "path", "proposals": 64, "rounds": 16, "status": "round_cap_censor", "trial_index": 28}
{"F_calls": 128, "event": "attempt_complete", "factor_success": false, "modulus_id": "b28_i0", "policy": "uniform", "proposals": 64, "rounds": 16, "status": "round_cap_censor", "trial_index": 28}
{"F_calls": 128, "event": "attempt_complete", "factor_success": false, "modulus_id": "b28_i0", "policy": "last", "proposals": 16, "rounds": 16, "status": "round_cap_censor", "trial_index": 28}
{"F_calls": 128, "event": "attempt_complete", "factor_success": false, "modulus_id": "b28_i0", "policy": "path", "proposals": 64, "rounds": 16, "status": "round_cap_censor", "trial_index": 29}
{"F_calls": 128, "event": "attempt_complete", "factor_success": false, "modulus_id": "b28_i0", "policy": "uniform", "proposals": 64, "rounds": 16, "status": "round_cap_censor", "trial_index": 29}
{"F_calls": 128, "event": "attempt_complete", "factor_success": false, "modulus_id": "b28_i0", "policy": "last", "proposals": 16, "rounds": 16, "status": "round_cap_censor", "trial_index": 29}
{"F_calls": 128, "event": "attempt_complete", "factor_success": false, "modulus_id": "b28_i0", "policy": "path", "proposals": 64, "rounds": 16, "status": "round_cap_censor", "trial_index": 30}
{"F_calls": 128, "event": "attempt_complete", "factor_success": false, "modulus_id": "b28_i0", "policy": "uniform", "proposals": 64, "rounds": 16, "status": "round_cap_censor", "trial_index": 30}
{"F_calls": 128, "event": "attempt_complete", "factor_success": false, "modulus_id": "b28_i0", "policy": "last", "proposals": 16, "rounds": 16, "status": "round_cap_censor", "trial_index": 30}
{"F_calls": 128, "event": "attempt_complete", "factor_success": false, "modulus_id": "b28_i0", "policy": "path", "proposals": 64, "rounds": 16, "status": "round_cap_censor", "trial_index": 31}
{"F_calls": 128, "event": "attempt_complete", "factor_success": false, "modulus_id": "b28_i0", "policy": "uniform", "proposals": 64, "rounds": 16, "status": "round_cap_censor", "trial_index": 31}
{"F_calls": 128, "event": "attempt_complete", "factor_success": false, "modulus_id": "b28_i0", "policy": "last", "proposals": 16, "rounds": 16, "status": "round_cap_censor", "trial_index": 31}
{"event": "passed", "experiment": "F331_square_input_feedback", "family": "route:F31", "hard_timeout_seconds": 30, "input_hashes": {"DESIGN.md": "f7f1bc9d24188a325e4cd9ccde70ba3fc39b58bbf50c755ee674c589b0d7c8a7", "F326_direct_gauss_pairing.py": "7829cc45822021c64c42842a2c938b15c52df85e30ae694efcdd4171c5012f73", "F328_capped_rabin_paths.py": "2388f049fcd69d9cd7fd95dbaeb5b0871d14a9865c44b248258545beb272d86b", "F328_moduli.json": "acf09b285c57c39cfcb93d3cd77addce909498e224955fd0ec9d2e4d86ee0428"}, "internal_timeout_seconds": 28, "memory_limit_bytes": 536870912, "mode": "batch", "modulus_scope": "b28_i0", "output": "experiments/F331_square_input_feedback/batch_b28_i0_output.json", "peak_rss_bytes": 38535168, "source_sha256": "4c74e3070fed9d27d03a3fa9dd5de75e0b95997e51317733cc6b658901bda4ab", "status": "passed", "trial_scope_inclusive": [0, 31], "walltime_seconds": 0.7911377080017701}
