named_timeout=F117_FULL_SOURCE_COUNTEREXAMPLE_HARD_TIMEOUT
hard_timeout_seconds=600
working_directory=/Users/zhou/autoresearch/IntegerFactoring/experiments/F117_prime_square_full_source_counterexample
started_utc=2026-08-08T04:43:40.884436+00:00
command=/opt/homebrew/opt/python@3.14/bin/python3.14 -B /Users/zhou/autoresearch/IntegerFactoring/experiments/F117_prime_square_full_source_counterexample/verify_full_source_counterexample.py
prime-square input: P=1000000007 N=1000000014000000049 n=60 B=3600; primality and trial-hardness are exact
seed basis blocks=46 frozen_pairs=59
frozen layer complete: attempts=424918
progress attempts=1000000
progress attempts=2000000
progress attempts=3000000
progress attempts=4000000
progress attempts=5000000
progress attempts=6000000
progress attempts=7000000
progress attempts=8000000
progress attempts=9000000
progress attempts=10000000
progress attempts=11000000
progress attempts=12000000
PASS full source: attempts=12747599 proper_screens=0 elapsed_seconds=6.636399
exit_code=0
elapsed_seconds=6.719060
status=PASS
