timeout_seconds=1800
command=/opt/homebrew/opt/python@3.14/bin/python3.14 /Users/zhou/autoresearch/IntegerFactoring/experiments/F124_qword_full_subgroup_kill/scan_full_subgroup.py --output /Users/zhou/autoresearch/IntegerFactoring/experiments/F124_qword_full_subgroup_kill/OUTPUT.json
processed=1000/69060 feasible=0 skipped=1000
processed=2000/69060 feasible=0 skipped=2000
processed=3000/69060 feasible=0 skipped=3000
processed=4000/69060 feasible=0 skipped=4000
processed=5000/69060 feasible=0 skipped=5000
processed=6000/69060 feasible=0 skipped=6000
processed=7000/69060 feasible=0 skipped=7000
processed=8000/69060 feasible=0 skipped=8000
processed=9000/69060 feasible=0 skipped=9000
processed=10000/69060 feasible=0 skipped=10000
processed=11000/69060 feasible=0 skipped=11000
processed=12000/69060 feasible=0 skipped=12000
processed=13000/69060 feasible=0 skipped=13000
processed=14000/69060 feasible=0 skipped=14000
processed=15000/69060 feasible=0 skipped=15000
processed=16000/69060 feasible=0 skipped=16000
processed=17000/69060 feasible=0 skipped=17000
processed=18000/69060 feasible=0 skipped=18000
processed=19000/69060 feasible=0 skipped=19000
processed=20000/69060 feasible=0 skipped=20000
processed=21000/69060 feasible=0 skipped=21000
processed=22000/69060 feasible=0 skipped=22000
processed=23000/69060 feasible=0 skipped=23000
processed=24000/69060 feasible=0 skipped=24000
processed=25000/69060 feasible=0 skipped=25000
processed=26000/69060 feasible=0 skipped=26000
processed=27000/69060 feasible=0 skipped=27000
processed=28000/69060 feasible=0 skipped=28000
processed=29000/69060 feasible=0 skipped=29000
processed=30000/69060 feasible=0 skipped=30000
processed=31000/69060 feasible=0 skipped=31000
processed=32000/69060 feasible=0 skipped=32000
processed=33000/69060 feasible=0 skipped=33000
processed=34000/69060 feasible=0 skipped=34000
processed=35000/69060 feasible=0 skipped=35000
processed=36000/69060 feasible=0 skipped=36000
processed=37000/69060 feasible=0 skipped=37000
processed=38000/69060 feasible=0 skipped=38000
processed=39000/69060 feasible=0 skipped=39000
processed=40000/69060 feasible=0 skipped=40000
processed=41000/69060 feasible=0 skipped=41000
processed=42000/69060 feasible=0 skipped=42000
processed=43000/69060 feasible=0 skipped=43000
processed=44000/69060 feasible=0 skipped=44000
processed=45000/69060 feasible=0 skipped=45000
processed=46000/69060 feasible=0 skipped=46000
processed=47000/69060 feasible=0 skipped=47000
processed=48000/69060 feasible=0 skipped=48000
processed=49000/69060 feasible=0 skipped=49000
processed=50000/69060 feasible=0 skipped=50000
processed=51000/69060 feasible=0 skipped=51000
processed=52000/69060 feasible=0 skipped=52000
processed=53000/69060 feasible=0 skipped=53000
processed=54000/69060 feasible=0 skipped=54000
processed=55000/69060 feasible=0 skipped=55000
processed=56000/69060 feasible=0 skipped=56000
processed=57000/69060 feasible=0 skipped=57000
processed=58000/69060 feasible=0 skipped=58000
processed=59000/69060 feasible=0 skipped=59000
processed=60000/69060 feasible=0 skipped=60000
processed=61000/69060 feasible=0 skipped=61000
processed=62000/69060 feasible=0 skipped=62000
processed=63000/69060 feasible=0 skipped=63000
processed=64000/69060 feasible=0 skipped=64000
processed=65000/69060 feasible=0 skipped=65000
processed=66000/69060 feasible=0 skipped=66000
processed=67000/69060 feasible=0 skipped=67000
processed=68000/69060 feasible=0 skipped=68000
processed=69000/69060 feasible=0 skipped=69000
status=COMPLETE_NO_NULL processed=69060/69060 feasible=0 elapsed=3.214029
elapsed_seconds=3.781035
runner_exit_code=0
