F311_MOVING_POLES
status=passed
seed=31120260908
completed_q=[32, 64, 128, 256]
total_targets=480
total_walsh_rejections=103
total_searched_targets=377
total_fitted_targets=18
total_found_models=20
total_walltime_seconds=1.987549458
peak_rss_bytes=86982656
outer_timeout_seconds=30
internal_timeout_seconds=28
memory_budget_bytes=536870912
q=32 targets=64 rejected=0 searched=64 fitted=18 models=20 keys=1984 witnesses=1984 walltime_seconds=0.013722458 peak_rss_bytes=24444928
  N=1025 residue=1 encoding=ordinary walsh_max=12 rejected=False models=1
    model={'a': 17, 'epsilon': 0, 'first_pole': {'r': 12, 'b': 23, 'temporary_pole_bit': 1}, 'second_pole': {'r': 19, 'c': 23, 'temporary_pole_bit': 1}, 'actual_filled_pole_bits': [0, 0], 'verified_full_truth_table': True}
  N=1025 residue=1 encoding=sign_log walsh_max=12 rejected=False models=1
    model={'a': 15, 'epsilon': 1, 'first_pole': {'r': 12, 'b': 17, 'temporary_pole_bit': 1}, 'second_pole': {'r': 13, 'c': 17, 'temporary_pole_bit': 1}, 'actual_filled_pole_bits': [0, 0], 'verified_full_truth_table': True}
  N=1031 residue=7 encoding=sign_log walsh_max=20 rejected=False models=1
    model={'a': 20, 'epsilon': 0, 'first_pole': {'r': 28, 'b': 31, 'temporary_pole_bit': 1}, 'second_pole': {'r': 29, 'c': 31, 'temporary_pole_bit': 1}, 'actual_filled_pole_bits': [0, 0], 'verified_full_truth_table': True}
  N=1033 residue=9 encoding=ordinary walsh_max=12 rejected=False models=1
    model={'a': 14, 'epsilon': 0, 'first_pole': {'r': 12, 'b': 9, 'temporary_pole_bit': 1}, 'second_pole': {'r': 19, 'c': 9, 'temporary_pole_bit': 1}, 'actual_filled_pole_bits': [1, 1], 'verified_full_truth_table': True}
  N=1047 residue=23 encoding=ordinary walsh_max=12 rejected=False models=1
    model={'a': 18, 'epsilon': 1, 'first_pole': {'r': 3, 'b': 9, 'temporary_pole_bit': 1}, 'second_pole': {'r': 28, 'c': 9, 'temporary_pole_bit': 1}, 'actual_filled_pole_bits': [1, 1], 'verified_full_truth_table': True}
  N=1047 residue=23 encoding=sign_log walsh_max=12 rejected=False models=1
    model={'a': 0, 'epsilon': 0, 'first_pole': {'r': 28, 'b': 7, 'temporary_pole_bit': 1}, 'second_pole': {'r': 29, 'c': 7, 'temporary_pole_bit': 1}, 'actual_filled_pole_bits': [0, 0], 'verified_full_truth_table': True}
  N=1049 residue=25 encoding=sign_log walsh_max=12 rejected=False models=1
    model={'a': 2, 'epsilon': 0, 'first_pole': {'r': 16, 'b': 3, 'temporary_pole_bit': 1}, 'second_pole': {'r': 17, 'c': 3, 'temporary_pole_bit': 1}, 'actual_filled_pole_bits': [1, 1], 'verified_full_truth_table': True}
  N=1051 residue=27 encoding=sign_log walsh_max=16 rejected=False models=2
    model={'a': 13, 'epsilon': 0, 'first_pole': {'r': 0, 'b': 2, 'temporary_pole_bit': 0}, 'second_pole': {'r': 1, 'c': 2, 'temporary_pole_bit': 0}, 'actual_filled_pole_bits': [0, 0], 'verified_full_truth_table': True}
    model={'a': 4, 'epsilon': 1, 'first_pole': {'r': 2, 'b': 2, 'temporary_pole_bit': 0}, 'second_pole': {'r': 3, 'c': 2, 'temporary_pole_bit': 0}, 'actual_filled_pole_bits': [0, 0], 'verified_full_truth_table': True}
  N=1055 residue=31 encoding=ordinary walsh_max=12 rejected=False models=1
    model={'a': 13, 'epsilon': 1, 'first_pole': {'r': 3, 'b': 23, 'temporary_pole_bit': 1}, 'second_pole': {'r': 28, 'c': 23, 'temporary_pole_bit': 1}, 'actual_filled_pole_bits': [0, 0], 'verified_full_truth_table': True}
  N=1057 residue=33 encoding=ordinary walsh_max=12 rejected=False models=1
    model={'a': 13, 'epsilon': 1, 'first_pole': {'r': 3, 'b': 23, 'temporary_pole_bit': 1}, 'second_pole': {'r': 28, 'c': 23, 'temporary_pole_bit': 1}, 'actual_filled_pole_bits': [0, 0], 'verified_full_truth_table': True}
  N=1061 residue=37 encoding=sign_log walsh_max=16 rejected=False models=2
    model={'a': 13, 'epsilon': 0, 'first_pole': {'r': 0, 'b': 2, 'temporary_pole_bit': 0}, 'second_pole': {'r': 1, 'c': 2, 'temporary_pole_bit': 0}, 'actual_filled_pole_bits': [0, 0], 'verified_full_truth_table': True}
    model={'a': 4, 'epsilon': 1, 'first_pole': {'r': 2, 'b': 2, 'temporary_pole_bit': 0}, 'second_pole': {'r': 3, 'c': 2, 'temporary_pole_bit': 0}, 'actual_filled_pole_bits': [0, 0], 'verified_full_truth_table': True}
  N=1063 residue=39 encoding=sign_log walsh_max=12 rejected=False models=1
    model={'a': 2, 'epsilon': 0, 'first_pole': {'r': 16, 'b': 3, 'temporary_pole_bit': 1}, 'second_pole': {'r': 17, 'c': 3, 'temporary_pole_bit': 1}, 'actual_filled_pole_bits': [1, 1], 'verified_full_truth_table': True}
  N=1065 residue=41 encoding=ordinary walsh_max=12 rejected=False models=1
    model={'a': 18, 'epsilon': 1, 'first_pole': {'r': 3, 'b': 9, 'temporary_pole_bit': 1}, 'second_pole': {'r': 28, 'c': 9, 'temporary_pole_bit': 1}, 'actual_filled_pole_bits': [1, 1], 'verified_full_truth_table': True}
  N=1065 residue=41 encoding=sign_log walsh_max=12 rejected=False models=1
    model={'a': 0, 'epsilon': 0, 'first_pole': {'r': 28, 'b': 7, 'temporary_pole_bit': 1}, 'second_pole': {'r': 29, 'c': 7, 'temporary_pole_bit': 1}, 'actual_filled_pole_bits': [0, 0], 'verified_full_truth_table': True}
  N=1079 residue=55 encoding=ordinary walsh_max=12 rejected=False models=1
    model={'a': 14, 'epsilon': 0, 'first_pole': {'r': 12, 'b': 9, 'temporary_pole_bit': 1}, 'second_pole': {'r': 19, 'c': 9, 'temporary_pole_bit': 1}, 'actual_filled_pole_bits': [1, 1], 'verified_full_truth_table': True}
  N=1081 residue=57 encoding=sign_log walsh_max=20 rejected=False models=1
    model={'a': 20, 'epsilon': 0, 'first_pole': {'r': 28, 'b': 31, 'temporary_pole_bit': 1}, 'second_pole': {'r': 29, 'c': 31, 'temporary_pole_bit': 1}, 'actual_filled_pole_bits': [0, 0], 'verified_full_truth_table': True}
  N=1087 residue=63 encoding=ordinary walsh_max=12 rejected=False models=1
    model={'a': 17, 'epsilon': 0, 'first_pole': {'r': 12, 'b': 23, 'temporary_pole_bit': 1}, 'second_pole': {'r': 19, 'c': 23, 'temporary_pole_bit': 1}, 'actual_filled_pole_bits': [0, 0], 'verified_full_truth_table': True}
  N=1087 residue=63 encoding=sign_log walsh_max=12 rejected=False models=1
    model={'a': 15, 'epsilon': 1, 'first_pole': {'r': 12, 'b': 17, 'temporary_pole_bit': 1}, 'second_pole': {'r': 13, 'c': 17, 'temporary_pole_bit': 1}, 'actual_filled_pole_bits': [0, 0], 'verified_full_truth_table': True}
q=64 targets=128 rejected=12 searched=116 fitted=0 models=0 keys=8064 witnesses=8064 walltime_seconds=0.087971541 peak_rss_bytes=27181056
  N=2055 residue=7 encoding=ordinary walsh_max=36 rejected=True models=0
  N=2055 residue=7 encoding=sign_log walsh_max=36 rejected=True models=0
  N=2063 residue=15 encoding=ordinary walsh_max=36 rejected=True models=0
  N=2063 residue=15 encoding=sign_log walsh_max=36 rejected=True models=0
  N=2097 residue=49 encoding=ordinary walsh_max=36 rejected=True models=0
  N=2105 residue=57 encoding=ordinary walsh_max=36 rejected=True models=0
  N=2119 residue=71 encoding=ordinary walsh_max=36 rejected=True models=0
  N=2127 residue=79 encoding=ordinary walsh_max=36 rejected=True models=0
  N=2161 residue=113 encoding=ordinary walsh_max=36 rejected=True models=0
  N=2161 residue=113 encoding=sign_log walsh_max=36 rejected=True models=0
  N=2169 residue=121 encoding=ordinary walsh_max=36 rejected=True models=0
  N=2169 residue=121 encoding=sign_log walsh_max=36 rejected=True models=0
q=128 targets=256 rejected=74 searched=182 fitted=0 models=0 keys=32512 witnesses=32512 walltime_seconds=0.576932750 peak_rss_bytes=36929536
  N=4109 residue=13 encoding=ordinary walsh_max=48 rejected=True models=0
  N=4109 residue=13 encoding=sign_log walsh_max=48 rejected=True models=0
  N=4115 residue=19 encoding=ordinary walsh_max=48 rejected=True models=0
  N=4115 residue=19 encoding=sign_log walsh_max=48 rejected=True models=0
  N=4123 residue=27 encoding=ordinary walsh_max=48 rejected=True models=0
  N=4125 residue=29 encoding=ordinary walsh_max=48 rejected=True models=0
  N=4125 residue=29 encoding=sign_log walsh_max=56 rejected=True models=0
  N=4141 residue=45 encoding=sign_log walsh_max=80 rejected=True models=0
  N=4147 residue=51 encoding=ordinary walsh_max=48 rejected=True models=0
  N=4147 residue=51 encoding=sign_log walsh_max=48 rejected=True models=0
  N=4149 residue=53 encoding=ordinary walsh_max=48 rejected=True models=0
  N=4149 residue=53 encoding=sign_log walsh_max=48 rejected=True models=0
  N=4155 residue=59 encoding=ordinary walsh_max=48 rejected=True models=0
  N=4155 residue=59 encoding=sign_log walsh_max=56 rejected=True models=0
  N=4157 residue=61 encoding=ordinary walsh_max=48 rejected=True models=0
  N=4157 residue=61 encoding=sign_log walsh_max=48 rejected=True models=0
  N=4161 residue=65 encoding=sign_log walsh_max=52 rejected=True models=0
  N=4163 residue=67 encoding=ordinary walsh_max=48 rejected=True models=0
  N=4165 residue=69 encoding=ordinary walsh_max=48 rejected=True models=0
  N=4169 residue=73 encoding=sign_log walsh_max=52 rejected=True models=0
  N=4171 residue=75 encoding=ordinary walsh_max=48 rejected=True models=0
  N=4173 residue=77 encoding=ordinary walsh_max=48 rejected=True models=0
  N=4173 residue=77 encoding=sign_log walsh_max=64 rejected=True models=0
  N=4179 residue=83 encoding=sign_log walsh_max=48 rejected=True models=0
  N=4185 residue=89 encoding=sign_log walsh_max=52 rejected=True models=0
  N=4195 residue=99 encoding=ordinary walsh_max=48 rejected=True models=0
  N=4197 residue=101 encoding=ordinary walsh_max=48 rejected=True models=0
  N=4197 residue=101 encoding=sign_log walsh_max=48 rejected=True models=0
  N=4199 residue=103 encoding=sign_log walsh_max=52 rejected=True models=0
  N=4203 residue=107 encoding=sign_log walsh_max=48 rejected=True models=0
  N=4205 residue=109 encoding=ordinary walsh_max=48 rejected=True models=0
  N=4205 residue=109 encoding=sign_log walsh_max=64 rejected=True models=0
  N=4209 residue=113 encoding=sign_log walsh_max=52 rejected=True models=0
  N=4211 residue=115 encoding=ordinary walsh_max=48 rejected=True models=0
  N=4211 residue=115 encoding=sign_log walsh_max=64 rejected=True models=0
  N=4215 residue=119 encoding=sign_log walsh_max=52 rejected=True models=0
  N=4223 residue=127 encoding=sign_log walsh_max=52 rejected=True models=0
  N=4225 residue=129 encoding=sign_log walsh_max=52 rejected=True models=0
  N=4233 residue=137 encoding=sign_log walsh_max=52 rejected=True models=0
  N=4237 residue=141 encoding=ordinary walsh_max=48 rejected=True models=0
  N=4237 residue=141 encoding=sign_log walsh_max=64 rejected=True models=0
  N=4239 residue=143 encoding=sign_log walsh_max=52 rejected=True models=0
  N=4243 residue=147 encoding=ordinary walsh_max=48 rejected=True models=0
  N=4243 residue=147 encoding=sign_log walsh_max=64 rejected=True models=0
  N=4245 residue=149 encoding=sign_log walsh_max=48 rejected=True models=0
  N=4249 residue=153 encoding=sign_log walsh_max=52 rejected=True models=0
  N=4251 residue=155 encoding=ordinary walsh_max=48 rejected=True models=0
  N=4251 residue=155 encoding=sign_log walsh_max=48 rejected=True models=0
  N=4253 residue=157 encoding=ordinary walsh_max=48 rejected=True models=0
  N=4263 residue=167 encoding=sign_log walsh_max=52 rejected=True models=0
  N=4269 residue=173 encoding=sign_log walsh_max=48 rejected=True models=0
  N=4275 residue=179 encoding=ordinary walsh_max=48 rejected=True models=0
  N=4275 residue=179 encoding=sign_log walsh_max=64 rejected=True models=0
  N=4277 residue=181 encoding=ordinary walsh_max=48 rejected=True models=0
  N=4279 residue=183 encoding=sign_log walsh_max=52 rejected=True models=0
  N=4283 residue=187 encoding=ordinary walsh_max=48 rejected=True models=0
  N=4285 residue=189 encoding=ordinary walsh_max=48 rejected=True models=0
  N=4287 residue=191 encoding=sign_log walsh_max=52 rejected=True models=0
  N=4291 residue=195 encoding=ordinary walsh_max=48 rejected=True models=0
  N=4291 residue=195 encoding=sign_log walsh_max=48 rejected=True models=0
  N=4293 residue=197 encoding=ordinary walsh_max=48 rejected=True models=0
  N=4293 residue=197 encoding=sign_log walsh_max=56 rejected=True models=0
  N=4299 residue=203 encoding=ordinary walsh_max=48 rejected=True models=0
  N=4299 residue=203 encoding=sign_log walsh_max=48 rejected=True models=0
  N=4301 residue=205 encoding=ordinary walsh_max=48 rejected=True models=0
  N=4301 residue=205 encoding=sign_log walsh_max=48 rejected=True models=0
  N=4307 residue=211 encoding=sign_log walsh_max=80 rejected=True models=0
  N=4323 residue=227 encoding=ordinary walsh_max=48 rejected=True models=0
  N=4323 residue=227 encoding=sign_log walsh_max=56 rejected=True models=0
  N=4325 residue=229 encoding=ordinary walsh_max=48 rejected=True models=0
  N=4333 residue=237 encoding=ordinary walsh_max=48 rejected=True models=0
  N=4333 residue=237 encoding=sign_log walsh_max=48 rejected=True models=0
  N=4339 residue=243 encoding=ordinary walsh_max=48 rejected=True models=0
  N=4339 residue=243 encoding=sign_log walsh_max=48 rejected=True models=0
q=256 targets=32 rejected=17 searched=15 fitted=0 models=0 keys=130560 witnesses=130560 walltime_seconds=1.302143208 peak_rss_bytes=86982656
  N=8195 residue=3 encoding=sign_log walsh_max=80 rejected=True models=0
  N=8209 residue=17 encoding=sign_log walsh_max=68 rejected=True models=0
  N=8223 residue=31 encoding=ordinary walsh_max=68 rejected=True models=0
  N=8223 residue=31 encoding=sign_log walsh_max=76 rejected=True models=0
  N=8305 residue=113 encoding=ordinary walsh_max=68 rejected=True models=0
  N=8327 residue=135 encoding=ordinary walsh_max=68 rejected=True models=0
  N=8363 residue=171 encoding=sign_log walsh_max=80 rejected=True models=0
  N=8395 residue=203 encoding=ordinary walsh_max=80 rejected=True models=0
  N=8559 residue=367 encoding=sign_log walsh_max=76 rejected=True models=0
  N=8565 residue=373 encoding=sign_log walsh_max=72 rejected=True models=0
  N=8607 residue=415 encoding=sign_log walsh_max=76 rejected=True models=0
  N=8619 residue=427 encoding=sign_log walsh_max=80 rejected=True models=0
  N=8653 residue=461 encoding=sign_log walsh_max=96 rejected=True models=0
  N=8661 residue=469 encoding=ordinary walsh_max=96 rejected=True models=0
  N=8661 residue=469 encoding=sign_log walsh_max=88 rejected=True models=0
  N=8697 residue=505 encoding=ordinary walsh_max=68 rejected=True models=0
  N=8697 residue=505 encoding=sign_log walsh_max=68 rejected=True models=0
interpretation=bounded exact search in the specified moving-pole family only
