{
  "summary": [
    {
      "m": 3,
      "encodings": {
        "ordinary": {
          "cases": 8,
          "quadratic_matches": 8,
          "quadratic_weight_possible": 8,
          "minimum_degree": 0
        },
        "sign_log": {
          "cases": 8,
          "quadratic_matches": 8,
          "quadratic_weight_possible": 8,
          "minimum_degree": 0
        }
      }
    },
    {
      "m": 4,
      "encodings": {
        "ordinary": {
          "cases": 16,
          "quadratic_matches": 4,
          "quadratic_weight_possible": 14,
          "minimum_degree": 2
        },
        "sign_log": {
          "cases": 16,
          "quadratic_matches": 0,
          "quadratic_weight_possible": 14,
          "minimum_degree": 3
        }
      }
    },
    {
      "m": 5,
      "encodings": {
        "ordinary": {
          "cases": 32,
          "quadratic_matches": 0,
          "quadratic_weight_possible": 16,
          "minimum_degree": 3
        },
        "sign_log": {
          "cases": 32,
          "quadratic_matches": 0,
          "quadratic_weight_possible": 16,
          "minimum_degree": 3
        }
      }
    },
    {
      "m": 6,
      "encodings": {
        "ordinary": {
          "cases": 64,
          "quadratic_matches": 0,
          "quadratic_weight_possible": 30,
          "minimum_degree": 4
        },
        "sign_log": {
          "cases": 64,
          "quadratic_matches": 0,
          "quadratic_weight_possible": 30,
          "minimum_degree": 5
        }
      }
    },
    {
      "m": 7,
      "encodings": {
        "ordinary": {
          "cases": 128,
          "quadratic_matches": 0,
          "quadratic_weight_possible": 32,
          "minimum_degree": 5
        },
        "sign_log": {
          "cases": 128,
          "quadratic_matches": 0,
          "quadratic_weight_possible": 32,
          "minimum_degree": 6
        }
      }
    },
    {
      "m": 8,
      "encodings": {
        "ordinary": {
          "cases": 256,
          "quadratic_matches": 0,
          "quadratic_weight_possible": 60,
          "minimum_degree": 7
        },
        "sign_log": {
          "cases": 256,
          "quadratic_matches": 0,
          "quadratic_weight_possible": 60,
          "minimum_degree": 7
        }
      }
    }
  ],
  "runtime_seconds": 0.14982791699003428,
  "peak_rss_bytes": 22773760
}
