{
  "summary": [
    {
      "m": 3,
      "per_encoding": 8,
      "exhaustive_mod_complement": true,
      "encodings": {
        "ordinary": {
          "max_abs_S": 8,
          "max_walsh": 8,
          "max_genus_lower": 1,
          "total_bound_failures": 0,
          "walsh_bound_failures": 0,
          "quadratic_count": 8
        },
        "sign_log": {
          "max_abs_S": 8,
          "max_walsh": 8,
          "max_genus_lower": 1,
          "total_bound_failures": 0,
          "walsh_bound_failures": 0,
          "quadratic_count": 8
        }
      }
    },
    {
      "m": 4,
      "per_encoding": 16,
      "exhaustive_mod_complement": true,
      "encodings": {
        "ordinary": {
          "max_abs_S": 12,
          "max_walsh": 16,
          "max_genus_lower": 2,
          "total_bound_failures": 2,
          "walsh_bound_failures": 8,
          "quadratic_count": 8
        },
        "sign_log": {
          "max_abs_S": 12,
          "max_walsh": 16,
          "max_genus_lower": 2,
          "total_bound_failures": 2,
          "walsh_bound_failures": 8,
          "quadratic_count": 8
        }
      }
    },
    {
      "m": 5,
      "per_encoding": 32,
      "exhaustive_mod_complement": true,
      "encodings": {
        "ordinary": {
          "max_abs_S": 20,
          "max_walsh": 20,
          "max_genus_lower": 2,
          "total_bound_failures": 6,
          "walsh_bound_failures": 24,
          "quadratic_count": 8
        },
        "sign_log": {
          "max_abs_S": 20,
          "max_walsh": 24,
          "max_genus_lower": 3,
          "total_bound_failures": 6,
          "walsh_bound_failures": 24,
          "quadratic_count": 4
        }
      }
    },
    {
      "m": 6,
      "per_encoding": 64,
      "exhaustive_mod_complement": true,
      "encodings": {
        "ordinary": {
          "max_abs_S": 28,
          "max_walsh": 36,
          "max_genus_lower": 3,
          "total_bound_failures": 12,
          "walsh_bound_failures": 52,
          "quadratic_count": 0
        },
        "sign_log": {
          "max_abs_S": 28,
          "max_walsh": 36,
          "max_genus_lower": 3,
          "total_bound_failures": 12,
          "walsh_bound_failures": 64,
          "quadratic_count": 0
        }
      }
    },
    {
      "m": 7,
      "per_encoding": 128,
      "exhaustive_mod_complement": true,
      "encodings": {
        "ordinary": {
          "max_abs_S": 44,
          "max_walsh": 48,
          "max_genus_lower": 3,
          "total_bound_failures": 38,
          "walsh_bound_failures": 128,
          "quadratic_count": 0
        },
        "sign_log": {
          "max_abs_S": 44,
          "max_walsh": 80,
          "max_genus_lower": 4,
          "total_bound_failures": 38,
          "walsh_bound_failures": 128,
          "quadratic_count": 0
        }
      }
    },
    {
      "m": 8,
      "per_encoding": 256,
      "exhaustive_mod_complement": true,
      "encodings": {
        "ordinary": {
          "max_abs_S": 68,
          "max_walsh": 96,
          "max_genus_lower": 3,
          "total_bound_failures": 66,
          "walsh_bound_failures": 256,
          "quadratic_count": 0
        },
        "sign_log": {
          "max_abs_S": 68,
          "max_walsh": 104,
          "max_genus_lower": 4,
          "total_bound_failures": 66,
          "walsh_bound_failures": 256,
          "quadratic_count": 0
        }
      }
    },
    {
      "m": 9,
      "per_encoding": 30,
      "exhaustive_mod_complement": false,
      "encodings": {
        "ordinary": {
          "max_abs_S": 92,
          "max_walsh": 112,
          "max_genus_lower": 3,
          "total_bound_failures": 7,
          "walsh_bound_failures": 30,
          "quadratic_count": 0
        },
        "sign_log": {
          "max_abs_S": 92,
          "max_walsh": 140,
          "max_genus_lower": 4,
          "total_bound_failures": 7,
          "walsh_bound_failures": 30,
          "quadratic_count": 0
        }
      }
    },
    {
      "m": 10,
      "per_encoding": 31,
      "exhaustive_mod_complement": false,
      "encodings": {
        "ordinary": {
          "max_abs_S": 116,
          "max_walsh": 192,
          "max_genus_lower": 3,
          "total_bound_failures": 5,
          "walsh_bound_failures": 31,
          "quadratic_count": 0
        },
        "sign_log": {
          "max_abs_S": 116,
          "max_walsh": 212,
          "max_genus_lower": 4,
          "total_bound_failures": 5,
          "walsh_bound_failures": 31,
          "quadratic_count": 0
        }
      }
    },
    {
      "m": 11,
      "per_encoding": 31,
      "exhaustive_mod_complement": false,
      "encodings": {
        "ordinary": {
          "max_abs_S": 172,
          "max_walsh": 256,
          "max_genus_lower": 3,
          "total_bound_failures": 5,
          "walsh_bound_failures": 31,
          "quadratic_count": 0
        },
        "sign_log": {
          "max_abs_S": 172,
          "max_walsh": 308,
          "max_genus_lower": 4,
          "total_bound_failures": 5,
          "walsh_bound_failures": 31,
          "quadratic_count": 0
        }
      }
    },
    {
      "m": 12,
      "per_encoding": 32,
      "exhaustive_mod_complement": false,
      "encodings": {
        "ordinary": {
          "max_abs_S": 268,
          "max_walsh": 416,
          "max_genus_lower": 4,
          "total_bound_failures": 8,
          "walsh_bound_failures": 32,
          "quadratic_count": 0
        },
        "sign_log": {
          "max_abs_S": 268,
          "max_walsh": 692,
          "max_genus_lower": 6,
          "total_bound_failures": 8,
          "walsh_bound_failures": 32,
          "quadratic_count": 0
        }
      }
    }
  ],
  "fields": [
    {
      "m": 3,
      "polynomial": "0xb",
      "symmetric_pole_order_cap": 7,
      "final_space_rank": 8,
      "unfitted": 0
    },
    {
      "m": 4,
      "polynomial": "0x13",
      "symmetric_pole_order_cap": 15,
      "final_space_rank": 16,
      "unfitted": 0
    },
    {
      "m": 5,
      "polynomial": "0x25",
      "symmetric_pole_order_cap": 31,
      "final_space_rank": 32,
      "unfitted": 0
    },
    {
      "m": 6,
      "polynomial": "0x43",
      "symmetric_pole_order_cap": 31,
      "final_space_rank": 64,
      "unfitted": 0
    },
    {
      "m": 7,
      "polynomial": "0x83",
      "symmetric_pole_order_cap": 31,
      "final_space_rank": 128,
      "unfitted": 0
    },
    {
      "m": 8,
      "polynomial": "0x11b",
      "symmetric_pole_order_cap": 31,
      "final_space_rank": 210,
      "unfitted": 512
    }
  ],
  "runtime_seconds": 1.027856000000611,
  "peak_rss_bytes": 20365312
}
