[2026-08-08T08:46:48+0800] public input N=202537109; n=28; B=784
[2026-08-08T08:46:48+0800] trial screen complete; proper hits=0
[2026-08-08T08:46:48+0800] seed stage complete; retained=27; proper sign hits=0
[2026-08-08T08:46:48+0800] seed basis complete; blocks=21; perfect-power splits=0; trajectory pairs=27
[2026-08-08T08:46:48+0800] trajectory pair 1/27 complete; new retained total=1563
[2026-08-08T08:46:48+0800] trajectory pair 2/27 complete; new retained total=1563
[2026-08-08T08:46:48+0800] trajectory pair 3/27 complete; new retained total=3127
[2026-08-08T08:46:48+0800] trajectory pair 4/27 complete; new retained total=3127
[2026-08-08T08:46:48+0800] trajectory pair 5/27 complete; new retained total=3127
[2026-08-08T08:46:48+0800] trajectory pair 6/27 complete; new retained total=4693
[2026-08-08T08:46:48+0800] trajectory pair 7/27 complete; new retained total=4693
[2026-08-08T08:46:48+0800] trajectory pair 8/27 complete; new retained total=4693
[2026-08-08T08:46:48+0800] trajectory pair 9/27 complete; new retained total=4693
[2026-08-08T08:46:48+0800] trajectory pair 10/27 complete; new retained total=6258
[2026-08-08T08:46:48+0800] trajectory pair 11/27 complete; new retained total=6258
[2026-08-08T08:46:48+0800] trajectory pair 12/27 complete; new retained total=7823
[2026-08-08T08:46:48+0800] trajectory pair 13/27 complete; new retained total=9388
[2026-08-08T08:46:48+0800] trajectory pair 14/27 complete; new retained total=9388
[2026-08-08T08:46:48+0800] trajectory pair 15/27 complete; new retained total=9388
[2026-08-08T08:46:48+0800] trajectory pair 16/27 complete; new retained total=10955
[2026-08-08T08:46:48+0800] trajectory pair 17/27 complete; new retained total=10955
[2026-08-08T08:46:48+0800] trajectory pair 18/27 complete; new retained total=10955
[2026-08-08T08:46:48+0800] trajectory pair 19/27 complete; new retained total=10955
[2026-08-08T08:46:48+0800] trajectory pair 20/27 complete; new retained total=10955
[2026-08-08T08:46:48+0800] trajectory pair 21/27 complete; new retained total=10955
[2026-08-08T08:46:48+0800] trajectory pair 22/27 complete; new retained total=10955
[2026-08-08T08:46:48+0800] trajectory pair 23/27 complete; new retained total=10955
[2026-08-08T08:46:48+0800] trajectory pair 24/27 complete; new retained total=10955
[2026-08-08T08:46:48+0800] trajectory pair 25/27 complete; new retained total=10955
[2026-08-08T08:46:48+0800] trajectory pair 26/27 complete; new retained total=12522
[2026-08-08T08:46:48+0800] trajectory pair 27/27 complete; new retained total=12522
[2026-08-08T08:46:48+0800] trajectory stage complete; new=12522; all residues=12549; proper sign hits=0
[2026-08-08T08:46:48+0800] decoder dedup complete; columns=9414; P=1 removed=1; repeated values removed=3134
[2026-08-08T08:46:48+0800] joint refinement endpoints=2000/18828; active blocks=1441
[2026-08-08T08:46:49+0800] joint refinement endpoints=4000/18828; active blocks=2757
[2026-08-08T08:46:49+0800] joint refinement endpoints=6000/18828; active blocks=4013
[2026-08-08T08:46:49+0800] joint refinement endpoints=8000/18828; active blocks=5227
[2026-08-08T08:46:50+0800] joint refinement endpoints=10000/18828; active blocks=6543
[2026-08-08T08:46:51+0800] joint refinement endpoints=12000/18828; active blocks=7638
[2026-08-08T08:46:51+0800] joint refinement endpoints=14000/18828; active blocks=8660
[2026-08-08T08:46:52+0800] joint refinement endpoints=16000/18828; active blocks=9665
[2026-08-08T08:46:53+0800] joint refinement endpoints=18000/18828; active blocks=10623
[2026-08-08T08:46:54+0800] joint basis complete; blocks=11015; square blocks=0; nonsquare rows=11015
[2026-08-08T08:46:54+0800] kernel complete; rank=8926; dimension=488; useful basis vectors=258
[2026-08-08T08:46:54+0800] online diagnostic complete; prefix=5616; dependencies tested through first useful=1325; first={'distinct_support': 166, 'root_mod_N': 70524024, 'gcd_minus': 10267, 'gcd_plus': 19727, 'exact_root_decimal_digits': 1291, 'exact_root_sha256': '9b9c8626e515aa4867d953e474ff2eaf1d0c79e505d8ec106b943e1105ca7a83', 'ordinal': 5616, 'occurrence_support': 166}
[2026-08-08T08:46:58+0800] small-support diagnostic complete; distinct values=4293; candidates={}; useful={}
[2026-08-08T08:46:58+0800] strict result=PASS; failures=0
