named_timeout=F157_SPARSE_SECTION_FEEDBACK_CAPABILITY_HARD_TIMEOUT
timeout_seconds=900
command=["/usr/local/bin/sage", "-python", "/Users/zhou/autoresearch/IntegerFactoring/experiments/F157_sparse_section_feedback_capability/search.py", "--input", "/Users/zhou/autoresearch/IntegerFactoring/experiments/F157_sparse_section_feedback_capability/INPUT.json", "--output", "/Users/zhou/autoresearch/IntegerFactoring/experiments/F157_sparse_section_feedback_capability/ATTEMPT_20260811T151301Z.json"]
working_directory=/Users/zhou/autoresearch/IntegerFactoring/experiments/F157_sparse_section_feedback_capability
registration={"frozen_files": {"DESIGN.md": "7f9d7504bd285b6b32497f783d8a9f28609373e73437030e03bcd54877e6ec10", "FAILED_RUNS.md": "b3baf7db5c2ae7fee6d5db75b9666394d8d02f45cc553566ea81cb17b5fecb75", "INPUT.json": "ca227228ed692e3895b0f4d4407b14b5000c0f0ec4134aff394b211791cb2009", "QUESTION.md": "d8790ab6a23597b28b949405547f4cfd8d1187602fcf1f2ad591439022a53f56", "run_with_timeout.py": "560096b0689690f082e7eabd8c8cbb6d955f83da79fa05003f535f5f510b8999", "search.py": "1f9bf511a8a0d5783dfcbca891d7e4022e158382395b3925cb38241ee2d6cb69"}, "name": "F157-D01", "status": "FROZEN_BEFORE_AUTHORITATIVE_RUN", "timeout_seconds": 900}
N=3241632473: generate frozen base
N=3241632473: factor-free refine 11881 exact values for 11881 columns
N=3241632473: normalized round 1, entries=11881, mask_incidences=11881, large_masks=0
N=3241632473: refine round 1, active=20813, final=20, batch_splits=8952, forced=0
N=3241632473: normalized round 2, entries=20514, mask_incidences=20747, large_masks=0
N=3241632473: refine round 2, active=16128, final=8972, batch_splits=8952, forced=4566
N=3241632473: normalized round 3, entries=11563, mask_incidences=19674, large_masks=0
N=3241632473: refine round 3, active=11545, final=8995, batch_splits=8957, forced=4566
N=3241632473: normalized round 4, entries=11543, mask_incidences=19638, large_masks=0
N=3241632473: refine round 4, active=15868, final=9000, batch_splits=8957, forced=8896
N=3241632473: normalized round 5, entries=11193, mask_incidences=28089, large_masks=2
N=3241632473: refine round 5, active=11100, final=9103, batch_splits=8967, forced=8896
N=3241632473: normalized round 6, entries=11095, mask_incidences=27886, large_masks=2
N=3241632473: refine round 6, active=15268, final=9113, batch_splits=8967, forced=13079
N=3241632473: normalized round 7, entries=10605, mask_incidences=34095, large_masks=3
N=3241632473: refine round 7, active=10388, final=9342, batch_splits=8979, forced=13079
N=3241632473: normalized round 8, entries=10382, mask_incidences=33602, large_masks=3
N=3241632473: refine round 8, active=14326, final=9354, batch_splits=8979, forced=17035
N=3241632473: normalized round 9, entries=9654, mask_incidences=38706, large_masks=3
N=3241632473: refine round 9, active=9197, final=9830, batch_splits=8998, forced=17035
N=3241632473: normalized round 10, entries=9180, mask_incidences=37598, large_masks=3
N=3241632473: refine round 10, active=12718, final=9850, batch_splits=8998, forced=20593
N=3241632473: normalized round 11, entries=8209, mask_incidences=41857, large_masks=4
N=3241632473: refine round 11, active=7616, final=10456, batch_splits=9011, forced=20593
N=3241632473: normalized round 12, entries=7606, mask_incidences=40265, large_masks=4
N=3241632473: refine round 12, active=10611, final=10469, batch_splits=9011, forced=23611
N=3241632473: normalized round 13, entries=6539, mask_incidences=43619, large_masks=4
N=3241632473: refine round 13, active=5845, final=11178, batch_splits=9026, forced=23611
N=3241632473: normalized round 14, entries=5832, mask_incidences=41584, large_masks=4
N=3241632473: refine round 14, active=8139, final=11194, batch_splits=9026, forced=25934
N=3241632473: normalized round 15, entries=4736, mask_incidences=43980, large_masks=4
N=3241632473: refine round 15, active=4144, final=11789, batch_splits=9029, forced=25934
N=3241632473: normalized round 16, entries=4141, mask_incidences=42076, large_masks=4
N=3241632473: refine round 16, active=5821, final=11793, batch_splits=9029, forced=27618
N=3241632473: normalized round 17, entries=3167, mask_incidences=43653, large_masks=4
N=3241632473: refine round 17, active=2632, final=12333, batch_splits=9034, forced=27618
N=3241632473: normalized round 18, entries=2627, mask_incidences=41513, large_masks=4
N=3241632473: refine round 18, active=3692, final=12338, batch_splits=9034, forced=28688
N=3241632473: normalized round 19, entries=1965, mask_incidences=42383, large_masks=4
N=3241632473: refine round 19, active=1605, final=12699, batch_splits=9035, forced=28688
N=3241632473: normalized round 20, entries=1604, mask_incidences=40508, large_masks=4
N=3241632473: refine round 20, active=2262, final=12700, batch_splits=9035, forced=29347
N=3241632473: normalized round 21, entries=1173, mask_incidences=41042, large_masks=4
N=3241632473: refine round 21, active=936, final=12939, batch_splits=9037, forced=29347
N=3241632473: normalized round 22, entries=934, mask_incidences=39076, large_masks=4
N=3241632473: refine round 22, active=1317, final=12940, batch_splits=9037, forced=29731
N=3241632473: normalized round 23, entries=645, mask_incidences=39370, large_masks=4
N=3241632473: refine round 23, active=496, final=13090, batch_splits=9038, forced=29731
N=3241632473: normalized round 24, entries=495, mask_incidences=37116, large_masks=4
N=3241632473: refine round 24, active=696, final=13091, batch_splits=9038, forced=29933
N=3241632473: normalized round 25, entries=335, mask_incidences=37110, large_masks=4
N=3241632473: refine round 25, active=250, final=13177, batch_splits=9039, forced=29933
N=3241632473: normalized round 26, entries=249, mask_incidences=34429, large_masks=4
N=3241632473: refine round 26, active=351, final=13178, batch_splits=9039, forced=30036
N=3241632473: normalized round 27, entries=169, mask_incidences=34475, large_masks=4
N=3241632473: refine round 27, active=120, final=13229, batch_splits=9041, forced=30036
N=3241632473: normalized round 28, entries=118, mask_incidences=31575, large_masks=4
N=3241632473: refine round 28, active=166, final=13229, batch_splits=9041, forced=30084
N=3241632473: normalized round 29, entries=85, mask_incidences=31752, large_masks=4
N=3241632473: refine round 29, active=75, final=13260, batch_splits=9041, forced=30105
N=3241632473: normalized round 30, entries=34, mask_incidences=25340, large_masks=4
N=3241632473: refine round 30, active=24, final=13272, batch_splits=9043, forced=30105
N=3241632473: normalized round 31, entries=22, mask_incidences=18601, large_masks=3
N=3241632473: refine round 31, active=28, final=13274, batch_splits=9043, forced=30113
N=3241632473: normalized round 32, entries=14, mask_incidences=17874, large_masks=3
N=3241632473: refine round 32, active=9, final=13281, batch_splits=9043, forced=30115
N=3241632473: normalized round 33, entries=5, mask_incidences=12831, large_masks=3
N=3241632473: refine round 33, active=5, final=13282, batch_splits=9044, forced=30115
N=3241632473: normalized round 34, entries=4, mask_incidences=9564, large_masks=2
N=3241632473: refine round 34, active=5, final=13282, batch_splits=9044, forced=30116
N=3241632473: normalized round 35, entries=4, mask_incidences=9565, large_masks=2
N=3241632473: refine round 35, active=5, final=13282, batch_splits=9045, forced=30116
N=3241632473: normalized round 36, entries=4, mask_incidences=9564, large_masks=2
N=3241632473: refine round 36, active=5, final=13282, batch_splits=9045, forced=30117
N=3241632473: normalized round 37, entries=4, mask_incidences=9563, large_masks=2
N=3241632473: refine round 37, active=5, final=13282, batch_splits=9046, forced=30117
N=3241632473: normalized round 38, entries=4, mask_incidences=9564, large_masks=2
N=3241632473: refine round 38, active=5, final=13282, batch_splits=9046, forced=30118
N=3241632473: normalized round 39, entries=3, mask_incidences=9563, large_masks=2
N=3241632473: refine round 39, active=4, final=13282, batch_splits=9047, forced=30118
N=3241632473: normalized round 40, entries=3, mask_incidences=9562, large_masks=2
N=3241632473: refine round 40, active=4, final=13282, batch_splits=9047, forced=30119
N=3241632473: normalized round 41, entries=2, mask_incidences=9561, large_masks=2
N=3241632473: refine round 41, active=0, final=13284, batch_splits=9047, forced=30119
N=3241632473: rank=11874, basis=11874, scan feedback
N=3241632473: support-two heavy index left=0/11874, queries=8, candidates=0
N=3241632473: support-two heavy index left=10000/11874, queries=360232, candidates=60
N=3241632473: support-two light index block=0/4287, owned_pairs=30628, candidates=61
N=204800061759986701: generate frozen base
N=204800061759986701: factor-free refine 107058 exact values for 107058 columns
N=204800061759986701: normalized round 1, entries=107058, mask_incidences=107058, large_masks=0
N=204800061759986701: refine round 1, active=196439, final=146, batch_splits=89527, forced=0
N=204800061759986701: normalized round 2, entries=193750, mask_incidences=196102, large_masks=0
N=204800061759986701: refine round 2, active=145061, final=89673, batch_splits=89527, forced=40838
N=204800061759986701: normalized round 3, entries=103599, mask_incidences=177549, large_masks=6
N=204800061759986701: refine round 3, active=103532, final=89760, batch_splits=89547, forced=40838
N=204800061759986701: normalized round 4, entries=103529, mask_incidences=177415, large_masks=6
N=204800061759986701: refine round 4, active=142244, final=89780, batch_splits=89547, forced=79573
N=204800061759986701: normalized round 5, entries=101357, mask_incidences=254177, large_masks=10
N=204800061759986701: refine round 5, active=100862, final=90339, batch_splits=89611, forced=79573
N=204800061759986701: normalized round 6, entries=100847, mask_incidences=253147, large_masks=10
N=204800061759986701: refine round 6, active=138465, final=90403, batch_splits=89611, forced=117255
N=204800061759986701: normalized round 7, entries=97378, mask_incidences=310793, large_masks=12
N=204800061759986701: refine round 7, active=96007, final=91911, batch_splits=89748, forced=117255
N=204800061759986701: normalized round 8, entries=95969, mask_incidences=307757, large_masks=12
N=204800061759986701: refine round 8, active=131904, final=92049, batch_splits=89748, forced=153328
N=204800061759986701: normalized round 9, entries=91135, mask_incidences=358459, large_masks=16
N=204800061759986701: refine round 9, active=88467, final=94922, batch_splits=89953, forced=153328
N=204800061759986701: normalized round 10, entries=88383, mask_incidences=352177, large_masks=16
N=204800061759986701: refine round 10, active=121773, final=95130, batch_splits=89953, forced=186926
N=204800061759986701: normalized round 11, entries=82472, mask_incidences=397170, large_masks=19
N=204800061759986701: refine round 11, active=78316, final=99529, batch_splits=90196, forced=186926
N=204800061759986701: normalized round 12, entries=78197, mask_incidences=386596, large_masks=19
N=204800061759986701: refine round 12, active=107890, final=99779, batch_splits=90196, forced=216869
N=204800061759986701: normalized round 13, entries=71167, mask_incidences=425064, large_masks=23
N=204800061759986701: refine round 13, active=66056, final=105131, batch_splits=90437, forced=216869
N=204800061759986701: normalized round 14, entries=65924, mask_incidences=411084, large_masks=23
N=204800061759986701: refine round 14, active=91237, final=105384, batch_splits=90437, forced=242435
N=204800061759986701: normalized round 15, entries=58414, mask_incidences=442354, large_masks=24
N=204800061759986701: refine round 15, active=52615, final=111433, batch_splits=90687, forced=242435
N=204800061759986701: normalized round 16, entries=52451, mask_incidences=425107, large_masks=24
N=204800061759986701: refine round 16, active=72661, final=111708, batch_splits=90687, forced=262920
N=204800061759986701: normalized round 17, entries=44817, mask_incidences=448856, large_masks=26
N=204800061759986701: refine round 17, active=39061, final=117632, batch_splits=90855, forced=262920
N=204800061759986701: normalized round 18, entries=38932, mask_incidences=429946, large_masks=26
N=204800061759986701: refine round 18, active=54141, final=117827, batch_splits=90855, forced=278324
N=204800061759986701: normalized round 19, entries=32193, mask_incidences=447201, large_masks=27
N=204800061759986701: refine round 19, active=27145, final=122990, batch_splits=90970, forced=278324
N=204800061759986701: normalized round 20, entries=27046, mask_incidences=428774, large_masks=27
N=204800061759986701: refine round 20, active=37658, final=123114, batch_splits=90970, forced=289060
N=204800061759986701: normalized round 21, entries=21573, mask_incidences=439691, large_masks=27
N=204800061759986701: refine round 21, active=17684, final=127103, batch_splits=91070, forced=289060
N=204800061759986701: normalized round 22, entries=17598, mask_incidences=422433, large_masks=27
N=204800061759986701: refine round 22, active=24498, final=127221, batch_splits=91070, forced=296078
N=204800061759986701: normalized round 23, entries=13513, mask_incidences=429205, large_masks=27
N=204800061759986701: refine round 23, active=10714, final=130070, batch_splits=91120, forced=296078
N=204800061759986701: normalized round 24, entries=10669, mask_incidences=412823, large_masks=27
N=204800061759986701: refine round 24, active=14853, final=130130, batch_splits=91120, forced=300322
N=204800061759986701: normalized round 25, entries=8010, mask_incidences=414857, large_masks=26
N=204800061759986701: refine round 25, active=6285, final=131882, batch_splits=91147, forced=300322
N=204800061759986701: normalized round 26, entries=6260, mask_incidences=399634, large_masks=26
N=204800061759986701: refine round 26, active=8729, final=131913, batch_splits=91147, forced=302822
N=204800061759986701: normalized round 27, entries=4520, mask_incidences=401435, large_masks=26
N=204800061759986701: refine round 27, active=3496, final=132958, batch_splits=91168, forced=302822
N=204800061759986701: normalized round 28, entries=3476, mask_incidences=387687, large_masks=26
N=204800061759986701: refine round 28, active=4863, final=132982, batch_splits=91168, forced=304233
N=204800061759986701: normalized round 29, entries=2443, mask_incidences=388536, large_masks=27
N=204800061759986701: refine round 29, active=1830, final=133602, batch_splits=91175, forced=304233
N=204800061759986701: normalized round 30, entries=1823, mask_incidences=371880, large_masks=27
N=204800061759986701: refine round 30, active=2568, final=133608, batch_splits=91175, forced=304984
N=204800061759986701: normalized round 31, entries=1256, mask_incidences=372387, large_masks=27
N=204800061759986701: refine round 31, active=875, final=133994, batch_splits=91180, forced=304984
N=204800061759986701: normalized round 32, entries=870, mask_incidences=348935, large_masks=27
N=204800061759986701: refine round 32, active=1221, final=133999, batch_splits=91180, forced=305340
N=204800061759986701: normalized round 33, entries=567, mask_incidences=348768, large_masks=27
N=204800061759986701: refine round 33, active=375, final=134193, batch_splits=91182, forced=305340
N=204800061759986701: normalized round 34, entries=373, mask_incidences=320387, large_masks=27
N=204800061759986701: refine round 34, active=523, final=134196, batch_splits=91182, forced=305493
N=204800061759986701: normalized round 35, entries=249, mask_incidences=319701, large_masks=26
N=204800061759986701: refine round 35, active=162, final=134284, batch_splits=91183, forced=305493
N=204800061759986701: normalized round 36, entries=161, mask_incidences=287370, large_masks=25
N=204800061759986701: refine round 36, active=226, final=134284, batch_splits=91183, forced=305558
N=204800061759986701: normalized round 37, entries=105, mask_incidences=287386, large_masks=25
N=204800061759986701: refine round 37, active=69, final=134328, batch_splits=91191, forced=305558
N=204800061759986701: normalized round 38, entries=61, mask_incidences=241065, large_masks=18
N=204800061759986701: refine round 38, active=83, final=134329, batch_splits=91191, forced=305581
N=204800061759986701: normalized round 39, entries=39, mask_incidences=241058, large_masks=18
N=204800061759986701: refine round 39, active=22, final=134349, batch_splits=91194, forced=305581
N=204800061759986701: normalized round 40, entries=19, mask_incidences=167349, large_masks=9
N=204800061759986701: refine round 40, active=24, final=134350, batch_splits=91194, forced=305587
N=204800061759986701: normalized round 41, entries=14, mask_incidences=167342, large_masks=9
N=204800061759986701: refine round 41, active=11, final=134355, batch_splits=91196, forced=305587
N=204800061759986701: normalized round 42, entries=9, mask_incidences=132640, large_masks=5
N=204800061759986701: refine round 42, active=11, final=134355, batch_splits=91196, forced=305589
N=204800061759986701: normalized round 43, entries=8, mask_incidences=134185, large_masks=5
N=204800061759986701: refine round 43, active=10, final=134355, batch_splits=91198, forced=305589
N=204800061759986701: normalized round 44, entries=8, mask_incidences=134183, large_masks=5
N=204800061759986701: refine round 44, active=11, final=134355, batch_splits=91198, forced=305592
N=204800061759986701: normalized round 45, entries=5, mask_incidences=130700, large_masks=4
N=204800061759986701: refine round 45, active=4, final=134357, batch_splits=91198, forced=305593
N=204800061759986701: normalized round 46, entries=2, mask_incidences=85506, large_masks=2
N=204800061759986701: refine round 46, active=0, final=134359, batch_splits=91198, forced=305593
N=204800061759986701: rank=106937, basis=106937, scan feedback
N=204800061759986701: support-two heavy index left=0/106937, queries=8, candidates=0
N=204800061759986701: support-two heavy index left=10000/106937, queries=785080, candidates=0
N=204800061759986701: support-two heavy index left=20000/106937, queries=1540256, candidates=0
N=204800061759986701: support-two heavy index left=30000/106937, queries=2281212, candidates=0
N=204800061759986701: support-two heavy index left=40000/106937, queries=3052548, candidates=0
N=204800061759986701: support-two heavy index left=50000/106937, queries=3776344, candidates=0
N=204800061759986701: support-two heavy index left=60000/106937, queries=4480584, candidates=0
N=204800061759986701: support-two heavy index left=70000/106937, queries=5221244, candidates=0
N=204800061759986701: support-two heavy index left=80000/106937, queries=5952836, candidates=0
N=204800061759986701: support-two heavy index left=90000/106937, queries=6687348, candidates=0
N=204800061759986701: support-two heavy index left=100000/106937, queries=7406392, candidates=0
N=204800061759986701: support-two light index block=0/44462, owned_pairs=32640, candidates=0
N=204800061759986701: support-two light index block=10000/44462, owned_pairs=3416354, candidates=0
N=204800061759986701: support-two light index block=20000/44462, owned_pairs=3431589, candidates=0
N=204800061759986701: support-two light index block=30000/44462, owned_pairs=3444954, candidates=0
N=204800061759986701: support-two light index block=40000/44462, owned_pairs=3472363, candidates=0
N=204800066879973329: generate frozen base
N=204800066879973329: factor-free refine 80549 exact values for 80549 columns
N=204800066879973329: normalized round 1, entries=80549, mask_incidences=80549, large_masks=0
N=204800066879973329: refine round 1, active=149431, final=111, batch_splits=68993, forced=0
N=204800066879973329: normalized round 2, entries=147003, mask_incidences=149157, large_masks=0
N=204800066879973329: refine round 2, active=78012, final=69103, batch_splits=68994, forced=0
N=204800066879973329: normalized round 3, entries=78012, mask_incidences=80166, large_masks=0
N=204800066879973329: refine round 3, active=110804, final=69104, batch_splits=68994, forced=32793
N=204800066879973329: normalized round 4, entries=77294, mask_incidences=137325, large_masks=5
N=204800066879973329: refine round 4, active=77231, final=69188, batch_splits=69015, forced=32793
N=204800066879973329: normalized round 5, entries=77227, mask_incidences=137200, large_masks=5
N=204800066879973329: refine round 5, active=105969, final=69209, batch_splits=69015, forced=61556
N=204800066879973329: normalized round 6, entries=75152, mask_incidences=195880, large_masks=8
N=204800066879973329: refine round 6, active=74740, final=69676, batch_splits=69070, forced=61556
N=204800066879973329: normalized round 7, entries=74717, mask_incidences=195010, large_masks=8
N=204800066879973329: refine round 7, active=102599, final=69731, batch_splits=69070, forced=89493
N=204800066879973329: normalized round 8, entries=71670, mask_incidences=236552, large_masks=10
N=204800066879973329: refine round 8, active=70577, final=70921, batch_splits=69167, forced=89493
N=204800066879973329: normalized round 9, entries=70537, mask_incidences=234138, large_masks=10
N=204800066879973329: refine round 9, active=97047, final=71020, batch_splits=69167, forced=116102
N=204800066879973329: normalized round 10, entries=66128, mask_incidences=271239, large_masks=13
N=204800066879973329: refine round 10, active=64121, final=73200, batch_splits=69340, forced=116102
N=204800066879973329: normalized round 11, entries=64034, mask_incidences=266455, large_masks=13
N=204800066879973329: refine round 11, active=88240, final=73376, batch_splits=69340, forced=140484
N=204800066879973329: normalized round 12, entries=58979, mask_incidences=298704, large_masks=16
N=204800066879973329: refine round 12, active=56004, final=76536, batch_splits=69525, forced=140484
N=204800066879973329: normalized round 13, entries=55911, mask_incidences=291031, large_masks=16
N=204800066879973329: refine round 13, active=77246, final=76726, batch_splits=69525, forced=162009
N=204800066879973329: normalized round 14, entries=50167, mask_incidences=318618, large_masks=17
N=204800066879973329: refine round 14, active=46396, final=80688, batch_splits=69716, forced=162009
N=204800066879973329: normalized round 15, entries=46287, mask_incidences=308067, large_masks=17
N=204800066879973329: refine round 15, active=64128, final=80901, batch_splits=69716, forced=180063
N=204800066879973329: normalized round 16, entries=40262, mask_incidences=329717, large_masks=19
N=204800066879973329: refine round 16, active=36186, final=85134, batch_splits=69873, forced=180063
N=204800066879973329: normalized round 17, entries=36087, mask_incidences=317349, large_masks=19
N=204800066879973329: refine round 17, active=50101, final=85307, batch_splits=69873, forced=194250
N=204800066879973329: normalized round 18, entries=30452, mask_incidences=333623, large_masks=20
N=204800066879973329: refine round 18, active=26434, final=89445, batch_splits=69993, forced=194250
N=204800066879973329: normalized round 19, entries=26348, mask_incidences=319860, large_masks=20
N=204800066879973329: refine round 19, active=36588, final=89579, batch_splits=69993, forced=204624
N=204800066879973329: normalized round 20, entries=21468, mask_incidences=330523, large_masks=20
N=204800066879973329: refine round 20, active=18136, final=93007, batch_splits=70089, forced=204624
N=204800066879973329: normalized round 21, entries=18061, mask_incidences=317180, large_masks=20
N=204800066879973329: refine round 21, active=25130, final=93115, batch_splits=70089, forced=211801
N=204800066879973329: normalized round 22, entries=14287, mask_incidences=324206, large_masks=22
N=204800066879973329: refine round 22, active=11640, final=95814, batch_splits=70141, forced=211801
N=204800066879973329: normalized round 23, entries=11596, mask_incidences=311459, large_masks=22
N=204800066879973329: refine round 23, active=16156, final=95873, batch_splits=70141, forced=216420
N=204800066879973329: normalized round 24, entries=8950, mask_incidences=315743, large_masks=22
N=204800066879973329: refine round 24, active=7169, final=97686, batch_splits=70173, forced=216420
N=204800066879973329: normalized round 25, entries=7141, mask_incidences=304375, large_masks=22
N=204800066879973329: refine round 25, active=9976, final=97722, batch_splits=70173, forced=219291
N=204800066879973329: normalized round 26, entries=5259, mask_incidences=306894, large_masks=22
N=204800066879973329: refine round 26, active=4078, final=98923, batch_splits=70193, forced=219291
N=204800066879973329: normalized round 27, entries=4060, mask_incidences=295859, large_masks=22
N=204800066879973329: refine round 27, active=5689, final=98949, batch_splits=70193, forced=220946
N=204800066879973329: normalized round 28, entries=2904, mask_incidences=296999, large_masks=22
N=204800066879973329: refine round 28, active=2231, final=99631, batch_splits=70202, forced=220946
N=204800066879973329: normalized round 29, entries=2223, mask_incidences=284924, large_masks=22
N=204800066879973329: refine round 29, active=3123, final=99643, batch_splits=70202, forced=221858
N=204800066879973329: normalized round 30, entries=1538, mask_incidences=285480, large_masks=22
N=204800066879973329: refine round 30, active=1115, final=100069, batch_splits=70205, forced=221858
N=204800066879973329: normalized round 31, entries=1112, mask_incidences=270691, large_masks=22
N=204800066879973329: refine round 31, active=1564, final=100073, batch_splits=70205, forced=222314
N=204800066879973329: normalized round 32, entries=760, mask_incidences=270863, large_masks=22
N=204800066879973329: refine round 32, active=559, final=100279, batch_splits=70210, forced=222314
N=204800066879973329: normalized round 33, entries=554, mask_incidences=251694, large_masks=22
N=204800066879973329: refine round 33, active=770, final=100287, batch_splits=70210, forced=222538
N=204800066879973329: normalized round 34, entries=357, mask_incidences=250756, large_masks=22
N=204800066879973329: refine round 34, active=252, final=100395, batch_splits=70213, forced=222538
N=204800066879973329: normalized round 35, entries=249, mask_incidences=232548, large_masks=22
N=204800066879973329: refine round 35, active=349, final=100396, batch_splits=70213, forced=222639
N=204800066879973329: normalized round 36, entries=172, mask_incidences=232606, large_masks=22
N=204800066879973329: refine round 36, active=113, final=100456, batch_splits=70214, forced=222639
N=204800066879973329: normalized round 37, entries=112, mask_incidences=198183, large_masks=17
N=204800066879973329: refine round 37, active=156, final=100456, batch_splits=70214, forced=222683
N=204800066879973329: normalized round 38, entries=82, mask_incidences=199372, large_masks=17
N=204800066879973329: refine round 38, active=57, final=100483, batch_splits=70216, forced=222683
N=204800066879973329: normalized round 39, entries=55, mask_incidences=173199, large_masks=15
N=204800066879973329: refine round 39, active=77, final=100483, batch_splits=70216, forced=222705
N=204800066879973329: normalized round 40, entries=33, mask_incidences=170604, large_masks=14
N=204800066879973329: refine round 40, active=20, final=100498, batch_splits=70218, forced=222705
N=204800066879973329: normalized round 41, entries=18, mask_incidences=143767, large_masks=9
N=204800066879973329: refine round 41, active=25, final=100498, batch_splits=70218, forced=222712
N=204800066879973329: normalized round 42, entries=13, mask_incidences=143757, large_masks=9
N=204800066879973329: refine round 42, active=13, final=100500, batch_splits=70220, forced=222712
N=204800066879973329: normalized round 43, entries=11, mask_incidences=115756, large_masks=7
N=204800066879973329: refine round 43, active=15, final=100500, batch_splits=70220, forced=222716
N=204800066879973329: normalized round 44, entries=9, mask_incidences=115756, large_masks=7
N=204800066879973329: refine round 44, active=8, final=100503, batch_splits=70220, forced=222718
N=204800066879973329: normalized round 45, entries=5, mask_incidences=64780, large_masks=4
N=204800066879973329: refine round 45, active=4, final=100505, batch_splits=70221, forced=222718
N=204800066879973329: normalized round 46, entries=3, mask_incidences=26938, large_masks=2
N=204800066879973329: refine round 46, active=4, final=100505, batch_splits=70221, forced=222719
N=204800066879973329: normalized round 47, entries=2, mask_incidences=26937, large_masks=2
N=204800066879973329: refine round 47, active=0, final=100507, batch_splits=70221, forced=222719
N=204800066879973329: rank=80446, basis=80446, scan feedback
N=204800066879973329: support-two heavy index left=0/80446, queries=64, candidates=0
N=204800066879973329: support-two heavy index left=10000/80446, queries=702812, candidates=0
N=204800066879973329: support-two heavy index left=20000/80446, queries=1398096, candidates=0
N=204800066879973329: support-two heavy index left=30000/80446, queries=2078612, candidates=0
N=204800066879973329: support-two heavy index left=40000/80446, queries=2766928, candidates=0
N=204800066879973329: support-two heavy index left=50000/80446, queries=3464168, candidates=0
N=204800066879973329: support-two heavy index left=60000/80446, queries=4166084, candidates=0
N=204800066879973329: support-two heavy index left=70000/80446, queries=4838744, candidates=0
N=204800066879973329: support-two heavy index left=80000/80446, queries=5566764, candidates=0
N=204800066879973329: support-two light index block=0/31218, owned_pairs=32640, candidates=0
N=204800066879973329: support-two light index block=10000/31218, owned_pairs=2741943, candidates=0
N=204800066879973329: support-two light index block=20000/31218, owned_pairs=2751131, candidates=0
N=204800066879973329: support-two light index block=30000/31218, owned_pairs=2775311, candidates=0
N=204800093759919353: generate frozen base
N=204800093759919353: factor-free refine 65048 exact values for 65048 columns
N=204800093759919353: normalized round 1, entries=65048, mask_incidences=65048, large_masks=0
N=204800093759919353: refine round 1, active=123055, final=108, batch_splits=58115, forced=0
N=204800093759919353: normalized round 2, entries=120748, mask_incidences=122809, large_masks=0
N=204800093759919353: refine round 2, active=86915, final=58223, batch_splits=58115, forced=24282
N=204800093759919353: normalized round 3, entries=61964, mask_incidences=107362, large_masks=4
N=204800093759919353: refine round 3, active=61919, final=58278, batch_splits=58125, forced=24282
N=204800093759919353: normalized round 4, entries=61913, mask_incidences=107271, large_masks=4
N=204800093759919353: refine round 4, active=84905, final=58288, batch_splits=58125, forced=47284
N=204800093759919353: normalized round 5, entries=60141, mask_incidences=153505, large_masks=6
N=204800093759919353: refine round 5, active=59872, final=58614, batch_splits=58182, forced=47284
N=204800093759919353: normalized round 6, entries=59856, mask_incidences=152938, large_masks=6
N=204800093759919353: refine round 6, active=82174, final=58672, batch_splits=58182, forced=69660
N=204800093759919353: normalized round 7, entries=57047, mask_incidences=187168, large_masks=9
N=204800093759919353: refine round 7, active=56218, final=59594, batch_splits=58275, forced=69660
N=204800093759919353: normalized round 8, entries=56178, mask_incidences=185330, large_masks=9
N=204800093759919353: refine round 8, active=77222, final=59687, batch_splits=58275, forced=90797
N=204800093759919353: normalized round 9, entries=52512, mask_incidences=214875, large_masks=12
N=204800093759919353: refine round 9, active=50904, final=61413, batch_splits=58393, forced=90797
N=204800093759919353: normalized round 10, entries=50858, mask_incidences=211043, large_masks=12
N=204800093759919353: refine round 10, active=70194, final=61534, batch_splits=58393, forced=110254
N=204800093759919353: normalized round 11, entries=46472, mask_incidences=236674, large_masks=13
N=204800093759919353: refine round 11, active=44066, final=64075, batch_splits=58528, forced=110254
N=204800093759919353: normalized round 12, entries=43996, mask_incidences=230512, large_masks=13
N=204800093759919353: refine round 12, active=60845, final=64215, batch_splits=58528, forced=127243
N=204800093759919353: normalized round 13, entries=39402, mask_incidences=252082, large_masks=15
N=204800093759919353: refine round 13, active=36477, final=67261, batch_splits=58649, forced=127243
N=204800093759919353: normalized round 14, entries=36401, mask_incidences=243973, large_masks=15
N=204800093759919353: refine round 14, active=50451, final=67395, batch_splits=58649, forced=141427
N=204800093759919353: normalized round 15, entries=31515, mask_incidences=260612, large_masks=16
N=204800093759919353: refine round 15, active=28311, final=70715, batch_splits=58765, forced=141427
N=204800093759919353: normalized round 16, entries=28234, mask_incidences=250942, large_masks=16
N=204800093759919353: refine round 16, active=39185, final=70848, batch_splits=58765, forced=152511
N=204800093759919353: normalized round 17, entries=23696, mask_incidences=263442, large_masks=17
N=204800093759919353: refine round 17, active=20700, final=73938, batch_splits=58859, forced=152511
N=204800093759919353: normalized round 18, entries=20635, mask_incidences=253163, large_masks=17
N=204800093759919353: refine round 18, active=28684, final=74046, batch_splits=58859, forced=160668
N=204800093759919353: normalized round 19, entries=16812, mask_incidences=261785, large_masks=17
N=204800093759919353: refine round 19, active=14165, final=76767, batch_splits=58933, forced=160668
N=204800093759919353: normalized round 20, entries=14108, mask_incidences=251345, large_masks=17
N=204800093759919353: refine round 20, active=19609, final=76856, batch_splits=58933, forced=166258
N=204800093759919353: normalized round 21, entries=11139, mask_incidences=256930, large_masks=17
N=204800093759919353: refine round 21, active=9141, final=78912, batch_splits=58991, forced=166258
N=204800093759919353: normalized round 22, entries=9089, mask_incidences=247180, large_masks=17
N=204800093759919353: refine round 22, active=12623, final=78981, batch_splits=58991, forced=169861
N=204800093759919353: normalized round 23, entries=6836, mask_incidences=250504, large_masks=18
N=204800093759919353: refine round 23, active=5505, final=80346, batch_splits=59025, forced=169861
N=204800093759919353: normalized round 24, entries=5475, mask_incidences=241341, large_masks=18
N=204800093759919353: refine round 24, active=7649, final=80383, batch_splits=59025, forced=172072
N=204800093759919353: normalized round 25, entries=3984, mask_incidences=243224, large_masks=18
N=204800093759919353: refine round 25, active=3155, final=81241, batch_splits=59054, forced=172072
N=204800093759919353: normalized round 26, entries=3127, mask_incidences=235008, large_masks=18
N=204800093759919353: refine round 26, active=4337, final=81277, batch_splits=59054, forced=173318
N=204800093759919353: normalized round 27, entries=2221, mask_incidences=235684, large_masks=19
N=204800093759919353: refine round 27, active=1740, final=81764, batch_splits=59060, forced=173318
N=204800093759919353: normalized round 28, entries=1734, mask_incidences=226196, large_masks=19
N=204800093759919353: refine round 28, active=2441, final=81772, batch_splits=59060, forced=174033
N=204800093759919353: normalized round 29, entries=1211, mask_incidences=226000, large_masks=19
N=204800093759919353: refine round 29, active=921, final=82068, batch_splits=59066, forced=174033
N=204800093759919353: normalized round 30, entries=915, mask_incidences=215527, large_masks=19
N=204800093759919353: refine round 30, active=1281, final=82076, batch_splits=59066, forced=174407
N=204800093759919353: normalized round 31, entries=635, mask_incidences=215256, large_masks=19
N=204800093759919353: refine round 31, active=456, final=82259, batch_splits=59070, forced=174407
N=204800093759919353: normalized round 32, entries=452, mask_incidences=198649, large_masks=19
N=204800093759919353: refine round 32, active=633, final=82263, batch_splits=59070, forced=174592
N=204800093759919353: normalized round 33, entries=303, mask_incidences=198725, large_masks=19
N=204800093759919353: refine round 33, active=216, final=82351, batch_splits=59071, forced=174592
N=204800093759919353: normalized round 34, entries=215, mask_incidences=183626, large_masks=19
N=204800093759919353: refine round 34, active=302, final=82351, batch_splits=59071, forced=174679
N=204800093759919353: normalized round 35, entries=141, mask_incidences=183651, large_masks=19
N=204800093759919353: refine round 35, active=94, final=82400, batch_splits=59073, forced=174679
N=204800093759919353: normalized round 36, entries=92, mask_incidences=161778, large_masks=18
N=204800093759919353: refine round 36, active=129, final=82400, batch_splits=59073, forced=174716
N=204800093759919353: normalized round 37, entries=64, mask_incidences=162719, large_masks=18
N=204800093759919353: refine round 37, active=42, final=82425, batch_splits=59076, forced=174716
N=204800093759919353: normalized round 38, entries=39, mask_incidences=130779, large_masks=13
N=204800093759919353: refine round 38, active=55, final=82425, batch_splits=59076, forced=174732
N=204800093759919353: normalized round 39, entries=27, mask_incidences=128782, large_masks=12
N=204800093759919353: refine round 39, active=20, final=82434, batch_splits=59078, forced=174732
N=204800093759919353: normalized round 40, entries=18, mask_incidences=117755, large_masks=9
N=204800093759919353: refine round 40, active=25, final=82434, batch_splits=59078, forced=174739
N=204800093759919353: normalized round 41, entries=12, mask_incidences=117750, large_masks=9
N=204800093759919353: refine round 41, active=4, final=82443, batch_splits=59078, forced=174740
N=204800093759919353: normalized round 42, entries=2, mask_incidences=22969, large_masks=2
N=204800093759919353: refine round 42, active=0, final=82445, batch_splits=59078, forced=174740
N=204800093759919353: rank=65005, basis=65005, scan feedback
N=204800093759919353: support-two heavy index left=0/65005, queries=16, candidates=0
N=204800093759919353: support-two heavy index left=10000/65005, queries=645908, candidates=0
N=204800093759919353: support-two heavy index left=20000/65005, queries=1301168, candidates=0
N=204800093759919353: support-two heavy index left=30000/65005, queries=1942676, candidates=0
N=204800093759919353: support-two heavy index left=40000/65005, queries=2573904, candidates=0
N=204800093759919353: support-two heavy index left=50000/65005, queries=3249276, candidates=0
N=204800093759919353: support-two heavy index left=60000/65005, queries=3901220, candidates=0
N=204800093759919353: support-two light index block=0/24097, owned_pairs=31125, candidates=0
N=204800093759919353: support-two light index block=10000/24097, owned_pairs=2337023, candidates=0
N=204800093759919353: support-two light index block=20000/24097, owned_pairs=2347695, candidates=0
N=204800123199900673: generate frozen base
N=204800123199900673: factor-free refine 92082 exact values for 92082 columns
N=204800123199900673: normalized round 1, entries=92082, mask_incidences=92082, large_masks=0
N=204800123199900673: refine round 1, active=172314, final=103, batch_splits=80335, forced=0
N=204800123199900673: normalized round 2, entries=169344, mask_incidences=171986, large_masks=0
N=204800123199900673: refine round 2, active=89011, final=80437, batch_splits=80336, forced=0
N=204800123199900673: normalized round 3, entries=89011, mask_incidences=91653, large_masks=0
N=204800123199900673: refine round 3, active=126472, final=80438, batch_splits=80336, forced=37462
N=204800123199900673: normalized round 4, entries=88153, mask_incidences=157166, large_masks=5
N=204800123199900673: refine round 4, active=88097, final=80515, batch_splits=80357, forced=37462
N=204800123199900673: normalized round 5, entries=88091, mask_incidences=157049, large_masks=5
N=204800123199900673: refine round 5, active=120838, final=80536, batch_splits=80357, forced=70230
N=204800123199900673: normalized round 6, entries=85779, mask_incidences=223779, large_masks=9
N=204800123199900673: refine round 6, active=85386, final=81001, batch_splits=80429, forced=70230
N=204800123199900673: normalized round 7, entries=85361, mask_incidences=222958, large_masks=9
N=204800123199900673: refine round 7, active=117118, final=81073, batch_splits=80429, forced=102059
N=204800123199900673: normalized round 8, entries=81692, mask_incidences=270459, large_masks=12
N=204800123199900673: refine round 8, active=80505, final=82395, batch_splits=80564, forced=102059
N=204800123199900673: normalized round 9, entries=80464, mask_incidences=267827, large_masks=12
N=204800123199900673: refine round 9, active=110611, final=82531, batch_splits=80564, forced=132342
N=204800123199900673: normalized round 10, entries=75455, mask_incidences=310075, large_masks=15
N=204800123199900673: refine round 10, active=73060, final=85106, batch_splits=80744, forced=132342
N=204800123199900673: normalized round 11, entries=72980, mask_incidences=304454, large_masks=15
N=204800123199900673: refine round 11, active=100615, final=85286, batch_splits=80744, forced=160157
N=204800123199900673: normalized round 12, entries=66960, mask_incidences=341476, large_masks=18
N=204800123199900673: refine round 12, active=63655, final=88838, batch_splits=80991, forced=160157
N=204800123199900673: normalized round 13, entries=63520, mask_incidences=332988, large_masks=18
N=204800123199900673: refine round 13, active=87646, final=89098, batch_splits=80991, forced=184543
N=204800123199900673: normalized round 14, entries=56737, mask_incidences=363708, large_masks=20
N=204800123199900673: refine round 14, active=52473, final=93576, batch_splits=81205, forced=184543
N=204800123199900673: normalized round 15, entries=52349, mask_incidences=352039, large_masks=20
N=204800123199900673: refine round 15, active=72420, final=93800, batch_splits=81205, forced=204838
N=204800123199900673: normalized round 16, entries=45489, mask_incidences=376581, large_masks=22
N=204800123199900673: refine round 16, active=40856, final=98612, batch_splits=81384, forced=204838
N=204800123199900673: normalized round 17, entries=40738, mask_incidences=362727, large_masks=22
N=204800123199900673: refine round 17, active=56505, final=98804, batch_splits=81384, forced=220797
N=204800123199900673: normalized round 18, entries=34304, mask_incidences=381144, large_masks=23
N=204800123199900673: refine round 18, active=29782, final=103469, batch_splits=81527, forced=220797
N=204800123199900673: normalized round 19, entries=29663, mask_incidences=366102, large_masks=23
N=204800123199900673: refine round 19, active=41149, final=103635, batch_splits=81527, forced=232449
N=204800123199900673: normalized round 20, entries=24225, mask_incidences=378865, large_masks=24
N=204800123199900673: refine round 20, active=20473, final=107484, batch_splits=81624, forced=232449
N=204800123199900673: normalized round 21, entries=20394, mask_incidences=364274, large_masks=24
N=204800123199900673: refine round 21, active=28366, final=107600, batch_splits=81624, forced=240537
N=204800123199900673: normalized round 22, entries=16067, mask_incidences=372909, large_masks=24
N=204800123199900673: refine round 22, active=13110, final=110610, batch_splits=81677, forced=240537
N=204800123199900673: normalized round 23, entries=13066, mask_incidences=358729, large_masks=24
N=204800123199900673: refine round 23, active=18229, final=110672, batch_splits=81677, forced=245762
N=204800123199900673: normalized round 24, entries=9953, mask_incidences=362594, large_masks=24
N=204800123199900673: refine round 24, active=8001, final=112671, batch_splits=81724, forced=245762
N=204800123199900673: normalized round 25, entries=7960, mask_incidences=349709, large_masks=24
N=204800123199900673: refine round 25, active=11111, final=112729, batch_splits=81724, forced=248971
N=204800123199900673: normalized round 26, entries=5880, mask_incidences=352301, large_masks=24
N=204800123199900673: refine round 26, active=4599, final=114030, batch_splits=81744, forced=248971
N=204800123199900673: normalized round 27, entries=4581, mask_incidences=339519, large_masks=24
N=204800123199900673: refine round 27, active=6397, final=114053, batch_splits=81744, forced=250810
N=204800123199900673: normalized round 28, entries=3286, mask_incidences=340997, large_masks=24
N=204800123199900673: refine round 28, active=2564, final=114784, batch_splits=81753, forced=250810
N=204800123199900673: normalized round 29, entries=2556, mask_incidences=327587, large_masks=24
N=204800123199900673: refine round 29, active=3586, final=114794, batch_splits=81753, forced=251850
N=204800123199900673: normalized round 30, entries=1783, mask_incidences=328101, large_masks=24
N=204800123199900673: refine round 30, active=1326, final=115257, batch_splits=81759, forced=251850
N=204800123199900673: normalized round 31, entries=1320, mask_incidences=313716, large_masks=24
N=204800123199900673: refine round 31, active=1849, final=115265, batch_splits=81759, forced=252387
N=204800123199900673: normalized round 32, entries=908, mask_incidences=313353, large_masks=24
N=204800123199900673: refine round 32, active=650, final=115526, batch_splits=81762, forced=252387
N=204800123199900673: normalized round 33, entries=647, mask_incidences=294129, large_masks=24
N=204800123199900673: refine round 33, active=905, final=115529, batch_splits=81762, forced=252648
N=204800123199900673: normalized round 34, entries=433, mask_incidences=295704, large_masks=24
N=204800123199900673: refine round 34, active=294, final=115670, batch_splits=81764, forced=252648
N=204800123199900673: normalized round 35, entries=292, mask_incidences=270264, large_masks=24
N=204800123199900673: refine round 35, active=410, final=115672, batch_splits=81764, forced=252768
N=204800123199900673: normalized round 36, entries=200, mask_incidences=267298, large_masks=23
N=204800123199900673: refine round 36, active=137, final=115736, batch_splits=81765, forced=252768
N=204800123199900673: normalized round 37, entries=136, mask_incidences=245668, large_masks=22
N=204800123199900673: refine round 37, active=190, final=115737, batch_splits=81765, forced=252823
N=204800123199900673: normalized round 38, entries=97, mask_incidences=245683, large_masks=22
N=204800123199900673: refine round 38, active=69, final=115766, batch_splits=81766, forced=252823
N=204800123199900673: normalized round 39, entries=68, mask_incidences=219402, large_masks=19
N=204800123199900673: refine round 39, active=93, final=115766, batch_splits=81766, forced=252848
N=204800123199900673: normalized round 40, entries=48, mask_incidences=219408, large_masks=19
N=204800123199900673: refine round 40, active=37, final=115779, batch_splits=81768, forced=252848
N=204800123199900673: normalized round 41, entries=35, mask_incidences=193600, large_masks=13
N=204800123199900673: refine round 41, active=48, final=115779, batch_splits=81768, forced=252861
N=204800123199900673: normalized round 42, entries=27, mask_incidences=193603, large_masks=13
N=204800123199900673: refine round 42, active=22, final=115787, batch_splits=81771, forced=252861
N=204800123199900673: normalized round 43, entries=19, mask_incidences=130198, large_masks=7
N=204800123199900673: refine round 43, active=25, final=115787, batch_splits=81771, forced=252867
N=204800123199900673: normalized round 44, entries=14, mask_incidences=130202, large_masks=7
N=204800123199900673: refine round 44, active=7, final=115795, batch_splits=81772, forced=252867
N=204800123199900673: normalized round 45, entries=6, mask_incidences=35664, large_masks=2
N=204800123199900673: refine round 45, active=8, final=115795, batch_splits=81772, forced=252869
N=204800123199900673: normalized round 46, entries=4, mask_incidences=35664, large_masks=2
N=204800123199900673: refine round 46, active=0, final=115799, batch_splits=81772, forced=252869
N=204800123199900673: rank=91979, basis=91979, scan feedback
N=204800123199900673: support-two heavy index left=0/91979, queries=8, candidates=0
N=204800123199900673: support-two heavy index left=10000/91979, queries=709728, candidates=0
N=204800123199900673: support-two heavy index left=20000/91979, queries=1421576, candidates=0
N=204800123199900673: support-two heavy index left=30000/91979, queries=2143936, candidates=0
N=204800123199900673: support-two heavy index left=40000/91979, queries=2884152, candidates=0
N=204800123199900673: support-two heavy index left=50000/91979, queries=3616728, candidates=0
N=204800123199900673: support-two heavy index left=60000/91979, queries=4344876, candidates=0
N=204800123199900673: support-two heavy index left=70000/91979, queries=5083164, candidates=0
N=204800123199900673: support-two heavy index left=80000/91979, queries=5794812, candidates=0
N=204800123199900673: support-two heavy index left=90000/91979, queries=6522304, candidates=0
N=204800123199900673: support-two light index block=0/35157, owned_pairs=32385, candidates=0
N=204800123199900673: support-two light index block=10000/35157, owned_pairs=3055112, candidates=0
N=204800123199900673: support-two light index block=20000/35157, owned_pairs=3066810, candidates=0
N=204800123199900673: support-two light index block=30000/35157, owned_pairs=3086579, candidates=0
{"any_new_feedback_factor": true, "claim_boundary": "Fixed finite capability/null evidence only. Factor-assisted indexing is used only to locate all support-two direct-screen candidates. Every hit is constructed from the public factor-free basis and verified by direct gcd.", "instance_count": 5, "support_one_proper_hits": 0, "support_two_proper_hit_pairs": 65}
exit_code=0
elapsed_seconds=167.38698695900166
status=PASS
