{
  "packet": "F303",
  "status": "exact_sparse_closed_formula_controls",
  "checks": 12,
  "runtime_seconds": 0.0001409579999744892,
  "max_rss_bytes": 16842752,
  "rows": [
    {
      "M": 8,
      "N": 3,
      "a": 0,
      "b": 0,
      "guard_bits": 0,
      "actual_mod_M2": 4,
      "closed_mod_M2": 4,
      "without_guard_result": null
    },
    {
      "M": 8,
      "N": 3,
      "a": 9,
      "b": 9,
      "guard_bits": 0,
      "actual_mod_M2": 12,
      "closed_mod_M2": 12,
      "without_guard_result": null
    },
    {
      "M": 16,
      "N": 1,
      "a": 1,
      "b": 1,
      "guard_bits": 0,
      "actual_mod_M2": 40,
      "closed_mod_M2": 40,
      "without_guard_result": null
    },
    {
      "M": 16,
      "N": 3,
      "a": 2,
      "b": 2,
      "guard_bits": 0,
      "actual_mod_M2": 72,
      "closed_mod_M2": 72,
      "without_guard_result": null
    },
    {
      "M": 32,
      "N": 7,
      "a": 3,
      "b": 3,
      "guard_bits": 0,
      "actual_mod_M2": 304,
      "closed_mod_M2": 304,
      "without_guard_result": null
    },
    {
      "M": 16,
      "N": 3,
      "a": 4,
      "b": 2,
      "guard_bits": 1,
      "actual_mod_M2": 232,
      "closed_mod_M2": 232,
      "without_guard_result": 104
    },
    {
      "M": 16,
      "N": 5,
      "a": 6,
      "b": 2,
      "guard_bits": 2,
      "actual_mod_M2": 136,
      "closed_mod_M2": 136,
      "without_guard_result": 8
    },
    {
      "M": 32,
      "N": 3,
      "a": 9,
      "b": 1,
      "guard_bits": 3,
      "actual_mod_M2": 48,
      "closed_mod_M2": 48,
      "without_guard_result": 48
    },
    {
      "M": 32,
      "N": 5,
      "a": 17,
      "b": 1,
      "guard_bits": 4,
      "actual_mod_M2": 720,
      "closed_mod_M2": 720,
      "without_guard_result": 16
    },
    {
      "M": 64,
      "N": 19,
      "a": 7,
      "b": 3,
      "guard_bits": 2,
      "actual_mod_M2": 3168,
      "closed_mod_M2": 3168,
      "without_guard_result": 96
    },
    {
      "M": 128,
      "N": 45,
      "a": 6,
      "b": 5,
      "guard_bits": 0,
      "actual_mod_M2": 12288,
      "closed_mod_M2": 12288,
      "without_guard_result": 12288
    },
    {
      "M": 32,
      "N": 3,
      "a": 3,
      "b": 0,
      "guard_bits": 0,
      "actual_mod_M2": 768,
      "closed_mod_M2": 768,
      "without_guard_result": 768
    }
  ]
}
