{
  "packet": "F303",
  "route": "F31",
  "seed": 3032608,
  "status": "exact_small_certificates_and_polynomial_size_large_bit_evaluations",
  "runtime_seconds": 1.1438746669882676,
  "max_rss_bytes": 20004864,
  "mixed_M2_checks": 3248,
  "mixed_M3_correction_checks": 3248,
  "weighted_carry_checks": 2320,
  "small_cases": [
    {
      "k": 3,
      "M": 8,
      "cases": 4,
      "working_bits": 11,
      "product_mod_work": 105,
      "max_exact_bits": 2,
      "sample_S11": 84,
      "sample_S11_mod_M2": 20
    },
    {
      "k": 4,
      "M": 16,
      "cases": 8,
      "working_bits": 14,
      "product_mod_work": 11793,
      "max_exact_bits": 10,
      "sample_S11": 552,
      "sample_S11_mod_M2": 40
    },
    {
      "k": 5,
      "M": 32,
      "cases": 16,
      "working_bits": 17,
      "product_mod_work": 13601,
      "max_exact_bits": 23,
      "sample_S11": 4688,
      "sample_S11_mod_M2": 592
    },
    {
      "k": 6,
      "M": 64,
      "cases": 32,
      "working_bits": 20,
      "product_mod_work": 486977,
      "max_exact_bits": 38,
      "sample_S11": 31904,
      "sample_S11_mod_M2": 3232
    },
    {
      "k": 7,
      "M": 128,
      "cases": 64,
      "working_bits": 23,
      "product_mod_work": 3140737,
      "max_exact_bits": 70,
      "sample_S11": 284992,
      "sample_S11_mod_M2": 6464
    },
    {
      "k": 8,
      "M": 256,
      "cases": 68,
      "working_bits": 26,
      "product_mod_work": 34347265,
      "max_exact_bits": 101,
      "sample_S11": 1979008,
      "sample_S11_mod_M2": 12928
    },
    {
      "k": 9,
      "M": 512,
      "cases": 67,
      "working_bits": 29,
      "product_mod_work": 269038081,
      "max_exact_bits": 145,
      "sample_S11": 16409856,
      "sample_S11_mod_M2": 156928
    },
    {
      "k": 10,
      "M": 1024,
      "cases": 69,
      "working_bits": 32,
      "product_mod_work": 4191577089,
      "max_exact_bits": 184,
      "sample_S11": 126667264,
      "sample_S11_mod_M2": 838144
    },
    {
      "k": 11,
      "M": 2048,
      "cases": 69,
      "working_bits": 35,
      "product_mod_work": 32929269761,
      "max_exact_bits": 241,
      "sample_S11": 1039766528,
      "sample_S11_mod_M2": 3773440
    },
    {
      "k": 12,
      "M": 4096,
      "cases": 67,
      "working_bits": 38,
      "product_mod_work": 174780420097,
      "max_exact_bits": 290,
      "sample_S11": 8278714368,
      "sample_S11_mod_M2": 7546880
    }
  ],
  "large_bit_evaluations": [
    {
      "k": 32,
      "working_bits": 98,
      "truncation_degree": 48,
      "max_exact_bits": 2630,
      "runtime_seconds": 0.0009525830100756139,
      "enumerated_units": 0,
      "values": [
        {
          "N": 1,
          "S11_mod_M2": 1765172676801855488,
          "accessible_third_precision_part": 56968066998352734278110937088
        },
        {
          "N": 3,
          "S11_mod_M2": 10781925549421887488,
          "accessible_third_precision_part": 43658663774096656448217939968
        },
        {
          "N": 1431655765,
          "S11_mod_M2": 8219762864827662336,
          "accessible_third_precision_part": 56885302237979484779125407744
        }
      ]
    },
    {
      "k": 64,
      "working_bits": 194,
      "truncation_degree": 96,
      "max_exact_bits": 11310,
      "runtime_seconds": 0.023129417008021846,
      "enumerated_units": 0,
      "values": [
        {
          "N": 1,
          "S11_mod_M2": 195753456165655481300115596691485229056,
          "accessible_third_precision_part": 1090167702713806475290645791288542245086894113003443060736
        },
        {
          "N": 3,
          "S11_mod_M2": 246753590285343305509636531691540447232,
          "accessible_third_precision_part": 5844970636036249368815229934701665125644198609025318780928
        },
        {
          "N": 6148914691236517205,
          "S11_mod_M2": 123769672757449022054354510681470926848,
          "accessible_third_precision_part": 4829475802376943081533007525677655254107796000283841003520
        }
      ]
    },
    {
      "k": 128,
      "working_bits": 386,
      "truncation_degree": 192,
      "max_exact_bits": 47008,
      "runtime_seconds": 0.8091552090045298,
      "enumerated_units": 0,
      "values": [
        {
          "N": 1,
          "S11_mod_M2": 112342496739936473656125743948834258869008900401267581562645310183285052145664,
          "accessible_third_precision_part": 26373131229091379016926649172940691973934868295630907756112940496719728890829148773284813622035371625364813374291968
        },
        {
          "N": 3,
          "S11_mod_M2": 68708091745389299754761859601343132732082875318150479703523129772063158435840,
          "accessible_third_precision_part": 18483008507126829650119441107950041577601572559183794510189275284268756827895663225328995501217562318879533423394816
        },
        {
          "N": 113427455640312821154458202477256070485,
          "S11_mod_M2": 9933960747740847817714811773385002959738820100487597173821863635536847044608,
          "accessible_third_precision_part": 31750199039767103631546272677915060387933831493500137328096781991522557593939883521332053994701986106739620354981888
        }
      ]
    }
  ],
  "mahler_sequences": [
    {
      "k": 3,
      "M": 8,
      "input_N": "1+2t",
      "length": 4,
      "mahler": {
        "E2_mod_M": {
          "modulus": 8,
          "coefficients": [
            3,
            5,
            7,
            2
          ],
          "valuations": [
            0,
            0,
            0,
            1
          ]
        },
        "Q02_mod_2M": {
          "modulus": 16,
          "coefficients": [
            14,
            2,
            6,
            12
          ],
          "valuations": [
            1,
            1,
            1,
            2
          ]
        },
        "normalized_residual_mod_M": {
          "modulus": 8,
          "coefficients": [
            5,
            3,
            1,
            0
          ],
          "valuations": [
            0,
            0,
            0,
            null
          ]
        }
      }
    },
    {
      "k": 4,
      "M": 16,
      "input_N": "1+2t",
      "length": 8,
      "mahler": {
        "E2_mod_M": {
          "modulus": 16,
          "coefficients": [
            11,
            13,
            13,
            12,
            6,
            10,
            6,
            0
          ],
          "valuations": [
            0,
            0,
            0,
            2,
            1,
            1,
            1,
            null
          ]
        },
        "Q02_mod_2M": {
          "modulus": 32,
          "coefficients": [
            14,
            2,
            26,
            24,
            12,
            12,
            20,
            0
          ],
          "valuations": [
            1,
            1,
            1,
            3,
            2,
            2,
            2,
            null
          ]
        },
        "normalized_residual_mod_M": {
          "modulus": 16,
          "coefficients": [
            5,
            3,
            11,
            14,
            10,
            6,
            10,
            12
          ],
          "valuations": [
            0,
            0,
            0,
            1,
            1,
            1,
            1,
            2
          ]
        }
      }
    },
    {
      "k": 5,
      "M": 32,
      "input_N": "1+2t",
      "length": 16,
      "mahler": {
        "E2_mod_M": {
          "modulus": 32,
          "coefficients": [
            7,
            29,
            25,
            6,
            14,
            10,
            26,
            18,
            24,
            28,
            20,
            22,
            6,
            30,
            2,
            0
          ],
          "valuations": [
            0,
            0,
            0,
            1,
            1,
            1,
            1,
            1,
            3,
            2,
            2,
            1,
            1,
            1,
            1,
            null
          ]
        },
        "Q02_mod_2M": {
          "modulus": 64,
          "coefficients": [
            54,
            2,
            34,
            36,
            60,
            44,
            12,
            28,
            16,
            8,
            24,
            20,
            52,
            4,
            60,
            0
          ],
          "valuations": [
            1,
            1,
            1,
            2,
            2,
            2,
            2,
            2,
            4,
            3,
            3,
            2,
            2,
            2,
            2,
            null
          ]
        },
        "normalized_residual_mod_M": {
          "modulus": 32,
          "coefficients": [
            25,
            27,
            31,
            0,
            2,
            6,
            22,
            6,
            8,
            28,
            12,
            14,
            26,
            26,
            30,
            4
          ],
          "valuations": [
            0,
            0,
            0,
            null,
            1,
            1,
            1,
            1,
            3,
            2,
            2,
            1,
            1,
            1,
            1,
            2
          ]
        }
      }
    },
    {
      "k": 6,
      "M": 64,
      "input_N": "1+2t",
      "length": 32,
      "mahler": {
        "E2_mod_M": {
          "modulus": 64,
          "coefficients": [
            23,
            49,
            13,
            10,
            50,
            50,
            30,
            44,
            18,
            54,
            14,
            38,
            36,
            28,
            40,
            50,
            24,
            48,
            32,
            48,
            62,
            38,
            38,
            6,
            12,
            8,
            0,
            26,
            42,
            18,
            46,
            0
          ],
          "valuations": [
            0,
            0,
            0,
            1,
            1,
            1,
            1,
            2,
            1,
            1,
            1,
            1,
            2,
            2,
            3,
            1,
            3,
            4,
            5,
            4,
            1,
            1,
            1,
            1,
            2,
            3,
            null,
            1,
            1,
            1,
            1,
            null
          ]
        },
        "Q02_mod_2M": {
          "modulus": 128,
          "coefficients": [
            22,
            26,
            58,
            28,
            116,
            28,
            68,
            40,
            92,
            20,
            100,
            52,
            56,
            72,
            48,
            28,
            80,
            32,
            64,
            32,
            4,
            52,
            52,
            116,
            104,
            112,
            0,
            76,
            44,
            92,
            36,
            0
          ],
          "valuations": [
            1,
            1,
            1,
            2,
            2,
            2,
            2,
            3,
            2,
            2,
            2,
            2,
            3,
            3,
            4,
            2,
            4,
            5,
            6,
            5,
            2,
            2,
            2,
            2,
            3,
            4,
            null,
            2,
            2,
            2,
            2,
            null
          ]
        },
        "normalized_residual_mod_M": {
          "modulus": 64,
          "coefficients": [
            41,
            63,
            11,
            44,
            62,
            38,
            2,
            8,
            14,
            58,
            2,
            2,
            12,
            4,
            8,
            34,
            40,
            0,
            32,
            48,
            50,
            50,
            10,
            50,
            20,
            48,
            0,
            10,
            22,
            54,
            50,
            28
          ],
          "valuations": [
            0,
            0,
            0,
            2,
            1,
            1,
            1,
            3,
            1,
            1,
            1,
            1,
            2,
            2,
            3,
            1,
            3,
            null,
            5,
            4,
            1,
            1,
            1,
            1,
            2,
            4,
            null,
            1,
            1,
            1,
            1,
            2
          ]
        }
      }
    },
    {
      "k": 7,
      "M": 128,
      "input_N": "1+2t",
      "length": 64,
      "mahler": {
        "E2_mod_M": {
          "modulus": 128,
          "coefficients": [
            95,
            97,
            53,
            80,
            90,
            50,
            66,
            64,
            102,
            6,
            18,
            98,
            76,
            124,
            120,
            76,
            88,
            80,
            12,
            94,
            72,
            124,
            100,
            126,
            60,
            112,
            76,
            8,
            34,
            22,
            54,
            2,
            28,
            16,
            80,
            72,
            90,
            14,
            106,
            112,
            110,
            10,
            50,
            10,
            24,
            24,
            92,
            38,
            40,
            120,
            0,
            60,
            42,
            2,
            122,
            90,
            32,
            28,
            76,
            78,
            22,
            6,
            122,
            0
          ],
          "valuations": [
            0,
            0,
            0,
            4,
            1,
            1,
            1,
            6,
            1,
            1,
            1,
            1,
            2,
            2,
            3,
            2,
            3,
            4,
            2,
            1,
            3,
            2,
            2,
            1,
            2,
            4,
            2,
            3,
            1,
            1,
            1,
            1,
            2,
            4,
            4,
            3,
            1,
            1,
            1,
            4,
            1,
            1,
            1,
            1,
            3,
            3,
            2,
            1,
            3,
            3,
            null,
            2,
            1,
            1,
            1,
            1,
            5,
            2,
            2,
            1,
            1,
            1,
            1,
            null
          ]
        },
        "Q02_mod_2M": {
          "modulus": 256,
          "coefficients": [
            6,
            186,
            234,
            16,
            36,
            156,
            124,
            128,
            52,
            244,
            220,
            60,
            104,
            8,
            16,
            104,
            80,
            96,
            232,
            68,
            112,
            8,
            56,
            4,
            136,
            32,
            104,
            240,
            188,
            212,
            148,
            252,
            200,
            224,
            96,
            112,
            76,
            228,
            44,
            32,
            36,
            236,
            156,
            236,
            208,
            208,
            72,
            180,
            176,
            16,
            0,
            136,
            172,
            252,
            12,
            76,
            192,
            200,
            104,
            100,
            212,
            244,
            12,
            0
          ],
          "valuations": [
            1,
            1,
            1,
            4,
            2,
            2,
            2,
            7,
            2,
            2,
            2,
            2,
            3,
            3,
            4,
            3,
            4,
            5,
            3,
            2,
            4,
            3,
            3,
            2,
            3,
            5,
            3,
            4,
            2,
            2,
            2,
            2,
            3,
            5,
            5,
            4,
            2,
            2,
            2,
            5,
            2,
            2,
            2,
            2,
            4,
            4,
            3,
            2,
            4,
            4,
            null,
            3,
            2,
            2,
            2,
            2,
            6,
            3,
            3,
            2,
            2,
            2,
            2,
            null
          ]
        },
        "normalized_residual_mod_M": {
          "modulus": 128,
          "coefficients": [
            33,
            31,
            67,
            114,
            102,
            54,
            14,
            68,
            58,
            66,
            46,
            102,
            68,
            20,
            56,
            92,
            40,
            32,
            100,
            38,
            8,
            28,
            124,
            102,
            100,
            88,
            4,
            96,
            78,
            90,
            26,
            78,
            100,
            56,
            16,
            104,
            54,
            66,
            118,
            36,
            50,
            6,
            126,
            46,
            88,
            104,
            20,
            62,
            24,
            72,
            96,
            92,
            6,
            6,
            54,
            46,
            64,
            12,
            52,
            22,
            106,
            2,
            38,
            52
          ],
          "valuations": [
            0,
            0,
            0,
            1,
            1,
            1,
            1,
            2,
            1,
            1,
            1,
            1,
            2,
            2,
            3,
            2,
            3,
            5,
            2,
            1,
            3,
            2,
            2,
            1,
            2,
            3,
            2,
            5,
            1,
            1,
            1,
            1,
            2,
            3,
            4,
            3,
            1,
            1,
            1,
            2,
            1,
            1,
            1,
            1,
            3,
            3,
            2,
            1,
            3,
            3,
            5,
            2,
            1,
            1,
            1,
            1,
            6,
            2,
            2,
            1,
            1,
            1,
            1,
            2
          ]
        }
      }
    },
    {
      "k": 8,
      "M": 256,
      "input_N": "1+2t",
      "length": 65,
      "mahler": {
        "E2_mod_M": {
          "modulus": 256,
          "coefficients": [
            107,
            29,
            45,
            50,
            134,
            86,
            230,
            6,
            238,
            138,
            218,
            80,
            212,
            168,
            88,
            236,
            110,
            238,
            42,
            120,
            54,
            18,
            22,
            240,
            186,
            82,
            134,
            204,
            66,
            250,
            78,
            186,
            176,
            148,
            8,
            226,
            8,
            196,
            240,
            162,
            182,
            226,
            94,
            250,
            24,
            28,
            12,
            60,
            116,
            116,
            224,
            60,
            242,
            82,
            186,
            134,
            68,
            224,
            128,
            52,
            250,
            146,
            242,
            150,
            188
          ],
          "valuations": [
            0,
            0,
            0,
            1,
            1,
            1,
            1,
            1,
            1,
            1,
            1,
            4,
            2,
            3,
            3,
            2,
            1,
            1,
            1,
            3,
            1,
            1,
            1,
            4,
            1,
            1,
            1,
            2,
            1,
            1,
            1,
            1,
            4,
            2,
            3,
            1,
            3,
            2,
            4,
            1,
            1,
            1,
            1,
            1,
            3,
            2,
            2,
            2,
            2,
            2,
            5,
            2,
            1,
            1,
            1,
            1,
            2,
            5,
            7,
            2,
            1,
            1,
            1,
            1,
            2
          ]
        },
        "Q02_mod_2M": {
          "modulus": 512,
          "coefficients": [
            238,
            66,
            250,
            76,
            204,
            84,
            308,
            500,
            36,
            236,
            76,
            352,
            88,
            176,
            336,
            40,
            292,
            36,
            428,
            272,
            404,
            476,
            468,
            32,
            140,
            348,
            244,
            104,
            380,
            12,
            356,
            140,
            160,
            216,
            496,
            60,
            496,
            120,
            32,
            188,
            148,
            60,
            324,
            12,
            464,
            456,
            488,
            392,
            280,
            280,
            64,
            392,
            28,
            348,
            140,
            244,
            376,
            64,
            256,
            408,
            12,
            220,
            28,
            212,
            136
          ],
          "valuations": [
            1,
            1,
            1,
            2,
            2,
            2,
            2,
            2,
            2,
            2,
            2,
            5,
            3,
            4,
            4,
            3,
            2,
            2,
            2,
            4,
            2,
            2,
            2,
            5,
            2,
            2,
            2,
            3,
            2,
            2,
            2,
            2,
            5,
            3,
            4,
            2,
            4,
            3,
            5,
            2,
            2,
            2,
            2,
            2,
            4,
            3,
            3,
            3,
            3,
            3,
            6,
            3,
            2,
            2,
            2,
            2,
            3,
            6,
            8,
            3,
            2,
            2,
            2,
            2,
            3
          ]
        },
        "normalized_residual_mod_M": {
          "modulus": 256,
          "coefficients": [
            149,
            147,
            27,
            116,
            138,
            146,
            202,
            50,
            210,
            198,
            118,
            84,
            44,
            160,
            72,
            220,
            210,
            250,
            150,
            28,
            90,
            126,
            138,
            252,
            230,
            54,
            186,
            200,
            238,
            174,
            50,
            86,
            208,
            68,
            200,
            34,
            40,
            132,
            96,
            130,
            138,
            46,
            98,
            118,
            24,
            156,
            52,
            212,
            140,
            124,
            240,
            60,
            126,
            6,
            246,
            154,
            28,
            184,
            160,
            84,
            86,
            182,
            94,
            218,
            68
          ],
          "valuations": [
            0,
            0,
            0,
            2,
            1,
            1,
            1,
            1,
            1,
            1,
            1,
            2,
            2,
            5,
            3,
            2,
            1,
            1,
            1,
            2,
            1,
            1,
            1,
            2,
            1,
            1,
            1,
            3,
            1,
            1,
            1,
            1,
            4,
            2,
            3,
            1,
            3,
            2,
            5,
            1,
            1,
            1,
            1,
            1,
            3,
            2,
            2,
            2,
            2,
            2,
            4,
            2,
            1,
            1,
            1,
            1,
            2,
            3,
            5,
            2,
            1,
            1,
            1,
            1,
            2
          ]
        }
      }
    },
    {
      "k": 9,
      "M": 512,
      "input_N": "1+2t",
      "length": 65,
      "mahler": {
        "E2_mod_M": {
          "modulus": 512,
          "coefficients": [
            311,
            449,
            501,
            472,
            326,
            170,
            130,
            170,
            468,
            436,
            164,
            128,
            30,
            454,
            130,
            16,
            270,
            14,
            26,
            162,
            192,
            124,
            196,
            34,
            0,
            360,
            416,
            378,
            74,
            334,
            470,
            510,
            348,
            248,
            84,
            46,
            62,
            18,
            62,
            230,
            336,
            336,
            12,
            480,
            224,
            488,
            52,
            294,
            260,
            80,
            104,
            390,
            260,
            192,
            364,
            178,
            472,
            68,
            312,
            178,
            468,
            76,
            100,
            390,
            288
          ],
          "valuations": [
            0,
            0,
            0,
            3,
            1,
            1,
            1,
            1,
            2,
            2,
            2,
            7,
            1,
            1,
            1,
            4,
            1,
            1,
            1,
            1,
            6,
            2,
            2,
            1,
            null,
            3,
            5,
            1,
            1,
            1,
            1,
            1,
            2,
            3,
            2,
            1,
            1,
            1,
            1,
            1,
            4,
            4,
            2,
            5,
            5,
            3,
            2,
            1,
            2,
            4,
            3,
            1,
            2,
            6,
            2,
            1,
            3,
            2,
            3,
            1,
            2,
            2,
            2,
            1,
            5
          ]
        },
        "Q02_mod_2M": {
          "modulus": 1024,
          "coefficients": [
            854,
            250,
            874,
            256,
            844,
            940,
            508,
            684,
            600,
            152,
            696,
            768,
            964,
            116,
            764,
            992,
            484,
            996,
            972,
            700,
            640,
            776,
            632,
            956,
            0,
            304,
            192,
            268,
            876,
            356,
            84,
            4,
            328,
            528,
            856,
            932,
            900,
            988,
            900,
            564,
            352,
            352,
            1000,
            64,
            576,
            48,
            920,
            436,
            504,
            864,
            816,
            244,
            504,
            640,
            296,
            668,
            80,
            888,
            400,
            668,
            88,
            872,
            824,
            244,
            448
          ],
          "valuations": [
            1,
            1,
            1,
            8,
            2,
            2,
            2,
            2,
            3,
            3,
            3,
            8,
            2,
            2,
            2,
            5,
            2,
            2,
            2,
            2,
            7,
            3,
            3,
            2,
            null,
            4,
            6,
            2,
            2,
            2,
            2,
            2,
            3,
            4,
            3,
            2,
            2,
            2,
            2,
            2,
            5,
            5,
            3,
            6,
            6,
            4,
            3,
            2,
            3,
            5,
            4,
            2,
            3,
            7,
            3,
            2,
            4,
            3,
            4,
            2,
            3,
            3,
            3,
            2,
            6
          ]
        },
        "normalized_residual_mod_M": {
          "modulus": 512,
          "coefficients": [
            201,
            399,
            195,
            58,
            26,
            54,
            334,
            462,
            140,
            60,
            252,
            488,
            370,
            82,
            446,
            212,
            50,
            346,
            230,
            310,
            80,
            300,
            476,
            394,
            32,
            72,
            192,
            298,
            182,
            258,
            410,
            458,
            292,
            320,
            188,
            326,
            386,
            206,
            2,
            34,
            272,
            48,
            356,
            184,
            224,
            392,
            476,
            302,
            316,
            488,
            408,
            134,
            172,
            24,
            452,
            330,
            72,
            164,
            408,
            50,
            412,
            340,
            92,
            462,
            480
          ],
          "valuations": [
            0,
            0,
            0,
            1,
            1,
            1,
            1,
            1,
            2,
            2,
            2,
            3,
            1,
            1,
            1,
            2,
            1,
            1,
            1,
            1,
            4,
            2,
            2,
            1,
            5,
            3,
            6,
            1,
            1,
            1,
            1,
            1,
            2,
            6,
            2,
            1,
            1,
            1,
            1,
            1,
            4,
            4,
            2,
            3,
            5,
            3,
            2,
            1,
            2,
            3,
            3,
            1,
            2,
            3,
            2,
            1,
            3,
            2,
            3,
            1,
            2,
            2,
            2,
            1,
            5
          ]
        }
      }
    },
    {
      "k": 10,
      "M": 1024,
      "input_N": "1+2t",
      "length": 65,
      "mahler": {
        "E2_mod_M": {
          "modulus": 1024,
          "coefficients": [
            51,
            69,
            973,
            552,
            226,
            522,
            878,
            82,
            318,
            70,
            826,
            602,
            124,
            96,
            1000,
            814,
            390,
            26,
            478,
            906,
            710,
            494,
            426,
            646,
            838,
            662,
            650,
            924,
            640,
            900,
            900,
            1004,
            230,
            490,
            694,
            504,
            276,
            536,
            72,
            194,
            804,
            268,
            940,
            186,
            508,
            880,
            552,
            954,
            158,
            334,
            182,
            200,
            974,
            706,
            662,
            96,
            648,
            44,
            268,
            630,
            118,
            114,
            258,
            66,
            452
          ],
          "valuations": [
            0,
            0,
            0,
            3,
            1,
            1,
            1,
            1,
            1,
            1,
            1,
            1,
            2,
            5,
            3,
            1,
            1,
            1,
            1,
            1,
            1,
            1,
            1,
            1,
            1,
            1,
            1,
            2,
            7,
            2,
            2,
            2,
            1,
            1,
            1,
            3,
            2,
            3,
            3,
            1,
            2,
            2,
            2,
            1,
            2,
            4,
            3,
            1,
            1,
            1,
            1,
            3,
            1,
            1,
            1,
            5,
            3,
            2,
            2,
            1,
            1,
            1,
            1,
            1,
            2
          ]
        },
        "Q02_mod_2M": {
          "modulus": 2048,
          "coefficients": [
            1374,
            2034,
            1978,
            96,
            20,
            236,
            1060,
            1884,
            900,
            1908,
            396,
            844,
            1800,
            1856,
            48,
            420,
            1268,
            1996,
            1092,
            236,
            628,
            1060,
            1196,
            756,
            372,
            724,
            748,
            200,
            768,
            248,
            248,
            40,
            1588,
            1068,
            660,
            1040,
            1496,
            976,
            1904,
            1660,
            440,
            1512,
            168,
            1676,
            1032,
            288,
            944,
            140,
            1732,
            1380,
            1684,
            1648,
            100,
            636,
            724,
            1856,
            752,
            1960,
            1512,
            788,
            1812,
            1820,
            1532,
            1916,
            1144
          ],
          "valuations": [
            1,
            1,
            1,
            5,
            2,
            2,
            2,
            2,
            2,
            2,
            2,
            2,
            3,
            6,
            4,
            2,
            2,
            2,
            2,
            2,
            2,
            2,
            2,
            2,
            2,
            2,
            2,
            3,
            8,
            3,
            3,
            3,
            2,
            2,
            2,
            4,
            3,
            4,
            4,
            2,
            3,
            3,
            3,
            2,
            3,
            5,
            4,
            2,
            2,
            2,
            2,
            4,
            2,
            2,
            2,
            6,
            4,
            3,
            3,
            2,
            2,
            2,
            2,
            2,
            3
          ]
        },
        "normalized_residual_mod_M": {
          "modulus": 1024,
          "coefficients": [
            973,
            11,
            411,
            154,
            862,
            286,
            850,
            430,
            962,
            594,
            614,
            366,
            340,
            200,
            408,
            702,
            890,
            422,
            130,
            454,
            314,
            682,
            598,
            730,
            250,
            786,
            86,
            960,
            896,
            180,
            60,
            884,
            922,
            246,
            74,
            468,
            236,
            784,
            728,
            562,
            636,
            84,
            436,
            226,
            116,
            472,
            408,
            330,
            738,
            890,
            506,
            4,
            962,
            830,
            778,
            492,
            440,
            908,
            244,
            510,
            458,
            702,
            686,
            230,
            316
          ],
          "valuations": [
            0,
            0,
            0,
            1,
            1,
            1,
            1,
            1,
            1,
            1,
            1,
            1,
            2,
            3,
            3,
            1,
            1,
            1,
            1,
            1,
            1,
            1,
            1,
            1,
            1,
            1,
            1,
            6,
            7,
            2,
            2,
            2,
            1,
            1,
            1,
            2,
            2,
            4,
            3,
            1,
            2,
            2,
            2,
            1,
            2,
            3,
            3,
            1,
            1,
            1,
            1,
            2,
            1,
            1,
            1,
            2,
            3,
            2,
            2,
            1,
            1,
            1,
            1,
            1,
            2
          ]
        }
      }
    },
    {
      "k": 11,
      "M": 2048,
      "input_N": "1+2t",
      "length": 65,
      "mahler": {
        "E2_mod_M": {
          "modulus": 2048,
          "coefficients": [
            1487,
            701,
            1477,
            1072,
            714,
            1398,
            946,
            1620,
            1558,
            758,
            90,
            1388,
            1072,
            332,
            1496,
            134,
            1158,
            442,
            570,
            1716,
            1882,
            838,
            1502,
            1014,
            770,
            1718,
            1982,
            722,
            942,
            1758,
            22,
            1860,
            490,
            962,
            442,
            1182,
            896,
            244,
            1564,
            1832,
            1964,
            1936,
            1232,
            1284,
            1432,
            964,
            792,
            1950,
            1852,
            448,
            444,
            1928,
            2022,
            1570,
            1750,
            1814,
            790,
            822,
            1910,
            846,
            1460,
            1524,
            348,
            834,
            1536
          ],
          "valuations": [
            0,
            0,
            0,
            4,
            1,
            1,
            1,
            2,
            1,
            1,
            1,
            2,
            4,
            2,
            3,
            1,
            1,
            1,
            1,
            2,
            1,
            1,
            1,
            1,
            1,
            1,
            1,
            1,
            1,
            1,
            1,
            2,
            1,
            1,
            1,
            1,
            7,
            2,
            2,
            3,
            2,
            4,
            4,
            2,
            3,
            2,
            3,
            1,
            2,
            6,
            2,
            3,
            1,
            1,
            1,
            1,
            1,
            1,
            1,
            1,
            2,
            2,
            2,
            1,
            9
          ]
        },
        "Q02_mod_2M": {
          "modulus": 4096,
          "coefficients": [
            2598,
            2818,
            3018,
            1104,
            3140,
            2580,
            2972,
            2904,
            468,
            2580,
            3916,
            1320,
            1952,
            3432,
            1104,
            3828,
            1780,
            3212,
            2956,
            664,
            332,
            2420,
            1092,
            2068,
            2556,
            660,
            132,
            2652,
            2212,
            580,
            4052,
            376,
            3116,
            2172,
            3212,
            1732,
            2304,
            3608,
            968,
            432,
            168,
            224,
            1632,
            1528,
            1232,
            2168,
            2512,
            196,
            392,
            3200,
            3208,
            240,
            52,
            956,
            596,
            468,
            2516,
            2452,
            276,
            2404,
            1176,
            1048,
            3400,
            2428,
            1024
          ],
          "valuations": [
            1,
            1,
            1,
            4,
            2,
            2,
            2,
            3,
            2,
            2,
            2,
            3,
            5,
            3,
            4,
            2,
            2,
            2,
            2,
            3,
            2,
            2,
            2,
            2,
            2,
            2,
            2,
            2,
            2,
            2,
            2,
            3,
            2,
            2,
            2,
            2,
            8,
            3,
            3,
            4,
            3,
            5,
            5,
            3,
            4,
            3,
            4,
            2,
            3,
            7,
            3,
            4,
            2,
            2,
            2,
            2,
            2,
            2,
            2,
            2,
            3,
            3,
            3,
            2,
            10
          ]
        },
        "normalized_residual_mod_M": {
          "modulus": 2048,
          "coefficients": [
            561,
            75,
            1283,
            210,
            1782,
            1418,
            1454,
            856,
            1994,
            658,
            1222,
            1264,
            464,
            2044,
            376,
            1878,
            378,
            966,
            982,
            312,
            1398,
            282,
            146,
            402,
            510,
            1434,
            1106,
            1582,
            82,
            202,
            506,
            1488,
            1174,
            1030,
            2006,
            1842,
            752,
            1412,
            900,
            1888,
            1044,
            1240,
            784,
            1988,
            1608,
            132,
            984,
            558,
            1540,
            1512,
            1236,
            1024,
            1034,
            1966,
            1418,
            1346,
            1450,
            1298,
            1690,
            1914,
            764,
            412,
            932,
            762,
            1280
          ],
          "valuations": [
            0,
            0,
            0,
            1,
            1,
            1,
            1,
            3,
            1,
            1,
            1,
            4,
            4,
            2,
            3,
            1,
            1,
            1,
            1,
            3,
            1,
            1,
            1,
            1,
            1,
            1,
            1,
            1,
            1,
            1,
            1,
            4,
            1,
            1,
            1,
            1,
            4,
            2,
            2,
            5,
            2,
            3,
            4,
            2,
            3,
            2,
            3,
            1,
            2,
            3,
            2,
            10,
            1,
            1,
            1,
            1,
            1,
            1,
            1,
            1,
            2,
            2,
            2,
            1,
            8
          ]
        }
      }
    },
    {
      "k": 12,
      "M": 4096,
      "input_N": "1+2t",
      "length": 65,
      "mahler": {
        "E2_mod_M": {
          "modulus": 4096,
          "coefficients": [
            231,
            641,
            3269,
            2296,
            2794,
            3450,
            1806,
            2758,
            632,
            2724,
            36,
            3874,
            1374,
            1594,
            182,
            3556,
            1412,
            256,
            932,
            3614,
            1770,
            1138,
            2898,
            2606,
            2238,
            2582,
            2134,
            1100,
            282,
            3854,
            2770,
            468,
            3502,
            3302,
            618,
            2142,
            44,
            468,
            3660,
            1044,
            2258,
            2394,
            3262,
            3118,
            826,
            3150,
            1258,
            3646,
            1502,
            3322,
            3766,
            552,
            1746,
            490,
            430,
            1792,
            2344,
            1328,
            1896,
            376,
            3806,
            966,
            3230,
            2624,
            2398
          ],
          "valuations": [
            0,
            0,
            0,
            3,
            1,
            1,
            1,
            1,
            3,
            2,
            2,
            1,
            1,
            1,
            1,
            2,
            2,
            8,
            2,
            1,
            1,
            1,
            1,
            1,
            1,
            1,
            1,
            2,
            1,
            1,
            1,
            2,
            1,
            1,
            1,
            1,
            2,
            2,
            2,
            2,
            1,
            1,
            1,
            1,
            1,
            1,
            1,
            1,
            1,
            1,
            1,
            3,
            1,
            1,
            1,
            8,
            3,
            4,
            3,
            3,
            1,
            1,
            1,
            6,
            1
          ]
        },
        "Q02_mod_2M": {
          "modulus": 8192,
          "coefficients": [
            1014,
            7034,
            3530,
            2752,
            3076,
            6668,
            1252,
            628,
            2320,
            6840,
            4024,
            444,
            5444,
            5004,
            7828,
            1080,
            5368,
            7680,
            6328,
            964,
            4652,
            5916,
            2396,
            2980,
            3716,
            3028,
            3924,
            5992,
            7628,
            484,
            2652,
            7256,
            1188,
            1588,
            6956,
            3908,
            8104,
            7256,
            872,
            6104,
            3676,
            3404,
            1668,
            1956,
            6540,
            1892,
            5676,
            900,
            5188,
            1548,
            660,
            7088,
            4700,
            7212,
            7332,
            4608,
            3504,
            5536,
            4400,
            7440,
            580,
            6260,
            1732,
            2944,
            3396
          ],
          "valuations": [
            1,
            1,
            1,
            6,
            2,
            2,
            2,
            2,
            4,
            3,
            3,
            2,
            2,
            2,
            2,
            3,
            3,
            9,
            3,
            2,
            2,
            2,
            2,
            2,
            2,
            2,
            2,
            3,
            2,
            2,
            2,
            3,
            2,
            2,
            2,
            2,
            3,
            3,
            3,
            3,
            2,
            2,
            2,
            2,
            2,
            2,
            2,
            2,
            2,
            2,
            2,
            4,
            2,
            2,
            2,
            9,
            4,
            5,
            4,
            4,
            2,
            2,
            2,
            7,
            2
          ]
        },
        "normalized_residual_mod_M": {
          "modulus": 4096,
          "coefficients": [
            3865,
            2671,
            3763,
            2298,
            2198,
            3646,
            2482,
            3234,
            1256,
            2116,
            1884,
            3194,
            1794,
            2006,
            458,
            1424,
            2300,
            216,
            1868,
            1238,
            1846,
            2838,
            2622,
            690,
            3458,
            1378,
            3322,
            3272,
            86,
            1794,
            2286,
            2424,
            4050,
            2258,
            3702,
            3762,
            1956,
            1996,
            1972,
            684,
            3342,
            2542,
            3714,
            3402,
            2886,
            802,
            118,
            2130,
            3746,
            1430,
            1994,
            2116,
            3934,
            1534,
            3474,
            2556,
            3608,
            864,
            2488,
            8,
            1010,
            722,
            1650,
            1116,
            1954
          ],
          "valuations": [
            0,
            0,
            0,
            1,
            1,
            1,
            1,
            1,
            3,
            2,
            2,
            1,
            1,
            1,
            1,
            4,
            2,
            3,
            2,
            1,
            1,
            1,
            1,
            1,
            1,
            1,
            1,
            3,
            1,
            1,
            1,
            3,
            1,
            1,
            1,
            1,
            2,
            2,
            2,
            2,
            1,
            1,
            1,
            1,
            1,
            1,
            1,
            1,
            1,
            1,
            1,
            2,
            1,
            1,
            1,
            2,
            3,
            5,
            3,
            3,
            1,
            1,
            1,
            2,
            1
          ]
        }
      }
    }
  ],
  "exact_high_input_block_checks": [
    {
      "M": 8,
      "R": 2,
      "N": 1,
      "total": 1104,
      "base_S11": 84
    },
    {
      "M": 8,
      "R": 2,
      "N": 3,
      "total": 1072,
      "base_S11": 76
    },
    {
      "M": 8,
      "R": 4,
      "N": 1,
      "total": 16704,
      "base_S11": 84
    },
    {
      "M": 8,
      "R": 4,
      "N": 3,
      "total": 16576,
      "base_S11": 76
    },
    {
      "M": 16,
      "R": 2,
      "N": 1,
      "total": 8352,
      "base_S11": 552
    },
    {
      "M": 16,
      "R": 2,
      "N": 3,
      "total": 8800,
      "base_S11": 664
    },
    {
      "M": 16,
      "R": 4,
      "N": 1,
      "total": 131712,
      "base_S11": 552
    },
    {
      "M": 16,
      "R": 4,
      "N": 3,
      "total": 133504,
      "base_S11": 664
    }
  ]
}
