{
  "base_limit": 64,
  "counts_before_stop": {
    "bases": 4547,
    "equal_order_bases": 56,
    "feedback_pairs": 21,
    "moduli": 86,
    "new_equal_order_blocks": 1,
    "old_states": 5,
    "proper_refinements": 40
  },
  "enumeration_order": "increasing N, then base, old exponent, feedback exponent",
  "prime_limit": 149,
  "run": "F82-D01",
  "witness": {
    "N": 703,
    "base": 41,
    "canonical_inverse": 428,
    "feedback_exponent": 7,
    "feedback_quotient": 221,
    "mixed_certificate": {
      "block_exponent": 1,
      "factor": 37,
      "old_power_exponent": 5,
      "residue": 482,
      "sign": 1
    },
    "new_block": 3,
    "new_block_in_old_subgroup": false,
    "new_block_local_order": 18,
    "old_endpoints": [
      41,
      583,
      27,
      677
    ],
    "old_exponent": 3,
    "old_local_order": 18,
    "old_relation_quotients": [
      34,
      26
    ],
    "p": 19,
    "q": 37,
    "selected": 363,
    "split_new_endpoint": "selected",
    "split_old_endpoint_index": 2
  }
}
