{
  "base_limit": 64,
  "counts_before_stop": {
    "bases": 11415,
    "equal_order_bases": 119,
    "feedback_pairs": 135,
    "moduli": 203,
    "new_equal_order_blocks": 1,
    "old_states": 23,
    "proper_refinements": 203
  },
  "enumeration_order": "increasing N, then base, old exponent, feedback exponent",
  "prime_limit": 149,
  "run": "F82-D02",
  "witness": {
    "N": 2047,
    "base": 11,
    "canonical_inverse": 1735,
    "feedback_exponent": 7,
    "feedback_quotient": 1507,
    "mixed_certificate": {
      "block_exponent": 1,
      "factor": 23,
      "old_power_exponent": 1,
      "residue": 22,
      "sign": -1
    },
    "new_block": 2,
    "new_block_in_old_subgroup": false,
    "new_block_local_order": 11,
    "old_endpoints": [
      11,
      1861,
      312,
      269
    ],
    "old_exponent": 4,
    "old_local_order": 22,
    "old_relation_quotients": [
      10,
      41
    ],
    "p": 23,
    "perfect_power_endpoints_excluded": true,
    "q": 89,
    "selected": 1778,
    "split_new_endpoint": "selected",
    "split_old_endpoint_index": 2
  }
}
