command=["/opt/homebrew/opt/python@3.14/bin/python3.14", "/Users/zhou/autoresearch/IntegerFactoring/experiments/F112_frozen_two_v_global_root_stress/stress_frozen_two_v.py", "--workers", "4", "--checkpoint", "/Users/zhou/autoresearch/IntegerFactoring/experiments/F112_frozen_two_v_global_root_stress/OUTPUT_ATTEMPT.json"]
timeout_seconds=1800
returncode=0
stdout:
{
  "all_parity_witnesses_cross_the_layer_boundary": true,
  "corpus_size": 100,
  "direct_factor_cases": 33,
  "elapsed_seconds": 224.40180541599693,
  "null_cases": [
    50000764992341,
    50001624955573,
    50001724887113,
    50002154865017,
    50002584754033,
    50002694807489,
    50002744708409,
    799999779999949,
    800000499996757,
    800000739995221,
    800001099992377,
    800002819971857,
    800003059967681,
    800005299946297
  ],
  "parity_factor_cases": 67,
  "status": "FAIL"
}

stderr:
