command=["/usr/local/bin/sage", "/Users/zhou/autoresearch/IntegerFactoring/experiments/F108_public_carry_coverage/audit_independent_verifier.sage"]
timeout_seconds=300
returncode=0
stdout:
{
  "all_round_one_raw_scope": {
    "c_zero_transitions": 8379,
    "distinct_exposed_row_masks": 200,
    "exposure_integers": 15935,
    "exposure_product_bits": 386008,
    "hidden_distinct_masks": 200,
    "hidden_exposed_prime_rows": 203,
    "no_zero_transitions": 20393,
    "nonsquare_supported_blocks": 200,
    "oriented_trajectories": 54,
    "rank": 165,
    "same_kernel_as_full": true,
    "saturation_gcds": 429,
    "supported_terminal_blocks": 201,
    "transitions": 42336,
    "two_zero_transitions_excluded": 6008,
    "w_zero_transitions": 7556
  },
  "candidate_source_executed_or_imported": false,
  "elapsed_seconds": 0.7459672090044478,
  "f99_boundary": {
    "N_bits": 256,
    "T": 6,
    "carry_pairs": [
      [
        0,
        1
      ],
      [
        0,
        1
      ],
      [
        0,
        1
      ],
      [
        0,
        1
      ],
      [
        0,
        1
      ]
    ],
    "exposed_prime_set": [
      2
    ],
    "exposed_rank": 1,
    "full_rank": 6
  },
  "factor_free_static_audit": {
    "candidate_imports": [
      "Path",
      "annotations",
      "hashlib",
      "json",
      "math",
      "time"
    ],
    "forbidden_factor_calls": []
  },
  "fixed_circuit": {
    "N": 202537109,
    "columns": 166,
    "full_nullity": 1,
    "full_rank": 165,
    "hidden_distinct_masks": 227,
    "hidden_nonzero_prime_rows": 230,
    "public_distinct_full_masks": 227,
    "public_terminal_blocks": 228,
    "root_gcds": [
      19727,
      10267
    ],
    "root_mod_N": 132013085
  },
  "general_theorem_attacks": {
    "counterexamples": 0,
    "exhaustive_saturation_cases": 25122,
    "random_pairwise_coprime_terminal_cases": 512
  },
  "pins": {
    "experiments/F108_public_carry_coverage/OUTPUT.json": "2427d36129ecac0de8e735d972f641dbdb2c22d885c28d1502ba0ff9411340c5",
    "experiments/F108_public_carry_coverage/analyze_public_carry_coverage.py": "0be579050066d9bc79e4bf5192a606989958fef2531420fb83984de925e1e8de",
    "experiments/F98_multiseed_presentation_closure_kill/PUBLIC_REPLAY_OUTPUT.json": "ee17d7e3ba088f382c0a1c3adec6d1e328ab7a4a814df8d1f6273e41d19c24ab"
  },
  "represented_raw_scope": {
    "c_zero_transitions": 998,
    "distinct_exposed_row_masks": 191,
    "exposure_integers": 1840,
    "exposure_product_bits": 43701,
    "hidden_distinct_masks": 191,
    "hidden_exposed_prime_rows": 194,
    "no_zero_transitions": 3891,
    "nonsquare_supported_blocks": 191,
    "oriented_trajectories": 8,
    "rank": 165,
    "same_kernel_as_full": true,
    "saturation_gcds": 420,
    "supported_terminal_blocks": 192,
    "transitions": 6272,
    "two_zero_transitions_excluded": 541,
    "w_zero_transitions": 842
  },
  "scope_boundary": {
    "all_trajectories_circuit_local_distinct_masks": 54,
    "all_trajectories_circuit_local_exposure_integers": 82,
    "all_trajectories_circuit_local_rank": 54,
    "all_trajectories_circuit_local_zero_carry_pairs": 82,
    "full_generated_nonunit_values": 9414,
    "raw_exposure_pairs_are_distinct_retained_full_batch_values": true,
    "represented_circuit_local_distinct_masks": 54,
    "represented_circuit_local_exposure_integers": 34,
    "represented_circuit_local_rank": 54,
    "represented_circuit_local_zero_carry_pairs": 34
  },
  "status": "PASS"
}

stderr:
