command=['/opt/homebrew/bin/python3', '/Users/zhou/autoresearch/IntegerFactoring/experiments/F108_public_carry_coverage/reconstruction_independent_verifier.py', '--statement', 'RECONSTRUCT_STATEMENT.md', '--public', '../F98_multiseed_presentation_closure_kill/PUBLIC_REPLAY_OUTPUT.json', '--output', 'RECONSTRUCTION_ATTEMPT_OUTPUT.json']
working_directory='/Users/zhou/autoresearch/IntegerFactoring/experiments/F108_public_carry_coverage'
timeout_seconds=60
elapsed_seconds=0.240549
timed_out=false
exit_code=0
stdout:
{
  "checks": 219304,
  "fixed_claims": {
    "all_column_root": true,
    "all_round_one_raw": true,
    "circuit_local": true,
    "complete_public_circuit": true,
    "represented_raw": true
  },
  "statement_verdict": "FAIL",
  "verifier_failures": [],
  "verifier_status": "PASS"
}

stderr:

