command=["/opt/homebrew/opt/python@3.14/bin/python3.14", "/Users/zhou/autoresearch/IntegerFactoring/experiments/F108_public_carry_coverage/analyze_public_carry_coverage.py"]
timeout_seconds=180
returncode=0
stdout:
{
  "all_round_one_coverage": {
    "c_zero_transitions": 8379,
    "distinct_exposed_row_masks": 200,
    "equals_full_rank": true,
    "exposure_integers": 15935,
    "exposure_product_bits": 386008,
    "no_zero_transitions": 20393,
    "nonsquare_supported_blocks": 200,
    "oriented_trajectories": 54,
    "rank": 165,
    "saturation_gcds": 429,
    "supported_terminal_blocks": 201,
    "transitions": 42336,
    "two_zero_transitions_excluded": 6008,
    "w_zero_transitions": 7556
  },
  "elapsed_seconds": 0.1463269579980988,
  "forbidden_operations_used": [],
  "input": {
    "N": 202537109,
    "bit_length": 28,
    "bound": 784,
    "columns": 166,
    "path": "experiments/F98_multiseed_presentation_closure_kill/PUBLIC_REPLAY_OUTPUT.json",
    "sha256": "ee17d7e3ba088f382c0a1c3adec6d1e328ab7a4a814df8d1f6273e41d19c24ab"
  },
  "public_refinement": {
    "distinct_nonsquare_row_masks": 227,
    "gcd_tests": 424203,
    "nonsquare_row_masks": 227,
    "nullity": 1,
    "rank": 165,
    "refinements": 1418,
    "square_terminal_blocks": 1,
    "terminal_blocks": 228
  },
  "public_root_check": {
    "gcds": [
      19727,
      10267
    ],
    "root_mod_N": 132013085
  },
  "represented_trajectory_coverage": {
    "c_zero_transitions": 998,
    "distinct_exposed_row_masks": 191,
    "equals_full_rank": true,
    "exposure_integers": 1840,
    "exposure_product_bits": 43701,
    "no_zero_transitions": 3891,
    "nonsquare_supported_blocks": 191,
    "oriented_trajectories": 8,
    "rank": 165,
    "saturation_gcds": 420,
    "supported_terminal_blocks": 192,
    "transitions": 6272,
    "two_zero_transitions_excluded": 541,
    "w_zero_transitions": 842
  },
  "role": "factor-free public carry-coverage replay of the fixed F98 circuit",
  "status": "PASS"
}

stderr:
