{
  "experiment": "F317_cut_cauchy",
  "route": "route:F31",
  "checks": 4028,
  "block_checks": 5208,
  "carry_collision": [
    {
      "i0": 3,
      "y0": 2,
      "D": 11,
      "E": -7,
      "q": -3,
      "state": [
        1,
        1,
        1
      ],
      "next_q_bit": 1
    },
    {
      "i0": 5,
      "y0": 0,
      "D": 15,
      "E": -3,
      "q": -1,
      "state": [
        1,
        1,
        1
      ],
      "next_q_bit": 0
    }
  ],
  "cases": [
    {
      "s": 1,
      "g": [
        1,
        0,
        0,
        1
      ],
      "exact_zero_pairs": 2
    },
    {
      "s": 1,
      "g": [
        1,
        1,
        2,
        1
      ],
      "exact_zero_pairs": 1
    },
    {
      "s": 1,
      "g": [
        -3,
        7,
        2,
        5
      ],
      "exact_zero_pairs": 0
    },
    {
      "s": 2,
      "g": [
        1,
        0,
        0,
        1
      ],
      "exact_zero_pairs": 4
    },
    {
      "s": 2,
      "g": [
        1,
        1,
        2,
        1
      ],
      "exact_zero_pairs": 1
    },
    {
      "s": 2,
      "g": [
        -3,
        7,
        2,
        5
      ],
      "exact_zero_pairs": 0
    },
    {
      "s": 3,
      "g": [
        1,
        0,
        0,
        1
      ],
      "exact_zero_pairs": 8
    },
    {
      "s": 3,
      "g": [
        1,
        1,
        2,
        1
      ],
      "exact_zero_pairs": 1
    },
    {
      "s": 3,
      "g": [
        -3,
        7,
        2,
        5
      ],
      "exact_zero_pairs": 0
    },
    {
      "s": 4,
      "g": [
        1,
        0,
        0,
        1
      ],
      "exact_zero_pairs": 16
    },
    {
      "s": 4,
      "g": [
        1,
        1,
        2,
        1
      ],
      "exact_zero_pairs": 1
    },
    {
      "s": 4,
      "g": [
        -3,
        7,
        2,
        5
      ],
      "exact_zero_pairs": 0
    }
  ],
  "large_entry_pilots": [
    {
      "s": 40,
      "p": 12,
      "i": 549755813899,
      "j": 753369078290,
      "z": 3417,
      "seconds": 0.004202374984743074
    },
    {
      "s": 80,
      "p": 20,
      "i": 604462909807314587353099,
      "j": 694012970519509341035026,
      "z": 153433,
      "seconds": 0.03528962499694899
    }
  ],
  "seconds": 0.11535241702222265,
  "peak_rss_bytes": 17383424
}
