{
  "rows": [
    {
      "k": 7,
      "N": 1061,
      "r": 2,
      "patches": 2,
      "distinct_moment_banks": 2,
      "distinct_carry_banks": 2
    },
    {
      "k": 10,
      "N": 14563,
      "r": 3,
      "patches": 4,
      "distinct_moment_banks": 2,
      "distinct_carry_banks": 4
    },
    {
      "k": 13,
      "N": 76843,
      "r": 4,
      "patches": 8,
      "distinct_moment_banks": 8,
      "distinct_carry_banks": 8
    },
    {
      "k": 16,
      "N": 592311,
      "r": 5,
      "patches": 16,
      "distinct_moment_banks": 16,
      "distinct_carry_banks": 16
    },
    {
      "k": 19,
      "N": 7594895,
      "r": 6,
      "patches": 32,
      "distinct_moment_banks": 32,
      "distinct_carry_banks": 32
    }
  ],
  "runtime_seconds": 0.010664333996828645,
  "peak_rss_bytes": 18137088
}
