{
  "exact_digit_checks": 73696,
  "taylor_jets": [
    {
      "k": 4,
      "first_nonzero_degree": 8,
      "coefficient": "2187/256",
      "denominator_guard_bits": 8,
      "available_F303_precision": 8,
      "truncation_at_first_term_is_nonintegral": true,
      "minimum_mod2_polynomial_degree_on_class": 2
    },
    {
      "k": 5,
      "first_nonzero_degree": 8,
      "coefficient": "2187/65536",
      "denominator_guard_bits": 16,
      "available_F303_precision": 10,
      "truncation_at_first_term_is_nonintegral": true,
      "minimum_mod2_polynomial_degree_on_class": 4
    },
    {
      "k": 6,
      "first_nonzero_degree": 8,
      "coefficient": "2187/16777216",
      "denominator_guard_bits": 24,
      "available_F303_precision": 12,
      "truncation_at_first_term_is_nonintegral": true,
      "minimum_mod2_polynomial_degree_on_class": 8
    },
    {
      "k": 7,
      "first_nonzero_degree": 8,
      "coefficient": "2187/4294967296",
      "denominator_guard_bits": 32,
      "available_F303_precision": 14,
      "truncation_at_first_term_is_nonintegral": true,
      "minimum_mod2_polynomial_degree_on_class": 16
    },
    {
      "k": 8,
      "first_nonzero_degree": 16,
      "coefficient": "14348907/1208925819614629174706176",
      "denominator_guard_bits": 80,
      "available_F303_precision": 16,
      "truncation_at_first_term_is_nonintegral": true,
      "minimum_mod2_polynomial_degree_on_class": 32
    }
  ],
  "runtime_seconds": 0.035923000003094785,
  "peak_rss_bytes": 17563648
}
