command=['/opt/homebrew/bin/python3', '/Users/zhou/autoresearch/IntegerFactoring/experiments/F107_f98_cross_trajectory_metric_origin/analyze_metric_origin.py']
timeout_seconds=30
elapsed_seconds=0.030280
exit_code=0
stdout:
{
  "base_cross_primes": [
    2,
    3,
    5,
    11,
    17
  ],
  "category_stats": {
    "all": {
      "components": [
        166
      ],
      "nullity": 1,
      "rank": 165,
      "rows": 230
    },
    "base_cross_any": {
      "components": [
        137,
        1,
        1,
        1,
        1,
        1,
        1,
        1,
        1,
        1,
        1,
        1,
        1,
        1,
        1,
        1,
        1,
        1,
        1,
        1,
        1,
        1,
        1,
        1,
        1,
        1,
        1,
        1,
        1,
        1
      ],
      "nullity": 161,
      "rank": 5,
      "rows": 5
    },
    "base_cross_only": {
      "components": [
        1,
        1,
        1,
        1,
        1,
        1,
        1,
        1,
        1,
        1,
        1,
        1,
        1,
        1,
        1,
        1,
        1,
        1,
        1,
        1,
        1,
        1,
        1,
        1,
        1,
        1,
        1,
        1,
        1,
        1,
        1,
        1,
        1,
        1,
        1,
        1,
        1,
        1,
        1,
        1,
        1,
        1,
        1,
        1,
        1,
        1,
        1,
        1,
        1,
        1,
        1,
        1,
        1,
        1,
        1,
        1,
        1,
        1,
        1,
        1,
        1,
        1,
        1,
        1,
        1,
        1,
        1,
        1,
        1,
        1,
        1,
        1,
        1,
        1,
        1,
        1,
        1,
        1,
        1,
        1,
        1,
        1,
        1,
        1,
        1,
        1,
        1,
        1,
        1,
        1,
        1,
        1,
        1,
        1,
        1,
        1,
        1,
        1,
        1,
        1,
        1,
        1,
        1,
        1,
        1,
        1,
        1,
        1,
        1,
        1,
        1,
        1,
        1,
        1,
        1,
        1,
        1,
        1,
        1,
        1,
        1,
        1,
        1,
        1,
        1,
        1,
        1,
        1,
        1,
        1,
        1,
        1,
        1,
        1,
        1,
        1,
        1,
        1,
        1,
        1,
        1,
        1,
        1,
        1,
        1,
        1,
        1,
        1,
        1,
        1,
        1,
        1,
        1,
        1,
        1,
        1,
        1,
        1,
        1,
        1,
        1,
        1,
        1,
        1,
        1,
        1
      ],
      "nullity": 166,
      "rank": 0,
      "rows": 0
    },
    "carry": {
      "components": [
        163,
        2,
        1
      ],
      "nullity": 95,
      "rank": 71,
      "rows": 74
    },
    "carry_or_base_cross": {
      "components": [
        163,
        2,
        1
      ],
      "nullity": 94,
      "rank": 72,
      "rows": 75
    },
    "cross_any": {
      "components": [
        166
      ],
      "nullity": 3,
      "rank": 163,
      "rows": 175
    },
    "metric_cross_any": {
      "components": [
        166
      ],
      "nullity": 3,
      "rank": 163,
      "rows": 175
    },
    "metric_cross_no_carry": {
      "components": [
        148,
        1,
        1,
        1,
        1,
        1,
        1,
        1,
        1,
        1,
        1,
        1,
        1,
        1,
        1,
        1,
        1,
        1,
        1
      ],
      "nullity": 23,
      "rank": 143,
      "rows": 151
    },
    "metric_cross_only": {
      "components": [
        164,
        1,
        1
      ],
      "nullity": 8,
      "rank": 158,
      "rows": 170
    },
    "metric_cross_only_no_carry": {
      "components": [
        146,
        1,
        1,
        1,
        1,
        1,
        1,
        1,
        1,
        1,
        1,
        1,
        1,
        1,
        1,
        1,
        1,
        1,
        1,
        1,
        1
      ],
      "nullity": 24,
      "rank": 142,
      "rows": 150
    },
    "neither_carry_nor_base_cross": {
      "components": [
        146,
        1,
        1,
        1,
        1,
        1,
        1,
        1,
        1,
        1,
        1,
        1,
        1,
        1,
        1,
        1,
        1,
        1,
        1,
        1,
        1
      ],
      "nullity": 22,
      "rank": 144,
      "rows": 155
    }
  },
  "columns": 166,
  "cross_key_pair_counts_with_row_multiplicity": {
    "base_inherited": 15,
    "metric": 724
  },
  "input_hashes": {
    "experiments/F100_f98_dependency_structure/OUTPUT.json": "9bcf6217f412f837fab8e3d0b832e01c80fbd5afa1d173156ec93df95bd94076",
    "experiments/F98_multiseed_presentation_closure_kill/PUBLIC_REPLAY_OUTPUT.json": "ee17d7e3ba088f382c0a1c3adec6d1e328ab7a4a814df8d1f6273e41d19c24ab"
  },
  "metric_cross_prime_max": 2814499,
  "metric_cross_prime_min": 2,
  "metric_cross_primes_above_784": 84,
  "prime_rows": 230,
  "rank": 165,
  "role": "factor-assisted fixed-circuit diagnosis",
  "status": "complete"
}

stderr:

