{
  "checks": {
    "lift": 43,
    "cut_lift": 43,
    "parity_reduction": 43,
    "orbit": 538,
    "square_classes": 172,
    "precision_compression": 716
  },
  "separators": [
    {
      "M": 32,
      "A": 3,
      "orbit": [
        3,
        5,
        11,
        13,
        19,
        21,
        27,
        29
      ],
      "floor_values": [
        0,
        0,
        1,
        1,
        1,
        1,
        2,
        2
      ],
      "norm_mod8": 4,
      "delta_parity": 1,
      "translation_parity_change": 0
    },
    {
      "M": 32,
      "A": 5,
      "orbit": [
        3,
        5,
        11,
        13,
        19,
        21,
        27,
        29
      ],
      "floor_values": [
        0,
        0,
        1,
        2,
        2,
        3,
        4,
        4
      ],
      "norm_mod8": 6,
      "delta_parity": 1,
      "translation_parity_change": 1
    },
    {
      "M": 32,
      "A": 9,
      "orbit": [
        3,
        5,
        11,
        13,
        19,
        21,
        27,
        29
      ],
      "floor_values": [
        0,
        1,
        3,
        3,
        5,
        5,
        7,
        8
      ],
      "norm_mod8": 6,
      "delta_parity": 1,
      "translation_parity_change": 1
    },
    {
      "M": 32,
      "A": 11,
      "orbit": [
        3,
        5,
        11,
        13,
        19,
        21,
        27,
        29
      ],
      "floor_values": [
        1,
        1,
        3,
        4,
        6,
        7,
        9,
        9
      ],
      "norm_mod8": 6,
      "delta_parity": 0,
      "translation_parity_change": 1
    },
    {
      "M": 64,
      "A": 3,
      "orbit": [
        3,
        11,
        21,
        29,
        35,
        43,
        53,
        61
      ],
      "floor_values": [
        0,
        0,
        0,
        1,
        1,
        2,
        2,
        2
      ],
      "norm_mod8": 6,
      "delta_parity": 0,
      "translation_parity_change": 1
    },
    {
      "M": 64,
      "A": 3,
      "orbit": [
        5,
        13,
        19,
        27,
        37,
        45,
        51,
        59
      ],
      "floor_values": [
        0,
        0,
        0,
        1,
        1,
        2,
        2,
        2
      ],
      "norm_mod8": 6,
      "delta_parity": 0,
      "translation_parity_change": 1
    },
    {
      "M": 64,
      "A": 5,
      "orbit": [
        3,
        11,
        21,
        29,
        35,
        43,
        53,
        61
      ],
      "floor_values": [
        0,
        0,
        1,
        2,
        2,
        3,
        4,
        4
      ],
      "norm_mod8": 6,
      "delta_parity": 1,
      "translation_parity_change": 1
    },
    {
      "M": 64,
      "A": 5,
      "orbit": [
        5,
        13,
        19,
        27,
        37,
        45,
        51,
        59
      ],
      "floor_values": [
        0,
        1,
        1,
        2,
        2,
        3,
        3,
        4
      ],
      "norm_mod8": 4,
      "delta_parity": 1,
      "translation_parity_change": 0
    },
    {
      "M": 64,
      "A": 9,
      "orbit": [
        3,
        11,
        21,
        29,
        35,
        43,
        53,
        61
      ],
      "floor_values": [
        0,
        1,
        2,
        4,
        4,
        6,
        7,
        8
      ],
      "norm_mod8": 6,
      "delta_parity": 0,
      "translation_parity_change": 1
    },
    {
      "M": 64,
      "A": 9,
      "orbit": [
        5,
        13,
        19,
        27,
        37,
        45,
        51,
        59
      ],
      "floor_values": [
        0,
        1,
        2,
        3,
        5,
        6,
        7,
        8
      ],
      "norm_mod8": 4,
      "delta_parity": 1,
      "translation_parity_change": 0
    },
    {
      "M": 64,
      "A": 9,
      "orbit": [
        7,
        9,
        23,
        25,
        39,
        41,
        55,
        57
      ],
      "floor_values": [
        0,
        1,
        3,
        3,
        5,
        5,
        7,
        8
      ],
      "norm_mod8": 6,
      "delta_parity": 1,
      "translation_parity_change": 1
    },
    {
      "M": 64,
      "A": 21,
      "orbit": [
        5,
        13,
        19,
        27,
        37,
        45,
        51,
        59
      ],
      "floor_values": [
        1,
        4,
        6,
        8,
        12,
        14,
        16,
        19
      ],
      "norm_mod8": 6,
      "delta_parity": 1,
      "translation_parity_change": 1
    }
  ],
  "cut_failures": [
    {
      "M": 16,
      "A": 3,
      "d": 2,
      "K_mod8": 6,
      "naive_mod8": 2
    },
    {
      "M": 16,
      "A": 5,
      "d": 2,
      "K_mod8": 6,
      "naive_mod8": 2
    },
    {
      "M": 16,
      "A": 13,
      "d": 2,
      "K_mod8": 6,
      "naive_mod8": 2
    },
    {
      "M": 32,
      "A": 5,
      "d": 2,
      "K_mod8": 4,
      "naive_mod8": 0
    },
    {
      "M": 32,
      "A": 11,
      "d": 2,
      "K_mod8": 4,
      "naive_mod8": 0
    },
    {
      "M": 64,
      "A": 3,
      "d": 2,
      "K_mod8": 2,
      "naive_mod8": 6
    }
  ],
  "translation_tables": [
    {
      "A": 1,
      "p": 0,
      "q": 0,
      "carry_values": [
        0,
        0,
        0,
        0,
        0,
        0,
        0,
        0
      ]
    },
    {
      "A": 3,
      "p": 0,
      "q": 0,
      "carry_values": [
        3,
        6,
        1,
        0,
        0,
        0,
        5,
        2
      ]
    },
    {
      "A": 3,
      "p": 2,
      "q": 5,
      "carry_values": [
        4,
        7,
        7,
        0,
        0,
        5,
        4,
        1
      ]
    },
    {
      "A": 5,
      "p": 1,
      "q": 7,
      "carry_values": [
        2,
        4,
        7,
        7,
        7,
        7,
        2,
        7
      ]
    },
    {
      "A": 17,
      "p": 3,
      "q": 2,
      "carry_values": [
        2,
        4,
        6,
        1,
        4,
        6,
        7,
        0
      ]
    }
  ],
  "seconds": 0.01941741700284183,
  "peak_rss_bytes": 17891328
}
