{
  "packet": "F292",
  "route": "F31",
  "runtime_seconds": 0.00046374999510589987,
  "cases": [
    {
      "N": 12827,
      "M": 1024,
      "L": 32,
      "a": 1,
      "b": 1,
      "T": 228,
      "scanned_low_rows": 16,
      "nonzero_low_rows": 2,
      "occupied_high_blocks": 1,
      "points": [
        [
          101,
          127
        ],
        [
          127,
          101
        ]
      ],
      "rows": [
        {
          "u": 5,
          "v": 31,
          "high_blocks": [
            [
              3,
              3
            ]
          ]
        },
        {
          "u": 31,
          "v": 5,
          "high_blocks": [
            [
              3,
              3
            ]
          ]
        }
      ]
    },
    {
      "N": 12827,
      "M": 1024,
      "L": 32,
      "a": 67,
      "b": 65,
      "T": 15097,
      "scanned_low_rows": 16,
      "nonzero_low_rows": 2,
      "occupied_high_blocks": 1,
      "points": [
        [
          101,
          127
        ],
        [
          127,
          101
        ]
      ],
      "rows": [
        {
          "u": 5,
          "v": 31,
          "high_blocks": [
            [
              3,
              3
            ]
          ]
        },
        {
          "u": 31,
          "v": 5,
          "high_blocks": [
            [
              3,
              3
            ]
          ]
        }
      ]
    },
    {
      "N": 12851,
      "M": 1024,
      "L": 32,
      "a": 1,
      "b": 1,
      "T": 228,
      "scanned_low_rows": 16,
      "nonzero_low_rows": 0,
      "occupied_high_blocks": 0,
      "points": [],
      "rows": []
    },
    {
      "N": 12851,
      "M": 1024,
      "L": 32,
      "a": 67,
      "b": 65,
      "T": 15111,
      "scanned_low_rows": 16,
      "nonzero_low_rows": 0,
      "occupied_high_blocks": 0,
      "points": [],
      "rows": []
    }
  ]
}
