{
  "packet": "F292",
  "route": "F31",
  "seed": 2922609,
  "runtime_seconds": 0.035905249998904765,
  "cases": [
    {
      "R": 18,
      "M": 262144,
      "N": 3194797,
      "a": 69,
      "b": 65,
      "T": 241798,
      "q": 4096,
      "H": 64,
      "scanned_low_rows": 247,
      "base_mass": 2,
      "occupied_carries": 1,
      "exact_count": 0,
      "carry_histogram": {
        "8": 2
      },
      "recurrence_degree": 1,
      "maximum_coefficient_bits": 4
    },
    {
      "R": 18,
      "M": 262144,
      "N": 3056887,
      "a": 71,
      "b": 65,
      "T": 239925,
      "q": 4096,
      "H": 64,
      "scanned_low_rows": 238,
      "base_mass": 0,
      "occupied_carries": 0,
      "exact_count": 0,
      "carry_histogram": {},
      "recurrence_degree": 0,
      "maximum_coefficient_bits": 1
    },
    {
      "R": 18,
      "M": 262144,
      "N": 2251679,
      "a": 71,
      "b": 65,
      "T": 205916,
      "q": 2048,
      "H": 128,
      "scanned_low_rows": 205,
      "base_mass": 2,
      "occupied_carries": 1,
      "exact_count": 0,
      "carry_histogram": {
        "2": 2
      },
      "recurrence_degree": 1,
      "maximum_coefficient_bits": 2
    },
    {
      "R": 18,
      "M": 262144,
      "N": 2576237,
      "a": 69,
      "b": 65,
      "T": 217132,
      "q": 2048,
      "H": 128,
      "scanned_low_rows": 222,
      "base_mass": 3,
      "occupied_carries": 2,
      "exact_count": 0,
      "carry_histogram": {
        "2": 2,
        "21": 1
      },
      "recurrence_degree": 2,
      "maximum_coefficient_bits": 6
    },
    {
      "R": 22,
      "M": 4194304,
      "N": 59894497,
      "a": 65,
      "b": 65,
      "T": 1016150,
      "q": 16384,
      "H": 256,
      "scanned_low_rows": 1098,
      "base_mass": 4,
      "occupied_carries": 2,
      "exact_count": 0,
      "carry_histogram": {
        "12": 2,
        "39": 2
      },
      "recurrence_degree": 2,
      "maximum_coefficient_bits": 9
    },
    {
      "R": 22,
      "M": 4194304,
      "N": 65028147,
      "a": 67,
      "b": 65,
      "T": 1074969,
      "q": 16384,
      "H": 256,
      "scanned_low_rows": 1127,
      "base_mass": 4,
      "occupied_carries": 2,
      "exact_count": 0,
      "carry_histogram": {
        "21": 2,
        "44": 2
      },
      "recurrence_degree": 2,
      "maximum_coefficient_bits": 10
    },
    {
      "R": 22,
      "M": 4194304,
      "N": 53808449,
      "a": 65,
      "b": 65,
      "T": 963141,
      "q": 16384,
      "H": 256,
      "scanned_low_rows": 1041,
      "base_mass": 4,
      "occupied_carries": 2,
      "exact_count": 0,
      "carry_histogram": {
        "4": 2,
        "17": 2
      },
      "recurrence_degree": 2,
      "maximum_coefficient_bits": 7
    },
    {
      "R": 22,
      "M": 4194304,
      "N": 67090859,
      "a": 67,
      "b": 65,
      "T": 1091885,
      "q": 16384,
      "H": 256,
      "scanned_low_rows": 1145,
      "base_mass": 5,
      "occupied_carries": 3,
      "exact_count": 0,
      "carry_histogram": {
        "4": 2,
        "12": 2,
        "43": 1
      },
      "recurrence_degree": 3,
      "maximum_coefficient_bits": 12
    },
    {
      "R": 26,
      "M": 67108864,
      "N": 1009063439,
      "a": 71,
      "b": 65,
      "T": 4359096,
      "q": 65536,
      "H": 1024,
      "scanned_low_rows": 4310,
      "base_mass": 34,
      "occupied_carries": 23,
      "exact_count": 0,
      "carry_histogram": {
        "15": 2,
        "21": 2,
        "39": 1,
        "46": 2,
        "49": 1,
        "51": 2,
        "58": 2,
        "74": 1,
        "96": 2,
        "109": 1,
        "110": 2,
        "116": 2,
        "122": 1,
        "140": 1,
        "148": 2,
        "154": 1,
        "163": 1,
        "172": 1,
        "211": 1,
        "223": 2,
        "236": 1,
        "249": 1,
        "267": 2
      },
      "recurrence_degree": 23,
      "maximum_coefficient_bits": 153
    },
    {
      "R": 26,
      "M": 67108864,
      "N": 730582319,
      "a": 71,
      "b": 65,
      "T": 3709127,
      "q": 32768,
      "H": 2048,
      "scanned_low_rows": 3668,
      "base_mass": 38,
      "occupied_carries": 27,
      "exact_count": 0,
      "carry_histogram": {
        "23": 2,
        "44": 2,
        "57": 2,
        "62": 1,
        "64": 1,
        "121": 1,
        "146": 1,
        "161": 2,
        "168": 2,
        "217": 1,
        "237": 1,
        "242": 2,
        "243": 1,
        "253": 2,
        "281": 1,
        "287": 1,
        "293": 1,
        "309": 2,
        "317": 1,
        "338": 1,
        "342": 1,
        "345": 2,
        "352": 1,
        "380": 3,
        "388": 1,
        "400": 1,
        "401": 1
      },
      "recurrence_degree": 27,
      "maximum_coefficient_bits": 206
    },
    {
      "R": 26,
      "M": 67108864,
      "N": 834773817,
      "a": 65,
      "b": 65,
      "T": 3793579,
      "q": 65536,
      "H": 1024,
      "scanned_low_rows": 4097,
      "base_mass": 18,
      "occupied_carries": 9,
      "exact_count": 0,
      "carry_histogram": {
        "1": 2,
        "2": 2,
        "9": 2,
        "69": 2,
        "78": 2,
        "112": 2,
        "141": 2,
        "142": 2,
        "158": 2
      },
      "recurrence_degree": 9,
      "maximum_coefficient_bits": 46
    },
    {
      "R": 26,
      "M": 67108864,
      "N": 1034803865,
      "a": 65,
      "b": 65,
      "T": 4223706,
      "q": 65536,
      "H": 1024,
      "scanned_low_rows": 4561,
      "base_mass": 46,
      "occupied_carries": 23,
      "exact_count": 2,
      "carry_histogram": {
        "0": 2,
        "1": 2,
        "19": 2,
        "28": 2,
        "40": 2,
        "50": 2,
        "84": 2,
        "85": 2,
        "96": 2,
        "105": 2,
        "108": 2,
        "116": 2,
        "135": 2,
        "141": 2,
        "154": 2,
        "160": 2,
        "194": 2,
        "203": 2,
        "204": 2,
        "215": 2,
        "229": 2,
        "280": 2,
        "299": 2
      },
      "recurrence_degree": 23,
      "maximum_coefficient_bits": 144
    },
    {
      "R": 30,
      "M": 1073741824,
      "N": 10387073937,
      "a": 65,
      "b": 65,
      "T": 13381701,
      "q": 131072,
      "H": 8192,
      "scanned_low_rows": 14451,
      "base_mass": 172,
      "occupied_carries": 78,
      "exact_count": 0,
      "carry_histogram": {
        "59": 2,
        "66": 2,
        "99": 2,
        "129": 10,
        "150": 2,
        "154": 2,
        "156": 2,
        "168": 2,
        "169": 2,
        "192": 6,
        "210": 2,
        "241": 2,
        "242": 2,
        "274": 2,
        "276": 4,
        "291": 2,
        "302": 2,
        "304": 2,
        "318": 2,
        "324": 2,
        "336": 2,
        "344": 2,
        "355": 2,
        "360": 2,
        "367": 2,
        "369": 2,
        "375": 2,
        "399": 2,
        "414": 2,
        "417": 2,
        "432": 2,
        "446": 2,
        "454": 2,
        "460": 2,
        "485": 2,
        "489": 2,
        "525": 2,
        "534": 2,
        "591": 2,
        "615": 2,
        "654": 2,
        "667": 2,
        "714": 2,
        "719": 2,
        "744": 2,
        "769": 2,
        "772": 2,
        "777": 2,
        "822": 2,
        "826": 2,
        "829": 4,
        "831": 2,
        "846": 2,
        "879": 2,
        "885": 2,
        "892": 2,
        "899": 2,
        "900": 2,
        "939": 2,
        "940": 2,
        "977": 2,
        "980": 2,
        "984": 2,
        "990": 2,
        "1017": 2,
        "1038": 2,
        "1047": 2,
        "1066": 2,
        "1079": 2,
        "1143": 2,
        "1149": 2,
        "1161": 2,
        "1214": 2,
        "1215": 2,
        "1234": 2,
        "1237": 2,
        "1446": 2,
        "1479": 2
      },
      "recurrence_degree": 78,
      "maximum_coefficient_bits": 702
    },
    {
      "R": 30,
      "M": 1073741824,
      "N": 13514859703,
      "a": 71,
      "b": 65,
      "T": 15953023,
      "q": 262144,
      "H": 4096,
      "scanned_low_rows": 15771,
      "base_mass": 98,
      "occupied_carries": 65,
      "exact_count": 0,
      "carry_histogram": {
        "6": 1,
        "15": 1,
        "17": 1,
        "18": 1,
        "54": 2,
        "61": 2,
        "68": 1,
        "98": 1,
        "101": 2,
        "113": 2,
        "124": 2,
        "128": 2,
        "131": 2,
        "138": 1,
        "145": 1,
        "151": 2,
        "158": 2,
        "176": 3,
        "188": 2,
        "215": 3,
        "221": 2,
        "237": 2,
        "274": 1,
        "278": 1,
        "299": 1,
        "314": 1,
        "319": 2,
        "343": 1,
        "355": 2,
        "358": 4,
        "368": 2,
        "372": 1,
        "375": 2,
        "389": 1,
        "404": 1,
        "407": 1,
        "410": 1,
        "423": 1,
        "449": 2,
        "454": 2,
        "472": 1,
        "476": 2,
        "490": 2,
        "497": 2,
        "509": 1,
        "512": 1,
        "683": 1,
        "701": 1,
        "728": 1,
        "747": 1,
        "773": 4,
        "780": 1,
        "803": 1,
        "817": 1,
        "824": 1,
        "878": 1,
        "884": 1,
        "896": 1,
        "908": 3,
        "943": 1,
        "953": 1,
        "962": 1,
        "970": 1,
        "971": 1,
        "1010": 1
      },
      "recurrence_degree": 65,
      "maximum_coefficient_bits": 533
    },
    {
      "R": 30,
      "M": 1073741824,
      "N": 11568020357,
      "a": 69,
      "b": 65,
      "T": 14549970,
      "q": 131072,
      "H": 8192,
      "scanned_low_rows": 14801,
      "base_mass": 152,
      "occupied_carries": 101,
      "exact_count": 0,
      "carry_histogram": {
        "31": 2,
        "32": 1,
        "53": 2,
        "54": 2,
        "75": 1,
        "104": 1,
        "114": 2,
        "123": 1,
        "124": 2,
        "127": 1,
        "130": 1,
        "137": 2,
        "151": 1,
        "167": 1,
        "170": 2,
        "172": 2,
        "176": 2,
        "188": 2,
        "210": 1,
        "214": 2,
        "218": 2,
        "245": 2,
        "249": 4,
        "254": 3,
        "284": 2,
        "312": 1,
        "316": 1,
        "329": 2,
        "333": 2,
        "347": 1,
        "361": 1,
        "363": 2,
        "368": 2,
        "421": 2,
        "429": 1,
        "434": 1,
        "444": 2,
        "445": 2,
        "482": 2,
        "488": 1,
        "491": 1,
        "519": 1,
        "539": 1,
        "560": 1,
        "579": 2,
        "592": 2,
        "612": 2,
        "625": 2,
        "655": 1,
        "665": 2,
        "682": 2,
        "694": 1,
        "703": 2,
        "704": 1,
        "721": 2,
        "734": 1,
        "761": 1,
        "806": 1,
        "809": 2,
        "829": 2,
        "834": 2,
        "836": 2,
        "838": 2,
        "884": 2,
        "909": 1,
        "941": 2,
        "947": 2,
        "956": 1,
        "977": 2,
        "1019": 1,
        "1044": 2,
        "1109": 2,
        "1129": 1,
        "1144": 1,
        "1163": 1,
        "1166": 2,
        "1173": 1,
        "1209": 2,
        "1297": 1,
        "1319": 1,
        "1340": 1,
        "1361": 1,
        "1385": 1,
        "1396": 1,
        "1421": 1,
        "1431": 1,
        "1467": 1,
        "1481": 1,
        "1499": 2,
        "1519": 1,
        "1584": 1,
        "1590": 1,
        "1598": 1,
        "1607": 2,
        "1620": 1,
        "1628": 1,
        "1637": 1,
        "1646": 1,
        "1660": 1,
        "1679": 2,
        "1694": 1
      },
      "recurrence_degree": 101,
      "maximum_coefficient_bits": 915
    },
    {
      "R": 30,
      "M": 1073741824,
      "N": 12951979191,
      "a": 71,
      "b": 65,
      "T": 15617276,
      "q": 262144,
      "H": 4096,
      "scanned_low_rows": 15439,
      "base_mass": 114,
      "occupied_carries": 72,
      "exact_count": 0,
      "carry_histogram": {
        "7": 1,
        "30": 1,
        "51": 2,
        "57": 2,
        "63": 2,
        "70": 2,
        "75": 2,
        "81": 1,
        "89": 2,
        "99": 1,
        "111": 4,
        "117": 2,
        "150": 2,
        "171": 2,
        "173": 2,
        "179": 2,
        "213": 1,
        "222": 1,
        "241": 2,
        "261": 2,
        "288": 2,
        "298": 1,
        "305": 2,
        "309": 2,
        "321": 1,
        "324": 1,
        "341": 2,
        "348": 1,
        "351": 3,
        "355": 1,
        "375": 1,
        "381": 3,
        "385": 2,
        "386": 2,
        "394": 2,
        "396": 2,
        "411": 3,
        "421": 2,
        "437": 2,
        "457": 2,
        "473": 1,
        "489": 1,
        "492": 2,
        "513": 1,
        "514": 1,
        "531": 2,
        "539": 2,
        "567": 1,
        "571": 1,
        "579": 2,
        "587": 2,
        "593": 1,
        "611": 1,
        "621": 1,
        "626": 2,
        "633": 2,
        "650": 1,
        "675": 1,
        "681": 1,
        "702": 1,
        "723": 1,
        "734": 1,
        "738": 2,
        "759": 1,
        "762": 1,
        "773": 2,
        "836": 1,
        "841": 1,
        "918": 1,
        "944": 1,
        "945": 1,
        "967": 1
      },
      "recurrence_degree": 72,
      "maximum_coefficient_bits": 602
    }
  ]
}
