{
  "packet": "F292",
  "route": "F31",
  "seed": 2922608,
  "runtime_seconds": 0.09407829199335538,
  "recurrence_checks": 132,
  "linear_multiplier_checks": 120576,
  "cases": [
    {
      "R": 10,
      "M": 1024,
      "N": 12827,
      "a": 67,
      "b": 65,
      "T": 15097,
      "q": 256,
      "H": 4,
      "base_cap_mass": 2,
      "nonzero_carries": 1,
      "exact_count": 2,
      "distinct_twisted_values": 1,
      "carry_histogram": {
        "0": 2
      }
    },
    {
      "R": 10,
      "M": 1024,
      "N": 12851,
      "a": 67,
      "b": 65,
      "T": 15111,
      "q": 256,
      "H": 4,
      "base_cap_mass": 0,
      "nonzero_carries": 0,
      "exact_count": 0,
      "distinct_twisted_values": 1,
      "carry_histogram": {}
    },
    {
      "R": 10,
      "M": 1024,
      "N": 9885,
      "a": 69,
      "b": 65,
      "T": 13449,
      "q": 128,
      "H": 8,
      "base_cap_mass": 0,
      "nonzero_carries": 0,
      "exact_count": 0,
      "distinct_twisted_values": 1,
      "carry_histogram": {}
    },
    {
      "R": 10,
      "M": 1024,
      "N": 12547,
      "a": 67,
      "b": 65,
      "T": 14931,
      "q": 256,
      "H": 4,
      "base_cap_mass": 0,
      "nonzero_carries": 0,
      "exact_count": 0,
      "distinct_twisted_values": 1,
      "carry_histogram": {}
    },
    {
      "R": 10,
      "M": 1024,
      "N": 12903,
      "a": 71,
      "b": 65,
      "T": 15587,
      "q": 256,
      "H": 4,
      "base_cap_mass": 0,
      "nonzero_carries": 0,
      "exact_count": 0,
      "distinct_twisted_values": 1,
      "carry_histogram": {}
    },
    {
      "R": 10,
      "M": 1024,
      "N": 9053,
      "a": 69,
      "b": 65,
      "T": 12871,
      "q": 128,
      "H": 8,
      "base_cap_mass": 0,
      "nonzero_carries": 0,
      "exact_count": 0,
      "distinct_twisted_values": 1,
      "carry_histogram": {}
    },
    {
      "R": 10,
      "M": 1024,
      "N": 13007,
      "a": 71,
      "b": 65,
      "T": 15650,
      "q": 256,
      "H": 4,
      "base_cap_mass": 0,
      "nonzero_carries": 0,
      "exact_count": 0,
      "distinct_twisted_values": 1,
      "carry_histogram": {}
    },
    {
      "R": 10,
      "M": 1024,
      "N": 11895,
      "a": 71,
      "b": 65,
      "T": 14966,
      "q": 256,
      "H": 4,
      "base_cap_mass": 0,
      "nonzero_carries": 0,
      "exact_count": 0,
      "distinct_twisted_values": 1,
      "carry_histogram": {}
    },
    {
      "R": 10,
      "M": 1024,
      "N": 13629,
      "a": 69,
      "b": 65,
      "T": 15792,
      "q": 256,
      "H": 4,
      "base_cap_mass": 0,
      "nonzero_carries": 0,
      "exact_count": 0,
      "distinct_twisted_values": 1,
      "carry_histogram": {}
    },
    {
      "R": 10,
      "M": 1024,
      "N": 11357,
      "a": 69,
      "b": 65,
      "T": 14416,
      "q": 128,
      "H": 8,
      "base_cap_mass": 0,
      "nonzero_carries": 0,
      "exact_count": 0,
      "distinct_twisted_values": 1,
      "carry_histogram": {}
    },
    {
      "R": 10,
      "M": 1024,
      "N": 15327,
      "a": 71,
      "b": 65,
      "T": 16988,
      "q": 256,
      "H": 4,
      "base_cap_mass": 2,
      "nonzero_carries": 1,
      "exact_count": 2,
      "distinct_twisted_values": 1,
      "carry_histogram": {
        "0": 2
      }
    },
    {
      "R": 10,
      "M": 1024,
      "N": 13515,
      "a": 67,
      "b": 65,
      "T": 15497,
      "q": 256,
      "H": 4,
      "base_cap_mass": 0,
      "nonzero_carries": 0,
      "exact_count": 0,
      "distinct_twisted_values": 1,
      "carry_histogram": {}
    },
    {
      "R": 10,
      "M": 1024,
      "N": 14287,
      "a": 71,
      "b": 65,
      "T": 16402,
      "q": 256,
      "H": 4,
      "base_cap_mass": 0,
      "nonzero_carries": 0,
      "exact_count": 0,
      "distinct_twisted_values": 1,
      "carry_histogram": {}
    },
    {
      "R": 10,
      "M": 1024,
      "N": 11115,
      "a": 67,
      "b": 65,
      "T": 14054,
      "q": 128,
      "H": 8,
      "base_cap_mass": 2,
      "nonzero_carries": 1,
      "exact_count": 2,
      "distinct_twisted_values": 1,
      "carry_histogram": {
        "0": 2
      }
    },
    {
      "R": 12,
      "M": 4096,
      "N": 42793,
      "a": 65,
      "b": 65,
      "T": 27161,
      "q": 256,
      "H": 16,
      "base_cap_mass": 0,
      "nonzero_carries": 0,
      "exact_count": 0,
      "distinct_twisted_values": 1,
      "carry_histogram": {}
    },
    {
      "R": 12,
      "M": 4096,
      "N": 33533,
      "a": 69,
      "b": 65,
      "T": 24772,
      "q": 256,
      "H": 16,
      "base_cap_mass": 0,
      "nonzero_carries": 0,
      "exact_count": 0,
      "distinct_twisted_values": 1,
      "carry_histogram": {}
    },
    {
      "R": 12,
      "M": 4096,
      "N": 38435,
      "a": 67,
      "b": 65,
      "T": 26134,
      "q": 256,
      "H": 16,
      "base_cap_mass": 1,
      "nonzero_carries": 1,
      "exact_count": 0,
      "distinct_twisted_values": 16,
      "carry_histogram": {
        "3": 1
      }
    },
    {
      "R": 12,
      "M": 4096,
      "N": 64989,
      "a": 69,
      "b": 65,
      "T": 34486,
      "q": 512,
      "H": 8,
      "base_cap_mass": 4,
      "nonzero_carries": 2,
      "exact_count": 2,
      "distinct_twisted_values": 4,
      "carry_histogram": {
        "0": 2,
        "2": 2
      }
    },
    {
      "R": 12,
      "M": 4096,
      "N": 37331,
      "a": 67,
      "b": 65,
      "T": 25756,
      "q": 256,
      "H": 16,
      "base_cap_mass": 2,
      "nonzero_carries": 1,
      "exact_count": 0,
      "distinct_twisted_values": 16,
      "carry_histogram": {
        "1": 2
      }
    },
    {
      "R": 12,
      "M": 4096,
      "N": 61871,
      "a": 71,
      "b": 65,
      "T": 34133,
      "q": 512,
      "H": 8,
      "base_cap_mass": 0,
      "nonzero_carries": 0,
      "exact_count": 0,
      "distinct_twisted_values": 1,
      "carry_histogram": {}
    },
    {
      "R": 12,
      "M": 4096,
      "N": 37015,
      "a": 71,
      "b": 65,
      "T": 26401,
      "q": 256,
      "H": 16,
      "base_cap_mass": 0,
      "nonzero_carries": 0,
      "exact_count": 0,
      "distinct_twisted_values": 1,
      "carry_histogram": {}
    },
    {
      "R": 12,
      "M": 4096,
      "N": 64463,
      "a": 71,
      "b": 65,
      "T": 34841,
      "q": 512,
      "H": 8,
      "base_cap_mass": 1,
      "nonzero_carries": 1,
      "exact_count": 0,
      "distinct_twisted_values": 4,
      "carry_histogram": {
        "2": 1
      }
    },
    {
      "R": 12,
      "M": 4096,
      "N": 37963,
      "a": 67,
      "b": 65,
      "T": 25973,
      "q": 256,
      "H": 16,
      "base_cap_mass": 0,
      "nonzero_carries": 0,
      "exact_count": 0,
      "distinct_twisted_values": 1,
      "carry_histogram": {}
    },
    {
      "R": 12,
      "M": 4096,
      "N": 64121,
      "a": 65,
      "b": 65,
      "T": 33247,
      "q": 512,
      "H": 8,
      "base_cap_mass": 0,
      "nonzero_carries": 0,
      "exact_count": 0,
      "distinct_twisted_values": 1,
      "carry_histogram": {}
    },
    {
      "R": 12,
      "M": 4096,
      "N": 53169,
      "a": 65,
      "b": 65,
      "T": 30275,
      "q": 512,
      "H": 8,
      "base_cap_mass": 0,
      "nonzero_carries": 0,
      "exact_count": 0,
      "distinct_twisted_values": 1,
      "carry_histogram": {}
    },
    {
      "R": 12,
      "M": 4096,
      "N": 47835,
      "a": 67,
      "b": 65,
      "T": 29155,
      "q": 256,
      "H": 16,
      "base_cap_mass": 0,
      "nonzero_carries": 0,
      "exact_count": 0,
      "distinct_twisted_values": 1,
      "carry_histogram": {}
    },
    {
      "R": 14,
      "M": 16384,
      "N": 156711,
      "a": 71,
      "b": 65,
      "T": 54323,
      "q": 512,
      "H": 32,
      "base_cap_mass": 1,
      "nonzero_carries": 1,
      "exact_count": 0,
      "distinct_twisted_values": 32,
      "carry_histogram": {
        "5": 1
      }
    },
    {
      "R": 14,
      "M": 16384,
      "N": 139087,
      "a": 71,
      "b": 65,
      "T": 51177,
      "q": 512,
      "H": 32,
      "base_cap_mass": 0,
      "nonzero_carries": 0,
      "exact_count": 0,
      "distinct_twisted_values": 1,
      "carry_histogram": {}
    },
    {
      "R": 14,
      "M": 16384,
      "N": 231571,
      "a": 67,
      "b": 65,
      "T": 64148,
      "q": 1024,
      "H": 16,
      "base_cap_mass": 1,
      "nonzero_carries": 1,
      "exact_count": 0,
      "distinct_twisted_values": 4,
      "carry_histogram": {
        "4": 1
      }
    },
    {
      "R": 14,
      "M": 16384,
      "N": 259545,
      "a": 65,
      "b": 65,
      "T": 66891,
      "q": 1024,
      "H": 16,
      "base_cap_mass": 0,
      "nonzero_carries": 0,
      "exact_count": 0,
      "distinct_twisted_values": 1,
      "carry_histogram": {}
    },
    {
      "R": 14,
      "M": 16384,
      "N": 162505,
      "a": 65,
      "b": 65,
      "T": 52929,
      "q": 512,
      "H": 32,
      "base_cap_mass": 0,
      "nonzero_carries": 0,
      "exact_count": 0,
      "distinct_twisted_values": 1,
      "carry_histogram": {}
    },
    {
      "R": 14,
      "M": 16384,
      "N": 141157,
      "a": 69,
      "b": 65,
      "T": 50825,
      "q": 512,
      "H": 32,
      "base_cap_mass": 0,
      "nonzero_carries": 0,
      "exact_count": 0,
      "distinct_twisted_values": 1,
      "carry_histogram": {}
    },
    {
      "R": 14,
      "M": 16384,
      "N": 227873,
      "a": 65,
      "b": 65,
      "T": 62677,
      "q": 1024,
      "H": 16,
      "base_cap_mass": 0,
      "nonzero_carries": 0,
      "exact_count": 0,
      "distinct_twisted_values": 1,
      "carry_histogram": {}
    },
    {
      "R": 14,
      "M": 16384,
      "N": 213289,
      "a": 65,
      "b": 65,
      "T": 60638,
      "q": 1024,
      "H": 16,
      "base_cap_mass": 0,
      "nonzero_carries": 0,
      "exact_count": 0,
      "distinct_twisted_values": 1,
      "carry_histogram": {}
    },
    {
      "R": 14,
      "M": 16384,
      "N": 250791,
      "a": 71,
      "b": 65,
      "T": 68721,
      "q": 1024,
      "H": 16,
      "base_cap_mass": 0,
      "nonzero_carries": 0,
      "exact_count": 0,
      "distinct_twisted_values": 1,
      "carry_histogram": {}
    },
    {
      "R": 14,
      "M": 16384,
      "N": 170655,
      "a": 71,
      "b": 65,
      "T": 56688,
      "q": 512,
      "H": 32,
      "base_cap_mass": 1,
      "nonzero_carries": 1,
      "exact_count": 1,
      "distinct_twisted_values": 1,
      "carry_histogram": {
        "0": 1
      }
    },
    {
      "R": 14,
      "M": 16384,
      "N": 229019,
      "a": 67,
      "b": 65,
      "T": 63794,
      "q": 1024,
      "H": 16,
      "base_cap_mass": 0,
      "nonzero_carries": 0,
      "exact_count": 0,
      "distinct_twisted_values": 1,
      "carry_histogram": {}
    },
    {
      "R": 14,
      "M": 16384,
      "N": 134193,
      "a": 65,
      "b": 65,
      "T": 48098,
      "q": 512,
      "H": 32,
      "base_cap_mass": 0,
      "nonzero_carries": 0,
      "exact_count": 0,
      "distinct_twisted_values": 1,
      "carry_histogram": {}
    },
    {
      "R": 16,
      "M": 65536,
      "N": 1040061,
      "a": 69,
      "b": 65,
      "T": 137962,
      "q": 2048,
      "H": 32,
      "base_cap_mass": 4,
      "nonzero_carries": 2,
      "exact_count": 0,
      "distinct_twisted_values": 25,
      "carry_histogram": {
        "3": 2,
        "5": 2
      }
    },
    {
      "R": 16,
      "M": 65536,
      "N": 908469,
      "a": 69,
      "b": 65,
      "T": 128939,
      "q": 2048,
      "H": 32,
      "base_cap_mass": 0,
      "nonzero_carries": 0,
      "exact_count": 0,
      "distinct_twisted_values": 1,
      "carry_histogram": {}
    },
    {
      "R": 16,
      "M": 65536,
      "N": 568597,
      "a": 69,
      "b": 65,
      "T": 102008,
      "q": 1024,
      "H": 64,
      "base_cap_mass": 1,
      "nonzero_carries": 1,
      "exact_count": 0,
      "distinct_twisted_values": 64,
      "carry_histogram": {
        "9": 1
      }
    },
    {
      "R": 16,
      "M": 65536,
      "N": 779567,
      "a": 71,
      "b": 65,
      "T": 121161,
      "q": 2048,
      "H": 32,
      "base_cap_mass": 0,
      "nonzero_carries": 0,
      "exact_count": 0,
      "distinct_twisted_values": 1,
      "carry_histogram": {}
    },
    {
      "R": 16,
      "M": 65536,
      "N": 656229,
      "a": 69,
      "b": 65,
      "T": 109587,
      "q": 1024,
      "H": 64,
      "base_cap_mass": 0,
      "nonzero_carries": 0,
      "exact_count": 0,
      "distinct_twisted_values": 1,
      "carry_histogram": {}
    },
    {
      "R": 16,
      "M": 65536,
      "N": 923751,
      "a": 71,
      "b": 65,
      "T": 131890,
      "q": 2048,
      "H": 32,
      "base_cap_mass": 1,
      "nonzero_carries": 1,
      "exact_count": 0,
      "distinct_twisted_values": 32,
      "carry_histogram": {
        "9": 1
      }
    },
    {
      "R": 16,
      "M": 65536,
      "N": 774397,
      "a": 69,
      "b": 65,
      "T": 119045,
      "q": 2048,
      "H": 32,
      "base_cap_mass": 2,
      "nonzero_carries": 1,
      "exact_count": 2,
      "distinct_twisted_values": 1,
      "carry_histogram": {
        "0": 2
      }
    },
    {
      "R": 16,
      "M": 65536,
      "N": 914149,
      "a": 69,
      "b": 65,
      "T": 129342,
      "q": 2048,
      "H": 32,
      "base_cap_mass": 0,
      "nonzero_carries": 0,
      "exact_count": 0,
      "distinct_twisted_values": 1,
      "carry_histogram": {}
    },
    {
      "R": 16,
      "M": 65536,
      "N": 725585,
      "a": 65,
      "b": 65,
      "T": 111843,
      "q": 1024,
      "H": 64,
      "base_cap_mass": 0,
      "nonzero_carries": 0,
      "exact_count": 0,
      "distinct_twisted_values": 1,
      "carry_histogram": {}
    },
    {
      "R": 16,
      "M": 65536,
      "N": 987945,
      "a": 65,
      "b": 65,
      "T": 130506,
      "q": 2048,
      "H": 32,
      "base_cap_mass": 2,
      "nonzero_carries": 1,
      "exact_count": 0,
      "distinct_twisted_values": 16,
      "carry_histogram": {
        "6": 2
      }
    },
    {
      "R": 16,
      "M": 65536,
      "N": 730429,
      "a": 69,
      "b": 65,
      "T": 115616,
      "q": 1024,
      "H": 64,
      "base_cap_mass": 1,
      "nonzero_carries": 1,
      "exact_count": 0,
      "distinct_twisted_values": 8,
      "carry_histogram": {
        "8": 1
      }
    },
    {
      "R": 16,
      "M": 65536,
      "N": 768267,
      "a": 67,
      "b": 65,
      "T": 116842,
      "q": 2048,
      "H": 32,
      "base_cap_mass": 0,
      "nonzero_carries": 0,
      "exact_count": 0,
      "distinct_twisted_values": 1,
      "carry_histogram": {}
    },
    {
      "R": 18,
      "M": 262144,
      "N": 3031851,
      "a": 67,
      "b": 65,
      "T": 232112,
      "q": 2048,
      "H": 128,
      "base_cap_mass": 1,
      "nonzero_carries": 1,
      "exact_count": 0,
      "distinct_twisted_values": 32,
      "carry_histogram": {
        "28": 1
      }
    },
    {
      "R": 18,
      "M": 262144,
      "N": 2831815,
      "a": 71,
      "b": 65,
      "T": 230924,
      "q": 2048,
      "H": 128,
      "base_cap_mass": 0,
      "nonzero_carries": 0,
      "exact_count": 0,
      "distinct_twisted_values": 1,
      "carry_histogram": {}
    },
    {
      "R": 18,
      "M": 262144,
      "N": 3492409,
      "a": 65,
      "b": 65,
      "T": 245373,
      "q": 4096,
      "H": 64,
      "base_cap_mass": 2,
      "nonzero_carries": 1,
      "exact_count": 0,
      "distinct_twisted_values": 16,
      "carry_histogram": {
        "12": 2
      }
    },
    {
      "R": 18,
      "M": 262144,
      "N": 2563051,
      "a": 67,
      "b": 65,
      "T": 213414,
      "q": 2048,
      "H": 128,
      "base_cap_mass": 2,
      "nonzero_carries": 1,
      "exact_count": 0,
      "distinct_twisted_values": 128,
      "carry_histogram": {
        "7": 2
      }
    },
    {
      "R": 18,
      "M": 262144,
      "N": 4147399,
      "a": 71,
      "b": 65,
      "T": 279463,
      "q": 4096,
      "H": 64,
      "base_cap_mass": 3,
      "nonzero_carries": 2,
      "exact_count": 0,
      "distinct_twisted_values": 64,
      "carry_histogram": {
        "11": 2,
        "17": 1
      }
    },
    {
      "R": 18,
      "M": 262144,
      "N": 2791031,
      "a": 71,
      "b": 65,
      "T": 229255,
      "q": 2048,
      "H": 128,
      "base_cap_mass": 1,
      "nonzero_carries": 1,
      "exact_count": 0,
      "distinct_twisted_values": 64,
      "carry_histogram": {
        "18": 1
      }
    },
    {
      "R": 18,
      "M": 262144,
      "N": 2610335,
      "a": 71,
      "b": 65,
      "T": 221710,
      "q": 2048,
      "H": 128,
      "base_cap_mass": 5,
      "nonzero_carries": 3,
      "exact_count": 0,
      "distinct_twisted_values": 128,
      "carry_histogram": {
        "3": 2,
        "5": 1,
        "10": 2
      }
    },
    {
      "R": 18,
      "M": 262144,
      "N": 3639343,
      "a": 71,
      "b": 65,
      "T": 261787,
      "q": 4096,
      "H": 64,
      "base_cap_mass": 1,
      "nonzero_carries": 1,
      "exact_count": 1,
      "distinct_twisted_values": 1,
      "carry_histogram": {
        "0": 1
      }
    },
    {
      "R": 18,
      "M": 262144,
      "N": 3645163,
      "a": 67,
      "b": 65,
      "T": 254509,
      "q": 4096,
      "H": 64,
      "base_cap_mass": 2,
      "nonzero_carries": 1,
      "exact_count": 0,
      "distinct_twisted_values": 16,
      "carry_histogram": {
        "4": 2
      }
    },
    {
      "R": 18,
      "M": 262144,
      "N": 4006643,
      "a": 67,
      "b": 65,
      "T": 266830,
      "q": 4096,
      "H": 64,
      "base_cap_mass": 0,
      "nonzero_carries": 0,
      "exact_count": 0,
      "distinct_twisted_values": 1,
      "carry_histogram": {}
    },
    {
      "R": 18,
      "M": 262144,
      "N": 2573717,
      "a": 69,
      "b": 65,
      "T": 217026,
      "q": 2048,
      "H": 128,
      "base_cap_mass": 0,
      "nonzero_carries": 0,
      "exact_count": 0,
      "distinct_twisted_values": 1,
      "carry_histogram": {}
    },
    {
      "R": 18,
      "M": 262144,
      "N": 2125245,
      "a": 69,
      "b": 65,
      "T": 197213,
      "q": 2048,
      "H": 128,
      "base_cap_mass": 2,
      "nonzero_carries": 2,
      "exact_count": 0,
      "distinct_twisted_values": 121,
      "carry_histogram": {
        "1": 1,
        "9": 1
      }
    }
  ]
}
