{
  "packet": "F292",
  "route": "F31",
  "prime": 1000003,
  "runtime_seconds": 0.03923229199426714,
  "results": [
    {
      "t": 3,
      "L": 8,
      "M": 64,
      "N": 1,
      "rows": 4,
      "distinct_lines": 4,
      "primitive_directions": 1,
      "gram_rank_mod_prime": 4
    },
    {
      "t": 3,
      "L": 8,
      "M": 64,
      "N": 3,
      "rows": 4,
      "distinct_lines": 2,
      "primitive_directions": 1,
      "gram_rank_mod_prime": 2
    },
    {
      "t": 3,
      "L": 8,
      "M": 64,
      "N": 11,
      "rows": 4,
      "distinct_lines": 2,
      "primitive_directions": 1,
      "gram_rank_mod_prime": 2
    },
    {
      "t": 3,
      "L": 8,
      "M": 64,
      "N": 21,
      "rows": 4,
      "distinct_lines": 2,
      "primitive_directions": 1,
      "gram_rank_mod_prime": 2
    },
    {
      "t": 3,
      "L": 8,
      "M": 64,
      "N": 63,
      "rows": 4,
      "distinct_lines": 4,
      "primitive_directions": 1,
      "gram_rank_mod_prime": 4
    },
    {
      "t": 4,
      "L": 16,
      "M": 256,
      "N": 1,
      "rows": 8,
      "distinct_lines": 6,
      "primitive_directions": 2,
      "gram_rank_mod_prime": 6
    },
    {
      "t": 4,
      "L": 16,
      "M": 256,
      "N": 3,
      "rows": 8,
      "distinct_lines": 8,
      "primitive_directions": 2,
      "gram_rank_mod_prime": 8
    },
    {
      "t": 4,
      "L": 16,
      "M": 256,
      "N": 11,
      "rows": 8,
      "distinct_lines": 8,
      "primitive_directions": 2,
      "gram_rank_mod_prime": 8
    },
    {
      "t": 4,
      "L": 16,
      "M": 256,
      "N": 85,
      "rows": 8,
      "distinct_lines": 6,
      "primitive_directions": 2,
      "gram_rank_mod_prime": 6
    },
    {
      "t": 4,
      "L": 16,
      "M": 256,
      "N": 255,
      "rows": 8,
      "distinct_lines": 6,
      "primitive_directions": 2,
      "gram_rank_mod_prime": 6
    },
    {
      "t": 5,
      "L": 32,
      "M": 1024,
      "N": 1,
      "rows": 16,
      "distinct_lines": 16,
      "primitive_directions": 4,
      "gram_rank_mod_prime": 16
    },
    {
      "t": 5,
      "L": 32,
      "M": 1024,
      "N": 3,
      "rows": 16,
      "distinct_lines": 16,
      "primitive_directions": 4,
      "gram_rank_mod_prime": 16
    },
    {
      "t": 5,
      "L": 32,
      "M": 1024,
      "N": 11,
      "rows": 16,
      "distinct_lines": 16,
      "primitive_directions": 4,
      "gram_rank_mod_prime": 16
    },
    {
      "t": 5,
      "L": 32,
      "M": 1024,
      "N": 341,
      "rows": 16,
      "distinct_lines": 16,
      "primitive_directions": 4,
      "gram_rank_mod_prime": 16
    },
    {
      "t": 5,
      "L": 32,
      "M": 1024,
      "N": 1023,
      "rows": 16,
      "distinct_lines": 16,
      "primitive_directions": 4,
      "gram_rank_mod_prime": 16
    },
    {
      "t": 6,
      "L": 64,
      "M": 4096,
      "N": 1,
      "rows": 32,
      "distinct_lines": 32,
      "primitive_directions": 8,
      "gram_rank_mod_prime": 32
    },
    {
      "t": 6,
      "L": 64,
      "M": 4096,
      "N": 3,
      "rows": 32,
      "distinct_lines": 32,
      "primitive_directions": 8,
      "gram_rank_mod_prime": 32
    },
    {
      "t": 6,
      "L": 64,
      "M": 4096,
      "N": 11,
      "rows": 32,
      "distinct_lines": 32,
      "primitive_directions": 8,
      "gram_rank_mod_prime": 32
    },
    {
      "t": 6,
      "L": 64,
      "M": 4096,
      "N": 1365,
      "rows": 32,
      "distinct_lines": 30,
      "primitive_directions": 8,
      "gram_rank_mod_prime": 30
    },
    {
      "t": 6,
      "L": 64,
      "M": 4096,
      "N": 4095,
      "rows": 32,
      "distinct_lines": 32,
      "primitive_directions": 8,
      "gram_rank_mod_prime": 32
    },
    {
      "t": 7,
      "L": 128,
      "M": 16384,
      "N": 1,
      "rows": 64,
      "distinct_lines": 64,
      "primitive_directions": 16,
      "gram_rank_mod_prime": 64
    },
    {
      "t": 7,
      "L": 128,
      "M": 16384,
      "N": 3,
      "rows": 64,
      "distinct_lines": 64,
      "primitive_directions": 16,
      "gram_rank_mod_prime": 64
    },
    {
      "t": 7,
      "L": 128,
      "M": 16384,
      "N": 11,
      "rows": 64,
      "distinct_lines": 64,
      "primitive_directions": 16,
      "gram_rank_mod_prime": 64
    },
    {
      "t": 7,
      "L": 128,
      "M": 16384,
      "N": 5461,
      "rows": 64,
      "distinct_lines": 62,
      "primitive_directions": 16,
      "gram_rank_mod_prime": 62
    },
    {
      "t": 7,
      "L": 128,
      "M": 16384,
      "N": 16383,
      "rows": 64,
      "distinct_lines": 64,
      "primitive_directions": 16,
      "gram_rank_mod_prime": 64
    },
    {
      "t": 8,
      "L": 256,
      "M": 65536,
      "N": 1,
      "rows": 128,
      "distinct_lines": 128,
      "primitive_directions": 32,
      "gram_rank_mod_prime": 128
    },
    {
      "t": 8,
      "L": 256,
      "M": 65536,
      "N": 3,
      "rows": 128,
      "distinct_lines": 128,
      "primitive_directions": 32,
      "gram_rank_mod_prime": 128
    },
    {
      "t": 8,
      "L": 256,
      "M": 65536,
      "N": 11,
      "rows": 128,
      "distinct_lines": 128,
      "primitive_directions": 32,
      "gram_rank_mod_prime": 128
    },
    {
      "t": 8,
      "L": 256,
      "M": 65536,
      "N": 21845,
      "rows": 128,
      "distinct_lines": 126,
      "primitive_directions": 32,
      "gram_rank_mod_prime": 126
    },
    {
      "t": 8,
      "L": 256,
      "M": 65536,
      "N": 65535,
      "rows": 128,
      "distinct_lines": 128,
      "primitive_directions": 32,
      "gram_rank_mod_prime": 128
    }
  ]
}
