{
  "packet": "F292",
  "route": "F31",
  "seed": 2922611,
  "runtime_seconds": 0.26774666699930094,
  "max_rss_bytes": 260456448,
  "gauss_reduction_checks": 447,
  "interior_kernel_checks": 43,
  "finite_part_checks": 117,
  "nonzero_removable_examples": [
    {
      "m": 8,
      "a": 1,
      "c": 0,
      "b": 4,
      "ell": 2,
      "root_index": 0,
      "residue": "0",
      "finite_part": "2*zeta8"
    },
    {
      "m": 9,
      "a": 2,
      "c": 0,
      "b": 6,
      "ell": 3,
      "root_index": 1,
      "residue": "0",
      "finite_part": "zeta9^3 + 2"
    },
    {
      "m": 9,
      "a": 1,
      "c": 0,
      "b": 6,
      "ell": 3,
      "root_index": 1,
      "residue": "0",
      "finite_part": "zeta9^3 + 2"
    }
  ],
  "cases": [
    {
      "m": 8,
      "a": 1,
      "c": 0,
      "b": 4,
      "ell": 2,
      "root_index": 0,
      "residue": "0",
      "finite_part": "2*zeta8"
    },
    {
      "m": 8,
      "a": 1,
      "c": 0,
      "b": 4,
      "ell": 2,
      "root_index": 1,
      "residue": "4*zeta8",
      "finite_part": "0"
    },
    {
      "m": 8,
      "a": 0,
      "c": 0,
      "b": 1,
      "ell": 8,
      "root_index": 0,
      "residue": "1",
      "finite_part": "7/2"
    },
    {
      "m": 8,
      "a": 0,
      "c": 0,
      "b": 1,
      "ell": 8,
      "root_index": 1,
      "residue": "1",
      "finite_part": "7/2"
    },
    {
      "m": 8,
      "a": 0,
      "c": 0,
      "b": 1,
      "ell": 8,
      "root_index": 4,
      "residue": "1",
      "finite_part": "7/2"
    },
    {
      "m": 8,
      "a": 1,
      "c": 0,
      "b": 0,
      "ell": 1,
      "root_index": 0,
      "residue": "4*zeta8",
      "finite_part": "0"
    },
    {
      "m": 4,
      "a": 3,
      "c": 0,
      "b": 1,
      "ell": 4,
      "root_index": 0,
      "residue": "1",
      "finite_part": "-zeta4 + 1/2"
    },
    {
      "m": 4,
      "a": 3,
      "c": 0,
      "b": 1,
      "ell": 4,
      "root_index": 1,
      "residue": "-zeta4",
      "finite_part": "-1/2*zeta4 + 1"
    },
    {
      "m": 4,
      "a": 3,
      "c": 0,
      "b": 1,
      "ell": 4,
      "root_index": 2,
      "residue": "1",
      "finite_part": "-zeta4 + 1/2"
    },
    {
      "m": 4,
      "a": 2,
      "c": 0,
      "b": 3,
      "ell": 4,
      "root_index": 0,
      "residue": "1",
      "finite_part": "-1/2"
    },
    {
      "m": 4,
      "a": 2,
      "c": 0,
      "b": 3,
      "ell": 4,
      "root_index": 1,
      "residue": "-1",
      "finite_part": "1/2"
    },
    {
      "m": 4,
      "a": 2,
      "c": 0,
      "b": 3,
      "ell": 4,
      "root_index": 2,
      "residue": "1",
      "finite_part": "-1/2"
    },
    {
      "m": 4,
      "a": 0,
      "c": 0,
      "b": 3,
      "ell": 4,
      "root_index": 0,
      "residue": "1",
      "finite_part": "3/2"
    },
    {
      "m": 4,
      "a": 0,
      "c": 0,
      "b": 3,
      "ell": 4,
      "root_index": 1,
      "residue": "1",
      "finite_part": "3/2"
    },
    {
      "m": 4,
      "a": 0,
      "c": 0,
      "b": 3,
      "ell": 4,
      "root_index": 2,
      "residue": "1",
      "finite_part": "3/2"
    },
    {
      "m": 6,
      "a": 4,
      "c": 0,
      "b": 0,
      "ell": 1,
      "root_index": 0,
      "residue": "-4*zeta6 + 2",
      "finite_part": "0"
    },
    {
      "m": 6,
      "a": 1,
      "c": 0,
      "b": 1,
      "ell": 6,
      "root_index": 0,
      "residue": "1",
      "finite_part": "-1/2"
    },
    {
      "m": 6,
      "a": 1,
      "c": 0,
      "b": 1,
      "ell": 6,
      "root_index": 1,
      "residue": "zeta6",
      "finite_part": "3/2*zeta6 - 2"
    },
    {
      "m": 6,
      "a": 1,
      "c": 0,
      "b": 1,
      "ell": 6,
      "root_index": 3,
      "residue": "-1",
      "finite_part": "1/2"
    },
    {
      "m": 6,
      "a": 2,
      "c": 0,
      "b": 1,
      "ell": 6,
      "root_index": 0,
      "residue": "1",
      "finite_part": "2*zeta6 - 3/2"
    },
    {
      "m": 6,
      "a": 2,
      "c": 0,
      "b": 1,
      "ell": 6,
      "root_index": 1,
      "residue": "zeta6 - 1",
      "finite_part": "5/2*zeta6 - 1/2"
    },
    {
      "m": 6,
      "a": 2,
      "c": 0,
      "b": 1,
      "ell": 6,
      "root_index": 3,
      "residue": "1",
      "finite_part": "2*zeta6 - 3/2"
    },
    {
      "m": 8,
      "a": 1,
      "c": 0,
      "b": 6,
      "ell": 4,
      "root_index": 0,
      "residue": "2",
      "finite_part": "2*zeta8 - 1"
    },
    {
      "m": 8,
      "a": 1,
      "c": 0,
      "b": 6,
      "ell": 4,
      "root_index": 1,
      "residue": "2*zeta8",
      "finite_part": "2*zeta8^2 + zeta8"
    },
    {
      "m": 8,
      "a": 1,
      "c": 0,
      "b": 6,
      "ell": 4,
      "root_index": 2,
      "residue": "-2",
      "finite_part": "2*zeta8 + 1"
    },
    {
      "m": 8,
      "a": 0,
      "c": 0,
      "b": 6,
      "ell": 4,
      "root_index": 0,
      "residue": "2",
      "finite_part": "3"
    },
    {
      "m": 8,
      "a": 0,
      "c": 0,
      "b": 6,
      "ell": 4,
      "root_index": 1,
      "residue": "2",
      "finite_part": "3"
    },
    {
      "m": 8,
      "a": 0,
      "c": 0,
      "b": 6,
      "ell": 4,
      "root_index": 2,
      "residue": "2",
      "finite_part": "3"
    },
    {
      "m": 8,
      "a": 4,
      "c": 0,
      "b": 5,
      "ell": 8,
      "root_index": 0,
      "residue": "1",
      "finite_part": "-1/2"
    },
    {
      "m": 8,
      "a": 4,
      "c": 0,
      "b": 5,
      "ell": 8,
      "root_index": 1,
      "residue": "-1",
      "finite_part": "1/2"
    },
    {
      "m": 8,
      "a": 4,
      "c": 0,
      "b": 5,
      "ell": 8,
      "root_index": 4,
      "residue": "1",
      "finite_part": "-1/2"
    },
    {
      "m": 9,
      "a": 2,
      "c": 0,
      "b": 6,
      "ell": 3,
      "root_index": 0,
      "residue": "3",
      "finite_part": "0"
    },
    {
      "m": 9,
      "a": 2,
      "c": 0,
      "b": 6,
      "ell": 3,
      "root_index": 1,
      "residue": "0",
      "finite_part": "zeta9^3 + 2"
    },
    {
      "m": 9,
      "a": 0,
      "c": 0,
      "b": 8,
      "ell": 9,
      "root_index": 0,
      "residue": "1",
      "finite_part": "4"
    },
    {
      "m": 9,
      "a": 0,
      "c": 0,
      "b": 8,
      "ell": 9,
      "root_index": 1,
      "residue": "1",
      "finite_part": "4"
    },
    {
      "m": 9,
      "a": 0,
      "c": 0,
      "b": 8,
      "ell": 9,
      "root_index": 4,
      "residue": "1",
      "finite_part": "4"
    },
    {
      "m": 9,
      "a": 1,
      "c": 0,
      "b": 6,
      "ell": 3,
      "root_index": 0,
      "residue": "3",
      "finite_part": "0"
    },
    {
      "m": 9,
      "a": 1,
      "c": 0,
      "b": 6,
      "ell": 3,
      "root_index": 1,
      "residue": "0",
      "finite_part": "zeta9^3 + 2"
    },
    {
      "m": 12,
      "a": 1,
      "c": 0,
      "b": 8,
      "ell": 3,
      "root_index": 0,
      "residue": "-2*zeta12^3 + 2",
      "finite_part": "2*zeta12^2 + 2*zeta12 - 2"
    },
    {
      "m": 12,
      "a": 1,
      "c": 0,
      "b": 8,
      "ell": 3,
      "root_index": 1,
      "residue": "2*zeta12^2 + 2*zeta12 - 2",
      "finite_part": "-2*zeta12^3 + 2*zeta12^2 + 2*zeta12"
    },
    {
      "m": 12,
      "a": 3,
      "c": 0,
      "b": 5,
      "ell": 12,
      "root_index": 0,
      "residue": "1",
      "finite_part": "3*zeta12^3 + 5/2"
    },
    {
      "m": 12,
      "a": 3,
      "c": 0,
      "b": 5,
      "ell": 12,
      "root_index": 1,
      "residue": "zeta12^3",
      "finite_part": "5/2*zeta12^3 + 3"
    },
    {
      "m": 12,
      "a": 3,
      "c": 0,
      "b": 5,
      "ell": 12,
      "root_index": 6,
      "residue": "1",
      "finite_part": "3*zeta12^3 + 5/2"
    },
    {
      "m": 12,
      "a": 11,
      "c": 0,
      "b": 7,
      "ell": 12,
      "root_index": 0,
      "residue": "1",
      "finite_part": "-zeta12^3 - 2*zeta12^2 + 2*zeta12 + 1/2"
    },
    {
      "m": 12,
      "a": 11,
      "c": 0,
      "b": 7,
      "ell": 12,
      "root_index": 1,
      "residue": "-zeta12^3 + zeta12",
      "finite_part": "-1/2*zeta12^3 + zeta12^2 + 5/2*zeta12 - 2"
    },
    {
      "m": 12,
      "a": 11,
      "c": 0,
      "b": 7,
      "ell": 12,
      "root_index": 6,
      "residue": "1",
      "finite_part": "-zeta12^3 - 2*zeta12^2 + 2*zeta12 + 1/2"
    },
    {
      "m": 15,
      "a": 13,
      "c": 0,
      "b": 12,
      "ell": 5,
      "root_index": 0,
      "residue": "-2*zeta15^5 - 1",
      "finite_part": "-zeta15^7 + 2*zeta15^5 - 2*zeta15^4 + zeta15^3 - zeta15^2 - 2*zeta15 + 2"
    },
    {
      "m": 15,
      "a": 13,
      "c": 0,
      "b": 12,
      "ell": 5,
      "root_index": 1,
      "residue": "-2*zeta15^7 + 2*zeta15^5 - 2*zeta15^4 + zeta15^3 - 2*zeta15 + 2",
      "finite_part": "0"
    },
    {
      "m": 15,
      "a": 13,
      "c": 0,
      "b": 12,
      "ell": 5,
      "root_index": 2,
      "residue": "zeta15^7 - zeta15^2",
      "finite_part": "-zeta15^7 + zeta15^6 + 2*zeta15^5 - 2*zeta15^4 + zeta15^3 - zeta15^2 + 2"
    },
    {
      "m": 15,
      "a": 2,
      "c": 0,
      "b": 3,
      "ell": 5,
      "root_index": 0,
      "residue": "2*zeta15^5 + 1",
      "finite_part": "zeta15^7 - 2*zeta15^5 + 2*zeta15^4 - zeta15^3 + zeta15^2 + 2*zeta15 - 2"
    },
    {
      "m": 15,
      "a": 2,
      "c": 0,
      "b": 3,
      "ell": 5,
      "root_index": 1,
      "residue": "-zeta15^7 + zeta15^2",
      "finite_part": "3*zeta15^7 - 2*zeta15^5 + 4*zeta15^4 - 2*zeta15^3 + zeta15^2 + 4*zeta15 - 3"
    },
    {
      "m": 15,
      "a": 2,
      "c": 0,
      "b": 3,
      "ell": 5,
      "root_index": 2,
      "residue": "2*zeta15^7 - 2*zeta15^5 + 2*zeta15^4 - zeta15^3 + 2*zeta15 - 2",
      "finite_part": "-zeta15^6 + 2*zeta15^5 + 2*zeta15^4 - zeta15^3 + 2*zeta15^2"
    },
    {
      "m": 15,
      "a": 8,
      "c": 0,
      "b": 6,
      "ell": 5,
      "root_index": 0,
      "residue": "2*zeta15^5 + 1",
      "finite_part": "zeta15^7 - 2*zeta15^5 + 2*zeta15^4 - zeta15^3 + zeta15^2 + 2*zeta15 - 2"
    },
    {
      "m": 15,
      "a": 8,
      "c": 0,
      "b": 6,
      "ell": 5,
      "root_index": 1,
      "residue": "-zeta15^7 + zeta15^2",
      "finite_part": "3*zeta15^7 - 2*zeta15^5 + 4*zeta15^4 - 2*zeta15^3 + zeta15^2 + 4*zeta15 - 3"
    },
    {
      "m": 15,
      "a": 8,
      "c": 0,
      "b": 6,
      "ell": 5,
      "root_index": 2,
      "residue": "2*zeta15^7 - 2*zeta15^5 + 2*zeta15^4 - zeta15^3 + 2*zeta15 - 2",
      "finite_part": "-zeta15^6 + 2*zeta15^5 + 2*zeta15^4 - zeta15^3 + 2*zeta15^2"
    },
    {
      "m": 16,
      "a": 5,
      "c": 0,
      "b": 1,
      "ell": 16,
      "root_index": 0,
      "residue": "1",
      "finite_part": "2*zeta16^4 + 3/2"
    },
    {
      "m": 16,
      "a": 5,
      "c": 0,
      "b": 1,
      "ell": 16,
      "root_index": 1,
      "residue": "zeta16^5",
      "finite_part": "-1/2*zeta16^5 + 4*zeta16^4 - 2*zeta16 + 4"
    },
    {
      "m": 16,
      "a": 5,
      "c": 0,
      "b": 1,
      "ell": 16,
      "root_index": 8,
      "residue": "1",
      "finite_part": "2*zeta16^4 + 3/2"
    },
    {
      "m": 16,
      "a": 4,
      "c": 0,
      "b": 2,
      "ell": 8,
      "root_index": 0,
      "residue": "2",
      "finite_part": "4*zeta16^4 + 3"
    },
    {
      "m": 16,
      "a": 4,
      "c": 0,
      "b": 2,
      "ell": 8,
      "root_index": 1,
      "residue": "2*zeta16^4",
      "finite_part": "3*zeta16^4 + 4"
    },
    {
      "m": 16,
      "a": 4,
      "c": 0,
      "b": 2,
      "ell": 8,
      "root_index": 4,
      "residue": "2",
      "finite_part": "4*zeta16^4 + 3"
    },
    {
      "m": 16,
      "a": 2,
      "c": 0,
      "b": 1,
      "ell": 16,
      "root_index": 0,
      "residue": "1",
      "finite_part": "4*zeta16^2 - 1/2"
    },
    {
      "m": 16,
      "a": 2,
      "c": 0,
      "b": 1,
      "ell": 16,
      "root_index": 1,
      "residue": "zeta16^2",
      "finite_part": "4*zeta16^4 + 7/2*zeta16^2"
    },
    {
      "m": 16,
      "a": 2,
      "c": 0,
      "b": 1,
      "ell": 16,
      "root_index": 8,
      "residue": "1",
      "finite_part": "4*zeta16^2 - 1/2"
    },
    {
      "m": 20,
      "a": 8,
      "c": 0,
      "b": 0,
      "ell": 1,
      "root_index": 0,
      "residue": "8*zeta20^6 - 8*zeta20^4 - 4",
      "finite_part": "0"
    },
    {
      "m": 20,
      "a": 14,
      "c": 0,
      "b": 12,
      "ell": 5,
      "root_index": 0,
      "residue": "0",
      "finite_part": "0"
    },
    {
      "m": 20,
      "a": 14,
      "c": 0,
      "b": 12,
      "ell": 5,
      "root_index": 1,
      "residue": "0",
      "finite_part": "0"
    },
    {
      "m": 20,
      "a": 14,
      "c": 0,
      "b": 12,
      "ell": 5,
      "root_index": 2,
      "residue": "0",
      "finite_part": "0"
    },
    {
      "m": 20,
      "a": 3,
      "c": 0,
      "b": 3,
      "ell": 20,
      "root_index": 0,
      "residue": "1",
      "finite_part": "2*zeta20^7 + 2*zeta20^6 - zeta20^5 - 2*zeta20^4 + 2*zeta20^3 - 3/2"
    },
    {
      "m": 20,
      "a": 3,
      "c": 0,
      "b": 3,
      "ell": 20,
      "root_index": 1,
      "residue": "zeta20^7",
      "finite_part": "1/2*zeta20^7 + 8*zeta20^6 - 4*zeta20^4 + 3*zeta20^2"
    },
    {
      "m": 20,
      "a": 3,
      "c": 0,
      "b": 3,
      "ell": 20,
      "root_index": 10,
      "residue": "1",
      "finite_part": "2*zeta20^7 + 2*zeta20^6 - zeta20^5 - 2*zeta20^4 + 2*zeta20^3 - 3/2"
    },
    {
      "m": 24,
      "a": 23,
      "c": 0,
      "b": 0,
      "ell": 1,
      "root_index": 0,
      "residue": "-8*zeta24^7 + 4*zeta24^3",
      "finite_part": "0"
    },
    {
      "m": 24,
      "a": 11,
      "c": 0,
      "b": 9,
      "ell": 8,
      "root_index": 0,
      "residue": "2*zeta24^4 - 1",
      "finite_part": "4*zeta24^7 - zeta24^4 - 2*zeta24^3 + 1/2"
    },
    {
      "m": 24,
      "a": 11,
      "c": 0,
      "b": 9,
      "ell": 8,
      "root_index": 1,
      "residue": "2*zeta24^7 - zeta24^3",
      "finite_part": "3*zeta24^7 + 2*zeta24^6 - 3/2*zeta24^3 - 4*zeta24^2"
    },
    {
      "m": 24,
      "a": 11,
      "c": 0,
      "b": 9,
      "ell": 8,
      "root_index": 4,
      "residue": "2*zeta24^4 - 1",
      "finite_part": "4*zeta24^7 - zeta24^4 - 2*zeta24^3 + 1/2"
    },
    {
      "m": 24,
      "a": 6,
      "c": 0,
      "b": 14,
      "ell": 12,
      "root_index": 0,
      "residue": "2",
      "finite_part": "6*zeta24^6 + 5"
    },
    {
      "m": 24,
      "a": 6,
      "c": 0,
      "b": 14,
      "ell": 12,
      "root_index": 1,
      "residue": "2*zeta24^6",
      "finite_part": "5*zeta24^6 + 6"
    },
    {
      "m": 24,
      "a": 6,
      "c": 0,
      "b": 14,
      "ell": 12,
      "root_index": 6,
      "residue": "2",
      "finite_part": "6*zeta24^6 + 5"
    },
    {
      "m": 25,
      "a": 8,
      "c": 0,
      "b": 12,
      "ell": 25,
      "root_index": 0,
      "residue": "1",
      "finite_part": "2"
    },
    {
      "m": 25,
      "a": 8,
      "c": 0,
      "b": 12,
      "ell": 25,
      "root_index": 1,
      "residue": "zeta25^7",
      "finite_part": "5*zeta25^9 - 2*zeta25^7 + 5"
    },
    {
      "m": 25,
      "a": 8,
      "c": 0,
      "b": 12,
      "ell": 25,
      "root_index": 12,
      "residue": "zeta25^8",
      "finite_part": "-5*zeta25^15 - zeta25^8 + 5*zeta25^6 - 5*zeta25^5 + 5*zeta25"
    },
    {
      "m": 25,
      "a": 17,
      "c": 0,
      "b": 8,
      "ell": 25,
      "root_index": 0,
      "residue": "1",
      "finite_part": "2"
    },
    {
      "m": 25,
      "a": 17,
      "c": 0,
      "b": 8,
      "ell": 25,
      "root_index": 1,
      "residue": "zeta25^3",
      "finite_part": "-5*zeta25^16 + 5*zeta25^10 - 5*zeta25^6 + 5*zeta25^5 + zeta25^3 - 5*zeta25 + 5"
    },
    {
      "m": 25,
      "a": 17,
      "c": 0,
      "b": 8,
      "ell": 25,
      "root_index": 12,
      "residue": "zeta25^7",
      "finite_part": "-5*zeta25^15 - 5*zeta25^9"
    },
    {
      "m": 25,
      "a": 14,
      "c": 0,
      "b": 22,
      "ell": 25,
      "root_index": 0,
      "residue": "1",
      "finite_part": "2"
    },
    {
      "m": 25,
      "a": 14,
      "c": 0,
      "b": 22,
      "ell": 25,
      "root_index": 1,
      "residue": "-zeta25^16 - zeta25^11 - zeta25^6 - zeta25",
      "finite_part": "5*zeta25^12 + 5*zeta25^5 + 5*zeta25^2 + 5"
    },
    {
      "m": 25,
      "a": 14,
      "c": 0,
      "b": 22,
      "ell": 25,
      "root_index": 12,
      "residue": "-zeta25^19 - zeta25^14 - zeta25^9 - zeta25^4",
      "finite_part": "2*zeta25^19 + 2*zeta25^14 - 5*zeta25^13 + 5*zeta25^10 + 2*zeta25^9 - 5*zeta25^8 + 2*zeta25^4 - 5*zeta25^3 + 5"
    },
    {
      "m": 32,
      "a": 24,
      "c": 0,
      "b": 10,
      "ell": 16,
      "root_index": 0,
      "residue": "2",
      "finite_part": "-8*zeta32^8 + 7"
    },
    {
      "m": 32,
      "a": 24,
      "c": 0,
      "b": 10,
      "ell": 16,
      "root_index": 1,
      "residue": "-2*zeta32^8",
      "finite_part": "-7*zeta32^8 + 8"
    },
    {
      "m": 32,
      "a": 24,
      "c": 0,
      "b": 10,
      "ell": 16,
      "root_index": 8,
      "residue": "2",
      "finite_part": "-8*zeta32^8 + 7"
    },
    {
      "m": 32,
      "a": 14,
      "c": 0,
      "b": 19,
      "ell": 32,
      "root_index": 0,
      "residue": "1",
      "finite_part": "-4*zeta32^8 + 7/2"
    },
    {
      "m": 32,
      "a": 14,
      "c": 0,
      "b": 19,
      "ell": 32,
      "root_index": 1,
      "residue": "-zeta32^14",
      "finite_part": "1/2*zeta32^14 + 4*zeta32^6"
    },
    {
      "m": 32,
      "a": 14,
      "c": 0,
      "b": 19,
      "ell": 32,
      "root_index": 16,
      "residue": "1",
      "finite_part": "-4*zeta32^8 + 7/2"
    },
    {
      "m": 32,
      "a": 9,
      "c": 0,
      "b": 3,
      "ell": 32,
      "root_index": 0,
      "residue": "1",
      "finite_part": "4*zeta32^4 - 1/2"
    },
    {
      "m": 32,
      "a": 9,
      "c": 0,
      "b": 3,
      "ell": 32,
      "root_index": 1,
      "residue": "zeta32",
      "finite_part": "4*zeta32^5 + 8*zeta32^4 - 5/2*zeta32"
    },
    {
      "m": 32,
      "a": 9,
      "c": 0,
      "b": 3,
      "ell": 32,
      "root_index": 16,
      "residue": "1",
      "finite_part": "4*zeta32^4 - 1/2"
    },
    {
      "m": 36,
      "a": 3,
      "c": 0,
      "b": 10,
      "ell": 18,
      "root_index": 0,
      "residue": "2",
      "finite_part": "-3*zeta36^9 + 6*zeta36^6 + 6*zeta36^3 - 4"
    },
    {
      "m": 36,
      "a": 3,
      "c": 0,
      "b": 10,
      "ell": 18,
      "root_index": 1,
      "residue": "2*zeta36^3",
      "finite_part": "15*zeta36^6 + 2*zeta36^3 - 3"
    },
    {
      "m": 36,
      "a": 3,
      "c": 0,
      "b": 10,
      "ell": 18,
      "root_index": 9,
      "residue": "-2*zeta36^9",
      "finite_part": "-2*zeta36^9 + 6*zeta36^6 + 6*zeta36^3 - 3"
    },
    {
      "m": 36,
      "a": 24,
      "c": 0,
      "b": 7,
      "ell": 36,
      "root_index": 0,
      "residue": "1",
      "finite_part": "-12*zeta36^6 + 11/2"
    },
    {
      "m": 36,
      "a": 24,
      "c": 0,
      "b": 7,
      "ell": 36,
      "root_index": 1,
      "residue": "-zeta36^6",
      "finite_part": "-11/2*zeta36^6"
    },
    {
      "m": 36,
      "a": 24,
      "c": 0,
      "b": 7,
      "ell": 36,
      "root_index": 18,
      "residue": "1",
      "finite_part": "-12*zeta36^6 + 11/2"
    },
    {
      "m": 36,
      "a": 27,
      "c": 0,
      "b": 20,
      "ell": 9,
      "root_index": 0,
      "residue": "-2*zeta36^9 + 2",
      "finite_part": "-8*zeta36^9 + 8"
    },
    {
      "m": 36,
      "a": 27,
      "c": 0,
      "b": 20,
      "ell": 9,
      "root_index": 1,
      "residue": "-2*zeta36^9 + 2",
      "finite_part": "-8*zeta36^9 + 8"
    },
    {
      "m": 36,
      "a": 27,
      "c": 0,
      "b": 20,
      "ell": 9,
      "root_index": 4,
      "residue": "-2*zeta36^9 + 2",
      "finite_part": "-8*zeta36^9 + 8"
    },
    {
      "m": 8,
      "a": 1,
      "c": 1,
      "b": 3,
      "ell": 8,
      "root_index": 0,
      "residue": "1",
      "finite_part": "-2*zeta8 - 3/2"
    },
    {
      "m": 8,
      "a": 1,
      "c": 1,
      "b": 3,
      "ell": 8,
      "root_index": 1,
      "residue": "-zeta8^2",
      "finite_part": "2*zeta8^3 - 1/2*zeta8^2"
    },
    {
      "m": 8,
      "a": 1,
      "c": 1,
      "b": 3,
      "ell": 8,
      "root_index": 4,
      "residue": "-1",
      "finite_part": "2*zeta8 + 3/2"
    },
    {
      "m": 12,
      "a": 4,
      "c": 2,
      "b": 2,
      "ell": 6,
      "root_index": 0,
      "residue": "2",
      "finite_part": "-4*zeta12^2 + 3"
    },
    {
      "m": 12,
      "a": 4,
      "c": 2,
      "b": 2,
      "ell": 6,
      "root_index": 1,
      "residue": "2*zeta12^2",
      "finite_part": "-zeta12^2"
    },
    {
      "m": 12,
      "a": 4,
      "c": 2,
      "b": 2,
      "ell": 6,
      "root_index": 3,
      "residue": "-2",
      "finite_part": "4*zeta12^2 - 3"
    },
    {
      "m": 16,
      "a": 6,
      "c": 3,
      "b": 4,
      "ell": 4,
      "root_index": 0,
      "residue": "0",
      "finite_part": "0"
    },
    {
      "m": 16,
      "a": 6,
      "c": 3,
      "b": 4,
      "ell": 4,
      "root_index": 1,
      "residue": "0",
      "finite_part": "0"
    },
    {
      "m": 16,
      "a": 6,
      "c": 3,
      "b": 4,
      "ell": 4,
      "root_index": 2,
      "residue": "0",
      "finite_part": "0"
    },
    {
      "m": 15,
      "a": 3,
      "c": 6,
      "b": 2,
      "ell": 15,
      "root_index": 0,
      "residue": "1",
      "finite_part": "3*zeta15^7 - 3*zeta15^3 + 3*zeta15^2 + 1"
    },
    {
      "m": 15,
      "a": 3,
      "c": 6,
      "b": 2,
      "ell": 15,
      "root_index": 1,
      "residue": "zeta15^7 - zeta15^6 - zeta15^3 + zeta15^2 - 1",
      "finite_part": "zeta15^7 - zeta15^6 - zeta15^3 + zeta15^2 - 1"
    },
    {
      "m": 15,
      "a": 3,
      "c": 6,
      "b": 2,
      "ell": 15,
      "root_index": 7,
      "residue": "-zeta15^7 - zeta15^2",
      "finite_part": "2*zeta15^7 - 3*zeta15^6 - 3*zeta15^3 + 2*zeta15^2"
    }
  ]
}
