{
  "packet": "F292",
  "route": "F31",
  "seed": 2922610,
  "runtime_seconds": 0.03362270799698308,
  "pointwise_reciprocity_checks": 48768,
  "cochrane_difference_checks": 123,
  "retained_F293_cross_checks": [
    [
      4,
      1
    ],
    [
      4,
      3
    ],
    [
      4,
      5
    ],
    [
      5,
      1
    ],
    [
      5,
      3
    ],
    [
      5,
      5
    ],
    [
      6,
      1
    ],
    [
      6,
      3
    ],
    [
      6,
      5
    ],
    [
      7,
      1
    ],
    [
      7,
      3
    ],
    [
      7,
      5
    ],
    [
      8,
      1
    ],
    [
      8,
      3
    ],
    [
      8,
      5
    ],
    [
      9,
      1
    ],
    [
      9,
      3
    ],
    [
      9,
      5
    ],
    [
      10,
      1
    ],
    [
      10,
      3
    ],
    [
      10,
      5
    ],
    [
      11,
      1
    ],
    [
      11,
      3
    ],
    [
      11,
      5
    ],
    [
      12,
      1
    ],
    [
      12,
      3
    ],
    [
      12,
      5
    ]
  ],
  "half_cases": [
    {
      "k": 4,
      "M": 16,
      "r": 1,
      "half_square_count": 2,
      "reciprocal_upper_count": 1,
      "boundary": 1,
      "smaller_modulus_calls": 4
    },
    {
      "k": 4,
      "M": 16,
      "r": 3,
      "half_square_count": 4,
      "reciprocal_upper_count": 2,
      "boundary": 2,
      "smaller_modulus_calls": 4
    },
    {
      "k": 4,
      "M": 16,
      "r": 5,
      "half_square_count": 4,
      "reciprocal_upper_count": 2,
      "boundary": 2,
      "smaller_modulus_calls": 4
    },
    {
      "k": 4,
      "M": 16,
      "r": 7,
      "half_square_count": 2,
      "reciprocal_upper_count": 0,
      "boundary": 2,
      "smaller_modulus_calls": 4
    },
    {
      "k": 4,
      "M": 16,
      "r": 9,
      "half_square_count": 2,
      "reciprocal_upper_count": 1,
      "boundary": 1,
      "smaller_modulus_calls": 4
    },
    {
      "k": 4,
      "M": 16,
      "r": 11,
      "half_square_count": 0,
      "reciprocal_upper_count": 1,
      "boundary": -1,
      "smaller_modulus_calls": 4
    },
    {
      "k": 4,
      "M": 16,
      "r": 13,
      "half_square_count": 0,
      "reciprocal_upper_count": 1,
      "boundary": -1,
      "smaller_modulus_calls": 4
    },
    {
      "k": 4,
      "M": 16,
      "r": 15,
      "half_square_count": 2,
      "reciprocal_upper_count": 1,
      "boundary": 1,
      "smaller_modulus_calls": 4
    },
    {
      "k": 5,
      "M": 32,
      "r": 1,
      "half_square_count": 6,
      "reciprocal_upper_count": 5,
      "boundary": 1,
      "smaller_modulus_calls": 8
    },
    {
      "k": 5,
      "M": 32,
      "r": 3,
      "half_square_count": 8,
      "reciprocal_upper_count": 6,
      "boundary": 2,
      "smaller_modulus_calls": 8
    },
    {
      "k": 5,
      "M": 32,
      "r": 5,
      "half_square_count": 4,
      "reciprocal_upper_count": 2,
      "boundary": 2,
      "smaller_modulus_calls": 8
    },
    {
      "k": 5,
      "M": 32,
      "r": 7,
      "half_square_count": 6,
      "reciprocal_upper_count": 4,
      "boundary": 2,
      "smaller_modulus_calls": 8
    },
    {
      "k": 5,
      "M": 32,
      "r": 9,
      "half_square_count": 6,
      "reciprocal_upper_count": 3,
      "boundary": 3,
      "smaller_modulus_calls": 8
    },
    {
      "k": 5,
      "M": 32,
      "r": 11,
      "half_square_count": 4,
      "reciprocal_upper_count": 2,
      "boundary": 2,
      "smaller_modulus_calls": 8
    },
    {
      "k": 5,
      "M": 32,
      "r": 13,
      "half_square_count": 8,
      "reciprocal_upper_count": 6,
      "boundary": 2,
      "smaller_modulus_calls": 8
    },
    {
      "k": 5,
      "M": 32,
      "r": 15,
      "half_square_count": 6,
      "reciprocal_upper_count": 2,
      "boundary": 4,
      "smaller_modulus_calls": 8
    },
    {
      "k": 5,
      "M": 32,
      "r": 17,
      "half_square_count": 2,
      "reciprocal_upper_count": 2,
      "boundary": 0,
      "smaller_modulus_calls": 8
    },
    {
      "k": 5,
      "M": 32,
      "r": 19,
      "half_square_count": 0,
      "reciprocal_upper_count": 1,
      "boundary": -1,
      "smaller_modulus_calls": 8
    },
    {
      "k": 5,
      "M": 32,
      "r": 21,
      "half_square_count": 4,
      "reciprocal_upper_count": 3,
      "boundary": 1,
      "smaller_modulus_calls": 8
    },
    {
      "k": 5,
      "M": 32,
      "r": 23,
      "half_square_count": 2,
      "reciprocal_upper_count": 3,
      "boundary": -1,
      "smaller_modulus_calls": 8
    },
    {
      "k": 5,
      "M": 32,
      "r": 25,
      "half_square_count": 2,
      "reciprocal_upper_count": 3,
      "boundary": -1,
      "smaller_modulus_calls": 8
    },
    {
      "k": 5,
      "M": 32,
      "r": 27,
      "half_square_count": 4,
      "reciprocal_upper_count": 3,
      "boundary": 1,
      "smaller_modulus_calls": 8
    },
    {
      "k": 5,
      "M": 32,
      "r": 29,
      "half_square_count": 0,
      "reciprocal_upper_count": 1,
      "boundary": -1,
      "smaller_modulus_calls": 8
    },
    {
      "k": 5,
      "M": 32,
      "r": 31,
      "half_square_count": 2,
      "reciprocal_upper_count": 5,
      "boundary": -3,
      "smaller_modulus_calls": 8
    },
    {
      "k": 6,
      "M": 64,
      "r": 1,
      "half_square_count": 6,
      "reciprocal_upper_count": 5,
      "boundary": 1,
      "smaller_modulus_calls": 16
    },
    {
      "k": 6,
      "M": 64,
      "r": 3,
      "half_square_count": 8,
      "reciprocal_upper_count": 6,
      "boundary": 2,
      "smaller_modulus_calls": 16
    },
    {
      "k": 6,
      "M": 64,
      "r": 5,
      "half_square_count": 12,
      "reciprocal_upper_count": 10,
      "boundary": 2,
      "smaller_modulus_calls": 16
    },
    {
      "k": 6,
      "M": 64,
      "r": 7,
      "half_square_count": 10,
      "reciprocal_upper_count": 8,
      "boundary": 2,
      "smaller_modulus_calls": 16
    },
    {
      "k": 6,
      "M": 64,
      "r": 9,
      "half_square_count": 6,
      "reciprocal_upper_count": 3,
      "boundary": 3,
      "smaller_modulus_calls": 16
    },
    {
      "k": 6,
      "M": 64,
      "r": 11,
      "half_square_count": 12,
      "reciprocal_upper_count": 10,
      "boundary": 2,
      "smaller_modulus_calls": 16
    },
    {
      "k": 6,
      "M": 64,
      "r": 13,
      "half_square_count": 8,
      "reciprocal_upper_count": 6,
      "boundary": 2,
      "smaller_modulus_calls": 16
    },
    {
      "k": 6,
      "M": 64,
      "r": 15,
      "half_square_count": 14,
      "reciprocal_upper_count": 10,
      "boundary": 4,
      "smaller_modulus_calls": 16
    },
    {
      "k": 6,
      "M": 64,
      "r": 17,
      "half_square_count": 14,
      "reciprocal_upper_count": 12,
      "boundary": 2,
      "smaller_modulus_calls": 16
    },
    {
      "k": 6,
      "M": 64,
      "r": 19,
      "half_square_count": 8,
      "reciprocal_upper_count": 6,
      "boundary": 2,
      "smaller_modulus_calls": 16
    },
    {
      "k": 6,
      "M": 64,
      "r": 21,
      "half_square_count": 12,
      "reciprocal_upper_count": 8,
      "boundary": 4,
      "smaller_modulus_calls": 16
    },
    {
      "k": 6,
      "M": 64,
      "r": 23,
      "half_square_count": 6,
      "reciprocal_upper_count": 4,
      "boundary": 2,
      "smaller_modulus_calls": 16
    },
    {
      "k": 6,
      "M": 64,
      "r": 25,
      "half_square_count": 10,
      "reciprocal_upper_count": 7,
      "boundary": 3,
      "smaller_modulus_calls": 16
    },
    {
      "k": 6,
      "M": 64,
      "r": 27,
      "half_square_count": 12,
      "reciprocal_upper_count": 8,
      "boundary": 4,
      "smaller_modulus_calls": 16
    },
    {
      "k": 6,
      "M": 64,
      "r": 29,
      "half_square_count": 8,
      "reciprocal_upper_count": 6,
      "boundary": 2,
      "smaller_modulus_calls": 16
    },
    {
      "k": 6,
      "M": 64,
      "r": 31,
      "half_square_count": 6,
      "reciprocal_upper_count": 4,
      "boundary": 2,
      "smaller_modulus_calls": 16
    },
    {
      "k": 6,
      "M": 64,
      "r": 33,
      "half_square_count": 10,
      "reciprocal_upper_count": 8,
      "boundary": 2,
      "smaller_modulus_calls": 16
    },
    {
      "k": 6,
      "M": 64,
      "r": 35,
      "half_square_count": 8,
      "reciprocal_upper_count": 7,
      "boundary": 1,
      "smaller_modulus_calls": 16
    },
    {
      "k": 6,
      "M": 64,
      "r": 37,
      "half_square_count": 4,
      "reciprocal_upper_count": 5,
      "boundary": -1,
      "smaller_modulus_calls": 16
    },
    {
      "k": 6,
      "M": 64,
      "r": 39,
      "half_square_count": 6,
      "reciprocal_upper_count": 5,
      "boundary": 1,
      "smaller_modulus_calls": 16
    },
    {
      "k": 6,
      "M": 64,
      "r": 41,
      "half_square_count": 10,
      "reciprocal_upper_count": 12,
      "boundary": -2,
      "smaller_modulus_calls": 16
    },
    {
      "k": 6,
      "M": 64,
      "r": 43,
      "half_square_count": 4,
      "reciprocal_upper_count": 5,
      "boundary": -1,
      "smaller_modulus_calls": 16
    },
    {
      "k": 6,
      "M": 64,
      "r": 45,
      "half_square_count": 8,
      "reciprocal_upper_count": 5,
      "boundary": 3,
      "smaller_modulus_calls": 16
    },
    {
      "k": 6,
      "M": 64,
      "r": 47,
      "half_square_count": 2,
      "reciprocal_upper_count": 5,
      "boundary": -3,
      "smaller_modulus_calls": 16
    },
    {
      "k": 6,
      "M": 64,
      "r": 49,
      "half_square_count": 2,
      "reciprocal_upper_count": 2,
      "boundary": 0,
      "smaller_modulus_calls": 16
    },
    {
      "k": 6,
      "M": 64,
      "r": 51,
      "half_square_count": 8,
      "reciprocal_upper_count": 7,
      "boundary": 1,
      "smaller_modulus_calls": 16
    },
    {
      "k": 6,
      "M": 64,
      "r": 53,
      "half_square_count": 4,
      "reciprocal_upper_count": 7,
      "boundary": -3,
      "smaller_modulus_calls": 16
    },
    {
      "k": 6,
      "M": 64,
      "r": 55,
      "half_square_count": 10,
      "reciprocal_upper_count": 9,
      "boundary": 1,
      "smaller_modulus_calls": 16
    },
    {
      "k": 6,
      "M": 64,
      "r": 57,
      "half_square_count": 6,
      "reciprocal_upper_count": 6,
      "boundary": 0,
      "smaller_modulus_calls": 16
    },
    {
      "k": 6,
      "M": 64,
      "r": 59,
      "half_square_count": 4,
      "reciprocal_upper_count": 7,
      "boundary": -3,
      "smaller_modulus_calls": 16
    },
    {
      "k": 6,
      "M": 64,
      "r": 61,
      "half_square_count": 8,
      "reciprocal_upper_count": 9,
      "boundary": -1,
      "smaller_modulus_calls": 16
    },
    {
      "k": 6,
      "M": 64,
      "r": 63,
      "half_square_count": 10,
      "reciprocal_upper_count": 7,
      "boundary": 3,
      "smaller_modulus_calls": 16
    },
    {
      "k": 7,
      "M": 128,
      "r": 1,
      "half_square_count": 22,
      "reciprocal_upper_count": 21,
      "boundary": 1,
      "smaller_modulus_calls": 32
    },
    {
      "k": 7,
      "M": 128,
      "r": 3,
      "half_square_count": 16,
      "reciprocal_upper_count": 14,
      "boundary": 2,
      "smaller_modulus_calls": 32
    },
    {
      "k": 7,
      "M": 128,
      "r": 5,
      "half_square_count": 20,
      "reciprocal_upper_count": 18,
      "boundary": 2,
      "smaller_modulus_calls": 32
    },
    {
      "k": 7,
      "M": 128,
      "r": 7,
      "half_square_count": 26,
      "reciprocal_upper_count": 24,
      "boundary": 2,
      "smaller_modulus_calls": 32
    },
    {
      "k": 7,
      "M": 128,
      "r": 9,
      "half_square_count": 14,
      "reciprocal_upper_count": 11,
      "boundary": 3,
      "smaller_modulus_calls": 32
    },
    {
      "k": 7,
      "M": 128,
      "r": 13,
      "half_square_count": 16,
      "reciprocal_upper_count": 14,
      "boundary": 2,
      "smaller_modulus_calls": 32
    },
    {
      "k": 7,
      "M": 128,
      "r": 21,
      "half_square_count": 20,
      "reciprocal_upper_count": 16,
      "boundary": 4,
      "smaller_modulus_calls": 32
    },
    {
      "k": 7,
      "M": 128,
      "r": 23,
      "half_square_count": 18,
      "reciprocal_upper_count": 16,
      "boundary": 2,
      "smaller_modulus_calls": 32
    },
    {
      "k": 7,
      "M": 128,
      "r": 57,
      "half_square_count": 26,
      "reciprocal_upper_count": 22,
      "boundary": 4,
      "smaller_modulus_calls": 32
    },
    {
      "k": 7,
      "M": 128,
      "r": 59,
      "half_square_count": 20,
      "reciprocal_upper_count": 18,
      "boundary": 2,
      "smaller_modulus_calls": 32
    },
    {
      "k": 7,
      "M": 128,
      "r": 61,
      "half_square_count": 16,
      "reciprocal_upper_count": 14,
      "boundary": 2,
      "smaller_modulus_calls": 32
    },
    {
      "k": 7,
      "M": 128,
      "r": 65,
      "half_square_count": 10,
      "reciprocal_upper_count": 8,
      "boundary": 2,
      "smaller_modulus_calls": 32
    },
    {
      "k": 7,
      "M": 128,
      "r": 67,
      "half_square_count": 16,
      "reciprocal_upper_count": 17,
      "boundary": -1,
      "smaller_modulus_calls": 32
    },
    {
      "k": 7,
      "M": 128,
      "r": 73,
      "half_square_count": 18,
      "reciprocal_upper_count": 20,
      "boundary": -2,
      "smaller_modulus_calls": 32
    },
    {
      "k": 7,
      "M": 128,
      "r": 77,
      "half_square_count": 16,
      "reciprocal_upper_count": 15,
      "boundary": 1,
      "smaller_modulus_calls": 32
    },
    {
      "k": 7,
      "M": 128,
      "r": 79,
      "half_square_count": 6,
      "reciprocal_upper_count": 9,
      "boundary": -3,
      "smaller_modulus_calls": 32
    },
    {
      "k": 7,
      "M": 128,
      "r": 95,
      "half_square_count": 18,
      "reciprocal_upper_count": 17,
      "boundary": 1,
      "smaller_modulus_calls": 32
    },
    {
      "k": 7,
      "M": 128,
      "r": 97,
      "half_square_count": 18,
      "reciprocal_upper_count": 21,
      "boundary": -3,
      "smaller_modulus_calls": 32
    },
    {
      "k": 7,
      "M": 128,
      "r": 115,
      "half_square_count": 16,
      "reciprocal_upper_count": 17,
      "boundary": -1,
      "smaller_modulus_calls": 32
    },
    {
      "k": 7,
      "M": 128,
      "r": 125,
      "half_square_count": 16,
      "reciprocal_upper_count": 15,
      "boundary": 1,
      "smaller_modulus_calls": 32
    },
    {
      "k": 7,
      "M": 128,
      "r": 127,
      "half_square_count": 10,
      "reciprocal_upper_count": 15,
      "boundary": -5,
      "smaller_modulus_calls": 32
    },
    {
      "k": 8,
      "M": 256,
      "r": 1,
      "half_square_count": 22,
      "reciprocal_upper_count": 21,
      "boundary": 1,
      "smaller_modulus_calls": 64
    },
    {
      "k": 8,
      "M": 256,
      "r": 3,
      "half_square_count": 32,
      "reciprocal_upper_count": 30,
      "boundary": 2,
      "smaller_modulus_calls": 64
    },
    {
      "k": 8,
      "M": 256,
      "r": 5,
      "half_square_count": 36,
      "reciprocal_upper_count": 34,
      "boundary": 2,
      "smaller_modulus_calls": 64
    },
    {
      "k": 8,
      "M": 256,
      "r": 23,
      "half_square_count": 30,
      "reciprocal_upper_count": 28,
      "boundary": 2,
      "smaller_modulus_calls": 64
    },
    {
      "k": 8,
      "M": 256,
      "r": 27,
      "half_square_count": 36,
      "reciprocal_upper_count": 32,
      "boundary": 4,
      "smaller_modulus_calls": 64
    },
    {
      "k": 8,
      "M": 256,
      "r": 43,
      "half_square_count": 36,
      "reciprocal_upper_count": 34,
      "boundary": 2,
      "smaller_modulus_calls": 64
    },
    {
      "k": 8,
      "M": 256,
      "r": 59,
      "half_square_count": 44,
      "reciprocal_upper_count": 42,
      "boundary": 2,
      "smaller_modulus_calls": 64
    },
    {
      "k": 8,
      "M": 256,
      "r": 71,
      "half_square_count": 30,
      "reciprocal_upper_count": 28,
      "boundary": 2,
      "smaller_modulus_calls": 64
    },
    {
      "k": 8,
      "M": 256,
      "r": 73,
      "half_square_count": 42,
      "reciprocal_upper_count": 40,
      "boundary": 2,
      "smaller_modulus_calls": 64
    },
    {
      "k": 8,
      "M": 256,
      "r": 77,
      "half_square_count": 40,
      "reciprocal_upper_count": 36,
      "boundary": 4,
      "smaller_modulus_calls": 64
    },
    {
      "k": 8,
      "M": 256,
      "r": 87,
      "half_square_count": 38,
      "reciprocal_upper_count": 34,
      "boundary": 4,
      "smaller_modulus_calls": 64
    },
    {
      "k": 8,
      "M": 256,
      "r": 103,
      "half_square_count": 26,
      "reciprocal_upper_count": 24,
      "boundary": 2,
      "smaller_modulus_calls": 64
    },
    {
      "k": 8,
      "M": 256,
      "r": 119,
      "half_square_count": 30,
      "reciprocal_upper_count": 26,
      "boundary": 4,
      "smaller_modulus_calls": 64
    },
    {
      "k": 8,
      "M": 256,
      "r": 153,
      "half_square_count": 38,
      "reciprocal_upper_count": 36,
      "boundary": 2,
      "smaller_modulus_calls": 64
    },
    {
      "k": 8,
      "M": 256,
      "r": 159,
      "half_square_count": 26,
      "reciprocal_upper_count": 25,
      "boundary": 1,
      "smaller_modulus_calls": 64
    },
    {
      "k": 8,
      "M": 256,
      "r": 193,
      "half_square_count": 18,
      "reciprocal_upper_count": 21,
      "boundary": -3,
      "smaller_modulus_calls": 64
    },
    {
      "k": 8,
      "M": 256,
      "r": 203,
      "half_square_count": 36,
      "reciprocal_upper_count": 39,
      "boundary": -3,
      "smaller_modulus_calls": 64
    },
    {
      "k": 8,
      "M": 256,
      "r": 219,
      "half_square_count": 36,
      "reciprocal_upper_count": 37,
      "boundary": -1,
      "smaller_modulus_calls": 64
    },
    {
      "k": 8,
      "M": 256,
      "r": 227,
      "half_square_count": 24,
      "reciprocal_upper_count": 29,
      "boundary": -5,
      "smaller_modulus_calls": 64
    },
    {
      "k": 8,
      "M": 256,
      "r": 237,
      "half_square_count": 32,
      "reciprocal_upper_count": 31,
      "boundary": 1,
      "smaller_modulus_calls": 64
    },
    {
      "k": 8,
      "M": 256,
      "r": 239,
      "half_square_count": 38,
      "reciprocal_upper_count": 41,
      "boundary": -3,
      "smaller_modulus_calls": 64
    },
    {
      "k": 8,
      "M": 256,
      "r": 247,
      "half_square_count": 34,
      "reciprocal_upper_count": 35,
      "boundary": -1,
      "smaller_modulus_calls": 64
    },
    {
      "k": 8,
      "M": 256,
      "r": 255,
      "half_square_count": 42,
      "reciprocal_upper_count": 37,
      "boundary": 5,
      "smaller_modulus_calls": 64
    },
    {
      "k": 9,
      "M": 512,
      "r": 1,
      "half_square_count": 62,
      "reciprocal_upper_count": 61,
      "boundary": 1,
      "smaller_modulus_calls": 128
    },
    {
      "k": 9,
      "M": 512,
      "r": 3,
      "half_square_count": 80,
      "reciprocal_upper_count": 78,
      "boundary": 2,
      "smaller_modulus_calls": 128
    },
    {
      "k": 9,
      "M": 512,
      "r": 5,
      "half_square_count": 76,
      "reciprocal_upper_count": 74,
      "boundary": 2,
      "smaller_modulus_calls": 128
    },
    {
      "k": 9,
      "M": 512,
      "r": 21,
      "half_square_count": 76,
      "reciprocal_upper_count": 72,
      "boundary": 4,
      "smaller_modulus_calls": 128
    },
    {
      "k": 9,
      "M": 512,
      "r": 41,
      "half_square_count": 78,
      "reciprocal_upper_count": 76,
      "boundary": 2,
      "smaller_modulus_calls": 128
    },
    {
      "k": 9,
      "M": 512,
      "r": 53,
      "half_square_count": 60,
      "reciprocal_upper_count": 58,
      "boundary": 2,
      "smaller_modulus_calls": 128
    },
    {
      "k": 9,
      "M": 512,
      "r": 71,
      "half_square_count": 62,
      "reciprocal_upper_count": 60,
      "boundary": 2,
      "smaller_modulus_calls": 128
    },
    {
      "k": 9,
      "M": 512,
      "r": 75,
      "half_square_count": 68,
      "reciprocal_upper_count": 62,
      "boundary": 6,
      "smaller_modulus_calls": 128
    },
    {
      "k": 9,
      "M": 512,
      "r": 99,
      "half_square_count": 64,
      "reciprocal_upper_count": 58,
      "boundary": 6,
      "smaller_modulus_calls": 128
    },
    {
      "k": 9,
      "M": 512,
      "r": 109,
      "half_square_count": 72,
      "reciprocal_upper_count": 70,
      "boundary": 2,
      "smaller_modulus_calls": 128
    },
    {
      "k": 9,
      "M": 512,
      "r": 115,
      "half_square_count": 72,
      "reciprocal_upper_count": 68,
      "boundary": 4,
      "smaller_modulus_calls": 128
    },
    {
      "k": 9,
      "M": 512,
      "r": 121,
      "half_square_count": 78,
      "reciprocal_upper_count": 75,
      "boundary": 3,
      "smaller_modulus_calls": 128
    },
    {
      "k": 9,
      "M": 512,
      "r": 237,
      "half_square_count": 56,
      "reciprocal_upper_count": 52,
      "boundary": 4,
      "smaller_modulus_calls": 128
    },
    {
      "k": 9,
      "M": 512,
      "r": 245,
      "half_square_count": 76,
      "reciprocal_upper_count": 70,
      "boundary": 6,
      "smaller_modulus_calls": 128
    },
    {
      "k": 9,
      "M": 512,
      "r": 247,
      "half_square_count": 78,
      "reciprocal_upper_count": 74,
      "boundary": 4,
      "smaller_modulus_calls": 128
    },
    {
      "k": 9,
      "M": 512,
      "r": 315,
      "half_square_count": 68,
      "reciprocal_upper_count": 59,
      "boundary": 9,
      "smaller_modulus_calls": 128
    },
    {
      "k": 9,
      "M": 512,
      "r": 365,
      "half_square_count": 56,
      "reciprocal_upper_count": 55,
      "boundary": 1,
      "smaller_modulus_calls": 128
    },
    {
      "k": 9,
      "M": 512,
      "r": 379,
      "half_square_count": 60,
      "reciprocal_upper_count": 63,
      "boundary": -3,
      "smaller_modulus_calls": 128
    },
    {
      "k": 9,
      "M": 512,
      "r": 453,
      "half_square_count": 68,
      "reciprocal_upper_count": 67,
      "boundary": 1,
      "smaller_modulus_calls": 128
    },
    {
      "k": 9,
      "M": 512,
      "r": 463,
      "half_square_count": 70,
      "reciprocal_upper_count": 75,
      "boundary": -5,
      "smaller_modulus_calls": 128
    },
    {
      "k": 9,
      "M": 512,
      "r": 481,
      "half_square_count": 70,
      "reciprocal_upper_count": 76,
      "boundary": -6,
      "smaller_modulus_calls": 128
    },
    {
      "k": 9,
      "M": 512,
      "r": 487,
      "half_square_count": 54,
      "reciprocal_upper_count": 61,
      "boundary": -7,
      "smaller_modulus_calls": 128
    },
    {
      "k": 9,
      "M": 512,
      "r": 511,
      "half_square_count": 66,
      "reciprocal_upper_count": 71,
      "boundary": -5,
      "smaller_modulus_calls": 128
    },
    {
      "k": 10,
      "M": 1024,
      "r": 1,
      "half_square_count": 102,
      "reciprocal_upper_count": 101,
      "boundary": 1,
      "smaller_modulus_calls": 256
    },
    {
      "k": 10,
      "M": 1024,
      "r": 3,
      "half_square_count": 112,
      "reciprocal_upper_count": 110,
      "boundary": 2,
      "smaller_modulus_calls": 256
    },
    {
      "k": 10,
      "M": 1024,
      "r": 5,
      "half_square_count": 116,
      "reciprocal_upper_count": 114,
      "boundary": 2,
      "smaller_modulus_calls": 256
    },
    {
      "k": 10,
      "M": 1024,
      "r": 37,
      "half_square_count": 108,
      "reciprocal_upper_count": 106,
      "boundary": 2,
      "smaller_modulus_calls": 256
    },
    {
      "k": 10,
      "M": 1024,
      "r": 99,
      "half_square_count": 136,
      "reciprocal_upper_count": 130,
      "boundary": 6,
      "smaller_modulus_calls": 256
    },
    {
      "k": 10,
      "M": 1024,
      "r": 195,
      "half_square_count": 128,
      "reciprocal_upper_count": 120,
      "boundary": 8,
      "smaller_modulus_calls": 256
    },
    {
      "k": 10,
      "M": 1024,
      "r": 213,
      "half_square_count": 132,
      "reciprocal_upper_count": 128,
      "boundary": 4,
      "smaller_modulus_calls": 256
    },
    {
      "k": 10,
      "M": 1024,
      "r": 279,
      "half_square_count": 138,
      "reciprocal_upper_count": 132,
      "boundary": 6,
      "smaller_modulus_calls": 256
    },
    {
      "k": 10,
      "M": 1024,
      "r": 315,
      "half_square_count": 132,
      "reciprocal_upper_count": 120,
      "boundary": 12,
      "smaller_modulus_calls": 256
    },
    {
      "k": 10,
      "M": 1024,
      "r": 391,
      "half_square_count": 110,
      "reciprocal_upper_count": 106,
      "boundary": 4,
      "smaller_modulus_calls": 256
    },
    {
      "k": 10,
      "M": 1024,
      "r": 449,
      "half_square_count": 142,
      "reciprocal_upper_count": 140,
      "boundary": 2,
      "smaller_modulus_calls": 256
    },
    {
      "k": 10,
      "M": 1024,
      "r": 451,
      "half_square_count": 144,
      "reciprocal_upper_count": 140,
      "boundary": 4,
      "smaller_modulus_calls": 256
    },
    {
      "k": 10,
      "M": 1024,
      "r": 513,
      "half_square_count": 154,
      "reciprocal_upper_count": 148,
      "boundary": 6,
      "smaller_modulus_calls": 256
    },
    {
      "k": 10,
      "M": 1024,
      "r": 523,
      "half_square_count": 132,
      "reciprocal_upper_count": 133,
      "boundary": -1,
      "smaller_modulus_calls": 256
    },
    {
      "k": 10,
      "M": 1024,
      "r": 609,
      "half_square_count": 142,
      "reciprocal_upper_count": 137,
      "boundary": 5,
      "smaller_modulus_calls": 256
    },
    {
      "k": 10,
      "M": 1024,
      "r": 617,
      "half_square_count": 130,
      "reciprocal_upper_count": 137,
      "boundary": -7,
      "smaller_modulus_calls": 256
    },
    {
      "k": 10,
      "M": 1024,
      "r": 639,
      "half_square_count": 114,
      "reciprocal_upper_count": 111,
      "boundary": 3,
      "smaller_modulus_calls": 256
    },
    {
      "k": 10,
      "M": 1024,
      "r": 755,
      "half_square_count": 128,
      "reciprocal_upper_count": 131,
      "boundary": -3,
      "smaller_modulus_calls": 256
    },
    {
      "k": 10,
      "M": 1024,
      "r": 761,
      "half_square_count": 122,
      "reciprocal_upper_count": 125,
      "boundary": -3,
      "smaller_modulus_calls": 256
    },
    {
      "k": 10,
      "M": 1024,
      "r": 819,
      "half_square_count": 120,
      "reciprocal_upper_count": 111,
      "boundary": 9,
      "smaller_modulus_calls": 256
    },
    {
      "k": 10,
      "M": 1024,
      "r": 837,
      "half_square_count": 108,
      "reciprocal_upper_count": 107,
      "boundary": 1,
      "smaller_modulus_calls": 256
    },
    {
      "k": 10,
      "M": 1024,
      "r": 999,
      "half_square_count": 142,
      "reciprocal_upper_count": 137,
      "boundary": 5,
      "smaller_modulus_calls": 256
    },
    {
      "k": 10,
      "M": 1024,
      "r": 1013,
      "half_square_count": 132,
      "reciprocal_upper_count": 135,
      "boundary": -3,
      "smaller_modulus_calls": 256
    },
    {
      "k": 10,
      "M": 1024,
      "r": 1023,
      "half_square_count": 154,
      "reciprocal_upper_count": 151,
      "boundary": 3,
      "smaller_modulus_calls": 256
    },
    {
      "k": 11,
      "M": 2048,
      "r": 1,
      "half_square_count": 238,
      "reciprocal_upper_count": 237,
      "boundary": 1,
      "smaller_modulus_calls": 512
    },
    {
      "k": 11,
      "M": 2048,
      "r": 3,
      "half_square_count": 256,
      "reciprocal_upper_count": 254,
      "boundary": 2,
      "smaller_modulus_calls": 512
    },
    {
      "k": 11,
      "M": 2048,
      "r": 5,
      "half_square_count": 252,
      "reciprocal_upper_count": 250,
      "boundary": 2,
      "smaller_modulus_calls": 512
    },
    {
      "k": 11,
      "M": 2048,
      "r": 9,
      "half_square_count": 278,
      "reciprocal_upper_count": 275,
      "boundary": 3,
      "smaller_modulus_calls": 512
    },
    {
      "k": 11,
      "M": 2048,
      "r": 193,
      "half_square_count": 258,
      "reciprocal_upper_count": 256,
      "boundary": 2,
      "smaller_modulus_calls": 512
    },
    {
      "k": 11,
      "M": 2048,
      "r": 195,
      "half_square_count": 232,
      "reciprocal_upper_count": 224,
      "boundary": 8,
      "smaller_modulus_calls": 512
    },
    {
      "k": 11,
      "M": 2048,
      "r": 281,
      "half_square_count": 246,
      "reciprocal_upper_count": 244,
      "boundary": 2,
      "smaller_modulus_calls": 512
    },
    {
      "k": 11,
      "M": 2048,
      "r": 337,
      "half_square_count": 270,
      "reciprocal_upper_count": 268,
      "boundary": 2,
      "smaller_modulus_calls": 512
    },
    {
      "k": 11,
      "M": 2048,
      "r": 355,
      "half_square_count": 264,
      "reciprocal_upper_count": 260,
      "boundary": 4,
      "smaller_modulus_calls": 512
    },
    {
      "k": 11,
      "M": 2048,
      "r": 421,
      "half_square_count": 252,
      "reciprocal_upper_count": 250,
      "boundary": 2,
      "smaller_modulus_calls": 512
    },
    {
      "k": 11,
      "M": 2048,
      "r": 543,
      "half_square_count": 254,
      "reciprocal_upper_count": 250,
      "boundary": 4,
      "smaller_modulus_calls": 512
    },
    {
      "k": 11,
      "M": 2048,
      "r": 635,
      "half_square_count": 252,
      "reciprocal_upper_count": 248,
      "boundary": 4,
      "smaller_modulus_calls": 512
    },
    {
      "k": 11,
      "M": 2048,
      "r": 735,
      "half_square_count": 254,
      "reciprocal_upper_count": 242,
      "boundary": 12,
      "smaller_modulus_calls": 512
    },
    {
      "k": 11,
      "M": 2048,
      "r": 901,
      "half_square_count": 220,
      "reciprocal_upper_count": 216,
      "boundary": 4,
      "smaller_modulus_calls": 512
    },
    {
      "k": 11,
      "M": 2048,
      "r": 1089,
      "half_square_count": 246,
      "reciprocal_upper_count": 242,
      "boundary": 4,
      "smaller_modulus_calls": 512
    },
    {
      "k": 11,
      "M": 2048,
      "r": 1251,
      "half_square_count": 264,
      "reciprocal_upper_count": 261,
      "boundary": 3,
      "smaller_modulus_calls": 512
    },
    {
      "k": 11,
      "M": 2048,
      "r": 1255,
      "half_square_count": 226,
      "reciprocal_upper_count": 231,
      "boundary": -5,
      "smaller_modulus_calls": 512
    },
    {
      "k": 11,
      "M": 2048,
      "r": 1509,
      "half_square_count": 260,
      "reciprocal_upper_count": 261,
      "boundary": -1,
      "smaller_modulus_calls": 512
    },
    {
      "k": 11,
      "M": 2048,
      "r": 1571,
      "half_square_count": 256,
      "reciprocal_upper_count": 257,
      "boundary": -1,
      "smaller_modulus_calls": 512
    },
    {
      "k": 11,
      "M": 2048,
      "r": 1581,
      "half_square_count": 248,
      "reciprocal_upper_count": 243,
      "boundary": 5,
      "smaller_modulus_calls": 512
    },
    {
      "k": 11,
      "M": 2048,
      "r": 1599,
      "half_square_count": 254,
      "reciprocal_upper_count": 253,
      "boundary": 1,
      "smaller_modulus_calls": 512
    },
    {
      "k": 11,
      "M": 2048,
      "r": 1869,
      "half_square_count": 256,
      "reciprocal_upper_count": 255,
      "boundary": 1,
      "smaller_modulus_calls": 512
    },
    {
      "k": 11,
      "M": 2048,
      "r": 1959,
      "half_square_count": 210,
      "reciprocal_upper_count": 215,
      "boundary": -5,
      "smaller_modulus_calls": 512
    },
    {
      "k": 11,
      "M": 2048,
      "r": 2047,
      "half_square_count": 274,
      "reciprocal_upper_count": 279,
      "boundary": -5,
      "smaller_modulus_calls": 512
    },
    {
      "k": 12,
      "M": 4096,
      "r": 1,
      "half_square_count": 454,
      "reciprocal_upper_count": 453,
      "boundary": 1,
      "smaller_modulus_calls": 1024
    },
    {
      "k": 12,
      "M": 4096,
      "r": 3,
      "half_square_count": 488,
      "reciprocal_upper_count": 486,
      "boundary": 2,
      "smaller_modulus_calls": 1024
    },
    {
      "k": 12,
      "M": 4096,
      "r": 5,
      "half_square_count": 484,
      "reciprocal_upper_count": 482,
      "boundary": 2,
      "smaller_modulus_calls": 1024
    },
    {
      "k": 12,
      "M": 4096,
      "r": 85,
      "half_square_count": 540,
      "reciprocal_upper_count": 536,
      "boundary": 4,
      "smaller_modulus_calls": 1024
    },
    {
      "k": 12,
      "M": 4096,
      "r": 99,
      "half_square_count": 536,
      "reciprocal_upper_count": 530,
      "boundary": 6,
      "smaller_modulus_calls": 1024
    },
    {
      "k": 12,
      "M": 4096,
      "r": 343,
      "half_square_count": 494,
      "reciprocal_upper_count": 490,
      "boundary": 4,
      "smaller_modulus_calls": 1024
    },
    {
      "k": 12,
      "M": 4096,
      "r": 439,
      "half_square_count": 486,
      "reciprocal_upper_count": 484,
      "boundary": 2,
      "smaller_modulus_calls": 1024
    },
    {
      "k": 12,
      "M": 4096,
      "r": 677,
      "half_square_count": 468,
      "reciprocal_upper_count": 466,
      "boundary": 2,
      "smaller_modulus_calls": 1024
    },
    {
      "k": 12,
      "M": 4096,
      "r": 1093,
      "half_square_count": 500,
      "reciprocal_upper_count": 498,
      "boundary": 2,
      "smaller_modulus_calls": 1024
    },
    {
      "k": 12,
      "M": 4096,
      "r": 1299,
      "half_square_count": 552,
      "reciprocal_upper_count": 548,
      "boundary": 4,
      "smaller_modulus_calls": 1024
    },
    {
      "k": 12,
      "M": 4096,
      "r": 1313,
      "half_square_count": 566,
      "reciprocal_upper_count": 562,
      "boundary": 4,
      "smaller_modulus_calls": 1024
    },
    {
      "k": 12,
      "M": 4096,
      "r": 1707,
      "half_square_count": 532,
      "reciprocal_upper_count": 528,
      "boundary": 4,
      "smaller_modulus_calls": 1024
    },
    {
      "k": 12,
      "M": 4096,
      "r": 1991,
      "half_square_count": 562,
      "reciprocal_upper_count": 558,
      "boundary": 4,
      "smaller_modulus_calls": 1024
    },
    {
      "k": 12,
      "M": 4096,
      "r": 2237,
      "half_square_count": 496,
      "reciprocal_upper_count": 503,
      "boundary": -7,
      "smaller_modulus_calls": 1024
    },
    {
      "k": 12,
      "M": 4096,
      "r": 2363,
      "half_square_count": 516,
      "reciprocal_upper_count": 525,
      "boundary": -9,
      "smaller_modulus_calls": 1024
    },
    {
      "k": 12,
      "M": 4096,
      "r": 2389,
      "half_square_count": 492,
      "reciprocal_upper_count": 495,
      "boundary": -3,
      "smaller_modulus_calls": 1024
    },
    {
      "k": 12,
      "M": 4096,
      "r": 2763,
      "half_square_count": 532,
      "reciprocal_upper_count": 535,
      "boundary": -3,
      "smaller_modulus_calls": 1024
    },
    {
      "k": 12,
      "M": 4096,
      "r": 2859,
      "half_square_count": 516,
      "reciprocal_upper_count": 515,
      "boundary": 1,
      "smaller_modulus_calls": 1024
    },
    {
      "k": 12,
      "M": 4096,
      "r": 3027,
      "half_square_count": 504,
      "reciprocal_upper_count": 505,
      "boundary": -1,
      "smaller_modulus_calls": 1024
    },
    {
      "k": 12,
      "M": 4096,
      "r": 3155,
      "half_square_count": 488,
      "reciprocal_upper_count": 493,
      "boundary": -5,
      "smaller_modulus_calls": 1024
    },
    {
      "k": 12,
      "M": 4096,
      "r": 3243,
      "half_square_count": 532,
      "reciprocal_upper_count": 529,
      "boundary": 3,
      "smaller_modulus_calls": 1024
    },
    {
      "k": 12,
      "M": 4096,
      "r": 3455,
      "half_square_count": 514,
      "reciprocal_upper_count": 519,
      "boundary": -5,
      "smaller_modulus_calls": 1024
    },
    {
      "k": 12,
      "M": 4096,
      "r": 3669,
      "half_square_count": 508,
      "reciprocal_upper_count": 507,
      "boundary": 1,
      "smaller_modulus_calls": 1024
    },
    {
      "k": 12,
      "M": 4096,
      "r": 4095,
      "half_square_count": 570,
      "reciprocal_upper_count": 551,
      "boundary": 19,
      "smaller_modulus_calls": 1024
    }
  ],
  "cap_cases": [
    {
      "N": 12827,
      "M": 1024,
      "r": 539,
      "Q": 12,
      "a": 67,
      "b": 65,
      "T": 15097,
      "smaller_modulus_calls": 17,
      "largest_modulus": 128,
      "exact_count": 2,
      "points": [
        [
          101,
          127
        ],
        [
          127,
          101
        ]
      ]
    },
    {
      "N": 12851,
      "M": 1024,
      "r": 563,
      "Q": 12,
      "a": 67,
      "b": 65,
      "T": 15111,
      "smaller_modulus_calls": 17,
      "largest_modulus": 128,
      "exact_count": 0,
      "points": []
    },
    {
      "N": 9885,
      "M": 1024,
      "r": 669,
      "Q": 9,
      "a": 69,
      "b": 65,
      "T": 13449,
      "smaller_modulus_calls": 15,
      "largest_modulus": 111,
      "exact_count": 0,
      "points": []
    },
    {
      "N": 12547,
      "M": 1024,
      "r": 259,
      "Q": 12,
      "a": 67,
      "b": 65,
      "T": 14931,
      "smaller_modulus_calls": 17,
      "largest_modulus": 127,
      "exact_count": 0,
      "points": []
    },
    {
      "N": 12903,
      "M": 1024,
      "r": 615,
      "Q": 12,
      "a": 71,
      "b": 65,
      "T": 15587,
      "smaller_modulus_calls": 17,
      "largest_modulus": 125,
      "exact_count": 0,
      "points": []
    },
    {
      "N": 9053,
      "M": 1024,
      "r": 861,
      "Q": 8,
      "a": 69,
      "b": 65,
      "T": 12871,
      "smaller_modulus_calls": 14,
      "largest_modulus": 106,
      "exact_count": 0,
      "points": []
    },
    {
      "N": 13007,
      "M": 1024,
      "r": 719,
      "Q": 12,
      "a": 71,
      "b": 65,
      "T": 15650,
      "smaller_modulus_calls": 17,
      "largest_modulus": 125,
      "exact_count": 0,
      "points": []
    },
    {
      "N": 11895,
      "M": 1024,
      "r": 631,
      "Q": 11,
      "a": 71,
      "b": 65,
      "T": 14966,
      "smaller_modulus_calls": 16,
      "largest_modulus": 120,
      "exact_count": 0,
      "points": []
    },
    {
      "N": 13629,
      "M": 1024,
      "r": 317,
      "Q": 13,
      "a": 69,
      "b": 65,
      "T": 15792,
      "smaller_modulus_calls": 17,
      "largest_modulus": 130,
      "exact_count": 0,
      "points": []
    },
    {
      "N": 11357,
      "M": 1024,
      "r": 93,
      "Q": 11,
      "a": 69,
      "b": 65,
      "T": 14416,
      "smaller_modulus_calls": 16,
      "largest_modulus": 119,
      "exact_count": 0,
      "points": []
    },
    {
      "N": 15327,
      "M": 1024,
      "r": 991,
      "Q": 14,
      "a": 71,
      "b": 65,
      "T": 16988,
      "smaller_modulus_calls": 18,
      "largest_modulus": 136,
      "exact_count": 2,
      "points": [
        [
          117,
          131
        ],
        [
          131,
          117
        ]
      ]
    },
    {
      "N": 13515,
      "M": 1024,
      "r": 203,
      "Q": 13,
      "a": 67,
      "b": 65,
      "T": 15497,
      "smaller_modulus_calls": 17,
      "largest_modulus": 131,
      "exact_count": 0,
      "points": []
    },
    {
      "N": 14287,
      "M": 1024,
      "r": 975,
      "Q": 13,
      "a": 71,
      "b": 65,
      "T": 16402,
      "smaller_modulus_calls": 17,
      "largest_modulus": 131,
      "exact_count": 0,
      "points": []
    },
    {
      "N": 11115,
      "M": 1024,
      "r": 875,
      "Q": 10,
      "a": 67,
      "b": 65,
      "T": 14054,
      "smaller_modulus_calls": 16,
      "largest_modulus": 119,
      "exact_count": 2,
      "points": [
        [
          95,
          117
        ],
        [
          117,
          95
        ]
      ]
    },
    {
      "N": 42793,
      "M": 4096,
      "r": 1833,
      "Q": 10,
      "a": 65,
      "b": 65,
      "T": 27161,
      "smaller_modulus_calls": 30,
      "largest_modulus": 238,
      "exact_count": 0,
      "points": []
    },
    {
      "N": 33533,
      "M": 4096,
      "r": 765,
      "Q": 8,
      "a": 69,
      "b": 65,
      "T": 24772,
      "smaller_modulus_calls": 26,
      "largest_modulus": 204,
      "exact_count": 0,
      "points": []
    },
    {
      "N": 38435,
      "M": 4096,
      "r": 1571,
      "Q": 9,
      "a": 67,
      "b": 65,
      "T": 26134,
      "smaller_modulus_calls": 28,
      "largest_modulus": 222,
      "exact_count": 0,
      "points": []
    },
    {
      "N": 64989,
      "M": 4096,
      "r": 3549,
      "Q": 15,
      "a": 69,
      "b": 65,
      "T": 34486,
      "smaller_modulus_calls": 36,
      "largest_modulus": 284,
      "exact_count": 2,
      "points": [
        [
          249,
          261
        ],
        [
          261,
          249
        ]
      ]
    },
    {
      "N": 37331,
      "M": 4096,
      "r": 467,
      "Q": 9,
      "a": 67,
      "b": 65,
      "T": 25756,
      "smaller_modulus_calls": 28,
      "largest_modulus": 219,
      "exact_count": 0,
      "points": []
    },
    {
      "N": 61871,
      "M": 4096,
      "r": 431,
      "Q": 15,
      "a": 71,
      "b": 65,
      "T": 34133,
      "smaller_modulus_calls": 35,
      "largest_modulus": 274,
      "exact_count": 0,
      "points": []
    },
    {
      "N": 37015,
      "M": 4096,
      "r": 151,
      "Q": 9,
      "a": 71,
      "b": 65,
      "T": 26401,
      "smaller_modulus_calls": 27,
      "largest_modulus": 212,
      "exact_count": 0,
      "points": []
    },
    {
      "N": 64463,
      "M": 4096,
      "r": 3023,
      "Q": 15,
      "a": 71,
      "b": 65,
      "T": 34841,
      "smaller_modulus_calls": 36,
      "largest_modulus": 279,
      "exact_count": 0,
      "points": []
    },
    {
      "N": 37963,
      "M": 4096,
      "r": 1099,
      "Q": 9,
      "a": 67,
      "b": 65,
      "T": 25973,
      "smaller_modulus_calls": 29,
      "largest_modulus": 221,
      "exact_count": 0,
      "points": []
    },
    {
      "N": 64121,
      "M": 4096,
      "r": 2681,
      "Q": 15,
      "a": 65,
      "b": 65,
      "T": 33247,
      "smaller_modulus_calls": 37,
      "largest_modulus": 291,
      "exact_count": 0,
      "points": []
    },
    {
      "N": 53169,
      "M": 4096,
      "r": 4017,
      "Q": 12,
      "a": 65,
      "b": 65,
      "T": 30275,
      "smaller_modulus_calls": 34,
      "largest_modulus": 265,
      "exact_count": 0,
      "points": []
    },
    {
      "N": 47835,
      "M": 4096,
      "r": 2779,
      "Q": 11,
      "a": 67,
      "b": 65,
      "T": 29155,
      "smaller_modulus_calls": 31,
      "largest_modulus": 248,
      "exact_count": 0,
      "points": []
    },
    {
      "N": 156711,
      "M": 16384,
      "r": 9255,
      "Q": 9,
      "a": 71,
      "b": 65,
      "T": 54323,
      "smaller_modulus_calls": 55,
      "largest_modulus": 436,
      "exact_count": 0,
      "points": []
    },
    {
      "N": 139087,
      "M": 16384,
      "r": 8015,
      "Q": 8,
      "a": 71,
      "b": 65,
      "T": 51177,
      "smaller_modulus_calls": 51,
      "largest_modulus": 410,
      "exact_count": 0,
      "points": []
    },
    {
      "N": 231571,
      "M": 16384,
      "r": 2195,
      "Q": 14,
      "a": 67,
      "b": 65,
      "T": 64148,
      "smaller_modulus_calls": 68,
      "largest_modulus": 545,
      "exact_count": 0,
      "points": []
    },
    {
      "N": 259545,
      "M": 16384,
      "r": 13785,
      "Q": 15,
      "a": 65,
      "b": 65,
      "T": 66891,
      "smaller_modulus_calls": 73,
      "largest_modulus": 586,
      "exact_count": 0,
      "points": []
    },
    {
      "N": 162505,
      "M": 16384,
      "r": 15049,
      "Q": 9,
      "a": 65,
      "b": 65,
      "T": 52929,
      "smaller_modulus_calls": 58,
      "largest_modulus": 464,
      "exact_count": 0,
      "points": []
    },
    {
      "N": 141157,
      "M": 16384,
      "r": 10085,
      "Q": 8,
      "a": 69,
      "b": 65,
      "T": 50825,
      "smaller_modulus_calls": 53,
      "largest_modulus": 419,
      "exact_count": 0,
      "points": []
    },
    {
      "N": 227873,
      "M": 16384,
      "r": 14881,
      "Q": 13,
      "a": 65,
      "b": 65,
      "T": 62677,
      "smaller_modulus_calls": 69,
      "largest_modulus": 549,
      "exact_count": 0,
      "points": []
    },
    {
      "N": 213289,
      "M": 16384,
      "r": 297,
      "Q": 13,
      "a": 65,
      "b": 65,
      "T": 60638,
      "smaller_modulus_calls": 66,
      "largest_modulus": 531,
      "exact_count": 0,
      "points": []
    },
    {
      "N": 250791,
      "M": 16384,
      "r": 5031,
      "Q": 15,
      "a": 71,
      "b": 65,
      "T": 68721,
      "smaller_modulus_calls": 69,
      "largest_modulus": 551,
      "exact_count": 0,
      "points": []
    },
    {
      "N": 170655,
      "M": 16384,
      "r": 6815,
      "Q": 10,
      "a": 71,
      "b": 65,
      "T": 56688,
      "smaller_modulus_calls": 57,
      "largest_modulus": 455,
      "exact_count": 1,
      "points": [
        [
          367,
          465
        ]
      ]
    },
    {
      "N": 229019,
      "M": 16384,
      "r": 16027,
      "Q": 13,
      "a": 67,
      "b": 65,
      "T": 63794,
      "smaller_modulus_calls": 67,
      "largest_modulus": 542,
      "exact_count": 0,
      "points": []
    },
    {
      "N": 134193,
      "M": 16384,
      "r": 3121,
      "Q": 8,
      "a": 65,
      "b": 65,
      "T": 48098,
      "smaller_modulus_calls": 53,
      "largest_modulus": 421,
      "exact_count": 0,
      "points": []
    },
    {
      "N": 1040061,
      "M": 65536,
      "r": 57021,
      "Q": 15,
      "a": 69,
      "b": 65,
      "T": 137962,
      "smaller_modulus_calls": 141,
      "largest_modulus": 1140,
      "exact_count": 0,
      "points": []
    },
    {
      "N": 908469,
      "M": 65536,
      "r": 56501,
      "Q": 13,
      "a": 69,
      "b": 65,
      "T": 128939,
      "smaller_modulus_calls": 132,
      "largest_modulus": 1065,
      "exact_count": 0,
      "points": []
    },
    {
      "N": 568597,
      "M": 65536,
      "r": 44309,
      "Q": 8,
      "a": 69,
      "b": 65,
      "T": 102008,
      "smaller_modulus_calls": 104,
      "largest_modulus": 842,
      "exact_count": 0,
      "points": []
    },
    {
      "N": 779567,
      "M": 65536,
      "r": 58671,
      "Q": 11,
      "a": 71,
      "b": 65,
      "T": 121161,
      "smaller_modulus_calls": 121,
      "largest_modulus": 973,
      "exact_count": 0,
      "points": []
    },
    {
      "N": 656229,
      "M": 65536,
      "r": 869,
      "Q": 10,
      "a": 69,
      "b": 65,
      "T": 109587,
      "smaller_modulus_calls": 113,
      "largest_modulus": 905,
      "exact_count": 0,
      "points": []
    },
    {
      "N": 923751,
      "M": 65536,
      "r": 6247,
      "Q": 14,
      "a": 71,
      "b": 65,
      "T": 131890,
      "smaller_modulus_calls": 132,
      "largest_modulus": 1059,
      "exact_count": 0,
      "points": []
    },
    {
      "N": 774397,
      "M": 65536,
      "r": 53501,
      "Q": 11,
      "a": 69,
      "b": 65,
      "T": 119045,
      "smaller_modulus_calls": 122,
      "largest_modulus": 983,
      "exact_count": 2,
      "points": [
        [
          839,
          923
        ],
        [
          923,
          839
        ]
      ]
    },
    {
      "N": 914149,
      "M": 65536,
      "r": 62181,
      "Q": 13,
      "a": 69,
      "b": 65,
      "T": 129342,
      "smaller_modulus_calls": 132,
      "largest_modulus": 1068,
      "exact_count": 0,
      "points": []
    },
    {
      "N": 725585,
      "M": 65536,
      "r": 4689,
      "Q": 11,
      "a": 65,
      "b": 65,
      "T": 111843,
      "smaller_modulus_calls": 122,
      "largest_modulus": 981,
      "exact_count": 0,
      "points": []
    },
    {
      "N": 987945,
      "M": 65536,
      "r": 4905,
      "Q": 15,
      "a": 65,
      "b": 65,
      "T": 130506,
      "smaller_modulus_calls": 142,
      "largest_modulus": 1144,
      "exact_count": 0,
      "points": []
    },
    {
      "N": 730429,
      "M": 65536,
      "r": 9533,
      "Q": 11,
      "a": 69,
      "b": 65,
      "T": 115616,
      "smaller_modulus_calls": 119,
      "largest_modulus": 955,
      "exact_count": 0,
      "points": []
    },
    {
      "N": 768267,
      "M": 65536,
      "r": 47371,
      "Q": 11,
      "a": 67,
      "b": 65,
      "T": 116842,
      "smaller_modulus_calls": 123,
      "largest_modulus": 994,
      "exact_count": 0,
      "points": []
    },
    {
      "N": 3031851,
      "M": 262144,
      "r": 148267,
      "Q": 11,
      "a": 67,
      "b": 65,
      "T": 232112,
      "smaller_modulus_calls": 244,
      "largest_modulus": 1975,
      "exact_count": 0,
      "points": []
    },
    {
      "N": 2831815,
      "M": 262144,
      "r": 210375,
      "Q": 10,
      "a": 71,
      "b": 65,
      "T": 230924,
      "smaller_modulus_calls": 229,
      "largest_modulus": 1854,
      "exact_count": 0,
      "points": []
    },
    {
      "N": 3492409,
      "M": 262144,
      "r": 84537,
      "Q": 13,
      "a": 65,
      "b": 65,
      "T": 245373,
      "smaller_modulus_calls": 266,
      "largest_modulus": 2152,
      "exact_count": 0,
      "points": []
    },
    {
      "N": 2563051,
      "M": 262144,
      "r": 203755,
      "Q": 9,
      "a": 67,
      "b": 65,
      "T": 213414,
      "smaller_modulus_calls": 224,
      "largest_modulus": 1816,
      "exact_count": 0,
      "points": []
    },
    {
      "N": 4147399,
      "M": 262144,
      "r": 215239,
      "Q": 15,
      "a": 71,
      "b": 65,
      "T": 279463,
      "smaller_modulus_calls": 277,
      "largest_modulus": 2244,
      "exact_count": 0,
      "points": []
    },
    {
      "N": 2791031,
      "M": 262144,
      "r": 169591,
      "Q": 10,
      "a": 71,
      "b": 65,
      "T": 229255,
      "smaller_modulus_calls": 228,
      "largest_modulus": 1841,
      "exact_count": 0,
      "points": []
    },
    {
      "N": 2610335,
      "M": 262144,
      "r": 251039,
      "Q": 9,
      "a": 71,
      "b": 65,
      "T": 221710,
      "smaller_modulus_calls": 220,
      "largest_modulus": 1780,
      "exact_count": 0,
      "points": []
    },
    {
      "N": 3639343,
      "M": 262144,
      "r": 231471,
      "Q": 13,
      "a": 71,
      "b": 65,
      "T": 261787,
      "smaller_modulus_calls": 260,
      "largest_modulus": 2102,
      "exact_count": 1,
      "points": [
        [
          1649,
          2207
        ]
      ]
    },
    {
      "N": 3645163,
      "M": 262144,
      "r": 237291,
      "Q": 13,
      "a": 67,
      "b": 65,
      "T": 254509,
      "smaller_modulus_calls": 268,
      "largest_modulus": 2165,
      "exact_count": 0,
      "points": []
    },
    {
      "N": 4006643,
      "M": 262144,
      "r": 74483,
      "Q": 15,
      "a": 67,
      "b": 65,
      "T": 266830,
      "smaller_modulus_calls": 280,
      "largest_modulus": 2270,
      "exact_count": 0,
      "points": []
    },
    {
      "N": 2573717,
      "M": 262144,
      "r": 214421,
      "Q": 9,
      "a": 69,
      "b": 65,
      "T": 217026,
      "smaller_modulus_calls": 222,
      "largest_modulus": 1793,
      "exact_count": 0,
      "points": []
    },
    {
      "N": 2125245,
      "M": 262144,
      "r": 28093,
      "Q": 8,
      "a": 69,
      "b": 65,
      "T": 197213,
      "smaller_modulus_calls": 202,
      "largest_modulus": 1629,
      "exact_count": 0,
      "points": []
    }
  ]
}
