[
  {
    "additive_counts": {
      "p": [
        0,
        1,
        1
      ],
      "q": [
        3,
        0,
        1
      ]
    },
    "balanced": true,
    "iterate_counts": [
      {
        "comparison": 1,
        "full_equal_p": 8,
        "full_equal_q": 4,
        "full_success": 4,
        "high_equal_p": 4,
        "high_equal_q": 4,
        "high_success": 0,
        "unit_count": 8
      },
      {
        "comparison": 2,
        "full_equal_p": 8,
        "full_equal_q": 4,
        "full_success": 4,
        "high_equal_p": 4,
        "high_equal_q": 4,
        "high_success": 0,
        "unit_count": 8
      },
      {
        "comparison": 3,
        "full_equal_p": 8,
        "full_equal_q": 4,
        "full_success": 4,
        "high_equal_p": 4,
        "high_equal_q": 4,
        "high_success": 0,
        "unit_count": 8
      }
    ],
    "p": 3,
    "q": 5
  },
  {
    "additive_counts": {
      "p": [
        3,
        0,
        1
      ],
      "q": [
        3,
        0,
        3
      ]
    },
    "balanced": true,
    "iterate_counts": [
      {
        "comparison": 1,
        "full_equal_p": 12,
        "full_equal_q": 8,
        "full_success": 12,
        "high_equal_p": 8,
        "high_equal_q": 4,
        "high_success": 4,
        "unit_count": 24
      },
      {
        "comparison": 2,
        "full_equal_p": 12,
        "full_equal_q": 8,
        "full_success": 12,
        "high_equal_p": 8,
        "high_equal_q": 4,
        "high_success": 4,
        "unit_count": 24
      },
      {
        "comparison": 3,
        "full_equal_p": 12,
        "full_equal_q": 8,
        "full_success": 12,
        "high_equal_p": 8,
        "high_equal_q": 4,
        "high_success": 4,
        "unit_count": 24
      }
    ],
    "p": 5,
    "q": 7
  },
  {
    "additive_counts": {
      "p": [
        3,
        0,
        3
      ],
      "q": [
        9,
        0,
        1
      ]
    },
    "balanced": true,
    "iterate_counts": [
      {
        "comparison": 1,
        "full_equal_p": 20,
        "full_equal_q": 12,
        "full_success": 24,
        "high_equal_p": 12,
        "high_equal_q": 8,
        "high_success": 8,
        "unit_count": 60
      },
      {
        "comparison": 2,
        "full_equal_p": 20,
        "full_equal_q": 12,
        "full_success": 24,
        "high_equal_p": 12,
        "high_equal_q": 8,
        "high_success": 8,
        "unit_count": 60
      },
      {
        "comparison": 3,
        "full_equal_p": 20,
        "full_equal_q": 12,
        "full_success": 24,
        "high_equal_p": 12,
        "high_equal_q": 8,
        "high_success": 8,
        "unit_count": 60
      }
    ],
    "p": 7,
    "q": 11
  },
  {
    "additive_counts": {
      "p": [
        0,
        3,
        3
      ],
      "q": [
        9,
        0,
        3
      ]
    },
    "balanced": true,
    "iterate_counts": [
      {
        "comparison": 1,
        "full_equal_p": 72,
        "full_equal_q": 36,
        "full_success": 36,
        "high_equal_p": 40,
        "high_equal_q": 36,
        "high_success": 4,
        "unit_count": 72
      },
      {
        "comparison": 2,
        "full_equal_p": 72,
        "full_equal_q": 36,
        "full_success": 36,
        "high_equal_p": 40,
        "high_equal_q": 36,
        "high_success": 4,
        "unit_count": 72
      },
      {
        "comparison": 3,
        "full_equal_p": 72,
        "full_equal_q": 36,
        "full_success": 36,
        "high_equal_p": 40,
        "high_equal_q": 36,
        "high_success": 4,
        "unit_count": 72
      }
    ],
    "p": 7,
    "q": 13
  },
  {
    "additive_counts": {
      "p": [
        9,
        0,
        1
      ],
      "q": [
        9,
        0,
        3
      ]
    },
    "balanced": true,
    "iterate_counts": [
      {
        "comparison": 1,
        "full_equal_p": 24,
        "full_equal_q": 20,
        "full_success": 36,
        "high_equal_p": 12,
        "high_equal_q": 8,
        "high_success": 12,
        "unit_count": 120
      },
      {
        "comparison": 2,
        "full_equal_p": 24,
        "full_equal_q": 20,
        "full_success": 36,
        "high_equal_p": 12,
        "high_equal_q": 8,
        "high_success": 12,
        "unit_count": 120
      },
      {
        "comparison": 3,
        "full_equal_p": 24,
        "full_equal_q": 20,
        "full_success": 36,
        "high_equal_p": 12,
        "high_equal_q": 8,
        "high_success": 12,
        "unit_count": 120
      }
    ],
    "p": 11,
    "q": 13
  },
  {
    "additive_counts": {
      "p": [
        9,
        0,
        3
      ],
      "q": [
        15,
        0,
        1
      ]
    },
    "balanced": true,
    "iterate_counts": [
      {
        "comparison": 1,
        "full_equal_p": 64,
        "full_equal_q": 48,
        "full_success": 80,
        "high_equal_p": 16,
        "high_equal_q": 22,
        "high_success": 6,
        "unit_count": 192
      },
      {
        "comparison": 2,
        "full_equal_p": 64,
        "full_equal_q": 48,
        "full_success": 80,
        "high_equal_p": 16,
        "high_equal_q": 22,
        "high_success": 6,
        "unit_count": 192
      },
      {
        "comparison": 3,
        "full_equal_p": 64,
        "full_equal_q": 48,
        "full_success": 80,
        "high_equal_p": 16,
        "high_equal_q": 22,
        "high_success": 6,
        "unit_count": 192
      }
    ],
    "p": 13,
    "q": 17
  },
  {
    "additive_counts": {
      "p": [
        9,
        0,
        3
      ],
      "q": [
        15,
        0,
        3
      ]
    },
    "balanced": true,
    "iterate_counts": [
      {
        "comparison": 1,
        "full_equal_p": 108,
        "full_equal_q": 72,
        "full_success": 108,
        "high_equal_p": 52,
        "high_equal_q": 38,
        "high_success": 18,
        "unit_count": 216
      },
      {
        "comparison": 2,
        "full_equal_p": 108,
        "full_equal_q": 72,
        "full_success": 108,
        "high_equal_p": 52,
        "high_equal_q": 38,
        "high_success": 18,
        "unit_count": 216
      },
      {
        "comparison": 3,
        "full_equal_p": 108,
        "full_equal_q": 72,
        "full_success": 108,
        "high_equal_p": 52,
        "high_equal_q": 38,
        "high_success": 18,
        "unit_count": 216
      }
    ],
    "p": 13,
    "q": 19
  },
  {
    "additive_counts": {
      "p": [
        15,
        0,
        1
      ],
      "q": [
        15,
        0,
        3
      ]
    },
    "balanced": true,
    "iterate_counts": [
      {
        "comparison": 1,
        "full_equal_p": 36,
        "full_equal_q": 32,
        "full_success": 60,
        "high_equal_p": 22,
        "high_equal_q": 12,
        "high_success": 26,
        "unit_count": 288
      },
      {
        "comparison": 2,
        "full_equal_p": 36,
        "full_equal_q": 32,
        "full_success": 60,
        "high_equal_p": 22,
        "high_equal_q": 12,
        "high_success": 26,
        "unit_count": 288
      },
      {
        "comparison": 3,
        "full_equal_p": 36,
        "full_equal_q": 32,
        "full_success": 60,
        "high_equal_p": 22,
        "high_equal_q": 12,
        "high_success": 26,
        "unit_count": 288
      }
    ],
    "p": 17,
    "q": 19
  },
  {
    "additive_counts": {
      "p": [
        15,
        0,
        3
      ],
      "q": [
        21,
        0,
        1
      ]
    },
    "balanced": true,
    "iterate_counts": [
      {
        "comparison": 1,
        "full_equal_p": 44,
        "full_equal_q": 36,
        "full_success": 72,
        "high_equal_p": 22,
        "high_equal_q": 28,
        "high_success": 30,
        "unit_count": 396
      },
      {
        "comparison": 2,
        "full_equal_p": 44,
        "full_equal_q": 36,
        "full_success": 72,
        "high_equal_p": 22,
        "high_equal_q": 28,
        "high_success": 30,
        "unit_count": 396
      },
      {
        "comparison": 3,
        "full_equal_p": 44,
        "full_equal_q": 36,
        "full_success": 72,
        "high_equal_p": 22,
        "high_equal_q": 28,
        "high_success": 30,
        "unit_count": 396
      }
    ],
    "p": 19,
    "q": 23
  }
]
