[
  {
    "p": 7,
    "q": 13,
    "p_only_count": 4,
    "q_only_count": 0,
    "max_p_only_per_x": 2,
    "max_q_only_per_y": 0,
    "p_only_by_x": {
      "1": 2,
      "6": 2
    },
    "q_only_by_y": {},
    "p_only_rows": [
      [
        1,
        5,
        57,
        15,
        1
      ],
      [
        6,
        5,
        83,
        89,
        75
      ],
      [
        1,
        8,
        8,
        1,
        15
      ],
      [
        6,
        8,
        34,
        75,
        89
      ]
    ],
    "q_only_rows": []
  },
  {
    "p": 13,
    "q": 17,
    "p_only_count": 0,
    "q_only_count": 6,
    "max_p_only_per_x": 0,
    "max_q_only_per_y": 2,
    "p_only_by_x": {},
    "q_only_by_y": {
      "7": 1,
      "8": 2,
      "9": 2,
      "10": 1
    },
    "p_only_rows": [],
    "q_only_rows": [
      [
        2,
        7,
        41,
        212,
        127
      ],
      [
        11,
        9,
        128,
        165,
        148
      ],
      [
        6,
        9,
        162,
        72,
        55
      ],
      [
        7,
        8,
        59,
        148,
        165
      ],
      [
        2,
        8,
        93,
        55,
        72
      ],
      [
        11,
        10,
        180,
        8,
        93
      ]
    ]
  },
  {
    "p": 17,
    "q": 19,
    "p_only_count": 18,
    "q_only_count": 8,
    "max_p_only_per_x": 3,
    "max_q_only_per_y": 2,
    "p_only_by_x": {
      "3": 2,
      "4": 2,
      "5": 3,
      "6": 2,
      "11": 2,
      "12": 3,
      "13": 2,
      "14": 2
    },
    "q_only_by_y": {
      "3": 2,
      "6": 1,
      "8": 1,
      "11": 1,
      "13": 1,
      "16": 2
    },
    "p_only_rows": [
      [
        11,
        8,
        198,
        197,
        248
      ],
      [
        3,
        13,
        241,
        212,
        93
      ],
      [
        5,
        11,
        277,
        243,
        158
      ],
      [
        5,
        1,
        39,
        267,
        148
      ],
      [
        5,
        18,
        56,
        258,
        139
      ],
      [
        4,
        1,
        191,
        157,
        174
      ],
      [
        11,
        9,
        28,
        304,
        66
      ],
      [
        4,
        18,
        208,
        148,
        165
      ],
      [
        14,
        3,
        269,
        113,
        232
      ],
      [
        3,
        16,
        54,
        209,
        90
      ],
      [
        13,
        1,
        115,
        174,
        157
      ],
      [
        6,
        10,
        295,
        18,
        256
      ],
      [
        13,
        18,
        132,
        165,
        148
      ],
      [
        12,
        1,
        267,
        64,
        183
      ],
      [
        12,
        18,
        284,
        55,
        174
      ],
      [
        12,
        8,
        46,
        79,
        164
      ],
      [
        14,
        6,
        82,
        110,
        229
      ],
      [
        6,
        11,
        125,
        125,
        74
      ]
    ],
    "q_only_rows": [
      [
        2,
        16,
        206,
        194,
        232
      ],
      [
        9,
        13,
        298,
        90,
        128
      ],
      [
        6,
        16,
        244,
        62,
        138
      ],
      [
        12,
        11,
        182,
        41,
        193
      ],
      [
        5,
        8,
        141,
        281,
        129
      ],
      [
        11,
        3,
        79,
        260,
        184
      ],
      [
        8,
        6,
        25,
        232,
        194
      ],
      [
        15,
        3,
        117,
        128,
        90
      ]
    ]
  },
  {
    "p": 19,
    "q": 23,
    "p_only_count": 12,
    "q_only_count": 18,
    "max_p_only_per_x": 2,
    "max_q_only_per_y": 3,
    "p_only_by_x": {
      "2": 1,
      "3": 1,
      "5": 2,
      "6": 1,
      "9": 1,
      "10": 1,
      "13": 1,
      "14": 2,
      "16": 1,
      "17": 1
    },
    "q_only_by_y": {
      "3": 1,
      "4": 1,
      "5": 3,
      "8": 2,
      "9": 1,
      "11": 1,
      "12": 1,
      "14": 1,
      "15": 2,
      "18": 3,
      "19": 1,
      "20": 1
    },
    "p_only_rows": [
      [
        14,
        17,
        109,
        12,
        145
      ],
      [
        10,
        20,
        181,
        78,
        116
      ],
      [
        5,
        13,
        404,
        404,
        214
      ],
      [
        3,
        2,
        117,
        240,
        126
      ],
      [
        17,
        6,
        397,
        74,
        131
      ],
      [
        6,
        4,
        234,
        95,
        342
      ],
      [
        13,
        19,
        203,
        341,
        94
      ],
      [
        2,
        17,
        40,
        362,
        305
      ],
      [
        16,
        21,
        320,
        196,
        310
      ],
      [
        14,
        10,
        33,
        32,
        222
      ],
      [
        9,
        3,
        256,
        358,
        320
      ],
      [
        5,
        6,
        328,
        424,
        291
      ]
    ],
    "q_only_rows": [
      [
        13,
        5,
        51,
        305,
        75
      ],
      [
        2,
        11,
        287,
        392,
        70
      ],
      [
        15,
        3,
        72,
        126,
        34
      ],
      [
        11,
        18,
        87,
        375,
        76
      ],
      [
        4,
        19,
        42,
        414,
        46
      ],
      [
        9,
        15,
        199,
        202,
        156
      ],
      [
        7,
        5,
        235,
        376,
        238
      ],
      [
        13,
        9,
        32,
        424,
        102
      ],
      [
        16,
        15,
        130,
        322,
        414
      ],
      [
        3,
        8,
        307,
        114,
        22
      ],
      [
        6,
        14,
        405,
        12,
        334
      ],
      [
        12,
        18,
        202,
        60,
        198
      ],
      [
        10,
        8,
        238,
        234,
        280
      ],
      [
        15,
        4,
        395,
        22,
        390
      ],
      [
        8,
        5,
        350,
        61,
        360
      ],
      [
        4,
        20,
        365,
        310,
        402
      ],
      [
        17,
        12,
        150,
        44,
        366
      ],
      [
        6,
        18,
        386,
        131,
        361
      ]
    ]
  }
]
