family=F04_psc_audit index=0 gcd=1 dimension=537
family=F04_psc_audit index=1 gcd=1 dimension=535
family=F04_psc_audit index=2 gcd=1 dimension=533
family=F04_psc_audit index=3 gcd=1 dimension=531
family=F04_psc_audit index=4 gcd=1 dimension=529
family=F04_psc_audit index=5 gcd=1 dimension=527
family=F04_psc_audit index=6 gcd=1 dimension=525
family=F04_psc_audit index=7 gcd=1 dimension=523
family=F04_psc_audit index=8 gcd=1 dimension=521
family=F04_psc_audit index=9 gcd=1 dimension=519
family=F04_psc_audit index=10 gcd=1 dimension=517
family=F04_psc_audit index=11 gcd=1 dimension=515
family=F04_psc_audit index=12 gcd=1 dimension=513
family=F04_psc_audit index=13 gcd=1 dimension=511
family=F04_psc_audit index=14 gcd=1 dimension=509
family=F04_psc_audit index=15 gcd=1 dimension=507
family=F04_psc_audit index=16 gcd=1 dimension=505
family=F04_psc_audit index=17 gcd=1 dimension=503
family=F04_psc_audit index=18 gcd=1 dimension=501
family=F04_psc_audit index=19 gcd=1 dimension=499
family=F04_psc_audit index=20 gcd=1 dimension=497
family=F04_psc_audit index=21 gcd=1 dimension=495
family=F04_psc_audit index=22 gcd=1 dimension=493
family=F04_psc_audit index=23 gcd=1 dimension=491
family=F04_psc_audit index=24 gcd=1 dimension=489
family=F04_psc_audit index=25 gcd=1 dimension=487
family=F04_psc_audit index=26 gcd=1 dimension=485
family=F04_psc_audit index=27 gcd=1 dimension=483
family=F04_psc_audit index=28 gcd=1 dimension=481
family=F04_psc_audit index=29 gcd=1 dimension=479
family=F04_psc_audit index=30 gcd=1 dimension=477
family=F04_psc_audit index=31 gcd=1 dimension=475
family=F04_psc_audit index=32 gcd=1 dimension=473
family=F04_psc_audit index=33 gcd=1 dimension=471
family=F04_psc_audit index=34 gcd=1 dimension=469
family=F04_psc_audit index=35 gcd=1 dimension=467
family=F04_psc_audit index=36 gcd=1 dimension=465
family=F04_psc_audit index=37 gcd=1 dimension=463
family=F04_psc_audit index=38 gcd=1 dimension=461
family=F04_psc_audit index=39 gcd=1 dimension=459
family=F04_psc_audit index=40 gcd=1 dimension=457
family=F04_psc_audit index=41 gcd=1 dimension=455
family=F04_psc_audit index=42 gcd=1 dimension=453
family=F04_psc_audit index=43 gcd=1 dimension=451
family=F04_psc_audit index=44 gcd=1 dimension=449
family=F04_psc_audit index=45 gcd=1 dimension=447
family=F04_psc_audit index=46 gcd=1 dimension=445
family=F04_psc_audit index=47 gcd=271 dimension=443
Traceback (most recent call last):
  File "/Users/zhou/autoresearch/IntegerFactoring/experiments/F04_psc_audit/factor_free_scan.sage.py", line 179, in <module>
    main()
    ~~~~^^
  File "/Users/zhou/autoresearch/IntegerFactoring/experiments/F04_psc_audit/factor_free_scan.sage.py", line 164, in main
    json.dump(result, handle, indent=_sage_const_2 , sort_keys=True)
    ~~~~~~~~~^^^^^^^^^^^^^^^^^^^^^^^^^^^^^^^^^^^^^^^^^^^^^^^^^^^^^^^
  File "/var/tmp/sage-10.9-current/local/lib/python3.14/json/__init__.py", line 181, in dump
    for chunk in iterable:
                 ^^^^^^^^
  File "/var/tmp/sage-10.9-current/local/lib/python3.14/json/encoder.py", line 444, in _iterencode
    yield from _iterencode_dict(o, _current_indent_level)
  File "/var/tmp/sage-10.9-current/local/lib/python3.14/json/encoder.py", line 413, in _iterencode_dict
    yield from chunks
  File "/var/tmp/sage-10.9-current/local/lib/python3.14/json/encoder.py", line 413, in _iterencode_dict
    yield from chunks
  File "/var/tmp/sage-10.9-current/local/lib/python3.14/json/encoder.py", line 451, in _iterencode
    newobj = _default(o)
  File "/var/tmp/sage-10.9-current/local/lib/python3.14/json/encoder.py", line 182, in default
    raise TypeError(f'Object of type {o.__class__.__name__} '
                    f'is not JSON serializable')
TypeError: Object of type Integer is not JSON serializable
when serializing dict item 'matrix_dimension'
when serializing dict item 'first_nontrivial_gcd'
