family=F04_psc_audit index=0/268 residues=[124, 100] mismatch=False
family=F04_psc_audit index=1/268 residues=[39, 234] mismatch=False
family=F04_psc_audit index=2/268 residues=[173, 87] mismatch=False
family=F04_psc_audit index=3/268 residues=[82, 280] mismatch=False
family=F04_psc_audit index=4/268 residues=[36, 182] mismatch=False
family=F04_psc_audit index=5/268 residues=[113, 165] mismatch=False
family=F04_psc_audit index=6/268 residues=[83, 80] mismatch=False
family=F04_psc_audit index=7/268 residues=[254, 288] mismatch=False
family=F04_psc_audit index=8/268 residues=[63, 227] mismatch=False
family=F04_psc_audit index=9/268 residues=[15, 237] mismatch=False
family=F04_psc_audit index=10/268 residues=[93, 134] mismatch=False
family=F04_psc_audit index=11/268 residues=[51, 142] mismatch=False
family=F04_psc_audit index=12/268 residues=[225, 15] mismatch=False
family=F04_psc_audit index=13/268 residues=[60, 277] mismatch=False
family=F04_psc_audit index=14/268 residues=[42, 44] mismatch=False
family=F04_psc_audit index=15/268 residues=[182, 42] mismatch=False
family=F04_psc_audit index=16/268 residues=[6, 207] mismatch=False
family=F04_psc_audit index=17/268 residues=[160, 266] mismatch=False
family=F04_psc_audit index=18/268 residues=[143, 88] mismatch=False
family=F04_psc_audit index=19/268 residues=[48, 272] mismatch=False
family=F04_psc_audit index=20/268 residues=[63, 24] mismatch=False
family=F04_psc_audit index=21/268 residues=[153, 206] mismatch=False
family=F04_psc_audit index=22/268 residues=[156, 68] mismatch=False
family=F04_psc_audit index=23/268 residues=[155, 40] mismatch=False
family=F04_psc_audit index=24/268 residues=[221, 83] mismatch=False
family=F04_psc_audit index=25/268 residues=[76, 225] mismatch=False
family=F04_psc_audit index=26/268 residues=[37, 24] mismatch=False
family=F04_psc_audit index=27/268 residues=[146, 27] mismatch=False
family=F04_psc_audit index=28/268 residues=[166, 267] mismatch=False
family=F04_psc_audit index=29/268 residues=[122, 286] mismatch=False
family=F04_psc_audit index=30/268 residues=[248, 197] mismatch=False
family=F04_psc_audit index=31/268 residues=[58, 211] mismatch=False
family=F04_psc_audit index=32/268 residues=[99, 210] mismatch=False
family=F04_psc_audit index=33/268 residues=[32, 9] mismatch=False
family=F04_psc_audit index=34/268 residues=[256, 143] mismatch=False
family=F04_psc_audit index=35/268 residues=[135, 260] mismatch=False
family=F04_psc_audit index=36/268 residues=[48, 96] mismatch=False
family=F04_psc_audit index=37/268 residues=[194, 280] mismatch=False
family=F04_psc_audit index=38/268 residues=[174, 92] mismatch=False
family=F04_psc_audit index=39/268 residues=[1, 162] mismatch=False
family=F04_psc_audit index=40/268 residues=[16, 98] mismatch=False
family=F04_psc_audit index=41/268 residues=[78, 119] mismatch=False
family=F04_psc_audit index=42/268 residues=[191, 222] mismatch=False
family=F04_psc_audit index=43/268 residues=[43, 261] mismatch=False
family=F04_psc_audit index=44/268 residues=[50, 128] mismatch=False
family=F04_psc_audit index=45/268 residues=[258, 143] mismatch=False
family=F04_psc_audit index=46/268 residues=[121, 14] mismatch=False
family=F04_psc_audit index=47/268 residues=[0, 173] mismatch=True
family=F04_psc_audit index=48/268 residues=[0, 182] mismatch=True
family=F04_psc_audit index=49/268 residues=[0, 17] mismatch=True
family=F04_psc_audit index=50/268 residues=[0, 99] mismatch=True
family=F04_psc_audit index=51/268 residues=[0, 78] mismatch=True
family=F04_psc_audit index=52/268 residues=[0, 205] mismatch=True
family=F04_psc_audit index=53/268 residues=[0, 77] mismatch=True
family=F04_psc_audit index=54/268 residues=[0, 169] mismatch=True
family=F04_psc_audit index=55/268 residues=[0, 134] mismatch=True
family=F04_psc_audit index=56/268 residues=[0, 99] mismatch=True
family=F04_psc_audit index=57/268 residues=[0, 182] mismatch=True
family=F04_psc_audit index=58/268 residues=[0, 98] mismatch=True
family=F04_psc_audit index=59/268 residues=[0, 142] mismatch=True
family=F04_psc_audit index=60/268 residues=[0, 102] mismatch=True
family=F04_psc_audit index=61/268 residues=[0, 15] mismatch=True
family=F04_psc_audit index=62/268 residues=[0, 59] mismatch=True
family=F04_psc_audit index=63/268 residues=[0, 73] mismatch=True
family=F04_psc_audit index=64/268 residues=[0, 72] mismatch=True
family=F04_psc_audit index=65/268 residues=[0, 130] mismatch=True
family=F04_psc_audit index=66/268 residues=[0, 246] mismatch=True
family=F04_psc_audit index=67/268 residues=[0, 187] mismatch=True
family=F04_psc_audit index=68/268 residues=[0, 35] mismatch=True
family=F04_psc_audit index=69/268 residues=[0, 86] mismatch=True
family=F04_psc_audit index=70/268 residues=[0, 6] mismatch=True
family=F04_psc_audit index=71/268 residues=[0, 187] mismatch=True
family=F04_psc_audit index=72/268 residues=[0, 47] mismatch=True
family=F04_psc_audit index=73/268 residues=[0, 132] mismatch=True
family=F04_psc_audit index=74/268 residues=[0, 145] mismatch=True
family=F04_psc_audit index=75/268 residues=[0, 136] mismatch=True
family=F04_psc_audit index=76/268 residues=[0, 122] mismatch=True
family=F04_psc_audit index=77/268 residues=[0, 238] mismatch=True
family=F04_psc_audit index=78/268 residues=[0, 285] mismatch=True
family=F04_psc_audit index=79/268 residues=[0, 163] mismatch=True
family=F04_psc_audit index=80/268 residues=[0, 154] mismatch=True
family=F04_psc_audit index=81/268 residues=[0, 35] mismatch=True
family=F04_psc_audit index=82/268 residues=[0, 146] mismatch=True
family=F04_psc_audit index=83/268 residues=[0, 113] mismatch=True
family=F04_psc_audit index=84/268 residues=[0, 224] mismatch=True
family=F04_psc_audit index=85/268 residues=[0, 200] mismatch=True
family=F04_psc_audit index=86/268 residues=[0, 157] mismatch=True
family=F04_psc_audit index=87/268 residues=[0, 96] mismatch=True
family=F04_psc_audit index=88/268 residues=[0, 96] mismatch=True
family=F04_psc_audit index=89/268 residues=[0, 280] mismatch=True
family=F04_psc_audit index=90/268 residues=[0, 180] mismatch=True
family=F04_psc_audit index=91/268 residues=[0, 6] mismatch=True
family=F04_psc_audit index=92/268 residues=[0, 164] mismatch=True
family=F04_psc_audit index=93/268 residues=[0, 227] mismatch=True
family=F04_psc_audit index=94/268 residues=[0, 132] mismatch=True
family=F04_psc_audit index=95/268 residues=[0, 174] mismatch=True
family=F04_psc_audit index=96/268 residues=[0, 68] mismatch=True
family=F04_psc_audit index=97/268 residues=[0, 173] mismatch=True
family=F04_psc_audit index=98/268 residues=[0, 104] mismatch=True
family=F04_psc_audit index=99/268 residues=[0, 198] mismatch=True
family=F04_psc_audit index=100/268 residues=[0, 205] mismatch=True
family=F04_psc_audit index=101/268 residues=[0, 236] mismatch=True
family=F04_psc_audit index=102/268 residues=[0, 140] mismatch=True
family=F04_psc_audit index=103/268 residues=[0, 188] mismatch=True
family=F04_psc_audit index=104/268 residues=[0, 187] mismatch=True
family=F04_psc_audit index=105/268 residues=[0, 159] mismatch=True
family=F04_psc_audit index=106/268 residues=[0, 70] mismatch=True
family=F04_psc_audit index=107/268 residues=[0, 122] mismatch=True
family=F04_psc_audit index=108/268 residues=[0, 45] mismatch=True
family=F04_psc_audit index=109/268 residues=[0, 17] mismatch=True
family=F04_psc_audit index=110/268 residues=[0, 102] mismatch=True
family=F04_psc_audit index=111/268 residues=[0, 140] mismatch=True
family=F04_psc_audit index=112/268 residues=[0, 233] mismatch=True
family=F04_psc_audit index=113/268 residues=[0, 92] mismatch=True
family=F04_psc_audit index=114/268 residues=[0, 146] mismatch=True
family=F04_psc_audit index=115/268 residues=[0, 78] mismatch=True
family=F04_psc_audit index=116/268 residues=[0, 23] mismatch=True
family=F04_psc_audit index=117/268 residues=[0, 67] mismatch=True
family=F04_psc_audit index=118/268 residues=[0, 9] mismatch=True
family=F04_psc_audit index=119/268 residues=[0, 119] mismatch=True
family=F04_psc_audit index=120/268 residues=[0, 153] mismatch=True
family=F04_psc_audit index=121/268 residues=[0, 148] mismatch=True
family=F04_psc_audit index=122/268 residues=[0, 207] mismatch=True
family=F04_psc_audit index=123/268 residues=[0, 250] mismatch=True
family=F04_psc_audit index=124/268 residues=[0, 245] mismatch=True
family=F04_psc_audit index=125/268 residues=[0, 147] mismatch=True
family=F04_psc_audit index=126/268 residues=[0, 40] mismatch=True
family=F04_psc_audit index=127/268 residues=[0, 200] mismatch=True
family=F04_psc_audit index=128/268 residues=[0, 166] mismatch=True
family=F04_psc_audit index=129/268 residues=[0, 93] mismatch=True
family=F04_psc_audit index=130/268 residues=[0, 268] mismatch=True
family=F04_psc_audit index=131/268 residues=[0, 2] mismatch=True
family=F04_psc_audit index=132/268 residues=[0, 208] mismatch=True
family=F04_psc_audit index=133/268 residues=[0, 27] mismatch=True
family=F04_psc_audit index=134/268 residues=[0, 13] mismatch=True
family=F04_psc_audit index=135/268 residues=[0, 95] mismatch=True
family=F04_psc_audit index=136/268 residues=[0, 114] mismatch=True
family=F04_psc_audit index=137/268 residues=[0, 119] mismatch=True
family=F04_psc_audit index=138/268 residues=[0, 104] mismatch=True
family=F04_psc_audit index=139/268 residues=[0, 116] mismatch=True
family=F04_psc_audit index=140/268 residues=[0, 259] mismatch=True
family=F04_psc_audit index=141/268 residues=[0, 130] mismatch=True
family=F04_psc_audit index=142/268 residues=[0, 151] mismatch=True
family=F04_psc_audit index=143/268 residues=[0, 256] mismatch=True
family=F04_psc_audit index=144/268 residues=[0, 190] mismatch=True
family=F04_psc_audit index=145/268 residues=[0, 21] mismatch=True
family=F04_psc_audit index=146/268 residues=[0, 49] mismatch=True
family=F04_psc_audit index=147/268 residues=[0, 149] mismatch=True
family=F04_psc_audit index=148/268 residues=[0, 96] mismatch=True
family=F04_psc_audit index=149/268 residues=[0, 150] mismatch=True
family=F04_psc_audit index=150/268 residues=[0, 67] mismatch=True
family=F04_psc_audit index=151/268 residues=[0, 290] mismatch=True
family=F04_psc_audit index=152/268 residues=[0, 216] mismatch=True
family=F04_psc_audit index=153/268 residues=[0, 235] mismatch=True
family=F04_psc_audit index=154/268 residues=[0, 151] mismatch=True
family=F04_psc_audit index=155/268 residues=[0, 97] mismatch=True
family=F04_psc_audit index=156/268 residues=[0, 231] mismatch=True
family=F04_psc_audit index=157/268 residues=[0, 0] mismatch=False
family=F04_psc_audit index=158/268 residues=[0, 111] mismatch=True
family=F04_psc_audit index=159/268 residues=[0, 127] mismatch=True
family=F04_psc_audit index=160/268 residues=[0, 193] mismatch=True
family=F04_psc_audit index=161/268 residues=[0, 285] mismatch=True
family=F04_psc_audit index=162/268 residues=[0, 241] mismatch=True
family=F04_psc_audit index=163/268 residues=[0, 140] mismatch=True
family=F04_psc_audit index=164/268 residues=[0, 55] mismatch=True
family=F04_psc_audit index=165/268 residues=[0, 168] mismatch=True
family=F04_psc_audit index=166/268 residues=[0, 204] mismatch=True
family=F04_psc_audit index=167/268 residues=[0, 39] mismatch=True
family=F04_psc_audit index=168/268 residues=[0, 39] mismatch=True
family=F04_psc_audit index=169/268 residues=[0, 200] mismatch=True
family=F04_psc_audit index=170/268 residues=[0, 7] mismatch=True
family=F04_psc_audit index=171/268 residues=[0, 247] mismatch=True
family=F04_psc_audit index=172/268 residues=[0, 149] mismatch=True
family=F04_psc_audit index=173/268 residues=[0, 59] mismatch=True
family=F04_psc_audit index=174/268 residues=[0, 80] mismatch=True
family=F04_psc_audit index=175/268 residues=[0, 234] mismatch=True
family=F04_psc_audit index=176/268 residues=[0, 85] mismatch=True
family=F04_psc_audit index=177/268 residues=[0, 245] mismatch=True
family=F04_psc_audit index=178/268 residues=[0, 195] mismatch=True
family=F04_psc_audit index=179/268 residues=[0, 254] mismatch=True
family=F04_psc_audit index=180/268 residues=[0, 288] mismatch=True
family=F04_psc_audit index=181/268 residues=[0, 211] mismatch=True
family=F04_psc_audit index=182/268 residues=[0, 127] mismatch=True
family=F04_psc_audit index=183/268 residues=[0, 80] mismatch=True
family=F04_psc_audit index=184/268 residues=[0, 36] mismatch=True
family=F04_psc_audit index=185/268 residues=[0, 56] mismatch=True
family=F04_psc_audit index=186/268 residues=[0, 282] mismatch=True
family=F04_psc_audit index=187/268 residues=[0, 286] mismatch=True
family=F04_psc_audit index=188/268 residues=[0, 48] mismatch=True
family=F04_psc_audit index=189/268 residues=[0, 168] mismatch=True
family=F04_psc_audit index=190/268 residues=[0, 229] mismatch=True
family=F04_psc_audit index=191/268 residues=[0, 61] mismatch=True
family=F04_psc_audit index=192/268 residues=[0, 149] mismatch=True
family=F04_psc_audit index=193/268 residues=[0, 40] mismatch=True
family=F04_psc_audit index=194/268 residues=[0, 39] mismatch=True
family=F04_psc_audit index=195/268 residues=[0, 233] mismatch=True
family=F04_psc_audit index=196/268 residues=[0, 29] mismatch=True
family=F04_psc_audit index=197/268 residues=[0, 130] mismatch=True
family=F04_psc_audit index=198/268 residues=[0, 25] mismatch=True
family=F04_psc_audit index=199/268 residues=[0, 186] mismatch=True
family=F04_psc_audit index=200/268 residues=[0, 120] mismatch=True
family=F04_psc_audit index=201/268 residues=[0, 61] mismatch=True
family=F04_psc_audit index=202/268 residues=[0, 190] mismatch=True
family=F04_psc_audit index=203/268 residues=[0, 203] mismatch=True
family=F04_psc_audit index=204/268 residues=[0, 4] mismatch=True
family=F04_psc_audit index=205/268 residues=[0, 268] mismatch=True
family=F04_psc_audit index=206/268 residues=[0, 193] mismatch=True
family=F04_psc_audit index=207/268 residues=[0, 167] mismatch=True
family=F04_psc_audit index=208/268 residues=[0, 215] mismatch=True
family=F04_psc_audit index=209/268 residues=[0, 163] mismatch=True
family=F04_psc_audit index=210/268 residues=[0, 255] mismatch=True
family=F04_psc_audit index=211/268 residues=[0, 277] mismatch=True
family=F04_psc_audit index=212/268 residues=[0, 233] mismatch=True
family=F04_psc_audit index=213/268 residues=[0, 76] mismatch=True
family=F04_psc_audit index=214/268 residues=[0, 281] mismatch=True
family=F04_psc_audit index=215/268 residues=[0, 105] mismatch=True
family=F04_psc_audit index=216/268 residues=[0, 145] mismatch=True
family=F04_psc_audit index=217/268 residues=[0, 90] mismatch=True
family=F04_psc_audit index=218/268 residues=[0, 210] mismatch=True
family=F04_psc_audit index=219/268 residues=[0, 260] mismatch=True
family=F04_psc_audit index=220/268 residues=[0, 60] mismatch=True
family=F04_psc_audit index=221/268 residues=[0, 238] mismatch=True
family=F04_psc_audit index=222/268 residues=[0, 204] mismatch=True
family=F04_psc_audit index=223/268 residues=[0, 55] mismatch=True
family=F04_psc_audit index=224/268 residues=[0, 243] mismatch=True
family=F04_psc_audit index=225/268 residues=[0, 240] mismatch=True
family=F04_psc_audit index=226/268 residues=[0, 229] mismatch=True
family=F04_psc_audit index=227/268 residues=[0, 161] mismatch=True
family=F04_psc_audit index=228/268 residues=[0, 93] mismatch=True
family=F04_psc_audit index=229/268 residues=[0, 162] mismatch=True
family=F04_psc_audit index=230/268 residues=[0, 290] mismatch=True
family=F04_psc_audit index=231/268 residues=[0, 205] mismatch=True
family=F04_psc_audit index=232/268 residues=[0, 66] mismatch=True
family=F04_psc_audit index=233/268 residues=[0, 149] mismatch=True
family=F04_psc_audit index=234/268 residues=[0, 35] mismatch=True
family=F04_psc_audit index=235/268 residues=[0, 42] mismatch=True
family=F04_psc_audit index=236/268 residues=[0, 120] mismatch=True
family=F04_psc_audit index=237/268 residues=[0, 163] mismatch=True
family=F04_psc_audit index=238/268 residues=[0, 48] mismatch=True
family=F04_psc_audit index=239/268 residues=[0, 62] mismatch=True
family=F04_psc_audit index=240/268 residues=[0, 166] mismatch=True
family=F04_psc_audit index=241/268 residues=[0, 26] mismatch=True
family=F04_psc_audit index=242/268 residues=[0, 252] mismatch=True
family=F04_psc_audit index=243/268 residues=[0, 260] mismatch=True
family=F04_psc_audit index=244/268 residues=[0, 48] mismatch=True
family=F04_psc_audit index=245/268 residues=[0, 16] mismatch=True
family=F04_psc_audit index=246/268 residues=[0, 30] mismatch=True
family=F04_psc_audit index=247/268 residues=[0, 178] mismatch=True
family=F04_psc_audit index=248/268 residues=[0, 223] mismatch=True
family=F04_psc_audit index=249/268 residues=[0, 85] mismatch=True
family=F04_psc_audit index=250/268 residues=[0, 164] mismatch=True
family=F04_psc_audit index=251/268 residues=[0, 93] mismatch=True
family=F04_psc_audit index=252/268 residues=[0, 183] mismatch=True
family=F04_psc_audit index=253/268 residues=[0, 205] mismatch=True
family=F04_psc_audit index=254/268 residues=[0, 10] mismatch=True
family=F04_psc_audit index=255/268 residues=[0, 38] mismatch=True
family=F04_psc_audit index=256/268 residues=[0, 65] mismatch=True
family=F04_psc_audit index=257/268 residues=[0, 142] mismatch=True
family=F04_psc_audit index=258/268 residues=[0, 43] mismatch=True
family=F04_psc_audit index=259/268 residues=[0, 71] mismatch=True
family=F04_psc_audit index=260/268 residues=[0, 74] mismatch=True
family=F04_psc_audit index=261/268 residues=[0, 104] mismatch=True
family=F04_psc_audit index=262/268 residues=[0, 287] mismatch=True
family=F04_psc_audit index=263/268 residues=[0, 40] mismatch=True
family=F04_psc_audit index=264/268 residues=[0, 42] mismatch=True
family=F04_psc_audit index=265/268 residues=[0, 86] mismatch=True
family=F04_psc_audit index=266/268 residues=[0, 6] mismatch=True
family=F04_psc_audit index=267/268 residues=[0, 17] mismatch=True
family=F04_psc_audit index=268/268 residues=[0, 41] mismatch=True
Traceback (most recent call last):
  File "/Users/zhou/autoresearch/IntegerFactoring/experiments/F04_psc_audit/local_reduction_audit.sage.py", line 282, in <module>
    main()
    ~~~~^^
  File "/Users/zhou/autoresearch/IntegerFactoring/experiments/F04_psc_audit/local_reduction_audit.sage.py", line 267, in main
    json.dump(result, handle, indent=_sage_const_2 , sort_keys=True)
    ~~~~~~~~~^^^^^^^^^^^^^^^^^^^^^^^^^^^^^^^^^^^^^^^^^^^^^^^^^^^^^^^
  File "/var/tmp/sage-10.9-current/local/lib/python3.14/json/__init__.py", line 181, in dump
    for chunk in iterable:
                 ^^^^^^^^
  File "/var/tmp/sage-10.9-current/local/lib/python3.14/json/encoder.py", line 444, in _iterencode
    yield from _iterencode_dict(o, _current_indent_level)
  File "/var/tmp/sage-10.9-current/local/lib/python3.14/json/encoder.py", line 413, in _iterencode_dict
    yield from chunks
  File "/var/tmp/sage-10.9-current/local/lib/python3.14/json/encoder.py", line 326, in _iterencode_list
    yield from chunks
  File "/var/tmp/sage-10.9-current/local/lib/python3.14/json/encoder.py", line 413, in _iterencode_dict
    yield from chunks
  File "/var/tmp/sage-10.9-current/local/lib/python3.14/json/encoder.py", line 451, in _iterencode
    newobj = _default(o)
  File "/var/tmp/sage-10.9-current/local/lib/python3.14/json/encoder.py", line 182, in default
    raise TypeError(f'Object of type {o.__class__.__name__} '
                    f'is not JSON serializable')
TypeError: Object of type Integer is not JSON serializable
when serializing dict item 'matrix_dimension'
when serializing list item 0
when serializing dict item 'determinant_rows'
