{
  "counts": {
    "log": 508,
    "cocycle": 720,
    "cross": 720,
    "raw_cross": 720
  },
  "large": [
    {
      "k": 32,
      "A": 1431655765,
      "B": 858993459,
      "K_mod4": 0,
      "seconds": 2.8291979106143117e-05
    },
    {
      "k": 64,
      "A": 6148914691236517205,
      "B": 3689348814741910323,
      "K_mod4": 0,
      "seconds": 5.662499461323023e-05
    },
    {
      "k": 128,
      "A": 113427455640312821154458202477256070485,
      "B": 68056473384187692692674921486353642291,
      "K_mod4": 2,
      "seconds": 0.00013683299766853452
    },
    {
      "k": 256,
      "A": 38597363079105398474523661669562635951089994888546854679819194669304376546645,
      "B": 23158417847463239084714197001737581570653996933128112807891516801582625927987,
      "K_mod4": 2,
      "seconds": 0.0005714579892810434
    }
  ],
  "seconds": 0.0187411249789875,
  "peak_rss_bytes": 17334272
}
