{
  "checks": 708,
  "large": [
    {
      "k": 32,
      "N": 1431655765,
      "t": 1,
      "seconds": 1.783299376256764e-05,
      "sigma": 0,
      "a": 649812317,
      "C": 5726623061,
      "D": 715827883,
      "eta": 1
    },
    {
      "k": 64,
      "N": 6148914691236517205,
      "t": 1,
      "seconds": 2.9791990527883172e-05,
      "sigma": 0,
      "a": 2347599684790081885,
      "C": 6148914691236517205,
      "D": 1537228672809129301,
      "eta": 0
    },
    {
      "k": 128,
      "N": 113427455640312821154458202477256070485,
      "t": 1,
      "seconds": 6.483399192802608e-05,
      "sigma": 0,
      "a": 41591293394765246834685239242849474909,
      "C": 113427455640312821154458202477256070485,
      "D": 28356863910078205288614550619314017621,
      "eta": 0
    },
    {
      "k": 256,
      "N": 38597363079105398474523661669562635951089994888546854679819194669304376546645,
      "t": 1,
      "seconds": 0.00024129200028255582,
      "sigma": 0,
      "a": 13229203137057513910315718568740263450897155962624737126468199279557170911581,
      "C": 38597363079105398474523661669562635951089994888546854679819194669304376546645,
      "D": 9649340769776349618630915417390658987772498722136713669954798667326094136661,
      "eta": 0
    },
    {
      "k": 512,
      "N": 4469269309980865699858008332735282042493121940197464459241187147907254676691182325600624766055634475896677286062162016951251294270648856648811216335361365,
      "t": 1,
      "seconds": 0.0014837500057183206,
      "sigma": 0,
      "a": 1104856746308557543993676143449833931656615093676276385787923561057271579763197913991679268487131265180056118620228705016622502132851507192797287881070941,
      "C": 17877077239923462799432033330941128169972487760789857836964748591629018706764729302402499064222537903586709144248648067805005177082595426595244865341445461,
      "D": 2234634654990432849929004166367641021246560970098732229620593573953627338345591162800312383027817237948338643031081008475625647135324428324405608167680683,
      "eta": 1
    }
  ],
  "seconds": 0.015042249986436218,
  "peak_rss_bytes": 18366464
}
