{"DOT_SAGE": "/private/tmp/f04_psc_coefficient_audit_sage", "command": ["sage", "experiments/F04_psc_coefficient_audit/exhaust_degree_chains.sage", "--rows", "experiments/F04_psc_coefficient_audit/output/A04_rows.jsonl", "--endpoints", "experiments/F04_psc_coefficient_audit/output/A04_endpoints.json", "--output", "experiments/F04_psc_coefficient_audit/output/A04_full_exhaustion.json"], "event": "start", "run_id": "A04_full_exhaustion", "started_utc": "2026-08-05T17:46:10.597739+00:00", "timeout_seconds": 900}
{"coefficient_sha256": "b85b908a91ca790741c9e3e450f0164cf2611a5605917e57d9c0865de6e3a03d", "elapsed_seconds": 0.06713687500086962, "event": "progress", "shift": 1, "shift_bound": 2942}
{"coefficient_sha256": "1ae2110a8ebd8c115e88d3e6cb2cb46cce2412022a3f14ca5c48a05ea5d1248b", "elapsed_seconds": 0.05732354200154077, "event": "progress", "shift": 25, "shift_bound": 2942}
{"coefficient_sha256": "06b80397b503181fcd8b319ba0481177f7d4f18aa59786b91c71027f34a28ba0", "elapsed_seconds": 0.05716450000181794, "event": "progress", "shift": 50, "shift_bound": 2942}
{"coefficient_sha256": "3375f8b8a8cf5d0e9dbe16ce4d8c4b092bb0dfc9d638f0cb32d2e27e410cef55", "elapsed_seconds": 0.05761408400212531, "event": "progress", "shift": 75, "shift_bound": 2942}
{"coefficient_sha256": "e7d9b1d83159635cd7332c4715fc938f4e346b59d8d1ef969ae10f7ca28d34ca", "elapsed_seconds": 0.057317875001899665, "event": "progress", "shift": 100, "shift_bound": 2942}
{"coefficient_sha256": "a4b4b49028deb05017423be47b2901940191deb28703c92143a058b1f845736b", "elapsed_seconds": 0.057408458000281826, "event": "progress", "shift": 125, "shift_bound": 2942}
{"coefficient_sha256": "2ebedeeb56a31124b3c95640d2ad96f8b74551ff874b424f391e8c20086a582c", "elapsed_seconds": 0.05743612500009476, "event": "progress", "shift": 150, "shift_bound": 2942}
{"coefficient_sha256": "d69d761c2e71ded5cf2da3947b7ac14de3113e81fdbd6126123920db2c04f951", "elapsed_seconds": 0.05746333400020376, "event": "progress", "shift": 175, "shift_bound": 2942}
{"coefficient_sha256": "0c63cf69c5b2ad58cae5bda802ba75e3d8e648106968b362860e7ba9368f2b95", "elapsed_seconds": 0.05748779100031243, "event": "progress", "shift": 200, "shift_bound": 2942}
{"coefficient_sha256": "a4ce7e693bf4622d6db8debcd712539bda7ac85aa0c725f5edee00ceb7415890", "elapsed_seconds": 0.05753737499981071, "event": "progress", "shift": 225, "shift_bound": 2942}
{"coefficient_sha256": "99c280b01a734b9d68a785771391d979982009648c98ea197c5c45d04d18059b", "elapsed_seconds": 0.0631390829985321, "event": "progress", "shift": 250, "shift_bound": 2942}
{"coefficient_sha256": "80c71b3688202602b50e36396ad508f31913ed1ffa10ab8ed85930c9a9d6cfda", "elapsed_seconds": 0.057935666998673696, "event": "progress", "shift": 275, "shift_bound": 2942}
{"coefficient_sha256": "f13767ed619e9395934d616c1580f92acd23ae904d81b15abbf23277126590fb", "elapsed_seconds": 0.057484083001327235, "event": "progress", "shift": 300, "shift_bound": 2942}
{"coefficient_sha256": "518dba4d51349d196f32f40b80cb0fad16e787e26d65aa8e3f4667ff28773db6", "elapsed_seconds": 0.05864787500104285, "event": "progress", "shift": 325, "shift_bound": 2942}
{"coefficient_sha256": "0a9415bf5a8f98817959c6485698940e9dc617b94e83dee56607e35719198134", "elapsed_seconds": 0.05742637499861303, "event": "progress", "shift": 350, "shift_bound": 2942}
{"coefficient_sha256": "42e5aef5e8e932d3c4acc2f24edaf9d662ae05c1c1b2f12795300de876072963", "elapsed_seconds": 0.05733849999887752, "event": "progress", "shift": 375, "shift_bound": 2942}
{"coefficient_sha256": "3e20a93069fafb231f3641ac3248a4d2941bff16aa229671b9eecd0cb428190f", "elapsed_seconds": 0.06050195799980429, "event": "progress", "shift": 400, "shift_bound": 2942}
{"coefficient_sha256": "8d1cc6a4560f2e08ae3feb90eb1e5c8e7858d2ac8cef126ff01d6eb12ff0dc98", "elapsed_seconds": 0.05798687499918742, "event": "progress", "shift": 425, "shift_bound": 2942}
{"coefficient_sha256": "99b5c42c524c5bd7bbb55b244232b18b0cd9adf753c4e6c5265dee4f33495a63", "elapsed_seconds": 0.0580790829990292, "event": "progress", "shift": 450, "shift_bound": 2942}
{"coefficient_sha256": "69f4b922222e3088b07cdc01ff1506c6e641362c91df8f8b4ce8dee7ff33a31b", "elapsed_seconds": 0.05813595799918403, "event": "progress", "shift": 475, "shift_bound": 2942}
{"coefficient_sha256": "0e890631399c39e6c2b8f96ee1600dc6efdf400decad1adef3e9c06b2f28d3a6", "elapsed_seconds": 0.05754029200033983, "event": "progress", "shift": 500, "shift_bound": 2942}
{"coefficient_sha256": "ad3fc1112f290074ea9f5f213bf8f63944660f4dbd16ac47cbdfb991f58d7c52", "elapsed_seconds": 0.05801891699957196, "event": "progress", "shift": 525, "shift_bound": 2942}
{"coefficient_sha256": "66d2e8ab2bd92b0dcda5681ed99a12df1294d11637acf3ff5bb4c0b043feea2b", "elapsed_seconds": 0.05855558300027042, "event": "progress", "shift": 550, "shift_bound": 2942}
{"coefficient_sha256": "ee5942eb83a79d77ff4bbb0cdc67cfd138d15148e62dd431381fbd9c3fc6dd5b", "elapsed_seconds": 0.05795379099799902, "event": "progress", "shift": 575, "shift_bound": 2942}
{"coefficient_sha256": "ecdc23d7da6bc8e515dcb918fd38fd8bae1fae507bf085072d57641d843516aa", "elapsed_seconds": 0.058777791000466095, "event": "progress", "shift": 600, "shift_bound": 2942}
{"coefficient_sha256": "e661bbf38a4484b25dd988683edc85872a3ae92d9960b6412902715d88faefad", "elapsed_seconds": 0.05838541699995403, "event": "progress", "shift": 625, "shift_bound": 2942}
{"coefficient_sha256": "a2db4f8c8893459d5e67344e0259e5570d7c83b3d43c6070b04e838606fde066", "elapsed_seconds": 0.058550666999508394, "event": "progress", "shift": 650, "shift_bound": 2942}
{"coefficient_sha256": "49d14bbca6307174b8d6cded810e45a0fd8e4f02d9799f4a1806b4b37e6237a7", "elapsed_seconds": 0.05833770799654303, "event": "progress", "shift": 675, "shift_bound": 2942}
{"coefficient_sha256": "2896fc75c79433c23cc69ae624bc8d041324b5a4be08d75bed0272fd94119b09", "elapsed_seconds": 0.05781133300115471, "event": "progress", "shift": 700, "shift_bound": 2942}
{"coefficient_sha256": "57e565e9f53724139b4219fedd0145dc422fc50908c8ff0ff5defc1f85510b1d", "elapsed_seconds": 0.05794645799687714, "event": "progress", "shift": 725, "shift_bound": 2942}
{"coefficient_sha256": "eb9e93a0975235c675927d9998e10771b8b9e73b80a30e77bb4fbda6acc84bd9", "elapsed_seconds": 0.0579594589980843, "event": "progress", "shift": 750, "shift_bound": 2942}
{"coefficient_sha256": "f67ad9f3370afdfd5b8b70af3ca74fc22fc9e819df4e0361f7abb1c3343133d1", "elapsed_seconds": 0.0596177080005873, "event": "progress", "shift": 775, "shift_bound": 2942}
{"coefficient_sha256": "36e0ba4e04e18bcac26f4a396631ee6cedb7896e423d8dc3cdc5685a60cf6ad0", "elapsed_seconds": 0.05861749999894528, "event": "progress", "shift": 800, "shift_bound": 2942}
{"coefficient_sha256": "fb5614078d438c252a69d5211d99ba2a2efcb26815e6c854fcbf3a1d922ce7d0", "elapsed_seconds": 0.0587849589974212, "event": "progress", "shift": 825, "shift_bound": 2942}
{"coefficient_sha256": "c14dd8e82fd9ea94d5983e94866d23ae561a40273709339b770e738bf8316b4e", "elapsed_seconds": 0.05806058300004224, "event": "progress", "shift": 850, "shift_bound": 2942}
{"coefficient_sha256": "6abc1f51d0dc4703ae697d9a02d424222fd1acac355cc176be55b29456b3e37e", "elapsed_seconds": 0.058406874999491265, "event": "progress", "shift": 875, "shift_bound": 2942}
{"coefficient_sha256": "f4af2df2f1d79d3620966b136fb59c00b2e48fba03b5be58da07741dd3745fa1", "elapsed_seconds": 0.05884141700153123, "event": "progress", "shift": 900, "shift_bound": 2942}
{"coefficient_sha256": "4a5e89b0dec0ac4bf6729bba588c9ccd6567fde4c6049f0aac75ffd1569680b3", "elapsed_seconds": 0.058590583998011425, "event": "progress", "shift": 925, "shift_bound": 2942}
{"coefficient_sha256": "bfa03122532a83a21b67f3973d3563a27f6141e2c721e05b8bee157aa6b9c270", "elapsed_seconds": 0.05871941599980346, "event": "progress", "shift": 950, "shift_bound": 2942}
{"coefficient_sha256": "b3e661849ef443fccd4f86f4454a6b53b2b82c562c47cf0a3e04e7611de8fc85", "elapsed_seconds": 0.05820320900238585, "event": "progress", "shift": 975, "shift_bound": 2942}
{"coefficient_sha256": "764e3dd2d698634163816cb196601d9340000f47e81fca96fd3555adcf7e6150", "elapsed_seconds": 0.058613625002180925, "event": "progress", "shift": 1000, "shift_bound": 2942}
{"coefficient_sha256": "16db4afd7a2fd8f159b6fffead616b177763bdf3ad9b5969451095e51539f87f", "elapsed_seconds": 0.059154709000722505, "event": "progress", "shift": 1025, "shift_bound": 2942}
{"coefficient_sha256": "c3c063895d3aa1b270e577a8eb03ef31080b61e420d2088b4667a627a208cf64", "elapsed_seconds": 0.05819629200050258, "event": "progress", "shift": 1050, "shift_bound": 2942}
{"coefficient_sha256": "8b49c55215e39a9d8b870d74f04858dbd4ef3667921ac9ae9d40672863c7da8f", "elapsed_seconds": 0.05971908400169923, "event": "progress", "shift": 1075, "shift_bound": 2942}
{"coefficient_sha256": "ffddc3590e059146497bc01e1b5b1bc26990633429f09bb4012102f8276ca537", "elapsed_seconds": 0.05802370899982634, "event": "progress", "shift": 1100, "shift_bound": 2942}
{"coefficient_sha256": "8c524a33cb5be79dd6a983f2dd153b5705df6ca97fb00aa5804911a447f65fc8", "elapsed_seconds": 0.058125250001467066, "event": "progress", "shift": 1125, "shift_bound": 2942}
{"coefficient_sha256": "43b641af5500d03c76d23303f732176fbbb95239221b83818d4683977b0dccaf", "elapsed_seconds": 0.05850375000227359, "event": "progress", "shift": 1150, "shift_bound": 2942}
{"coefficient_sha256": "8f07efb65616a6114d79a6887cac1787de4436ccb2f5496e903315331895bfbe", "elapsed_seconds": 0.05905783400157816, "event": "progress", "shift": 1175, "shift_bound": 2942}
{"coefficient_sha256": "02aafdcc5b9e3f43aa3cf2e658c0cefa7326bd1ba5878f3dee7d2a43c027b9ae", "elapsed_seconds": 0.062064416000794154, "event": "progress", "shift": 1200, "shift_bound": 2942}
{"coefficient_sha256": "bde05a8fb0dee008adf075cd348e50895b47e38d2837903832f7f96f8399cb33", "elapsed_seconds": 0.09166779199949815, "event": "progress", "shift": 1225, "shift_bound": 2942}
{"coefficient_sha256": "0dced0942a6baec3fa0fd90a7aad9d172c03ac94aad75ba6fc422ffcc8466483", "elapsed_seconds": 0.06240112500017858, "event": "progress", "shift": 1250, "shift_bound": 2942}
{"coefficient_sha256": "dd52bc269b260ab19865a14a40119e7c1ca2e42c8e341ccbda658878ffcce39b", "elapsed_seconds": 0.05939991699779057, "event": "progress", "shift": 1275, "shift_bound": 2942}
{"coefficient_sha256": "038ba6eda71ae4fae543a0c111db695ded9c8d043f588957d021491babe15b64", "elapsed_seconds": 0.05785041700073634, "event": "progress", "shift": 1300, "shift_bound": 2942}
{"coefficient_sha256": "4b8ad26e22b87aed83b60c9c7c87ce745446c6261a2b84040d036eb8e61bd67a", "elapsed_seconds": 0.05865787500079023, "event": "progress", "shift": 1325, "shift_bound": 2942}
{"coefficient_sha256": "b24c731bde4436d083980345c057237082d7056dc8c9d968360790a8753ba6d0", "elapsed_seconds": 0.09450945799835608, "event": "progress", "shift": 1350, "shift_bound": 2942}
{"coefficient_sha256": "84d2a2627fee61e7147453ff61d5296b7498a59091793cc8bdb8c1f30f567d42", "elapsed_seconds": 0.05953133400180377, "event": "progress", "shift": 1375, "shift_bound": 2942}
{"coefficient_sha256": "457937db952f47b011110d1b52cf55da674fd333460d03bff17e40413368ab2a", "elapsed_seconds": 0.05901724999785074, "event": "progress", "shift": 1400, "shift_bound": 2942}
{"coefficient_sha256": "fef17025b88054c4821d6890d2fee0c9a2c2ba3eb31441dc3ecd2838983fb989", "elapsed_seconds": 0.05945712500033551, "event": "progress", "shift": 1425, "shift_bound": 2942}
{"coefficient_sha256": "7710ea86121a0bf54733a1486590e84a565e5aa371ada9ad42d3d083c8e937fb", "elapsed_seconds": 0.06008658299833769, "event": "progress", "shift": 1450, "shift_bound": 2942}
{"coefficient_sha256": "a15d94b2ba854f243687146def59df1feca853e8e3f711a74ec24c1ed571e208", "elapsed_seconds": 0.059215540997684, "event": "progress", "shift": 1475, "shift_bound": 2942}
{"coefficient_sha256": "3647e7d729f67610099890b92ce443cccfc46eeb7f2a3afc60b45f51e28596ee", "elapsed_seconds": 0.05849545800083433, "event": "progress", "shift": 1500, "shift_bound": 2942}
{"coefficient_sha256": "66fc6a4464a858817f0f9315b5e10230c8399a1bd1efd1573ac071f3cb294eb2", "elapsed_seconds": 0.06037250000008498, "event": "progress", "shift": 1525, "shift_bound": 2942}
{"coefficient_sha256": "54ada3446811f6d57e75b4ef64d40c442a2e00d03c66d31845bda18339eb8268", "elapsed_seconds": 0.05817533399749664, "event": "progress", "shift": 1550, "shift_bound": 2942}
{"coefficient_sha256": "50e96a9e54ad9ce8fadc40ae8f0ff3a32c79e078a0106215d24cb7636d7764cf", "elapsed_seconds": 0.05884383400189108, "event": "progress", "shift": 1575, "shift_bound": 2942}
{"coefficient_sha256": "2f0f8179ba19ab347a7103ae6fed18148d99fb07e953758a1c12d2fc4b1a821e", "elapsed_seconds": 0.05838691600001766, "event": "progress", "shift": 1600, "shift_bound": 2942}
{"coefficient_sha256": "c4178faefba0ecc5d2077397997a902358b1a600646e5944fbb5bb8e86bc62e4", "elapsed_seconds": 0.05905524999980116, "event": "progress", "shift": 1625, "shift_bound": 2942}
{"coefficient_sha256": "31d6334c8996d9a7d7bd4baa2b892b99f0a03a2e5071553924795fcebbabcd37", "elapsed_seconds": 0.05925425000168616, "event": "progress", "shift": 1650, "shift_bound": 2942}
{"coefficient_sha256": "34341dea8552a7971135ce8fa0f3885b0a4472168600c67b17e034a0313b8dfb", "elapsed_seconds": 0.058005625000078, "event": "progress", "shift": 1675, "shift_bound": 2942}
{"coefficient_sha256": "abb89a7f45661b737543ca5e42086d4c0b7442f763d71d974d3e9ccc9b543aad", "elapsed_seconds": 0.058913290999043966, "event": "progress", "shift": 1700, "shift_bound": 2942}
{"coefficient_sha256": "392737ddf767ea352c8ff577d1664f655ffa0cf3b2325d598f2c268c6fd455b6", "elapsed_seconds": 0.059262875001877546, "event": "progress", "shift": 1725, "shift_bound": 2942}
{"coefficient_sha256": "529fa296ef9d1a122d16ea68e7f11a6193a61a849d6176398a30514c1cec1909", "elapsed_seconds": 0.05922337499941932, "event": "progress", "shift": 1750, "shift_bound": 2942}
{"coefficient_sha256": "a488e4fe27cf117fd054fbb35d535f9df66df4425ec787b6f62b76a52b5bc523", "elapsed_seconds": 0.05963608299862244, "event": "progress", "shift": 1775, "shift_bound": 2942}
{"coefficient_sha256": "6baae0aa3db8ef4b8923c5662f21b2df7af7450a9fc340e06c9e85bc628857ca", "elapsed_seconds": 0.05942962500193971, "event": "progress", "shift": 1800, "shift_bound": 2942}
{"coefficient_sha256": "64c3b7a2dcb043c149a92f643bbd269a24ea836d450dc7c108d0a6eb3c531c94", "elapsed_seconds": 0.059059082999738166, "event": "progress", "shift": 1825, "shift_bound": 2942}
{"coefficient_sha256": "bf8f069b05f4dc073c1733d2729bf8ef29fc1d85ffb8b82018678c585266b06f", "elapsed_seconds": 0.059522499999729916, "event": "progress", "shift": 1850, "shift_bound": 2942}
{"coefficient_sha256": "7401f5da598067bea51a6ecffc1a3351b24279a71a9ad5420579dfcd598f47c9", "elapsed_seconds": 0.05951062500025728, "event": "progress", "shift": 1875, "shift_bound": 2942}
{"coefficient_sha256": "5ca430015ef7a508cb3e6afc4a45466d9b60d704d85b0a4e7b71c92e5957c4e8", "elapsed_seconds": 0.059067374997539446, "event": "progress", "shift": 1900, "shift_bound": 2942}
{"coefficient_sha256": "8f67884afa20a8d44b95c796736697d38d96b8706a489addf7e55b7c898f2164", "elapsed_seconds": 0.059631667001667665, "event": "progress", "shift": 1925, "shift_bound": 2942}
{"coefficient_sha256": "ddb85135428012fd5ffd6b0a2808009e6808f33ff83a364a6eba89e8b6517a82", "elapsed_seconds": 0.05917374999989988, "event": "progress", "shift": 1950, "shift_bound": 2942}
{"coefficient_sha256": "425a10371a3d1812fe920be8aa582efb14361283664d4167968a66ef9dedddbc", "elapsed_seconds": 0.058734290996653726, "event": "progress", "shift": 1975, "shift_bound": 2942}
{"coefficient_sha256": "5dd3871494b24202e0b5383ba068bd3823fac838bc9dcc1febe9e0f36f7d249b", "elapsed_seconds": 0.060362500000337604, "event": "progress", "shift": 2000, "shift_bound": 2942}
{"coefficient_sha256": "445141db64c9bbb6f5f865498c105dccf9736fee1fc11fd4fab16330e03c69aa", "elapsed_seconds": 0.058735082999191945, "event": "progress", "shift": 2025, "shift_bound": 2942}
{"coefficient_sha256": "172a7dc000cccbe39cba47434b6871975a6c4b078788d6eaf26842c8e88efae9", "elapsed_seconds": 0.05958625000130269, "event": "progress", "shift": 2050, "shift_bound": 2942}
{"coefficient_sha256": "9ceb0ba8720adbdc4715dbc9854ec79183b412c3439c09eee320a017d12113ed", "elapsed_seconds": 0.05943483299779473, "event": "progress", "shift": 2075, "shift_bound": 2942}
{"coefficient_sha256": "e86fec2961a66c09f031085d9f1462841d464f195969a3a73dd5fae9bc8c9b6f", "elapsed_seconds": 0.05892904199936311, "event": "progress", "shift": 2100, "shift_bound": 2942}
{"coefficient_sha256": "2b8cd141e1c78c5916e662bcae09a5d56ec8f689066a2152ce500b40062b3cbd", "elapsed_seconds": 0.059611416996631306, "event": "progress", "shift": 2125, "shift_bound": 2942}
{"coefficient_sha256": "a4ad49cf07857cfc49ad6883d9b0637f92744aef60977169949ff429cb2a24df", "elapsed_seconds": 0.060344249999616295, "event": "progress", "shift": 2150, "shift_bound": 2942}
{"coefficient_sha256": "009edacaca95fcdc6218b7bb354c2d1621156d08467adf52a2685b734059cd18", "elapsed_seconds": 0.05941562500083819, "event": "progress", "shift": 2175, "shift_bound": 2942}
{"coefficient_sha256": "9cf85da1bfd520e073ba202531be5926b0960b8f558cf50f8a5bfeaad00b1163", "elapsed_seconds": 0.05949083399900701, "event": "progress", "shift": 2200, "shift_bound": 2942}
{"coefficient_sha256": "92aac7c2e559edabfe6d33027332e430deb4b5c59c1523310ab33acca24e853d", "elapsed_seconds": 0.05977391700071166, "event": "progress", "shift": 2225, "shift_bound": 2942}
{"coefficient_sha256": "ba44e01de788379775daeef23640764ee0ad65f108f0240b7b6b424bd1c1b29d", "elapsed_seconds": 0.06046062500172411, "event": "progress", "shift": 2250, "shift_bound": 2942}
{"coefficient_sha256": "04be9b3f48682ab749c9ced93fa2ce0fd2ffe3bf9b54a519c47b3d3b33580d19", "elapsed_seconds": 0.05943041700083995, "event": "progress", "shift": 2275, "shift_bound": 2942}
{"coefficient_sha256": "42fcb1717140350f64ad8d5e87d443d707aae00106007325a54138b4612722c6", "elapsed_seconds": 0.05855320800037589, "event": "progress", "shift": 2300, "shift_bound": 2942}
{"coefficient_sha256": "50e898b5a27dd05c8e94ec658502c4837ae6fe6bb9a61e16b456fbed1cdf2a2f", "elapsed_seconds": 0.06353950000266195, "event": "progress", "shift": 2325, "shift_bound": 2942}
{"coefficient_sha256": "ba911b80ba213e7797085c06d7978f36e0a069038228de15acce4614f026f72b", "elapsed_seconds": 0.05882425000163494, "event": "progress", "shift": 2350, "shift_bound": 2942}
{"coefficient_sha256": "c94b950cc75da5856fa26737e662371d63bd90feae433ae00bc60c870c0163cf", "elapsed_seconds": 0.05966337499921792, "event": "progress", "shift": 2375, "shift_bound": 2942}
{"coefficient_sha256": "551a745927f206d909681e8bef6a465763909ca642139e11b3925ddc4b3c7d5d", "elapsed_seconds": 0.060016499999619555, "event": "progress", "shift": 2400, "shift_bound": 2942}
{"coefficient_sha256": "7b55b57a6b66045e8aef68adcb6b4d34d22da421df0e27ce5e71ad21e0970c40", "elapsed_seconds": 0.06022620899966569, "event": "progress", "shift": 2425, "shift_bound": 2942}
{"coefficient_sha256": "15f9d5a72fd5a5ead852d3ce4010782ad2e6152cf321008f7fd65daa3c925786", "elapsed_seconds": 0.060548958001163555, "event": "progress", "shift": 2450, "shift_bound": 2942}
{"coefficient_sha256": "7c162069844d18c2012a5cd0778d3f9847ea7bd2532c568c8a94c3c5b2ac4436", "elapsed_seconds": 0.059530833997996524, "event": "progress", "shift": 2475, "shift_bound": 2942}
{"coefficient_sha256": "57dc9ed3d9fd692a84c911ebca8ee7a714d81e8a3bd4f2b96e0f1b96b0544ce8", "elapsed_seconds": 0.05954475000180537, "event": "progress", "shift": 2500, "shift_bound": 2942}
{"coefficient_sha256": "4c0051bfcb070d06d5f58cb25b2d8e71339f4800ba55980320f81c636e91f62a", "elapsed_seconds": 0.059591917000943795, "event": "progress", "shift": 2525, "shift_bound": 2942}
{"coefficient_sha256": "c66724e516893207d34f5eb044f3a3551b8095ae7279351b66176e2f74e65140", "elapsed_seconds": 0.05881091700211982, "event": "progress", "shift": 2550, "shift_bound": 2942}
{"coefficient_sha256": "138446d447f6bfb4b3ccf6fa0b6e2814a7d4d4de96a36567fc8f1d94917a21e4", "elapsed_seconds": 0.06055404099970474, "event": "progress", "shift": 2575, "shift_bound": 2942}
{"coefficient_sha256": "7b6c5c58f29aa1edab31ffef389fb29be4ddff4ddb4cb711f902e1ef77ba2c5d", "elapsed_seconds": 0.05926654200084158, "event": "progress", "shift": 2600, "shift_bound": 2942}
{"coefficient_sha256": "987b14e48efc36aee126ef460bb70b7bc5fb5d859561b5953e0e045953632351", "elapsed_seconds": 0.05912950000129058, "event": "progress", "shift": 2625, "shift_bound": 2942}
{"coefficient_sha256": "8eb80cf609c95a3a226eaeb9bcea1e6deb26ebe01ed3e4000c81148d7d70b54a", "elapsed_seconds": 0.05928008299815701, "event": "progress", "shift": 2650, "shift_bound": 2942}
{"coefficient_sha256": "136d0d7de623e84ae4b101b396ca4ad056f973e8a927a4c908c624302962d35c", "elapsed_seconds": 0.05878587500046706, "event": "progress", "shift": 2675, "shift_bound": 2942}
{"coefficient_sha256": "c28210818cf6293196c31e663635d43e30ad79cb79ae2180fde088a203691286", "elapsed_seconds": 0.05854979200012167, "event": "progress", "shift": 2700, "shift_bound": 2942}
{"coefficient_sha256": "b509140dfa1aa3f94666698655b1fee84dbbfc83fe24537bdf8b6bbe4a7bd415", "elapsed_seconds": 0.059281625002768124, "event": "progress", "shift": 2725, "shift_bound": 2942}
{"coefficient_sha256": "49531bfe0e2e002af34df7d31a326444c6dab4fffb429afb9c3f6cf821ab844d", "elapsed_seconds": 0.059294041002431186, "event": "progress", "shift": 2750, "shift_bound": 2942}
{"coefficient_sha256": "50d77100b3131f6fcaaead88323cd359933e39f11bc865016270cd2fa91baf24", "elapsed_seconds": 0.060446416999184294, "event": "progress", "shift": 2775, "shift_bound": 2942}
{"coefficient_sha256": "c61b687e2900bde1881d0a9b2a604b3ba15c32f2d39481f41635bd9e98c386e0", "elapsed_seconds": 0.05977483300011954, "event": "progress", "shift": 2800, "shift_bound": 2942}
{"coefficient_sha256": "229a8ebf98e965e517a3c6cc4052af2fd419356a493945505bdeeb7317808a55", "elapsed_seconds": 0.05857662500056904, "event": "progress", "shift": 2825, "shift_bound": 2942}
{"coefficient_sha256": "eb347d6e348fdd8dbbc3919d60c351bf8691a4ab5554a27f55afe68c5aba5f17", "elapsed_seconds": 0.05904012500104727, "event": "progress", "shift": 2850, "shift_bound": 2942}
{"coefficient_sha256": "88b57f66f47ecdd296d52f9d77be0bf87ca114fbda8869637f71c193a41c1dbd", "elapsed_seconds": 0.059500040999409975, "event": "progress", "shift": 2875, "shift_bound": 2942}
{"coefficient_sha256": "f3ee207d73d6db3d5f808f58e51ec8d183e047c549afcc9cd896b4c6f498ecef", "elapsed_seconds": 0.06346079200011445, "event": "progress", "shift": 2900, "shift_bound": 2942}
{"coefficient_sha256": "f1f0f33ae18a865194ef8cf5809dae989a317ef6eb554600d32acf8863245de4", "elapsed_seconds": 0.05995545800033142, "event": "progress", "shift": 2925, "shift_bound": 2942}
{"coefficient_sha256": "1d5444513dceebff5c4a223ee3c714a422797cc0941da777817a072f1caf0e52", "elapsed_seconds": 0.05958212500263471, "event": "progress", "shift": 2942, "shift_bound": 2942}
{"event": "endpoint", "global_hash": "db82eb9b8ee3642792ec99af73f7dc07640e4d17ef176f1eaba22e4e169bd4ce", "local_hashes": ["96c5cd358a44da272ad2420a0aac033527abff5eb00a598600f2d2cafb2697c3", "1def7324bd999e1030ff8b299de1742a3ca6ab0f06e46dcfefeb4d4ae4d91f23"], "shift": 1}
{"event": "endpoint", "global_hash": "b7ce968d860b7ff84cb1eed0052ed18ea29e0b2a65f2cb9d0513d718b7f2a8a2", "local_hashes": ["f4423d6e4a8f256089b48859a321b348b15b5f896b3d9e1482e392825c861358", "9a9b40b09a656bcf4885197e9c001f2cf0e4dbe405e9c82c2ec6c0e82068c57e"], "shift": 2942}
{"all_global_coefficients_units": true, "all_global_degrees": 2952, "all_local_degree_chains": "2953,2952,...,0", "completed_shifts": 2942, "construction_order": "form H_a over (Z/NZ)[X]/(X^r-1), materialize its coefficient vector, then reduce that vector", "determinant_statuses_both_fields": 17375452, "determinant_statuses_per_field": 8687726, "elapsed_seconds": 200.62814929199885, "endpoint_file": "/Users/zhou/autoresearch/IntegerFactoring/experiments/F04_psc_coefficient_audit/output/A04_endpoints.json", "endpoint_shifts": [1, 2942], "endpoints_sha256": "9fb793aefbeaddd1901ed612eb4a2a9fa9f9ec74ec526f3d0b46b93dea65b5d2", "event": "result", "expected_degree_sha256": "942e5bfa8d55cd6b1762a5b595220b234744e76ae82a91f34b0d7b47af38627f", "global_coefficients_checked": 8687726, "inputs": {"N": 20000000499999937, "factors_used_only_after_global_construction": [100000007, 199999991], "r": 2953, "shift_start": 1, "shift_stop": 2942}, "local_chain_entries_checked": 17381336, "phase": "fresh_global_before_local_full_exhaustion", "rows_file": "/Users/zhou/autoresearch/IntegerFactoring/experiments/F04_psc_coefficient_audit/output/A04_rows.jsonl", "rows_sha256": "7b1d411243e808e199d8bdd9e89b63f48aecfd344f650d80cc1dcae3a4298cb7", "source": "/Users/zhou/autoresearch/IntegerFactoring/experiments/F04_psc_coefficient_audit/exhaust_degree_chains.sage", "source_sha256": "cdf1e2c79ef367c1bb8367f16ce168e5a4ddbe217c7c1c71d27c5774e1fa3aae"}
{"disposition": "completed", "duration_seconds": 202.35433587500302, "event": "finish", "exit_code": 0, "finished_utc": "2026-08-05T17:49:32.950763+00:00", "run_id": "A04_full_exhaustion", "timed_out": false}
