12 random_1 1 1 complete 7 17
12 random_1 2 1 complete 27 48
12 random_2 1 1 complete 7 17
12 random_2 2 1 complete 27 52
12 high_residue 1 1 complete 31 68
12 high_residue 2 1 complete 27 48
16 random_1 1 1 complete 187 346
16 random_1 2 1 complete 175 332
16 random_2 1 1 complete 175 352
16 random_2 2 1 complete 165 335
16 high_residue 1 1 complete 87 246
16 high_residue 2 1 complete 171 343
20 random_1 1 1 complete 951 2262
20 random_1 2 1 complete 919 2291
20 random_2 1 1 complete 991 2568
20 random_2 2 1 complete 965 2565
20 high_residue 1 1 complete 859 2419
20 high_residue 2 1 complete 943 2430
24 random_1 1 1 complete 6951 14398
24 random_1 2 1 complete 6931 14413
24 random_2 1 1 complete 6851 13778
24 random_2 2 1 complete 6777 13824
24 high_residue 1 1 complete 6663 13222
24 high_residue 2 1 complete 6675 13258
28 random_1 1 1 complete 41983 86530
28 random_1 2 1 complete 42015 86655
28 random_2 1 1 complete 41307 86362
28 random_2 2 1 complete 41383 86295
28 high_residue 1 1 complete 39403 85394
28 high_residue 2 1 complete 39543 85414
