F310_WALSH_PHASE_NULLSPACE
status=passed
case_count=4
total_walltime_seconds=0.035421958
peak_rss_bytes=257556480
outer_timeout_seconds=30
internal_timeout_seconds=28
memory_budget_bytes=1073741824
case=s7 N=2305 shape=8x8 rank_QQ=5 nullity=3 walltime_seconds=0.020656583 peak_rss_bytes=257556480
  vector=0 support=[0, 5, 6, 7] entries=[1, 0, 0, 0, 0, -1, 1, 1]
  vector=1 support=[1, 3, 4, 5] entries=[0, 1, 0, -1, -1, 1, 0, 0]
  vector=2 support=[2, 3, 4, 6] entries=[0, 0, 1, -1, -1, 0, 1, 0]
case=s9 N=9217 shape=16x16 rank_QQ=13 nullity=3 walltime_seconds=0.001968292 peak_rss_bytes=257556480
  vector=0 support=[0, 3, 5, 7, 8, 10, 11, 12, 13, 14, 15] entries=[2, 0, 0, 7, 0, -1, 0, -6, -2, 0, -4, -1, 4, -1, 4, 2]
  vector=1 support=[1, 3, 5, 7, 8, 10, 11, 12, 13, 14] entries=[0, 2, 0, -2, 0, -2, 0, 2, -2, 0, 1, 1, 1, 1, -2, 0]
  vector=2 support=[2, 3, 4, 5, 10, 11, 12, 13] entries=[0, 0, 1, -1, 1, -1, 0, 0, 0, 0, -1, 1, -1, 1, 0, 0]
case=s11 N=36865 shape=32x32 rank_QQ=29 nullity=3 walltime_seconds=0.003227250 peak_rss_bytes=257556480
  vector=0 support=[0, 4, 6, 8, 9, 11, 13, 15, 16, 18, 20, 21, 22, 23, 25, 27, 29, 31] entries=[8, 0, 0, 0, 6, 0, 5, 0, -7, 1, 0, -3, 0, -4, 0, 2, -2, 0, 4, 0, 3, 20, -1, -5, 0, -1, 0, -2, 0, -16, 0, 8]
  vector=1 support=[1, 3, 4, 5, 6, 8, 9, 10, 11, 12, 13, 14, 15, 16, 17, 18, 19, 20, 21, 22, 23, 25, 26, 27, 28, 29, 30] entries=[0, 24, 0, 16, 124, -8, 81, 0, 141, -101, 74, -169, 32, -68, 8, -154, -134, 8, -108, 32, -199, -26, -91, 131, 0, 111, -8, 164, 16, 80, 24, 0]
  vector=2 support=[2, 4, 6, 8, 9, 10, 11, 13, 15, 16, 18, 20, 21, 22, 23, 25, 27, 29] entries=[0, 0, 8, 0, 4, 0, 3, 0, -1, 1, -10, -3, 0, -4, 0, 2, -2, 0, 4, 0, 3, 10, -1, 1, 0, -3, 0, -4, 0, -8, 0, 0]
case=s13 N=147457 shape=64x64 rank_QQ=61 nullity=3 walltime_seconds=0.009513291 peak_rss_bytes=257556480
  vector=0 support=[0, 3, 4, 5, 6, 7, 8, 9, 10, 11, 12, 13, 14, 15, 16, 17, 18, 19, 20, 21, 22, 23, 24, 25, 26, 27, 29, 30, 31, 32, 33, 34, 36, 37, 38, 39, 40, 41, 42, 43, 44, 45, 46, 47, 48, 49, 50, 51, 52, 53, 54, 55, 56, 57, 58, 59, 60, 61, 62, 63] entries=[5454430827456892, 0, 0, -2449297708920029, 10983557274954857, 6783361084478785, -14834486516124215, 13083144348725972, -7471031190412935, 27695045007317076, -20573466328465864, 21492831407806361, -13685456486721575, 42553507409956208, -3183663208241254, 1239616216919087, -2569872736630961, 12228330862648740, -166896660026569, -4735390342602171, -7204839379011619, -9783759193794582, 15005338430910054, -7085247171664367, 13594870299205128, -45688504479043099, 16266206730361954, -28371112259743250, 0, -25047705822618286, 26015758887687692, -14090838476951138, 13379012456308450, -18154017756963924, 14616035092395531, 0, -28371112259743250, -36815481941217558, 5867073286839896, 5809860913147168, -12949855714428688, 16198141811012150, -9783759193794582, 15374256031129483, 14297397309395368, 743648039173077, -8367055383752534, -5670090637883888, -19355770029482187, -6283881109494181, -13667358129304655, 6990391654896612, 21492831407806361, 13671537846757691, -16900179056789220, 14013070135317332, 13083144348725972, 13545909116335019, -7447758183428449, -14012714256868196, -8313906251684350, 22579095410141102, 14431535045454450, 5454430827456892]
  vector=1 support=[1, 3, 4, 5, 6, 7, 8, 9, 10, 11, 12, 13, 14, 15, 16, 17, 18, 19, 20, 21, 22, 23, 24, 25, 26, 27, 29, 30, 31, 32, 33, 34, 36, 37, 38, 39, 40, 41, 42, 43, 44, 45, 46, 47, 48, 49, 50, 51, 52, 53, 54, 55, 56, 57, 58, 59, 60, 61, 62] entries=[0, 46223990063194, 0, 560368270805749, -89296983543061, -311856944137114, 400499418218694, -389269351819172, 115850624151181, -565449013579380, 723977459253421, -569871524717158, 521929378390399, -680089761671827, 229830457586753, -159924048387698, -114949337079581, -615152974003128, 115714281767826, -55002747507569, 29654727930354, 958098393729448, -34470907494294, -125530868161719, -240575369830996, 755403895289009, -1183837317606248, 700340231666556, 0, 20782276591325, -536247868055100, 492851612150136, -211949668796616, 597027854260164, -996880886997043, 0, 700340231666556, 178093704933400, -567371293321471, -40833310771156, 24938955035865, -65074981475478, 958098393729448, -549663136092654, -543332048955425, 92352193931442, -86731664279832, -35406220761773, 368497261335598, 309373573904561, 762383957762525, -8556363606449, -569871524717158, -154655732727299, 578742526478604, -435372685037987, -389269351819172, -327663950564442, 53274672838022, 552039011957051, 710838094003333, -579317864023008, -324049747889606, 0]
  vector=2 support=[2, 3, 4, 5, 6, 7, 8, 9, 10, 11, 12, 13, 14, 15, 16, 17, 18, 19, 20, 21, 22, 23, 24, 25, 26, 27, 29, 30, 31, 32, 33, 34, 36, 37, 38, 39, 40, 41, 42, 43, 44, 45, 46, 47, 48, 49, 50, 51, 52, 53, 54, 55, 56, 57, 58, 59, 60, 61, 62] entries=[0, 0, 23111995031597, -185084030021531, 2951073506942, 85095421961176, -98940329159426, 124401668686350, -15032078211013, 135056962006194, -196313563089945, 182118032874525, -145632980351668, 159793525128332, -76621996625322, 30026636476936, 33561817192503, 175507491099061, -36047628877394, 37059621635704, 13635015604022, -306186547665900, 12237076621181, 34113800579119, 68913692682490, -188637611898255, 323993101178168, -223812876766050, 0, 33958318194712, 126160425842674, -129386033635182, 39616134394182, -145584332891374, 277980691052813, 0, -223812876766050, -2580220604768, 128546650863480, 21018148306610, -1966903345294, 19575534982669, -306186547665900, 152547894517228, 154154628253871, -30445704475756, 48798943043939, 14488413847572, -96681911578186, -95695399970253, -186092886403607, -18429408323957, 182118032874525, 14371233265470, -139305267657894, 117144092348938, 124401668686350, 75663763271576, -2458384413826, -150832945627067, -221164733945944, 162024873944803, 88786820015850, 0]
interpretation=exact finite QQ nullspaces for the fixed order only; no general theorem or lower bound
