F310_WALSH_PHASE_RANK
status=passed
seed=31020260907
rank_field_prime=65521
scale_decision=True
case_count=18
total_walltime_seconds=0.365937000
peak_rss_bytes=258392064
outer_timeout_seconds=30
internal_timeout_seconds=28
memory_budget_bytes=1073741824
case=9M+1 s=7 N=2305 shape=8x8 rank=5 determinant=65505 walltime_seconds=0.017822125 peak_rss_bytes=258392064
case=seeded s=7 N=4019 shape=8x8 rank=8 determinant=1024 walltime_seconds=0.000114500 peak_rss_bytes=258392064
case=9M+1 s=9 N=9217 shape=16x16 rank=13 determinant=32753 walltime_seconds=0.000416334 peak_rss_bytes=258392064
case=seeded s=9 N=9227 shape=16x16 rank=14 determinant=8192 walltime_seconds=0.000346667 peak_rss_bytes=258392064
case=9M+1 s=11 N=36865 shape=32x32 rank=29 determinant=46144 walltime_seconds=0.001011375 peak_rss_bytes=258392064
case=seeded s=11 N=42207 shape=32x32 rank=24 determinant=42931 walltime_seconds=0.000943459 peak_rss_bytes=258392064
case=9M+1 s=13 N=147457 shape=64x64 rank=61 determinant=56747 walltime_seconds=0.003708125 peak_rss_bytes=258392064
case=9M+3 s=13 N=147459 shape=64x64 rank=62 determinant=22148 walltime_seconds=0.003610917 peak_rss_bytes=258392064
case=9M+5 s=13 N=147461 shape=64x64 rank=62 determinant=32506 walltime_seconds=0.003524666 peak_rss_bytes=258392064
case=seeded s=13 N=163481 shape=64x64 rank=62 determinant=46373 walltime_seconds=0.003588042 peak_rss_bytes=258392064
case=9M+1 s=15 N=589825 shape=128x128 rank=125 determinant=7470 walltime_seconds=0.015702541 peak_rss_bytes=258392064
case=9M+3 s=15 N=589827 shape=128x128 rank=126 determinant=41755 walltime_seconds=0.015443750 peak_rss_bytes=258392064
case=9M+5 s=15 N=589829 shape=128x128 rank=126 determinant=21675 walltime_seconds=0.015269334 peak_rss_bytes=258392064
case=seeded s=15 N=969131 shape=128x128 rank=122 determinant=43819 walltime_seconds=0.015443833 peak_rss_bytes=258392064
case=9M+1 s=17 N=2359297 shape=256x256 rank=253 determinant=47080 walltime_seconds=0.067425542 peak_rss_bytes=258392064
case=9M+3 s=17 N=2359299 shape=256x256 rank=254 determinant=62235 walltime_seconds=0.066301167 peak_rss_bytes=258392064
case=9M+5 s=17 N=2359301 shape=256x256 rank=254 determinant=18224 walltime_seconds=0.065927917 peak_rss_bytes=258392064
case=seeded s=17 N=3229937 shape=256x256 rank=254 determinant=190 walltime_seconds=0.065728000 peak_rss_bytes=258392064
interpretation=exact finite rank evidence for this fixed ordering only; no lower bound
