stage=N-only fixed-certificate replay
command=["/opt/homebrew/opt/python@3.14/bin/python3.14", "/Users/zhou/autoresearch/IntegerFactoring/experiments/F110_frozen_batch_seed_pair_rescue/audit_n_only_certificate_replay.py", "--output", "/Users/zhou/autoresearch/IntegerFactoring/experiments/F110_frozen_batch_seed_pair_rescue/AUDIT_ATTEMPT_PUBLIC_REPLAY_OUTPUT.json"]
timeout_seconds=300
elapsed_seconds=0.964677
timed_out=false
exit_code=0
stdout:
stderr:

stage=independent Sage hidden-prime reconstruction
command=["sage", "-python", "/Users/zhou/autoresearch/IntegerFactoring/experiments/F110_frozen_batch_seed_pair_rescue/audit_independent_verifier.py", "--output", "/Users/zhou/autoresearch/IntegerFactoring/experiments/F110_frozen_batch_seed_pair_rescue/AUDIT_ATTEMPT_OUTPUT.json"]
timeout_seconds=900
elapsed_seconds=3.707511
timed_out=false
exit_code=1
stdout:
stderr:
Traceback (most recent call last):
  File "/Users/zhou/autoresearch/IntegerFactoring/experiments/F110_frozen_batch_seed_pair_rescue/audit_independent_verifier.py", line 567, in <module>
    raise SystemExit(main())
                     ~~~~^^
  File "/Users/zhou/autoresearch/IntegerFactoring/experiments/F110_frozen_batch_seed_pair_rescue/audit_independent_verifier.py", line 381, in main
    assert source.count('"nonadaptive_seed_pair"') == 1
           ^^^^^^^^^^^^^^^^^^^^^^^^^^^^^^^^^^^^^^^^^^^^
AssertionError

