{
  "B": 5,
  "N": 989,
  "anchor_records": [
    {
      "anchor": 1,
      "c": 187,
      "carry": 45,
      "digit": 0,
      "digit_congruence": true,
      "digit_range": true,
      "eligible": true,
      "endpoint_division": true,
      "factorization": {
        "11": 1,
        "17": 2,
        "2": 1,
        "7": 1
      },
      "in_range": true,
      "inverse": true,
      "left_endpoint": true,
      "minus_gcd": 1,
      "parity_support": [
        2,
        7,
        11
      ],
      "plus_gcd": 1,
      "unit_endpoints": true,
      "value": 44506,
      "w": 238
    },
    {
      "anchor": 2,
      "c": 374,
      "carry": 45,
      "digit": 0,
      "digit_congruence": true,
      "digit_range": true,
      "eligible": true,
      "endpoint_division": true,
      "factorization": {
        "11": 1,
        "17": 2,
        "2": 1,
        "7": 1
      },
      "in_range": true,
      "inverse": true,
      "left_endpoint": true,
      "minus_gcd": 1,
      "parity_support": [
        2,
        7,
        11
      ],
      "plus_gcd": 1,
      "unit_endpoints": true,
      "value": 44506,
      "w": 119
    },
    {
      "anchor": 3,
      "c": 561,
      "carry": 232,
      "digit": 1,
      "digit_congruence": true,
      "digit_range": true,
      "eligible": true,
      "endpoint_division": true,
      "factorization": {
        "11": 1,
        "17": 1,
        "3": 1,
        "409": 1
      },
      "in_range": true,
      "inverse": true,
      "left_endpoint": true,
      "minus_gcd": 1,
      "parity_support": [
        3,
        11,
        17,
        409
      ],
      "plus_gcd": 1,
      "unit_endpoints": true,
      "value": 229449,
      "w": 409
    },
    {
      "anchor": 4,
      "c": 748,
      "carry": 419,
      "digit": 2,
      "digit_congruence": true,
      "digit_range": true,
      "eligible": true,
      "endpoint_division": true,
      "factorization": {
        "11": 1,
        "17": 1,
        "2": 3,
        "277": 1
      },
      "in_range": true,
      "inverse": true,
      "left_endpoint": true,
      "minus_gcd": 1,
      "parity_support": [
        2,
        11,
        17,
        277
      ],
      "plus_gcd": 1,
      "unit_endpoints": true,
      "value": 414392,
      "w": 554
    },
    {
      "anchor": 5,
      "c": 935,
      "carry": 606,
      "digit": 3,
      "digit_congruence": true,
      "digit_range": true,
      "eligible": true,
      "endpoint_division": true,
      "factorization": {
        "11": 1,
        "17": 1,
        "5": 1,
        "641": 1
      },
      "in_range": true,
      "inverse": true,
      "left_endpoint": true,
      "minus_gcd": 1,
      "parity_support": [
        5,
        11,
        17,
        641
      ],
      "plus_gcd": 1,
      "unit_endpoints": true,
      "value": 599335,
      "w": 641
    }
  ],
  "checks": {
    "all_anchor_sign_screens_null": true,
    "all_pairs_canonical": true,
    "anchor_carries": true,
    "anchor_construction": true,
    "anchor_digits": true,
    "complete_integer_anchor_bank": true,
    "exact_factorizations": true,
    "expected_rows": true,
    "nullity_zero": true,
    "old_carries": true,
    "packed_inverse": true,
    "packed_sign_screens_null": true,
    "packed_size": true,
    "peels_completely": true,
    "prime_factorization_of_N": true,
    "rank_six": true,
    "selected_dedup_values": true,
    "selected_old_degree_one_rows": true,
    "simultaneous_nonzero_preservation": true,
    "zero_digit_duplicate": true
  },
  "degrees": {
    "11": 5,
    "17": 4,
    "2": 4,
    "277": 1,
    "3": 1,
    "409": 1,
    "5": 3,
    "641": 1,
    "7": 1
  },
  "factorization_N": [
    23,
    43
  ],
  "matrix_rows": [
    [
      1,
      1,
      1,
      0,
      1,
      0
    ],
    [
      0,
      0,
      0,
      1,
      0,
      0
    ],
    [
      1,
      1,
      0,
      0,
      0,
      1
    ],
    [
      0,
      0,
      1,
      0,
      0,
      0
    ],
    [
      1,
      0,
      1,
      1,
      1,
      1
    ],
    [
      0,
      1,
      0,
      1,
      1,
      1
    ],
    [
      0,
      0,
      0,
      0,
      1,
      0
    ],
    [
      0,
      0,
      0,
      1,
      0,
      0
    ],
    [
      0,
      0,
      0,
      0,
      0,
      1
    ]
  ],
  "nullity": 0,
  "old_records": [
    {
      "c": 2,
      "carry": 1,
      "factorization": {
        "11": 1,
        "2": 1,
        "3": 2,
        "5": 1
      },
      "in_range": true,
      "inverse": true,
      "minus_gcd": 1,
      "parity_support": [
        2,
        5,
        11
      ],
      "plus_gcd": 1,
      "unit_endpoints": true,
      "value": 990,
      "w": 495
    },
    {
      "c": 16,
      "carry": 11,
      "factorization": {
        "17": 1,
        "2": 7,
        "5": 1
      },
      "in_range": true,
      "inverse": true,
      "minus_gcd": 1,
      "parity_support": [
        2,
        5,
        17
      ],
      "plus_gcd": 1,
      "unit_endpoints": true,
      "value": 10880,
      "w": 680
    }
  ],
  "packed_record": {
    "c": 187,
    "carry": 45,
    "factorization": {
      "11": 1,
      "17": 2,
      "2": 1,
      "7": 1
    },
    "in_range": true,
    "inverse": true,
    "minus_gcd": 1,
    "parity_support": [
      2,
      7,
      11
    ],
    "plus_gcd": 1,
    "unit_endpoints": true,
    "value": 44506,
    "w": 238
  },
  "peeling_witness": [
    {
      "active_incident_columns": [
        "V0"
      ],
      "column": "V0",
      "row": 7,
      "valid": true
    },
    {
      "active_incident_columns": [
        "V1"
      ],
      "column": "V1",
      "row": 3,
      "valid": true
    },
    {
      "active_incident_columns": [
        "V2"
      ],
      "column": "V2",
      "row": 277,
      "valid": true
    },
    {
      "active_incident_columns": [
        "V3"
      ],
      "column": "V3",
      "row": 641,
      "valid": true
    },
    {
      "active_incident_columns": [
        "old_2"
      ],
      "column": "old_2",
      "row": 11,
      "valid": true
    },
    {
      "active_incident_columns": [
        "old_16"
      ],
      "column": "old_16",
      "row": 17,
      "valid": true
    }
  ],
  "rank": 6,
  "retained_values": [
    990,
    10880,
    44506,
    229449,
    414392,
    599335
  ],
  "rows": [
    2,
    3,
    5,
    7,
    11,
    17,
    277,
    409,
    641
  ],
  "status": "PASS"
}
