manifests/run_004.plan.json: OK
scripts/finalize_manifest.sh: OK
scripts/prepare_run_004.sh: OK
scripts/run_004.sh: OK
parameters.json: OK
manifests/run_001.plan.json: OK
src/compute_exchange.cpp: OK
src/audit_outputs.py: OK
scripts/build.sh: OK
scripts/prepare_run.sh: OK
scripts/run_all.sh: OK
build/compute_exchange: OK
outputs/global_matrix.bin: OK
outputs/C_p.bin: OK
outputs/C_q.bin: OK
outputs/entry_zeros.csv: OK
outputs/two_by_two_zeros.csv: OK
outputs/summary.json: OK
manifests/run_002.plan.json: OK
src/certify_all.cpp: OK
src/audit_all_certificates.py: OK
scripts/build_run_002.sh: OK
scripts/prepare_run_002.sh: OK
scripts/run_002.sh: OK
build/certify_all: OK
manifests/run_001.primary_outputs.sha256: OK
outputs/all_exchange_certificates.csv: OK
outputs/certify_all_summary.json: OK
src/rescan_patterns.cpp: OK
manifests/run_003.plan.json: OK
scripts/build_run_003.sh: OK
scripts/prepare_run_003.sh: OK
scripts/run_003.sh: OK
build/rescan_patterns: OK
outputs/C_p.bin: OK
outputs/C_q.bin: OK
outputs/two_by_two_zeros.csv: OK
outputs/two_by_two_zeros_rescan.csv: OK
outputs/rescan_summary.json: OK
Value "FAILURE_DISPOSITIONS.md" invalid for option a (number expected)
Type shasum -h for help
