manifests/run_005.plan.json: OK
scripts/finalize_manifest.sh: OK
scripts/prepare_run_005.sh: OK
scripts/run_005.sh: OK
parameters.json: OK
manifests/run_001.plan.json: OK
src/compute_exchange.cpp: OK
src/audit_outputs.py: OK
scripts/build.sh: OK
scripts/prepare_run.sh: OK
scripts/run_all.sh: OK
build/compute_exchange: OK
outputs/global_matrix.bin: OK
outputs/C_p.bin: OK
outputs/C_q.bin: OK
outputs/entry_zeros.csv: OK
outputs/two_by_two_zeros.csv: OK
outputs/summary.json: OK
manifests/run_002.plan.json: OK
src/certify_all.cpp: OK
src/audit_all_certificates.py: OK
scripts/build_run_002.sh: OK
scripts/prepare_run_002.sh: OK
scripts/run_002.sh: OK
build/certify_all: OK
manifests/run_001.primary_outputs.sha256: OK
outputs/all_exchange_certificates.csv: OK
outputs/certify_all_summary.json: OK
src/rescan_patterns.cpp: OK
manifests/run_003.plan.json: OK
scripts/build_run_003.sh: OK
scripts/prepare_run_003.sh: OK
scripts/run_003.sh: OK
build/rescan_patterns: OK
outputs/C_p.bin: OK
outputs/C_q.bin: OK
outputs/two_by_two_zeros.csv: OK
outputs/two_by_two_zeros_rescan.csv: OK
outputs/rescan_summary.json: OK
FAILURE_DISPOSITIONS.md: OK
RESULT.md: OK
RUN_MANIFEST.md: OK
build/certify_all: OK
build/compute_exchange: OK
build/rescan_patterns: OK
logs/build.log: OK
logs/build_run_002.log: OK
logs/build_run_002_attempt_002.log: OK
logs/build_run_003.log: OK
logs/run_001_combined.log: OK
logs/run_001_prepare.log: OK
logs/run_002_combined.log: OK
logs/run_002_prepare.log: OK
logs/run_003_combined.log: OK
logs/run_003_prepare.log: OK
logs/run_004_combined.log: OK
logs/run_004_prepare.log: OK
logs/run_005_prepare.log: OK
manifests/run_001.complete.sha256: OK
manifests/run_001.inputs.sha256: OK
manifests/run_001.plan.json: OK
manifests/run_001.primary_outputs.sha256: OK
manifests/run_002.inputs.sha256: OK
manifests/run_002.outputs.sha256: OK
manifests/run_002.plan.json: OK
manifests/run_003.inputs.sha256: OK
manifests/run_003.outputs.sha256: OK
manifests/run_003.plan.json: OK
manifests/run_004.inputs.sha256: OK
manifests/run_004.plan.json: OK
manifests/run_005.inputs.sha256: OK
manifests/run_005.plan.json: OK
outputs/C_p.bin: OK
outputs/C_q.bin: OK
outputs/all_exchange_certificates.csv: OK
outputs/audit.json: OK
outputs/audit_all_certificates.json: OK
outputs/certify_all_summary.json: OK
outputs/entry_zeros.csv: OK
outputs/global_matrix.bin: OK
outputs/rescan_summary.json: OK
outputs/run_004.failure.txt: OK
outputs/summary.json: OK
outputs/two_by_two_zeros.csv: OK
outputs/two_by_two_zeros_rescan.csv: OK
parameters.json: OK
scripts/build.sh: OK
scripts/build_run_002.sh: OK
scripts/build_run_003.sh: OK
scripts/finalize_manifest.sh: OK
scripts/prepare_run.sh: OK
scripts/prepare_run_002.sh: OK
scripts/prepare_run_003.sh: OK
scripts/prepare_run_004.sh: OK
scripts/prepare_run_005.sh: OK
scripts/run_002.sh: OK
scripts/run_003.sh: OK
scripts/run_004.sh: OK
scripts/run_005.sh: OK
scripts/run_all.sh: OK
src/audit_all_certificates.py: OK
src/audit_outputs.py: OK
src/certify_all.cpp: OK
src/compute_exchange.cpp: OK
src/rescan_patterns.cpp: OK
