{"event": "rabin_trial_complete", "dataset": "pilot", "n": 209, "trial_index": 0, "method": "rank_reflection", "status": "direct_factor", "F_calls": 9}
{"event": "rabin_trial_complete", "dataset": "pilot", "n": 209, "trial_index": 1, "method": "delete_adjacent", "status": "factor_from_hidden_root_generation", "F_calls": 0}
{"event": "rabin_trial_complete", "dataset": "pilot", "n": 209, "trial_index": 2, "method": "delete_adjacent", "status": "direct_factor", "F_calls": 7}
{"event": "rabin_trial_complete", "dataset": "pilot", "n": 209, "trial_index": 3, "method": "delete_adjacent", "status": "direct_factor", "F_calls": 16}
{"event": "rabin_trial_complete", "dataset": "pilot", "n": 209, "trial_index": 4, "method": "rank_reflection", "status": "direct_factor", "F_calls": 4}
{"event": "rabin_trial_complete", "dataset": "pilot", "n": 209, "trial_index": 5, "method": "rank_reflection", "status": "direct_factor", "F_calls": 5}
{"event": "rabin_trial_complete", "dataset": "pilot", "n": 209, "trial_index": 6, "method": "rank_reflection", "status": "direct_factor", "F_calls": 3}
{"event": "rabin_trial_complete", "dataset": "pilot", "n": 209, "trial_index": 7, "method": "rank_reflection", "status": "direct_factor", "F_calls": 15}
{"event": "rabin_trial_complete", "dataset": "pilot", "n": 209, "trial_index": 8, "method": "rank_reflection", "status": "direct_factor", "F_calls": 8}
{"event": "rabin_trial_complete", "dataset": "pilot", "n": 209, "trial_index": 9, "method": "delete_adjacent", "status": "direct_factor", "F_calls": 5}
{"event": "rabin_trial_complete", "dataset": "pilot", "n": 209, "trial_index": 10, "method": "delete_adjacent", "status": "direct_factor", "F_calls": 11}
{"event": "rabin_trial_complete", "dataset": "pilot", "n": 209, "trial_index": 11, "method": "delete_adjacent", "status": "factor_from_hidden_root_generation", "F_calls": 0}
{"event": "rabin_trial_complete", "dataset": "pilot", "n": 209, "trial_index": 12, "method": "rank_reflection", "status": "direct_factor", "F_calls": 14}
{"event": "rabin_trial_complete", "dataset": "pilot", "n": 209, "trial_index": 13, "method": "rank_reflection", "status": "direct_factor", "F_calls": 5}
{"event": "rabin_trial_complete", "dataset": "pilot", "n": 209, "trial_index": 14, "method": "rank_reflection", "status": "direct_factor", "F_calls": 4}
{"event": "rabin_trial_complete", "dataset": "pilot", "n": 209, "trial_index": 15, "method": "delete_adjacent", "status": "direct_factor", "F_calls": 9}
{"event": "rabin_trial_complete", "dataset": "pilot", "n": 209, "trial_index": 16, "method": "rank_reflection", "status": "direct_factor", "F_calls": 7}
{"event": "rabin_trial_complete", "dataset": "pilot", "n": 209, "trial_index": 17, "method": "delete_adjacent", "status": "direct_factor", "F_calls": 10}
{"event": "rabin_trial_complete", "dataset": "pilot", "n": 209, "trial_index": 18, "method": "delete_adjacent", "status": "direct_factor", "F_calls": 9}
{"event": "rabin_trial_complete", "dataset": "pilot", "n": 209, "trial_index": 19, "method": "rank_reflection", "status": "direct_factor", "F_calls": 15}
{"event": "rabin_trial_complete", "dataset": "pilot", "n": 209, "trial_index": 20, "method": "rank_reflection", "status": "factor_from_hidden_root_generation", "F_calls": 0}
{"event": "rabin_trial_complete", "dataset": "pilot", "n": 209, "trial_index": 21, "method": "delete_adjacent", "status": "factor_from_root_difference", "F_calls": 22}
{"event": "rabin_trial_complete", "dataset": "pilot", "n": 209, "trial_index": 22, "method": "delete_adjacent", "status": "factor_from_hidden_root_generation", "F_calls": 0}
{"event": "rabin_trial_complete", "dataset": "pilot", "n": 209, "trial_index": 23, "method": "rank_reflection", "status": "direct_factor", "F_calls": 9}
{"event": "rabin_trial_complete", "dataset": "pilot", "n": 209, "trial_index": 24, "method": "delete_adjacent", "status": "direct_factor", "F_calls": 7}
{"event": "rabin_trial_complete", "dataset": "pilot", "n": 209, "trial_index": 25, "method": "rank_reflection", "status": "direct_factor", "F_calls": 4}
{"event": "rabin_trial_complete", "dataset": "pilot", "n": 209, "trial_index": 26, "method": "delete_adjacent", "status": "factor_from_hidden_root_generation", "F_calls": 0}
{"event": "rabin_trial_complete", "dataset": "pilot", "n": 209, "trial_index": 27, "method": "rank_reflection", "status": "direct_factor", "F_calls": 7}
{"event": "rabin_trial_complete", "dataset": "pilot", "n": 209, "trial_index": 28, "method": "rank_reflection", "status": "direct_factor", "F_calls": 5}
{"event": "rabin_trial_complete", "dataset": "pilot", "n": 209, "trial_index": 29, "method": "rank_reflection", "status": "direct_factor", "F_calls": 13}
{"event": "rabin_trial_complete", "dataset": "pilot", "n": 209, "trial_index": 30, "method": "rank_reflection", "status": "direct_factor", "F_calls": 4}
{"event": "rabin_trial_complete", "dataset": "pilot", "n": 209, "trial_index": 31, "method": "delete_adjacent", "status": "direct_factor", "F_calls": 6}
{"event": "rabin_trial_complete", "dataset": "pilot", "n": 1333, "trial_index": 0, "method": "delete_adjacent", "status": "direct_factor", "F_calls": 9}
{"event": "rabin_trial_complete", "dataset": "pilot", "n": 1333, "trial_index": 1, "method": "delete_adjacent", "status": "direct_factor", "F_calls": 26}
{"event": "rabin_trial_complete", "dataset": "pilot", "n": 1333, "trial_index": 2, "method": "rank_reflection", "status": "direct_factor", "F_calls": 11}
{"event": "rabin_trial_complete", "dataset": "pilot", "n": 1333, "trial_index": 3, "method": "rank_reflection", "status": "direct_factor", "F_calls": 10}
{"event": "rabin_trial_complete", "dataset": "pilot", "n": 1333, "trial_index": 4, "method": "delete_adjacent", "status": "direct_factor", "F_calls": 5}
{"event": "rabin_trial_complete", "dataset": "pilot", "n": 1333, "trial_index": 5, "method": "delete_adjacent", "status": "direct_factor", "F_calls": 15}
{"event": "rabin_trial_complete", "dataset": "pilot", "n": 1333, "trial_index": 6, "method": "delete_adjacent", "status": "direct_factor", "F_calls": 16}
{"event": "rabin_trial_complete", "dataset": "pilot", "n": 1333, "trial_index": 7, "method": "rank_reflection", "status": "direct_factor", "F_calls": 41}
{"event": "rabin_trial_complete", "dataset": "pilot", "n": 1333, "trial_index": 8, "method": "rank_reflection", "status": "direct_factor", "F_calls": 18}
{"event": "rabin_trial_complete", "dataset": "pilot", "n": 1333, "trial_index": 9, "method": "delete_adjacent", "status": "direct_factor", "F_calls": 27}
{"event": "rabin_trial_complete", "dataset": "pilot", "n": 1333, "trial_index": 10, "method": "rank_reflection", "status": "direct_factor", "F_calls": 8}
{"event": "rabin_trial_complete", "dataset": "pilot", "n": 1333, "trial_index": 11, "method": "rank_reflection", "status": "direct_factor", "F_calls": 11}
{"event": "rabin_trial_complete", "dataset": "pilot", "n": 1333, "trial_index": 12, "method": "delete_adjacent", "status": "direct_factor", "F_calls": 15}
{"event": "rabin_trial_complete", "dataset": "pilot", "n": 1333, "trial_index": 13, "method": "rank_reflection", "status": "direct_factor", "F_calls": 28}
{"event": "rabin_trial_complete", "dataset": "pilot", "n": 1333, "trial_index": 14, "method": "delete_adjacent", "status": "direct_factor", "F_calls": 8}
{"event": "rabin_trial_complete", "dataset": "pilot", "n": 1333, "trial_index": 15, "method": "rank_reflection", "status": "direct_factor", "F_calls": 10}
{"event": "rabin_trial_complete", "dataset": "pilot", "n": 1333, "trial_index": 16, "method": "rank_reflection", "status": "direct_factor", "F_calls": 16}
{"event": "rabin_trial_complete", "dataset": "pilot", "n": 1333, "trial_index": 17, "method": "delete_adjacent", "status": "direct_factor", "F_calls": 97}
{"event": "rabin_trial_complete", "dataset": "pilot", "n": 1333, "trial_index": 18, "method": "delete_adjacent", "status": "direct_factor", "F_calls": 24}
{"event": "rabin_trial_complete", "dataset": "pilot", "n": 1333, "trial_index": 19, "method": "delete_adjacent", "status": "direct_factor", "F_calls": 3}
{"event": "rabin_trial_complete", "dataset": "pilot", "n": 1333, "trial_index": 20, "method": "rank_reflection", "status": "direct_factor", "F_calls": 7}
{"event": "rabin_trial_complete", "dataset": "pilot", "n": 1333, "trial_index": 21, "method": "delete_adjacent", "status": "direct_factor", "F_calls": 26}
{"event": "rabin_trial_complete", "dataset": "pilot", "n": 1333, "trial_index": 22, "method": "delete_adjacent", "status": "direct_factor", "F_calls": 33}
{"event": "rabin_trial_complete", "dataset": "pilot", "n": 1333, "trial_index": 23, "method": "rank_reflection", "status": "direct_factor", "F_calls": 18}
{"event": "rabin_trial_complete", "dataset": "pilot", "n": 1333, "trial_index": 24, "method": "delete_adjacent", "status": "direct_factor", "F_calls": 49}
{"event": "rabin_trial_complete", "dataset": "pilot", "n": 1333, "trial_index": 25, "method": "rank_reflection", "status": "direct_factor", "F_calls": 31}
{"event": "rabin_trial_complete", "dataset": "pilot", "n": 1333, "trial_index": 26, "method": "rank_reflection", "status": "direct_factor", "F_calls": 3}
{"event": "rabin_trial_complete", "dataset": "pilot", "n": 1333, "trial_index": 27, "method": "rank_reflection", "status": "direct_factor", "F_calls": 46}
{"event": "rabin_trial_complete", "dataset": "pilot", "n": 1333, "trial_index": 28, "method": "delete_adjacent", "status": "direct_factor", "F_calls": 43}
{"event": "rabin_trial_complete", "dataset": "pilot", "n": 1333, "trial_index": 29, "method": "delete_adjacent", "status": "direct_factor", "F_calls": 30}
{"event": "rabin_trial_complete", "dataset": "pilot", "n": 1333, "trial_index": 30, "method": "delete_adjacent", "status": "direct_factor", "F_calls": 26}
{"event": "rabin_trial_complete", "dataset": "pilot", "n": 1333, "trial_index": 31, "method": "delete_adjacent", "status": "direct_factor", "F_calls": 21}
{"event": "passed", "status": "passed", "experiment": "F326_direct_gauss_pairing", "mode": "rabin", "dataset": "pilot", "seed": 32620260907, "source_sha256": "7829cc45822021c64c42842a2c938b15c52df85e30ae694efcdd4171c5012f73", "internal_timeout_seconds": 28, "hard_timeout_seconds": 30, "memory_limit_bytes": 536870912, "walltime_seconds": 0.03752295800950378, "peak_rss_bytes": 54984704, "output": "experiments/F326_direct_gauss_pairing/rabin_pilot_output.json"}
