{"event": "rabin_trial_complete", "dataset": "scale", "n": 10807, "trial_index": 0, "method": "delete_adjacent", "status": "direct_factor", "F_calls": 3}
{"event": "rabin_trial_complete", "dataset": "scale", "n": 10807, "trial_index": 1, "method": "rank_reflection", "status": "direct_factor", "F_calls": 97}
{"event": "rabin_trial_complete", "dataset": "scale", "n": 10807, "trial_index": 2, "method": "rank_reflection", "status": "direct_factor", "F_calls": 19}
{"event": "rabin_trial_complete", "dataset": "scale", "n": 10807, "trial_index": 3, "method": "delete_adjacent", "status": "direct_factor", "F_calls": 101}
{"event": "rabin_trial_complete", "dataset": "scale", "n": 10807, "trial_index": 4, "method": "rank_reflection", "status": "direct_factor", "F_calls": 4}
{"event": "rabin_trial_complete", "dataset": "scale", "n": 10807, "trial_index": 5, "method": "rank_reflection", "status": "direct_factor", "F_calls": 51}
{"event": "rabin_trial_complete", "dataset": "scale", "n": 10807, "trial_index": 6, "method": "rank_reflection", "status": "direct_factor", "F_calls": 46}
{"event": "rabin_trial_complete", "dataset": "scale", "n": 10807, "trial_index": 7, "method": "rank_reflection", "status": "direct_factor", "F_calls": 76}
{"event": "rabin_trial_complete", "dataset": "scale", "n": 10807, "trial_index": 8, "method": "delete_adjacent", "status": "direct_factor", "F_calls": 127}
{"event": "rabin_trial_complete", "dataset": "scale", "n": 10807, "trial_index": 9, "method": "rank_reflection", "status": "direct_factor", "F_calls": 99}
{"event": "rabin_trial_complete", "dataset": "scale", "n": 10807, "trial_index": 10, "method": "rank_reflection", "status": "direct_factor", "F_calls": 49}
{"event": "rabin_trial_complete", "dataset": "scale", "n": 10807, "trial_index": 11, "method": "rank_reflection", "status": "direct_factor", "F_calls": 30}
{"event": "rabin_trial_complete", "dataset": "scale", "n": 10807, "trial_index": 12, "method": "delete_adjacent", "status": "direct_factor", "F_calls": 102}
{"event": "rabin_trial_complete", "dataset": "scale", "n": 10807, "trial_index": 13, "method": "rank_reflection", "status": "direct_factor", "F_calls": 83}
{"event": "rabin_trial_complete", "dataset": "scale", "n": 10807, "trial_index": 14, "method": "rank_reflection", "status": "factor_from_hidden_root_generation", "F_calls": 0}
{"event": "rabin_trial_complete", "dataset": "scale", "n": 10807, "trial_index": 15, "method": "rank_reflection", "status": "direct_factor", "F_calls": 38}
{"event": "rabin_trial_complete", "dataset": "scale", "n": 10807, "trial_index": 16, "method": "rank_reflection", "status": "direct_factor", "F_calls": 43}
{"event": "rabin_trial_complete", "dataset": "scale", "n": 10807, "trial_index": 17, "method": "delete_adjacent", "status": "direct_factor", "F_calls": 49}
{"event": "rabin_trial_complete", "dataset": "scale", "n": 10807, "trial_index": 18, "method": "delete_adjacent", "status": "direct_factor", "F_calls": 57}
{"event": "rabin_trial_complete", "dataset": "scale", "n": 10807, "trial_index": 19, "method": "delete_adjacent", "status": "direct_factor", "F_calls": 31}
{"event": "rabin_trial_complete", "dataset": "scale", "n": 10807, "trial_index": 20, "method": "delete_adjacent", "status": "direct_factor", "F_calls": 44}
{"event": "rabin_trial_complete", "dataset": "scale", "n": 10807, "trial_index": 21, "method": "rank_reflection", "status": "direct_factor", "F_calls": 13}
{"event": "rabin_trial_complete", "dataset": "scale", "n": 10807, "trial_index": 22, "method": "delete_adjacent", "status": "direct_factor", "F_calls": 135}
{"event": "rabin_trial_complete", "dataset": "scale", "n": 10807, "trial_index": 23, "method": "rank_reflection", "status": "direct_factor", "F_calls": 4}
{"event": "rabin_trial_complete", "dataset": "scale", "n": 10807, "trial_index": 24, "method": "delete_adjacent", "status": "direct_factor", "F_calls": 55}
{"event": "rabin_trial_complete", "dataset": "scale", "n": 10807, "trial_index": 25, "method": "delete_adjacent", "status": "direct_factor", "F_calls": 29}
{"event": "rabin_trial_complete", "dataset": "scale", "n": 10807, "trial_index": 26, "method": "delete_adjacent", "status": "factor_from_hidden_root_generation", "F_calls": 0}
{"event": "rabin_trial_complete", "dataset": "scale", "n": 10807, "trial_index": 27, "method": "rank_reflection", "status": "direct_factor", "F_calls": 61}
{"event": "rabin_trial_complete", "dataset": "scale", "n": 10807, "trial_index": 28, "method": "rank_reflection", "status": "direct_factor", "F_calls": 72}
{"event": "rabin_trial_complete", "dataset": "scale", "n": 10807, "trial_index": 29, "method": "rank_reflection", "status": "direct_factor", "F_calls": 26}
{"event": "rabin_trial_complete", "dataset": "scale", "n": 10807, "trial_index": 30, "method": "delete_adjacent", "status": "direct_factor", "F_calls": 12}
{"event": "rabin_trial_complete", "dataset": "scale", "n": 10807, "trial_index": 31, "method": "rank_reflection", "status": "direct_factor", "F_calls": 89}
{"event": "rabin_trial_complete", "dataset": "scale", "n": 66013, "trial_index": 0, "method": "rank_reflection", "status": "direct_factor", "F_calls": 55}
{"event": "rabin_trial_complete", "dataset": "scale", "n": 66013, "trial_index": 1, "method": "delete_adjacent", "status": "direct_factor", "F_calls": 369}
{"event": "rabin_trial_complete", "dataset": "scale", "n": 66013, "trial_index": 2, "method": "rank_reflection", "status": "direct_factor", "F_calls": 73}
{"event": "rabin_trial_complete", "dataset": "scale", "n": 66013, "trial_index": 3, "method": "rank_reflection", "status": "direct_factor", "F_calls": 100}
{"event": "rabin_trial_complete", "dataset": "scale", "n": 66013, "trial_index": 4, "method": "rank_reflection", "status": "direct_factor", "F_calls": 20}
{"event": "rabin_trial_complete", "dataset": "scale", "n": 66013, "trial_index": 5, "method": "rank_reflection", "status": "direct_factor", "F_calls": 55}
{"event": "rabin_trial_complete", "dataset": "scale", "n": 66013, "trial_index": 6, "method": "rank_reflection", "status": "direct_factor", "F_calls": 135}
{"event": "rabin_trial_complete", "dataset": "scale", "n": 66013, "trial_index": 7, "method": "delete_adjacent", "status": "direct_factor", "F_calls": 209}
{"event": "rabin_trial_complete", "dataset": "scale", "n": 66013, "trial_index": 8, "method": "rank_reflection", "status": "direct_factor", "F_calls": 64}
{"event": "rabin_trial_complete", "dataset": "scale", "n": 66013, "trial_index": 9, "method": "rank_reflection", "status": "direct_factor", "F_calls": 378}
{"event": "rabin_trial_complete", "dataset": "scale", "n": 66013, "trial_index": 10, "method": "delete_adjacent", "status": "direct_factor", "F_calls": 79}
{"event": "rabin_trial_complete", "dataset": "scale", "n": 66013, "trial_index": 11, "method": "delete_adjacent", "status": "direct_factor", "F_calls": 158}
{"event": "rabin_trial_complete", "dataset": "scale", "n": 66013, "trial_index": 12, "method": "delete_adjacent", "status": "direct_factor", "F_calls": 9}
{"event": "rabin_trial_complete", "dataset": "scale", "n": 66013, "trial_index": 13, "method": "delete_adjacent", "status": "factor_from_hidden_root_generation", "F_calls": 0}
{"event": "rabin_trial_complete", "dataset": "scale", "n": 66013, "trial_index": 14, "method": "delete_adjacent", "status": "direct_factor", "F_calls": 34}
{"event": "rabin_trial_complete", "dataset": "scale", "n": 66013, "trial_index": 15, "method": "rank_reflection", "status": "direct_factor", "F_calls": 46}
{"event": "rabin_trial_complete", "dataset": "scale", "n": 66013, "trial_index": 16, "method": "rank_reflection", "status": "direct_factor", "F_calls": 72}
{"event": "rabin_trial_complete", "dataset": "scale", "n": 66013, "trial_index": 17, "method": "delete_adjacent", "status": "direct_factor", "F_calls": 82}
{"event": "rabin_trial_complete", "dataset": "scale", "n": 66013, "trial_index": 18, "method": "delete_adjacent", "status": "direct_factor", "F_calls": 341}
{"event": "rabin_trial_complete", "dataset": "scale", "n": 66013, "trial_index": 19, "method": "delete_adjacent", "status": "direct_factor", "F_calls": 133}
{"event": "rabin_trial_complete", "dataset": "scale", "n": 66013, "trial_index": 20, "method": "rank_reflection", "status": "direct_factor", "F_calls": 222}
{"event": "rabin_trial_complete", "dataset": "scale", "n": 66013, "trial_index": 21, "method": "delete_adjacent", "status": "direct_factor", "F_calls": 583}
{"event": "rabin_trial_complete", "dataset": "scale", "n": 66013, "trial_index": 22, "method": "delete_adjacent", "status": "direct_factor", "F_calls": 182}
{"event": "rabin_trial_complete", "dataset": "scale", "n": 66013, "trial_index": 23, "method": "delete_adjacent", "status": "direct_factor", "F_calls": 145}
{"event": "rabin_trial_complete", "dataset": "scale", "n": 66013, "trial_index": 24, "method": "delete_adjacent", "status": "direct_factor", "F_calls": 209}
{"event": "rabin_trial_complete", "dataset": "scale", "n": 66013, "trial_index": 25, "method": "delete_adjacent", "status": "direct_factor", "F_calls": 119}
{"event": "rabin_trial_complete", "dataset": "scale", "n": 66013, "trial_index": 26, "method": "delete_adjacent", "status": "direct_factor", "F_calls": 105}
{"event": "rabin_trial_complete", "dataset": "scale", "n": 66013, "trial_index": 27, "method": "delete_adjacent", "status": "direct_factor", "F_calls": 24}
{"event": "rabin_trial_complete", "dataset": "scale", "n": 66013, "trial_index": 28, "method": "rank_reflection", "status": "direct_factor", "F_calls": 18}
{"event": "rabin_trial_complete", "dataset": "scale", "n": 66013, "trial_index": 29, "method": "delete_adjacent", "status": "direct_factor", "F_calls": 96}
{"event": "rabin_trial_complete", "dataset": "scale", "n": 66013, "trial_index": 30, "method": "delete_adjacent", "status": "direct_factor", "F_calls": 206}
{"event": "rabin_trial_complete", "dataset": "scale", "n": 66013, "trial_index": 31, "method": "delete_adjacent", "status": "direct_factor", "F_calls": 7}
{"event": "rabin_trial_complete", "dataset": "scale", "n": 256027, "trial_index": 0, "method": "rank_reflection", "status": "direct_factor", "F_calls": 235}
{"event": "rabin_trial_complete", "dataset": "scale", "n": 256027, "trial_index": 1, "method": "delete_adjacent", "status": "direct_factor", "F_calls": 177}
{"event": "rabin_trial_complete", "dataset": "scale", "n": 256027, "trial_index": 2, "method": "rank_reflection", "status": "direct_factor", "F_calls": 616}
{"event": "rabin_trial_complete", "dataset": "scale", "n": 256027, "trial_index": 3, "method": "delete_adjacent", "status": "direct_factor", "F_calls": 985}
{"event": "rabin_trial_complete", "dataset": "scale", "n": 256027, "trial_index": 4, "method": "rank_reflection", "status": "direct_factor", "F_calls": 101}
{"event": "rabin_trial_complete", "dataset": "scale", "n": 256027, "trial_index": 5, "method": "rank_reflection", "status": "direct_factor", "F_calls": 481}
{"event": "rabin_trial_complete", "dataset": "scale", "n": 256027, "trial_index": 6, "method": "delete_adjacent", "status": "direct_factor", "F_calls": 815}
{"event": "rabin_trial_complete", "dataset": "scale", "n": 256027, "trial_index": 7, "method": "delete_adjacent", "status": "direct_factor", "F_calls": 102}
{"event": "rabin_trial_complete", "dataset": "scale", "n": 256027, "trial_index": 8, "method": "rank_reflection", "status": "direct_factor", "F_calls": 468}
{"event": "rabin_trial_complete", "dataset": "scale", "n": 256027, "trial_index": 9, "method": "rank_reflection", "status": "direct_factor", "F_calls": 130}
{"event": "rabin_trial_complete", "dataset": "scale", "n": 256027, "trial_index": 10, "method": "delete_adjacent", "status": "direct_factor", "F_calls": 479}
{"event": "rabin_trial_complete", "dataset": "scale", "n": 256027, "trial_index": 11, "method": "rank_reflection", "status": "direct_factor", "F_calls": 102}
{"event": "rabin_trial_complete", "dataset": "scale", "n": 256027, "trial_index": 12, "method": "rank_reflection", "status": "direct_factor", "F_calls": 156}
{"event": "rabin_trial_complete", "dataset": "scale", "n": 256027, "trial_index": 13, "method": "delete_adjacent", "status": "direct_factor", "F_calls": 365}
{"event": "rabin_trial_complete", "dataset": "scale", "n": 256027, "trial_index": 14, "method": "delete_adjacent", "status": "direct_factor", "F_calls": 373}
{"event": "rabin_trial_complete", "dataset": "scale", "n": 256027, "trial_index": 15, "method": "rank_reflection", "status": "direct_factor", "F_calls": 81}
{"event": "rabin_trial_complete", "dataset": "scale", "n": 256027, "trial_index": 16, "method": "rank_reflection", "status": "direct_factor", "F_calls": 86}
{"event": "rabin_trial_complete", "dataset": "scale", "n": 256027, "trial_index": 17, "method": "delete_adjacent", "status": "direct_factor", "F_calls": 143}
{"event": "rabin_trial_complete", "dataset": "scale", "n": 256027, "trial_index": 18, "method": "delete_adjacent", "status": "direct_factor", "F_calls": 112}
{"event": "rabin_trial_complete", "dataset": "scale", "n": 256027, "trial_index": 19, "method": "delete_adjacent", "status": "direct_factor", "F_calls": 950}
{"event": "rabin_trial_complete", "dataset": "scale", "n": 256027, "trial_index": 20, "method": "rank_reflection", "status": "direct_factor", "F_calls": 452}
{"event": "rabin_trial_complete", "dataset": "scale", "n": 256027, "trial_index": 21, "method": "delete_adjacent", "status": "direct_factor", "F_calls": 259}
{"event": "rabin_trial_complete", "dataset": "scale", "n": 256027, "trial_index": 22, "method": "rank_reflection", "status": "direct_factor", "F_calls": 513}
{"event": "rabin_trial_complete", "dataset": "scale", "n": 256027, "trial_index": 23, "method": "rank_reflection", "status": "direct_factor", "F_calls": 217}
{"event": "rabin_trial_complete", "dataset": "scale", "n": 256027, "trial_index": 24, "method": "delete_adjacent", "status": "direct_factor", "F_calls": 835}
{"event": "rabin_trial_complete", "dataset": "scale", "n": 256027, "trial_index": 25, "method": "delete_adjacent", "status": "direct_factor", "F_calls": 212}
{"event": "rabin_trial_complete", "dataset": "scale", "n": 256027, "trial_index": 26, "method": "rank_reflection", "status": "direct_factor", "F_calls": 203}
{"event": "rabin_trial_complete", "dataset": "scale", "n": 256027, "trial_index": 27, "method": "rank_reflection", "status": "direct_factor", "F_calls": 308}
{"event": "rabin_trial_complete", "dataset": "scale", "n": 256027, "trial_index": 28, "method": "rank_reflection", "status": "direct_factor", "F_calls": 553}
{"event": "rabin_trial_complete", "dataset": "scale", "n": 256027, "trial_index": 29, "method": "delete_adjacent", "status": "direct_factor", "F_calls": 474}
{"event": "rabin_trial_complete", "dataset": "scale", "n": 256027, "trial_index": 30, "method": "delete_adjacent", "status": "direct_factor", "F_calls": 686}
{"event": "rabin_trial_complete", "dataset": "scale", "n": 256027, "trial_index": 31, "method": "rank_reflection", "status": "direct_factor", "F_calls": 40}
{"event": "passed", "status": "passed", "experiment": "F326_direct_gauss_pairing", "mode": "rabin", "dataset": "scale", "seed": 32620260907, "source_sha256": "7829cc45822021c64c42842a2c938b15c52df85e30ae694efcdd4171c5012f73", "internal_timeout_seconds": 28, "hard_timeout_seconds": 30, "memory_limit_bytes": 536870912, "walltime_seconds": 0.8067949170072097, "peak_rss_bytes": 61603840, "output": "experiments/F326_direct_gauss_pairing/rabin_scale_output.json"}
